##### s=0
cross_scale_s=0.0 cross_scale_ref=32.0
  4096       44.84      1
  8192       58.12      1
 16384       87.16      1
##### s=0.25
cross_scale_s=0.25 cross_scale_ref=32.0
  4096       42.97      1
  8192       75.96      1
 16384      135.01      1
##### s=0.5
cross_scale_s=0.5 cross_scale_ref=32.0
  4096       51.49      1
  8192       95.57      1
 16384      206.10      1
##### s=1.0
cross_scale_s=1.0 cross_scale_ref=32.0
  4096       72.93      1
  8192      169.48      1
 16384      384.64      1
