########## R seed=0
number of parameters: 63.52M
Model type: R | params 63,517,184 | delimiter 764 | device cuda
Passkey accuracy after fine-tuning (cross_shift_c=0.0):
  ctx=   512  exact=0.81  first_token=1.00
  ctx=  1024  exact=0.81  first_token=1.00
  ctx=  2048  exact=0.83  first_token=1.00
  ctx=  4096  exact=0.69  first_token=0.98
  ctx=  8192  exact=0.24  first_token=0.38
  ctx= 16384  exact=0.05  first_token=0.10
Passkey accuracy after fine-tuning (cross_shift_c=1.0):
  ctx=   512  exact=0.81  first_token=1.00
  ctx=  1024  exact=0.81  first_token=1.00
  ctx=  2048  exact=0.83  first_token=1.00
  ctx=  4096  exact=0.77  first_token=1.00
  ctx=  8192  exact=0.57  first_token=0.84
  ctx= 16384  exact=0.19  first_token=0.34
########## R seed=1
number of parameters: 63.52M
Model type: R | params 63,517,184 | delimiter 764 | device cuda
Passkey accuracy after fine-tuning (cross_shift_c=0.0):
  ctx=   512  exact=0.83  first_token=1.00
  ctx=  1024  exact=0.79  first_token=1.00
  ctx=  2048  exact=0.82  first_token=0.98
  ctx=  4096  exact=0.44  first_token=0.55
  ctx=  8192  exact=0.00  first_token=0.01
  ctx= 16384  exact=0.00  first_token=0.00
Passkey accuracy after fine-tuning (cross_shift_c=1.0):
  ctx=   512  exact=0.83  first_token=1.00
  ctx=  1024  exact=0.79  first_token=1.00
  ctx=  2048  exact=0.82  first_token=0.98
  ctx=  4096  exact=0.73  first_token=0.89
  ctx=  8192  exact=0.07  first_token=0.09
  ctx= 16384  exact=0.00  first_token=0.00
########## R seed=2
number of parameters: 63.52M
Model type: R | params 63,517,184 | delimiter 764 | device cuda
Passkey accuracy after fine-tuning (cross_shift_c=0.0):
  ctx=   512  exact=0.75  first_token=1.00
  ctx=  1024  exact=0.76  first_token=1.00
  ctx=  2048  exact=0.80  first_token=0.99
  ctx=  4096  exact=0.79  first_token=0.97
  ctx=  8192  exact=0.12  first_token=0.37
  ctx= 16384  exact=0.00  first_token=0.11
Passkey accuracy after fine-tuning (cross_shift_c=1.0):
  ctx=   512  exact=0.75  first_token=1.00
  ctx=  1024  exact=0.76  first_token=1.00
  ctx=  2048  exact=0.80  first_token=0.99
  ctx=  4096  exact=0.81  first_token=1.00
  ctx=  8192  exact=0.54  first_token=0.92
  ctx= 16384  exact=0.20  first_token=0.38
########## R s1
number of parameters: 63.52M
Model type: R | params 63,517,184 | delimiter 764 | device cuda
Passkey accuracy after fine-tuning (cross_shift_c=0.0):
  ctx=   512  exact=0.75  first_token=1.00
  ctx=  1024  exact=0.76  first_token=1.00
  ctx=  2048  exact=0.78  first_token=0.98
  ctx=  4096  exact=0.16  first_token=0.38
  ctx=  8192  exact=0.00  first_token=0.02
  ctx= 16384  exact=0.00  first_token=0.01
Passkey accuracy after fine-tuning (cross_shift_c=1.0):
  ctx=   512  exact=0.75  first_token=1.00
  ctx=  1024  exact=0.76  first_token=1.00
  ctx=  2048  exact=0.77  first_token=0.98
  ctx=  4096  exact=0.62  first_token=0.97
  ctx=  8192  exact=0.02  first_token=0.02
  ctx= 16384  exact=0.00  first_token=0.00
########## R s2
number of parameters: 63.52M
Model type: R | params 63,517,184 | delimiter 764 | device cuda
Passkey accuracy after fine-tuning (cross_shift_c=0.0):
  ctx=   512  exact=0.74  first_token=1.00
  ctx=  1024  exact=0.73  first_token=1.00
  ctx=  2048  exact=0.74  first_token=0.98
  ctx=  4096  exact=0.63  first_token=0.99
  ctx=  8192  exact=0.02  first_token=0.05
  ctx= 16384  exact=0.00  first_token=0.00
Passkey accuracy after fine-tuning (cross_shift_c=1.0):
  ctx=   512  exact=0.74  first_token=1.00
  ctx=  1024  exact=0.74  first_token=1.00
  ctx=  2048  exact=0.74  first_token=0.98
  ctx=  4096  exact=0.66  first_token=1.00
  ctx=  8192  exact=0.27  first_token=0.59
  ctx= 16384  exact=0.00  first_token=0.03
