########## B
number of parameters: 63.52M
Model type: B | params 63,517,184 | delimiter 764 | device cuda
Passkey accuracy before fine-tuning:
  ctx=   512  exact=0.00  first_token=0.00
  ctx=  1024  exact=0.00  first_token=0.00
  ctx=  2048  exact=0.00  first_token=0.00
  ctx=  4096  exact=0.00  first_token=0.00
  ctx=  8192  exact=0.00  first_token=0.00
Fine-tuning for 300 iters on lengths [256, 512, 768, 1024]:
  iter    1  L=1024 bs=4  loss 10.5169  (0.37s/it)
  iter   10  L= 256 bs=16  loss 2.1223  (0.19s/it)
  iter   20  L= 512 bs=8  loss 2.4734  (0.18s/it)
  iter   30  L=1024 bs=4  loss 2.9447  (0.17s/it)
  iter   40  L= 256 bs=16  loss 2.6355  (0.17s/it)
  iter   50  L=1024 bs=4  loss 2.6021  (0.17s/it)
  iter   60  L=1024 bs=4  loss 1.0478  (0.17s/it)
  iter   70  L=1024 bs=4  loss 2.4370  (0.17s/it)
  iter   80  L= 256 bs=16  loss 2.3988  (0.17s/it)
  iter   90  L=1024 bs=4  loss 1.2129  (0.17s/it)
  iter  100  L= 256 bs=16  loss 1.1780  (0.17s/it)
  iter  110  L= 768 bs=5  loss 2.0177  (0.17s/it)
  iter  120  L= 256 bs=16  loss 1.8283  (0.17s/it)
  iter  130  L= 256 bs=16  loss 1.4421  (0.17s/it)
  iter  140  L= 512 bs=8  loss 0.8795  (0.17s/it)
  iter  150  L= 512 bs=8  loss 1.4171  (0.17s/it)
  iter  160  L=1024 bs=4  loss 1.9406  (0.17s/it)
  iter  170  L= 768 bs=5  loss 3.5772  (0.17s/it)
  iter  180  L= 512 bs=8  loss 1.7072  (0.17s/it)
  iter  190  L= 512 bs=8  loss 1.4057  (0.17s/it)
  iter  200  L= 256 bs=16  loss 1.1668  (0.17s/it)
  iter  210  L= 768 bs=5  loss 1.0260  (0.17s/it)
  iter  220  L= 256 bs=16  loss 1.6496  (0.17s/it)
  iter  230  L= 768 bs=5  loss 1.4892  (0.17s/it)
  iter  240  L= 512 bs=8  loss 1.4208  (0.17s/it)
  iter  250  L= 768 bs=5  loss 1.9831  (0.17s/it)
  iter  260  L= 256 bs=16  loss 1.1282  (0.17s/it)
  iter  270  L= 768 bs=5  loss 1.5653  (0.17s/it)
  iter  280  L=1024 bs=4  loss 1.8773  (0.17s/it)
  iter  290  L= 256 bs=16  loss 2.2815  (0.17s/it)
  iter  300  L= 256 bs=16  loss 1.9352  (0.17s/it)
Passkey accuracy after fine-tuning:
  ctx=   512  exact=0.56  first_token=0.94
  ctx=  1024  exact=0.54  first_token=0.96
  ctx=  2048  exact=0.58  first_token=0.86
  ctx=  4096  exact=0.08  first_token=0.22
  ctx=  8192  exact=0.00  first_token=0.04
########## Jm
number of parameters: 63.65M
Model type: Jm | params 63,648,768 | delimiter 764 | device cuda
Passkey accuracy before fine-tuning (cross_shift_c=0.0):
  ctx=   512  exact=0.02  first_token=0.10
  ctx=  1024  exact=0.00  first_token=0.02
  ctx=  2048  exact=0.00  first_token=0.00
  ctx=  4096  exact=0.00  first_token=0.00
  ctx=  8192  exact=0.00  first_token=0.00
Passkey accuracy before fine-tuning (cross_shift_c=1.5):
  ctx=   512  exact=0.02  first_token=0.10
  ctx=  1024  exact=0.00  first_token=0.02
  ctx=  2048  exact=0.00  first_token=0.00
  ctx=  4096  exact=0.00  first_token=0.00
  ctx=  8192  exact=0.00  first_token=0.00
Fine-tuning for 300 iters on lengths [256, 512, 768, 1024]:
  iter    1  L=1024 bs=4  loss 8.5486  (0.38s/it)
  iter   10  L= 256 bs=16  loss 2.1566  (0.24s/it)
  iter   20  L= 512 bs=8  loss 2.2341  (0.23s/it)
  iter   30  L=1024 bs=4  loss 3.1091  (0.23s/it)
  iter   40  L= 256 bs=16  loss 2.4274  (0.23s/it)
  iter   50  L=1024 bs=4  loss 2.3596  (0.23s/it)
  iter   60  L=1024 bs=4  loss 0.9808  (0.23s/it)
  iter   70  L=1024 bs=4  loss 2.2091  (0.22s/it)
  iter   80  L= 256 bs=16  loss 1.9328  (0.22s/it)
  iter   90  L=1024 bs=4  loss 1.0584  (0.22s/it)
  iter  100  L= 256 bs=16  loss 1.0854  (0.22s/it)
  iter  110  L= 768 bs=5  loss 2.1944  (0.22s/it)
  iter  120  L= 256 bs=16  loss 1.7570  (0.22s/it)
  iter  130  L= 256 bs=16  loss 1.3162  (0.22s/it)
  iter  140  L= 512 bs=8  loss 0.7903  (0.22s/it)
  iter  150  L= 512 bs=8  loss 1.4901  (0.22s/it)
  iter  160  L=1024 bs=4  loss 1.7583  (0.22s/it)
  iter  170  L= 768 bs=5  loss 3.8160  (0.22s/it)
  iter  180  L= 512 bs=8  loss 1.7723  (0.22s/it)
  iter  190  L= 512 bs=8  loss 1.5230  (0.22s/it)
  iter  200  L= 256 bs=16  loss 1.1058  (0.22s/it)
  iter  210  L= 768 bs=5  loss 0.8935  (0.22s/it)
  iter  220  L= 256 bs=16  loss 1.6273  (0.22s/it)
  iter  230  L= 768 bs=5  loss 1.3846  (0.22s/it)
  iter  240  L= 512 bs=8  loss 1.3575  (0.22s/it)
  iter  250  L= 768 bs=5  loss 1.5412  (0.22s/it)
  iter  260  L= 256 bs=16  loss 1.2119  (0.22s/it)
  iter  270  L= 768 bs=5  loss 1.3073  (0.22s/it)
  iter  280  L=1024 bs=4  loss 1.6784  (0.22s/it)
  iter  290  L= 256 bs=16  loss 2.1204  (0.22s/it)
  iter  300  L= 256 bs=16  loss 1.9446  (0.22s/it)
Passkey accuracy after fine-tuning (cross_shift_c=0.0):
  ctx=   512  exact=0.52  first_token=0.92
  ctx=  1024  exact=0.56  first_token=0.96
  ctx=  2048  exact=0.58  first_token=0.88
  ctx=  4096  exact=0.48  first_token=0.94
  ctx=  8192  exact=0.50  first_token=0.92
Passkey accuracy after fine-tuning (cross_shift_c=1.5):
  ctx=   512  exact=0.52  first_token=0.92
  ctx=  1024  exact=0.56  first_token=0.96
  ctx=  2048  exact=0.58  first_token=0.88
  ctx=  4096  exact=0.48  first_token=0.94
  ctx=  8192  exact=0.54  first_token=0.96
########## Jmr
number of parameters: 63.52M
Model type: Jmr | params 63,517,184 | delimiter 764 | device cuda
Passkey accuracy before fine-tuning (cross_shift_c=0.0):
  ctx=   512  exact=0.00  first_token=0.00
  ctx=  1024  exact=0.00  first_token=0.00
  ctx=  2048  exact=0.00  first_token=0.00
  ctx=  4096  exact=0.00  first_token=0.00
  ctx=  8192  exact=0.00  first_token=0.00
Passkey accuracy before fine-tuning (cross_shift_c=1.5):
  ctx=   512  exact=0.00  first_token=0.00
  ctx=  1024  exact=0.00  first_token=0.00
  ctx=  2048  exact=0.00  first_token=0.00
  ctx=  4096  exact=0.00  first_token=0.00
  ctx=  8192  exact=0.00  first_token=0.00
Fine-tuning for 300 iters on lengths [256, 512, 768, 1024]:
  iter    1  L=1024 bs=4  loss 12.3038  (0.37s/it)
  iter   10  L= 256 bs=16  loss 3.5559  (0.23s/it)
  iter   20  L= 512 bs=8  loss 3.1401  (0.23s/it)
  iter   30  L=1024 bs=4  loss 3.8945  (0.22s/it)
  iter   40  L= 256 bs=16  loss 3.1821  (0.22s/it)
  iter   50  L=1024 bs=4  loss 2.6832  (0.22s/it)
  iter   60  L=1024 bs=4  loss 1.5783  (0.22s/it)
  iter   70  L=1024 bs=4  loss 2.7759  (0.22s/it)
  iter   80  L= 256 bs=16  loss 2.6240  (0.22s/it)
  iter   90  L=1024 bs=4  loss 1.7711  (0.22s/it)
  iter  100  L= 256 bs=16  loss 1.6709  (0.22s/it)
  iter  110  L= 768 bs=5  loss 2.4261  (0.22s/it)
  iter  120  L= 256 bs=16  loss 1.9959  (0.22s/it)
  iter  130  L= 256 bs=16  loss 1.7928  (0.22s/it)
  iter  140  L= 512 bs=8  loss 1.1738  (0.22s/it)
  iter  150  L= 512 bs=8  loss 1.6805  (0.22s/it)
  iter  160  L=1024 bs=4  loss 2.2840  (0.22s/it)
  iter  170  L= 768 bs=5  loss 4.0703  (0.22s/it)
  iter  180  L= 512 bs=8  loss 2.0392  (0.22s/it)
  iter  190  L= 512 bs=8  loss 1.6867  (0.22s/it)
  iter  200  L= 256 bs=16  loss 1.2780  (0.21s/it)
  iter  210  L= 768 bs=5  loss 0.9898  (0.21s/it)
  iter  220  L= 256 bs=16  loss 1.6958  (0.21s/it)
  iter  230  L= 768 bs=5  loss 1.8499  (0.21s/it)
  iter  240  L= 512 bs=8  loss 1.4075  (0.21s/it)
  iter  250  L= 768 bs=5  loss 1.8342  (0.21s/it)
  iter  260  L= 256 bs=16  loss 1.3386  (0.21s/it)
  iter  270  L= 768 bs=5  loss 1.6576  (0.21s/it)
  iter  280  L=1024 bs=4  loss 2.3443  (0.21s/it)
  iter  290  L= 256 bs=16  loss 2.3176  (0.21s/it)
  iter  300  L= 256 bs=16  loss 2.2323  (0.21s/it)
Passkey accuracy after fine-tuning (cross_shift_c=0.0):
  ctx=   512  exact=0.50  first_token=0.90
  ctx=  1024  exact=0.56  first_token=0.98
  ctx=  2048  exact=0.58  first_token=0.88
  ctx=  4096  exact=0.46  first_token=0.92
  ctx=  8192  exact=0.52  first_token=0.94
Passkey accuracy after fine-tuning (cross_shift_c=1.5):
  ctx=   512  exact=0.50  first_token=0.90
  ctx=  1024  exact=0.56  first_token=0.98
  ctx=  2048  exact=0.58  first_token=0.88
  ctx=  4096  exact=0.46  first_token=0.92
  ctx=  8192  exact=0.52  first_token=0.94
