########## R ceiling
number of parameters: 63.52M
Model type: R | params 63,517,184 | delimiter 764 | device cuda
Fine-tuning for 5000 iters on lengths [256, 512, 768, 1024]:
  iter    1  L=1024 bs=4  loss 7.5073  (0.65s/it)
  iter   10  L= 256 bs=16  loss 1.2466  (0.26s/it)
  iter   20  L= 512 bs=8  loss 1.4271  (0.24s/it)
  iter   30  L=1024 bs=4  loss 1.9702  (0.23s/it)
  iter   40  L= 256 bs=16  loss 1.9529  (0.23s/it)
  iter   50  L=1024 bs=4  loss 2.3207  (0.23s/it)
  iter   60  L=1024 bs=4  loss 0.1615  (0.23s/it)
  iter   70  L=1024 bs=4  loss 1.1324  (0.23s/it)
  iter   80  L= 256 bs=16  loss 1.6981  (0.22s/it)
  iter   90  L=1024 bs=4  loss 0.4901  (0.22s/it)
  iter  100  L= 256 bs=16  loss 0.6962  (0.22s/it)
  iter  110  L= 768 bs=5  loss 1.8861  (0.22s/it)
  iter  120  L= 256 bs=16  loss 1.3129  (0.22s/it)
  iter  130  L= 256 bs=16  loss 1.0552  (0.22s/it)
  iter  140  L= 512 bs=8  loss 0.6223  (0.22s/it)
  iter  150  L= 512 bs=8  loss 1.1331  (0.22s/it)
  iter  160  L=1024 bs=4  loss 1.2986  (0.22s/it)
  iter  170  L= 768 bs=5  loss 3.5073  (0.22s/it)
  iter  180  L= 512 bs=8  loss 1.2100  (0.22s/it)
  iter  190  L= 512 bs=8  loss 1.0364  (0.22s/it)
  iter  200  L= 256 bs=16  loss 0.8847  (0.22s/it)
  iter  210  L= 768 bs=5  loss 0.5331  (0.22s/it)
  iter  220  L= 256 bs=16  loss 1.5053  (0.22s/it)
  iter  230  L= 768 bs=5  loss 0.9996  (0.22s/it)
  iter  240  L= 512 bs=8  loss 1.1604  (0.22s/it)
  iter  250  L= 768 bs=5  loss 1.1713  (0.22s/it)
  iter  260  L= 256 bs=16  loss 0.6939  (0.22s/it)
  iter  270  L= 768 bs=5  loss 0.8194  (0.22s/it)
  iter  280  L=1024 bs=4  loss 0.8074  (0.22s/it)
  iter  290  L= 256 bs=16  loss 1.5442  (0.22s/it)
  iter  300  L= 256 bs=16  loss 1.4202  (0.22s/it)
  iter  310  L= 512 bs=8  loss 0.2757  (0.22s/it)
  iter  320  L= 512 bs=8  loss 1.1716  (0.22s/it)
  iter  330  L=1024 bs=4  loss 0.8396  (0.22s/it)
  iter  340  L= 512 bs=8  loss 1.1624  (0.22s/it)
  iter  350  L= 512 bs=8  loss 0.2776  (0.22s/it)
  iter  360  L= 768 bs=5  loss 0.7263  (0.22s/it)
  iter  370  L= 512 bs=8  loss 1.0745  (0.22s/it)
  iter  380  L= 768 bs=5  loss 1.5563  (0.22s/it)
  iter  390  L= 768 bs=5  loss 0.6514  (0.22s/it)
  iter  400  L= 256 bs=16  loss 0.4632  (0.22s/it)
  iter  410  L= 256 bs=16  loss 0.4221  (0.22s/it)
  iter  420  L= 512 bs=8  loss 0.5967  (0.22s/it)
  iter  430  L=1024 bs=4  loss 1.5251  (0.22s/it)
  iter  440  L=1024 bs=4  loss 0.4120  (0.22s/it)
  iter  450  L= 512 bs=8  loss 1.7310  (0.22s/it)
  iter  460  L= 256 bs=16  loss 0.6952  (0.22s/it)
  iter  470  L= 768 bs=5  loss 0.4184  (0.22s/it)
  iter  480  L= 768 bs=5  loss 0.0578  (0.22s/it)
  iter  490  L= 512 bs=8  loss 1.0476  (0.22s/it)
  iter  500  L=1024 bs=4  loss 0.7534  (0.22s/it)
  iter  510  L= 256 bs=16  loss 1.0578  (0.22s/it)
  iter  520  L= 512 bs=8  loss 0.6717  (0.22s/it)
  iter  530  L= 512 bs=8  loss 0.3039  (0.22s/it)
  iter  540  L= 768 bs=5  loss 0.0819  (0.22s/it)
  iter  550  L= 256 bs=16  loss 0.9539  (0.22s/it)
  iter  560  L= 256 bs=16  loss 1.1865  (0.22s/it)
  iter  570  L=1024 bs=4  loss 0.4508  (0.22s/it)
  iter  580  L= 768 bs=5  loss 0.9258  (0.22s/it)
  iter  590  L=1024 bs=4  loss 1.4446  (0.22s/it)
  iter  600  L= 768 bs=5  loss 1.8301  (0.22s/it)
  iter  610  L= 512 bs=8  loss 1.3790  (0.22s/it)
  iter  620  L= 512 bs=8  loss 1.2145  (0.22s/it)
  iter  630  L=1024 bs=4  loss 1.6876  (0.22s/it)
  iter  640  L= 768 bs=5  loss 1.1097  (0.22s/it)
  iter  650  L= 512 bs=8  loss 0.1979  (0.22s/it)
  iter  660  L= 768 bs=5  loss 0.8065  (0.22s/it)
  iter  670  L= 256 bs=16  loss 0.4747  (0.22s/it)
  iter  680  L= 512 bs=8  loss 1.3131  (0.22s/it)
  iter  690  L= 256 bs=16  loss 0.5892  (0.22s/it)
  iter  700  L= 512 bs=8  loss 1.4628  (0.22s/it)
  iter  710  L=1024 bs=4  loss 1.2380  (0.22s/it)
  iter  720  L= 768 bs=5  loss 1.0396  (0.22s/it)
  iter  730  L= 256 bs=16  loss 0.3969  (0.22s/it)
  iter  740  L=1024 bs=4  loss 0.1183  (0.22s/it)
  iter  750  L= 512 bs=8  loss 0.3082  (0.22s/it)
  iter  760  L= 256 bs=16  loss 0.8766  (0.22s/it)
  iter  770  L= 512 bs=8  loss 1.4803  (0.22s/it)
  iter  780  L=1024 bs=4  loss 0.4038  (0.22s/it)
  iter  790  L= 768 bs=5  loss 2.3356  (0.22s/it)
  iter  800  L= 256 bs=16  loss 0.7315  (0.22s/it)
  iter  810  L= 512 bs=8  loss 1.3870  (0.22s/it)
  iter  820  L=1024 bs=4  loss 0.2684  (0.22s/it)
  iter  830  L=1024 bs=4  loss 0.0131  (0.22s/it)
  iter  840  L=1024 bs=4  loss 0.1204  (0.22s/it)
  iter  850  L= 768 bs=5  loss 0.6112  (0.22s/it)
  iter  860  L= 512 bs=8  loss 1.0921  (0.22s/it)
  iter  870  L=1024 bs=4  loss 0.9936  (0.22s/it)
  iter  880  L= 256 bs=16  loss 0.8250  (0.22s/it)
  iter  890  L= 256 bs=16  loss 1.0174  (0.22s/it)
  iter  900  L= 768 bs=5  loss 0.6444  (0.22s/it)
  iter  910  L= 256 bs=16  loss 0.4994  (0.22s/it)
  iter  920  L=1024 bs=4  loss 0.5539  (0.22s/it)
  iter  930  L= 512 bs=8  loss 1.5144  (0.22s/it)
  iter  940  L= 256 bs=16  loss 0.5254  (0.22s/it)
  iter  950  L= 256 bs=16  loss 0.6764  (0.22s/it)
  iter  960  L= 512 bs=8  loss 0.6442  (0.22s/it)
  iter  970  L= 768 bs=5  loss 0.2141  (0.22s/it)
  iter  980  L= 256 bs=16  loss 0.5131  (0.22s/it)
  iter  990  L= 512 bs=8  loss 1.3559  (0.22s/it)
  iter 1000  L= 512 bs=8  loss 0.4132  (0.22s/it)
  iter 1010  L=1024 bs=4  loss 0.8476  (0.22s/it)
  iter 1020  L= 512 bs=8  loss 0.8157  (0.22s/it)
  iter 1030  L= 256 bs=16  loss 0.7666  (0.22s/it)
  iter 1040  L= 768 bs=5  loss 0.9440  (0.22s/it)
  iter 1050  L=1024 bs=4  loss 0.2222  (0.22s/it)
  iter 1060  L= 512 bs=8  loss 0.3743  (0.22s/it)
  iter 1070  L=1024 bs=4  loss 0.6585  (0.22s/it)
  iter 1080  L= 768 bs=5  loss 0.8257  (0.22s/it)
  iter 1090  L= 512 bs=8  loss 0.3980  (0.22s/it)
  iter 1100  L= 512 bs=8  loss 0.8594  (0.22s/it)
  iter 1110  L=1024 bs=4  loss 1.0736  (0.22s/it)
  iter 1120  L= 256 bs=16  loss 1.0296  (0.22s/it)
  iter 1130  L= 768 bs=5  loss 0.9923  (0.22s/it)
  iter 1140  L= 768 bs=5  loss 1.0054  (0.22s/it)
  iter 1150  L= 768 bs=5  loss 1.1447  (0.22s/it)
  iter 1160  L=1024 bs=4  loss 0.6554  (0.22s/it)
  iter 1170  L=1024 bs=4  loss 0.0060  (0.22s/it)
  iter 1180  L= 512 bs=8  loss 0.6842  (0.22s/it)
  iter 1190  L= 256 bs=16  loss 0.1719  (0.22s/it)
  iter 1200  L= 512 bs=8  loss 0.1155  (0.22s/it)
  iter 1210  L= 768 bs=5  loss 0.7759  (0.22s/it)
  iter 1220  L= 256 bs=16  loss 0.4225  (0.22s/it)
  iter 1230  L= 256 bs=16  loss 0.1769  (0.22s/it)
  iter 1240  L= 512 bs=8  loss 0.8525  (0.22s/it)
  iter 1250  L= 256 bs=16  loss 0.2378  (0.22s/it)
  iter 1260  L= 512 bs=8  loss 0.6512  (0.22s/it)
  iter 1270  L= 256 bs=16  loss 0.6622  (0.22s/it)
  iter 1280  L= 256 bs=16  loss 1.1402  (0.22s/it)
  iter 1290  L= 512 bs=8  loss 1.2406  (0.22s/it)
  iter 1300  L= 512 bs=8  loss 1.1371  (0.22s/it)
  iter 1310  L= 256 bs=16  loss 0.3490  (0.22s/it)
  iter 1320  L=1024 bs=4  loss 1.7991  (0.22s/it)
  iter 1330  L= 512 bs=8  loss 0.3578  (0.22s/it)
  iter 1340  L= 256 bs=16  loss 0.5004  (0.22s/it)
  iter 1350  L= 512 bs=8  loss 0.7132  (0.22s/it)
  iter 1360  L= 256 bs=16  loss 0.8972  (0.22s/it)
  iter 1370  L=1024 bs=4  loss 0.4768  (0.22s/it)
  iter 1380  L= 512 bs=8  loss 0.2213  (0.22s/it)
  iter 1390  L=1024 bs=4  loss 0.0316  (0.22s/it)
  iter 1400  L=1024 bs=4  loss 0.2084  (0.22s/it)
  iter 1410  L=1024 bs=4  loss 0.6203  (0.22s/it)
  iter 1420  L= 256 bs=16  loss 0.9224  (0.22s/it)
  iter 1430  L=1024 bs=4  loss 0.0003  (0.22s/it)
  iter 1440  L=1024 bs=4  loss 0.0708  (0.22s/it)
  iter 1450  L= 512 bs=8  loss 0.8455  (0.22s/it)
  iter 1460  L= 256 bs=16  loss 0.3449  (0.22s/it)
  iter 1470  L=1024 bs=4  loss 0.5876  (0.22s/it)
  iter 1480  L= 512 bs=8  loss 0.5129  (0.22s/it)
  iter 1490  L=1024 bs=4  loss 0.9095  (0.22s/it)
  iter 1500  L= 512 bs=8  loss 0.4925  (0.22s/it)
  iter 1510  L= 512 bs=8  loss 0.3709  (0.22s/it)
  iter 1520  L=1024 bs=4  loss 1.0159  (0.22s/it)
  iter 1530  L= 256 bs=16  loss 0.1147  (0.22s/it)
  iter 1540  L=1024 bs=4  loss 0.0672  (0.22s/it)
  iter 1550  L=1024 bs=4  loss 0.1384  (0.22s/it)
  iter 1560  L= 256 bs=16  loss 1.3687  (0.22s/it)
  iter 1570  L= 768 bs=5  loss 0.6570  (0.22s/it)
  iter 1580  L=1024 bs=4  loss 0.8357  (0.22s/it)
  iter 1590  L= 256 bs=16  loss 0.2970  (0.22s/it)
  iter 1600  L= 768 bs=5  loss 0.0314  (0.22s/it)
  iter 1610  L= 512 bs=8  loss 1.3947  (0.22s/it)
  iter 1620  L=1024 bs=4  loss 0.9826  (0.22s/it)
  iter 1630  L=1024 bs=4  loss 0.4389  (0.22s/it)
  iter 1640  L= 512 bs=8  loss 0.5178  (0.22s/it)
  iter 1650  L= 512 bs=8  loss 0.4964  (0.22s/it)
  iter 1660  L=1024 bs=4  loss 1.0604  (0.22s/it)
  iter 1670  L= 768 bs=5  loss 0.6737  (0.22s/it)
  iter 1680  L= 256 bs=16  loss 0.2375  (0.22s/it)
  iter 1690  L=1024 bs=4  loss 1.5247  (0.22s/it)
  iter 1700  L= 256 bs=16  loss 0.4361  (0.22s/it)
  iter 1710  L= 256 bs=16  loss 0.6843  (0.22s/it)
  iter 1720  L= 256 bs=16  loss 0.7411  (0.22s/it)
  iter 1730  L=1024 bs=4  loss 0.7636  (0.22s/it)
  iter 1740  L= 512 bs=8  loss 0.0758  (0.22s/it)
  iter 1750  L= 768 bs=5  loss 0.8147  (0.22s/it)
  iter 1760  L= 512 bs=8  loss 0.3478  (0.22s/it)
  iter 1770  L= 512 bs=8  loss 0.8391  (0.22s/it)
  iter 1780  L=1024 bs=4  loss 1.1332  (0.22s/it)
  iter 1790  L= 512 bs=8  loss 1.2534  (0.22s/it)
  iter 1800  L= 512 bs=8  loss 1.1303  (0.22s/it)
  iter 1810  L=1024 bs=4  loss 0.0232  (0.22s/it)
  iter 1820  L= 512 bs=8  loss 1.0914  (0.22s/it)
  iter 1830  L= 768 bs=5  loss 1.2458  (0.22s/it)
  iter 1840  L=1024 bs=4  loss 0.1414  (0.22s/it)
  iter 1850  L= 256 bs=16  loss 0.3006  (0.22s/it)
  iter 1860  L= 768 bs=5  loss 0.3926  (0.22s/it)
  iter 1870  L= 256 bs=16  loss 0.2360  (0.22s/it)
  iter 1880  L=1024 bs=4  loss 0.0014  (0.22s/it)
  iter 1890  L= 512 bs=8  loss 0.4158  (0.22s/it)
  iter 1900  L= 256 bs=16  loss 0.6148  (0.22s/it)
  iter 1910  L= 768 bs=5  loss 0.0120  (0.22s/it)
  iter 1920  L= 768 bs=5  loss 1.1500  (0.22s/it)
  iter 1930  L=1024 bs=4  loss 0.4961  (0.22s/it)
  iter 1940  L=1024 bs=4  loss 1.0187  (0.22s/it)
  iter 1950  L=1024 bs=4  loss 0.2922  (0.22s/it)
  iter 1960  L=1024 bs=4  loss 0.0014  (0.22s/it)
  iter 1970  L= 256 bs=16  loss 0.6440  (0.22s/it)
  iter 1980  L=1024 bs=4  loss 0.0018  (0.22s/it)
  iter 1990  L= 512 bs=8  loss 0.4037  (0.22s/it)
  iter 2000  L= 256 bs=16  loss 0.3774  (0.22s/it)
  iter 2010  L= 256 bs=16  loss 0.6080  (0.22s/it)
  iter 2020  L=1024 bs=4  loss 0.4375  (0.22s/it)
  iter 2030  L=1024 bs=4  loss 0.6431  (0.22s/it)
  iter 2040  L= 512 bs=8  loss 0.2151  (0.22s/it)
  iter 2050  L= 512 bs=8  loss 0.3322  (0.22s/it)
  iter 2060  L= 512 bs=8  loss 0.4736  (0.22s/it)
  iter 2070  L= 512 bs=8  loss 0.0029  (0.22s/it)
  iter 2080  L= 512 bs=8  loss 0.1479  (0.22s/it)
  iter 2090  L=1024 bs=4  loss 0.9380  (0.22s/it)
  iter 2100  L=1024 bs=4  loss 0.9723  (0.22s/it)
  iter 2110  L= 256 bs=16  loss 0.5936  (0.22s/it)
  iter 2120  L= 256 bs=16  loss 0.3222  (0.22s/it)
  iter 2130  L=1024 bs=4  loss 0.6625  (0.22s/it)
  iter 2140  L= 768 bs=5  loss 0.7462  (0.22s/it)
  iter 2150  L= 512 bs=8  loss 0.2662  (0.22s/it)
  iter 2160  L= 512 bs=8  loss 0.2920  (0.22s/it)
  iter 2170  L= 768 bs=5  loss 0.3729  (0.22s/it)
  iter 2180  L= 512 bs=8  loss 0.6475  (0.22s/it)
  iter 2190  L=1024 bs=4  loss 0.0078  (0.22s/it)
  iter 2200  L= 512 bs=8  loss 0.4538  (0.22s/it)
  iter 2210  L= 256 bs=16  loss 0.1817  (0.22s/it)
  iter 2220  L= 256 bs=16  loss 0.6250  (0.22s/it)
  iter 2230  L= 512 bs=8  loss 0.0068  (0.22s/it)
  iter 2240  L= 512 bs=8  loss 0.3387  (0.22s/it)
  iter 2250  L=1024 bs=4  loss 0.0417  (0.22s/it)
  iter 2260  L= 512 bs=8  loss 0.2564  (0.22s/it)
  iter 2270  L= 256 bs=16  loss 0.0346  (0.22s/it)
  iter 2280  L= 512 bs=8  loss 0.0781  (0.22s/it)
  iter 2290  L=1024 bs=4  loss 0.1153  (0.22s/it)
  iter 2300  L= 512 bs=8  loss 0.0640  (0.22s/it)
  iter 2310  L= 256 bs=16  loss 0.2449  (0.22s/it)
  iter 2320  L=1024 bs=4  loss 0.0642  (0.22s/it)
  iter 2330  L= 512 bs=8  loss 0.5404  (0.22s/it)
  iter 2340  L=1024 bs=4  loss 0.5109  (0.22s/it)
  iter 2350  L=1024 bs=4  loss 0.6569  (0.22s/it)
  iter 2360  L= 256 bs=16  loss 0.3085  (0.22s/it)
  iter 2370  L=1024 bs=4  loss 0.0008  (0.22s/it)
  iter 2380  L= 256 bs=16  loss 0.3925  (0.22s/it)
  iter 2390  L= 512 bs=8  loss 0.8585  (0.22s/it)
  iter 2400  L= 512 bs=8  loss 0.4437  (0.22s/it)
  iter 2410  L= 256 bs=16  loss 0.0812  (0.22s/it)
  iter 2420  L= 512 bs=8  loss 0.1637  (0.22s/it)
  iter 2430  L= 768 bs=5  loss 0.7574  (0.22s/it)
  iter 2440  L= 768 bs=5  loss 1.4489  (0.22s/it)
  iter 2450  L=1024 bs=4  loss 0.5112  (0.22s/it)
  iter 2460  L= 256 bs=16  loss 0.2366  (0.22s/it)
  iter 2470  L= 512 bs=8  loss 0.5144  (0.22s/it)
  iter 2480  L= 256 bs=16  loss 0.4324  (0.22s/it)
  iter 2490  L= 256 bs=16  loss 0.4249  (0.22s/it)
  iter 2500  L= 512 bs=8  loss 0.0183  (0.22s/it)
  iter 2510  L= 768 bs=5  loss 0.7535  (0.22s/it)
  iter 2520  L=1024 bs=4  loss 0.0108  (0.22s/it)
  iter 2530  L= 768 bs=5  loss 0.6168  (0.22s/it)
  iter 2540  L= 768 bs=5  loss 0.0446  (0.22s/it)
  iter 2550  L= 512 bs=8  loss 0.5688  (0.22s/it)
  iter 2560  L= 768 bs=5  loss 0.6459  (0.22s/it)
  iter 2570  L=1024 bs=4  loss 0.1248  (0.22s/it)
  iter 2580  L= 512 bs=8  loss 0.4081  (0.22s/it)
  iter 2590  L=1024 bs=4  loss 0.0513  (0.22s/it)
  iter 2600  L= 256 bs=16  loss 0.4708  (0.22s/it)
  iter 2610  L=1024 bs=4  loss 0.5502  (0.22s/it)
  iter 2620  L= 256 bs=16  loss 0.4577  (0.22s/it)
  iter 2630  L= 256 bs=16  loss 0.3290  (0.22s/it)
  iter 2640  L= 512 bs=8  loss 0.0340  (0.22s/it)
  iter 2650  L= 256 bs=16  loss 0.3735  (0.22s/it)
  iter 2660  L= 512 bs=8  loss 0.0362  (0.22s/it)
  iter 2670  L= 256 bs=16  loss 0.2233  (0.22s/it)
  iter 2680  L= 768 bs=5  loss 0.0016  (0.22s/it)
  iter 2690  L= 512 bs=8  loss 1.1953  (0.22s/it)
  iter 2700  L= 768 bs=5  loss 0.0356  (0.22s/it)
  iter 2710  L= 256 bs=16  loss 0.2022  (0.22s/it)
  iter 2720  L= 256 bs=16  loss 0.7014  (0.22s/it)
  iter 2730  L= 768 bs=5  loss 0.7691  (0.22s/it)
  iter 2740  L= 256 bs=16  loss 0.3306  (0.22s/it)
  iter 2750  L= 512 bs=8  loss 0.4884  (0.22s/it)
  iter 2760  L= 512 bs=8  loss 0.7508  (0.22s/it)
  iter 2770  L=1024 bs=4  loss 1.0746  (0.22s/it)
  iter 2780  L=1024 bs=4  loss 1.0142  (0.22s/it)
  iter 2790  L= 512 bs=8  loss 0.6987  (0.22s/it)
  iter 2800  L=1024 bs=4  loss 0.3423  (0.22s/it)
  iter 2810  L= 256 bs=16  loss 0.2442  (0.22s/it)
  iter 2820  L= 256 bs=16  loss 0.5195  (0.22s/it)
  iter 2830  L= 256 bs=16  loss 0.2957  (0.22s/it)
  iter 2840  L= 768 bs=5  loss 0.3031  (0.22s/it)
  iter 2850  L= 256 bs=16  loss 0.4469  (0.22s/it)
  iter 2860  L= 512 bs=8  loss 0.8006  (0.22s/it)
  iter 2870  L= 256 bs=16  loss 0.2175  (0.22s/it)
  iter 2880  L= 256 bs=16  loss 0.2453  (0.22s/it)
  iter 2890  L= 768 bs=5  loss 0.1592  (0.22s/it)
  iter 2900  L= 768 bs=5  loss 0.9178  (0.22s/it)
  iter 2910  L=1024 bs=4  loss 0.0061  (0.22s/it)
  iter 2920  L= 768 bs=5  loss 0.7389  (0.22s/it)
  iter 2930  L=1024 bs=4  loss 0.2590  (0.22s/it)
  iter 2940  L=1024 bs=4  loss 0.4387  (0.22s/it)
  iter 2950  L= 256 bs=16  loss 0.4392  (0.22s/it)
  iter 2960  L= 768 bs=5  loss 0.0913  (0.22s/it)
  iter 2970  L= 768 bs=5  loss 0.3737  (0.22s/it)
  iter 2980  L=1024 bs=4  loss 0.0009  (0.22s/it)
  iter 2990  L= 256 bs=16  loss 0.0224  (0.22s/it)
  iter 3000  L=1024 bs=4  loss 0.0785  (0.22s/it)
  iter 3010  L=1024 bs=4  loss 0.0001  (0.22s/it)
  iter 3020  L= 768 bs=5  loss 1.0524  (0.22s/it)
  iter 3030  L= 768 bs=5  loss 0.4495  (0.22s/it)
  iter 3040  L= 768 bs=5  loss 0.0088  (0.22s/it)
  iter 3050  L=1024 bs=4  loss 0.0301  (0.22s/it)
  iter 3060  L= 768 bs=5  loss 0.2033  (0.22s/it)
  iter 3070  L=1024 bs=4  loss 0.1497  (0.22s/it)
  iter 3080  L= 512 bs=8  loss 0.3513  (0.22s/it)
  iter 3090  L= 256 bs=16  loss 0.4640  (0.22s/it)
  iter 3100  L=1024 bs=4  loss 0.6357  (0.22s/it)
  iter 3110  L=1024 bs=4  loss 0.0728  (0.22s/it)
  iter 3120  L= 512 bs=8  loss 0.1815  (0.22s/it)
  iter 3130  L= 768 bs=5  loss 0.2248  (0.22s/it)
  iter 3140  L= 512 bs=8  loss 0.5130  (0.22s/it)
  iter 3150  L= 768 bs=5  loss 1.2416  (0.22s/it)
  iter 3160  L= 512 bs=8  loss 0.0864  (0.22s/it)
  iter 3170  L= 512 bs=8  loss 0.6362  (0.22s/it)
  iter 3180  L= 768 bs=5  loss 0.4417  (0.22s/it)
  iter 3190  L= 256 bs=16  loss 0.4778  (0.22s/it)
  iter 3200  L= 256 bs=16  loss 0.2132  (0.22s/it)
  iter 3210  L= 768 bs=5  loss 0.2795  (0.22s/it)
  iter 3220  L= 768 bs=5  loss 0.1314  (0.22s/it)
  iter 3230  L=1024 bs=4  loss 0.0072  (0.22s/it)
  iter 3240  L= 256 bs=16  loss 0.1278  (0.22s/it)
  iter 3250  L= 768 bs=5  loss 0.0171  (0.22s/it)
  iter 3260  L= 512 bs=8  loss 0.2003  (0.22s/it)
  iter 3270  L= 512 bs=8  loss 0.3105  (0.22s/it)
  iter 3280  L= 768 bs=5  loss 0.6283  (0.22s/it)
  iter 3290  L= 768 bs=5  loss 0.0763  (0.22s/it)
  iter 3300  L=1024 bs=4  loss 0.1469  (0.22s/it)
  iter 3310  L= 256 bs=16  loss 0.0687  (0.22s/it)
  iter 3320  L= 512 bs=8  loss 0.0791  (0.22s/it)
  iter 3330  L= 512 bs=8  loss 0.1551  (0.22s/it)
  iter 3340  L= 768 bs=5  loss 0.0006  (0.22s/it)
  iter 3350  L=1024 bs=4  loss 1.0842  (0.22s/it)
  iter 3360  L=1024 bs=4  loss 0.1989  (0.22s/it)
  iter 3370  L= 256 bs=16  loss 0.2326  (0.22s/it)
  iter 3380  L= 768 bs=5  loss 1.1141  (0.22s/it)
  iter 3390  L=1024 bs=4  loss 0.1228  (0.22s/it)
  iter 3400  L= 768 bs=5  loss 1.4331  (0.22s/it)
  iter 3410  L= 768 bs=5  loss 0.0030  (0.22s/it)
  iter 3420  L= 256 bs=16  loss 0.5053  (0.22s/it)
  iter 3430  L= 512 bs=8  loss 0.0757  (0.22s/it)
  iter 3440  L= 768 bs=5  loss 0.6949  (0.22s/it)
  iter 3450  L= 512 bs=8  loss 0.2495  (0.22s/it)
  iter 3460  L= 256 bs=16  loss 0.0849  (0.22s/it)
  iter 3470  L= 768 bs=5  loss 0.0809  (0.22s/it)
  iter 3480  L= 768 bs=5  loss 0.3368  (0.22s/it)
  iter 3490  L= 768 bs=5  loss 0.3783  (0.22s/it)
  iter 3500  L= 512 bs=8  loss 0.0200  (0.22s/it)
  iter 3510  L=1024 bs=4  loss 0.0662  (0.22s/it)
  iter 3520  L= 512 bs=8  loss 0.2203  (0.22s/it)
  iter 3530  L= 512 bs=8  loss 0.0838  (0.22s/it)
  iter 3540  L= 768 bs=5  loss 0.3862  (0.22s/it)
  iter 3550  L= 256 bs=16  loss 0.0986  (0.22s/it)
  iter 3560  L= 512 bs=8  loss 0.7121  (0.22s/it)
  iter 3570  L=1024 bs=4  loss 0.0400  (0.22s/it)
  iter 3580  L=1024 bs=4  loss 0.0052  (0.22s/it)
  iter 3590  L= 768 bs=5  loss 0.1621  (0.22s/it)
  iter 3600  L= 512 bs=8  loss 0.2937  (0.22s/it)
  iter 3610  L=1024 bs=4  loss 1.0512  (0.22s/it)
  iter 3620  L= 768 bs=5  loss 0.0009  (0.22s/it)
  iter 3630  L= 256 bs=16  loss 0.1943  (0.22s/it)
  iter 3640  L= 512 bs=8  loss 0.4218  (0.22s/it)
  iter 3650  L= 768 bs=5  loss 0.7104  (0.22s/it)
  iter 3660  L= 256 bs=16  loss 0.2424  (0.22s/it)
  iter 3670  L=1024 bs=4  loss 0.2430  (0.22s/it)
  iter 3680  L= 768 bs=5  loss 0.5158  (0.22s/it)
  iter 3690  L=1024 bs=4  loss 0.0004  (0.22s/it)
  iter 3700  L=1024 bs=4  loss 0.4937  (0.22s/it)
  iter 3710  L=1024 bs=4  loss 0.7164  (0.22s/it)
  iter 3720  L=1024 bs=4  loss 0.0589  (0.22s/it)
  iter 3730  L= 512 bs=8  loss 0.3197  (0.22s/it)
  iter 3740  L= 256 bs=16  loss 0.3965  (0.22s/it)
  iter 3750  L= 512 bs=8  loss 0.0094  (0.22s/it)
  iter 3760  L= 512 bs=8  loss 0.4283  (0.22s/it)
  iter 3770  L= 256 bs=16  loss 0.0075  (0.22s/it)
  iter 3780  L=1024 bs=4  loss 0.0040  (0.22s/it)
  iter 3790  L= 768 bs=5  loss 0.4627  (0.22s/it)
  iter 3800  L= 256 bs=16  loss 0.2856  (0.22s/it)
  iter 3810  L= 768 bs=5  loss 0.0285  (0.22s/it)
  iter 3820  L=1024 bs=4  loss 0.0001  (0.22s/it)
  iter 3830  L=1024 bs=4  loss 0.0470  (0.22s/it)
  iter 3840  L= 256 bs=16  loss 0.0453  (0.22s/it)
  iter 3850  L= 256 bs=16  loss 0.3873  (0.22s/it)
  iter 3860  L=1024 bs=4  loss 0.0209  (0.22s/it)
  iter 3870  L= 768 bs=5  loss 0.0843  (0.22s/it)
  iter 3880  L= 768 bs=5  loss 0.0064  (0.22s/it)
  iter 3890  L= 768 bs=5  loss 0.1152  (0.22s/it)
  iter 3900  L= 512 bs=8  loss 0.0187  (0.22s/it)
  iter 3910  L= 256 bs=16  loss 0.4460  (0.22s/it)
  iter 3920  L=1024 bs=4  loss 1.1697  (0.22s/it)
  iter 3930  L=1024 bs=4  loss 0.0022  (0.22s/it)
  iter 3940  L= 768 bs=5  loss 0.8794  (0.22s/it)
  iter 3950  L= 512 bs=8  loss 0.0014  (0.22s/it)
  iter 3960  L= 256 bs=16  loss 0.4120  (0.22s/it)
  iter 3970  L= 768 bs=5  loss 0.0038  (0.22s/it)
  iter 3980  L=1024 bs=4  loss 1.0348  (0.22s/it)
  iter 3990  L= 512 bs=8  loss 0.5281  (0.22s/it)
  iter 4000  L= 512 bs=8  loss 0.1118  (0.22s/it)
  iter 4010  L=1024 bs=4  loss 0.1724  (0.22s/it)
  iter 4020  L= 768 bs=5  loss 0.0027  (0.22s/it)
  iter 4030  L= 768 bs=5  loss 0.4643  (0.22s/it)
  iter 4040  L=1024 bs=4  loss 0.2306  (0.22s/it)
  iter 4050  L= 768 bs=5  loss 0.7155  (0.22s/it)
  iter 4060  L= 256 bs=16  loss 0.3716  (0.22s/it)
  iter 4070  L= 256 bs=16  loss 0.1794  (0.22s/it)
  iter 4080  L= 256 bs=16  loss 0.0620  (0.22s/it)
  iter 4090  L= 512 bs=8  loss 0.2096  (0.22s/it)
  iter 4100  L=1024 bs=4  loss 0.0094  (0.22s/it)
  iter 4110  L=1024 bs=4  loss 0.0013  (0.22s/it)
  iter 4120  L= 512 bs=8  loss 0.0196  (0.22s/it)
  iter 4130  L= 768 bs=5  loss 0.5257  (0.22s/it)
  iter 4140  L= 768 bs=5  loss 0.0119  (0.22s/it)
  iter 4150  L= 768 bs=5  loss 0.0079  (0.22s/it)
  iter 4160  L= 768 bs=5  loss 0.0206  (0.22s/it)
  iter 4170  L= 512 bs=8  loss 0.2174  (0.22s/it)
  iter 4180  L=1024 bs=4  loss 0.2772  (0.22s/it)
  iter 4190  L= 256 bs=16  loss 0.2178  (0.22s/it)
  iter 4200  L=1024 bs=4  loss 0.0279  (0.22s/it)
  iter 4210  L= 256 bs=16  loss 0.0170  (0.22s/it)
  iter 4220  L=1024 bs=4  loss 0.0036  (0.22s/it)
  iter 4230  L= 512 bs=8  loss 0.2524  (0.22s/it)
  iter 4240  L= 768 bs=5  loss 1.0213  (0.22s/it)
  iter 4250  L= 256 bs=16  loss 0.4275  (0.22s/it)
  iter 4260  L=1024 bs=4  loss 0.1415  (0.22s/it)
  iter 4270  L= 512 bs=8  loss 0.6807  (0.22s/it)
  iter 4280  L=1024 bs=4  loss 0.1497  (0.22s/it)
  iter 4290  L=1024 bs=4  loss 0.0581  (0.22s/it)
  iter 4300  L= 256 bs=16  loss 0.0643  (0.22s/it)
  iter 4310  L= 512 bs=8  loss 0.0598  (0.22s/it)
  iter 4320  L= 256 bs=16  loss 0.1810  (0.22s/it)
  iter 4330  L= 512 bs=8  loss 0.0151  (0.22s/it)
  iter 4340  L= 256 bs=16  loss 0.0911  (0.22s/it)
  iter 4350  L=1024 bs=4  loss 0.4478  (0.22s/it)
  iter 4360  L= 256 bs=16  loss 0.2513  (0.22s/it)
  iter 4370  L= 512 bs=8  loss 0.4292  (0.22s/it)
  iter 4380  L= 256 bs=16  loss 0.1118  (0.22s/it)
  iter 4390  L= 768 bs=5  loss 0.1797  (0.22s/it)
  iter 4400  L= 512 bs=8  loss 0.0532  (0.22s/it)
  iter 4410  L= 768 bs=5  loss 0.4567  (0.22s/it)
  iter 4420  L= 256 bs=16  loss 0.2225  (0.22s/it)
  iter 4430  L= 256 bs=16  loss 0.2665  (0.22s/it)
  iter 4440  L= 512 bs=8  loss 0.2236  (0.22s/it)
  iter 4450  L= 512 bs=8  loss 0.0151  (0.22s/it)
  iter 4460  L= 512 bs=8  loss 0.4992  (0.22s/it)
  iter 4470  L= 256 bs=16  loss 0.1590  (0.22s/it)
  iter 4480  L= 256 bs=16  loss 0.1116  (0.22s/it)
  iter 4490  L= 512 bs=8  loss 0.0093  (0.22s/it)
  iter 4500  L= 256 bs=16  loss 0.1238  (0.22s/it)
  iter 4510  L= 512 bs=8  loss 0.2189  (0.22s/it)
  iter 4520  L=1024 bs=4  loss 0.3644  (0.22s/it)
  iter 4530  L= 768 bs=5  loss 0.7073  (0.22s/it)
  iter 4540  L= 256 bs=16  loss 0.1719  (0.22s/it)
  iter 4550  L= 768 bs=5  loss 0.0041  (0.22s/it)
  iter 4560  L= 256 bs=16  loss 0.0562  (0.22s/it)
  iter 4570  L= 256 bs=16  loss 0.4068  (0.22s/it)
  iter 4580  L= 512 bs=8  loss 0.2784  (0.22s/it)
  iter 4590  L=1024 bs=4  loss 0.0752  (0.22s/it)
  iter 4600  L=1024 bs=4  loss 0.0001  (0.22s/it)
  iter 4610  L= 768 bs=5  loss 1.0194  (0.22s/it)
  iter 4620  L= 256 bs=16  loss 0.1627  (0.22s/it)
  iter 4630  L= 512 bs=8  loss 0.1993  (0.22s/it)
  iter 4640  L=1024 bs=4  loss 0.0021  (0.22s/it)
  iter 4650  L= 256 bs=16  loss 0.2929  (0.22s/it)
  iter 4660  L= 512 bs=8  loss 0.3190  (0.22s/it)
  iter 4670  L=1024 bs=4  loss 0.1012  (0.22s/it)
  iter 4680  L=1024 bs=4  loss 0.0401  (0.22s/it)
  iter 4690  L= 768 bs=5  loss 0.3439  (0.22s/it)
  iter 4700  L=1024 bs=4  loss 0.0002  (0.22s/it)
  iter 4710  L= 256 bs=16  loss 0.4612  (0.22s/it)
  iter 4720  L=1024 bs=4  loss 0.0009  (0.22s/it)
  iter 4730  L= 768 bs=5  loss 0.0065  (0.22s/it)
  iter 4740  L= 768 bs=5  loss 0.4071  (0.22s/it)
  iter 4750  L= 768 bs=5  loss 1.6315  (0.22s/it)
  iter 4760  L= 512 bs=8  loss 0.5202  (0.22s/it)
  iter 4770  L= 256 bs=16  loss 0.3687  (0.22s/it)
  iter 4780  L=1024 bs=4  loss 0.0074  (0.22s/it)
  iter 4790  L= 512 bs=8  loss 0.0064  (0.22s/it)
  iter 4800  L= 256 bs=16  loss 0.1466  (0.22s/it)
  iter 4810  L= 512 bs=8  loss 0.3745  (0.22s/it)
  iter 4820  L= 768 bs=5  loss 0.1176  (0.22s/it)
  iter 4830  L=1024 bs=4  loss 0.7829  (0.22s/it)
  iter 4840  L=1024 bs=4  loss 0.5949  (0.22s/it)
  iter 4850  L= 768 bs=5  loss 0.3882  (0.22s/it)
  iter 4860  L= 512 bs=8  loss 0.1179  (0.22s/it)
  iter 4870  L= 256 bs=16  loss 0.4176  (0.22s/it)
  iter 4880  L= 512 bs=8  loss 0.0127  (0.22s/it)
  iter 4890  L= 768 bs=5  loss 0.5741  (0.22s/it)
  iter 4900  L= 256 bs=16  loss 0.6760  (0.22s/it)
  iter 4910  L=1024 bs=4  loss 0.3338  (0.22s/it)
  iter 4920  L= 256 bs=16  loss 0.0665  (0.22s/it)
  iter 4930  L= 256 bs=16  loss 0.0111  (0.22s/it)
  iter 4940  L=1024 bs=4  loss 0.0045  (0.22s/it)
  iter 4950  L= 768 bs=5  loss 0.3459  (0.22s/it)
  iter 4960  L= 256 bs=16  loss 0.2170  (0.22s/it)
  iter 4970  L= 768 bs=5  loss 0.3378  (0.22s/it)
  iter 4980  L= 256 bs=16  loss 0.3811  (0.22s/it)
  iter 4990  L= 256 bs=16  loss 0.9893  (0.22s/it)
  iter 5000  L= 256 bs=16  loss 0.2622  (0.22s/it)
Passkey accuracy after fine-tuning (rope_ntk=False):
  ctx=   512  exact=0.95  first_token=1.00
  ctx=  1024  exact=0.96  first_token=1.00
  ctx=  2048  exact=0.97  first_token=1.00
  ctx=  4096  exact=0.95  first_token=1.00
  ctx=  8192  exact=0.70  first_token=0.82
  ctx= 16384  exact=0.29  first_token=0.35
