########## B seed=0
number of parameters: 63.52M
Model type: B | params 63,517,184 | delimiter 764 | device cuda
Fine-tuning for 1500 iters on lengths [256, 512, 768, 1024]:
  iter    1  L=1024 bs=4  loss 8.2984  (0.52s/it)
  iter   10  L= 256 bs=16  loss 1.6025  (0.20s/it)
  iter   20  L= 512 bs=8  loss 1.4799  (0.18s/it)
  iter   30  L=1024 bs=4  loss 2.4122  (0.18s/it)
  iter   40  L= 256 bs=16  loss 2.0179  (0.17s/it)
  iter   50  L=1024 bs=4  loss 2.0543  (0.17s/it)
  iter   60  L=1024 bs=4  loss 0.4777  (0.17s/it)
  iter   70  L=1024 bs=4  loss 1.3046  (0.17s/it)
  iter   80  L= 256 bs=16  loss 1.8006  (0.17s/it)
  iter   90  L=1024 bs=4  loss 0.5657  (0.17s/it)
  iter  100  L= 256 bs=16  loss 0.8044  (0.17s/it)
  iter  110  L= 768 bs=5  loss 2.1273  (0.17s/it)
  iter  120  L= 256 bs=16  loss 1.2847  (0.17s/it)
  iter  130  L= 256 bs=16  loss 1.1199  (0.17s/it)
  iter  140  L= 512 bs=8  loss 0.7278  (0.17s/it)
  iter  150  L= 512 bs=8  loss 1.0912  (0.17s/it)
  iter  160  L=1024 bs=4  loss 1.1748  (0.17s/it)
  iter  170  L= 768 bs=5  loss 3.8245  (0.17s/it)
  iter  180  L= 512 bs=8  loss 1.0857  (0.17s/it)
  iter  190  L= 512 bs=8  loss 1.2196  (0.17s/it)
  iter  200  L= 256 bs=16  loss 0.9428  (0.17s/it)
  iter  210  L= 768 bs=5  loss 0.5013  (0.17s/it)
  iter  220  L= 256 bs=16  loss 1.5527  (0.17s/it)
  iter  230  L= 768 bs=5  loss 1.2840  (0.17s/it)
  iter  240  L= 512 bs=8  loss 1.1638  (0.17s/it)
  iter  250  L= 768 bs=5  loss 1.3490  (0.17s/it)
  iter  260  L= 256 bs=16  loss 0.6619  (0.17s/it)
  iter  270  L= 768 bs=5  loss 0.8297  (0.17s/it)
  iter  280  L=1024 bs=4  loss 1.2232  (0.17s/it)
  iter  290  L= 256 bs=16  loss 1.6197  (0.17s/it)
  iter  300  L= 256 bs=16  loss 1.7133  (0.17s/it)
  iter  310  L= 512 bs=8  loss 0.4499  (0.17s/it)
  iter  320  L= 512 bs=8  loss 1.2975  (0.17s/it)
  iter  330  L=1024 bs=4  loss 1.1239  (0.17s/it)
  iter  340  L= 512 bs=8  loss 1.4749  (0.17s/it)
  iter  350  L= 512 bs=8  loss 0.4179  (0.17s/it)
  iter  360  L= 768 bs=5  loss 1.0149  (0.17s/it)
  iter  370  L= 512 bs=8  loss 1.4239  (0.17s/it)
  iter  380  L= 768 bs=5  loss 1.5473  (0.17s/it)
  iter  390  L= 768 bs=5  loss 0.8167  (0.17s/it)
  iter  400  L= 256 bs=16  loss 0.4598  (0.17s/it)
  iter  410  L= 256 bs=16  loss 0.5063  (0.17s/it)
  iter  420  L= 512 bs=8  loss 0.6557  (0.17s/it)
  iter  430  L=1024 bs=4  loss 1.4906  (0.17s/it)
  iter  440  L=1024 bs=4  loss 0.5485  (0.17s/it)
  iter  450  L= 512 bs=8  loss 1.6807  (0.17s/it)
  iter  460  L= 256 bs=16  loss 0.9342  (0.17s/it)
  iter  470  L= 768 bs=5  loss 0.5989  (0.17s/it)
  iter  480  L= 768 bs=5  loss 0.1472  (0.17s/it)
  iter  490  L= 512 bs=8  loss 1.0984  (0.17s/it)
  iter  500  L=1024 bs=4  loss 0.9457  (0.17s/it)
  iter  510  L= 256 bs=16  loss 1.2447  (0.17s/it)
  iter  520  L= 512 bs=8  loss 1.0034  (0.17s/it)
  iter  530  L= 512 bs=8  loss 0.3142  (0.17s/it)
  iter  540  L= 768 bs=5  loss 0.4114  (0.17s/it)
  iter  550  L= 256 bs=16  loss 1.3451  (0.17s/it)
  iter  560  L= 256 bs=16  loss 1.2132  (0.17s/it)
  iter  570  L=1024 bs=4  loss 0.7579  (0.17s/it)
  iter  580  L= 768 bs=5  loss 1.4059  (0.17s/it)
  iter  590  L=1024 bs=4  loss 2.0576  (0.17s/it)
  iter  600  L= 768 bs=5  loss 2.0247  (0.17s/it)
  iter  610  L= 512 bs=8  loss 1.5349  (0.17s/it)
  iter  620  L= 512 bs=8  loss 1.5622  (0.17s/it)
  iter  630  L=1024 bs=4  loss 2.3204  (0.17s/it)
  iter  640  L= 768 bs=5  loss 1.8610  (0.17s/it)
  iter  650  L= 512 bs=8  loss 0.3575  (0.17s/it)
  iter  660  L= 768 bs=5  loss 0.9123  (0.17s/it)
  iter  670  L= 256 bs=16  loss 0.7824  (0.17s/it)
  iter  680  L= 512 bs=8  loss 1.4694  (0.17s/it)
  iter  690  L= 256 bs=16  loss 0.8305  (0.17s/it)
  iter  700  L= 512 bs=8  loss 1.8846  (0.17s/it)
  iter  710  L=1024 bs=4  loss 1.3612  (0.17s/it)
  iter  720  L= 768 bs=5  loss 1.3278  (0.17s/it)
  iter  730  L= 256 bs=16  loss 0.5898  (0.17s/it)
  iter  740  L=1024 bs=4  loss 0.1934  (0.17s/it)
  iter  750  L= 512 bs=8  loss 0.3804  (0.17s/it)
  iter  760  L= 256 bs=16  loss 1.0728  (0.17s/it)
  iter  770  L= 512 bs=8  loss 1.8163  (0.17s/it)
  iter  780  L=1024 bs=4  loss 0.6850  (0.17s/it)
  iter  790  L= 768 bs=5  loss 2.8342  (0.17s/it)
  iter  800  L= 256 bs=16  loss 1.0555  (0.17s/it)
  iter  810  L= 512 bs=8  loss 1.3599  (0.17s/it)
  iter  820  L=1024 bs=4  loss 0.6401  (0.17s/it)
  iter  830  L=1024 bs=4  loss 0.0264  (0.17s/it)
  iter  840  L=1024 bs=4  loss 0.5588  (0.17s/it)
  iter  850  L= 768 bs=5  loss 0.8686  (0.17s/it)
  iter  860  L= 512 bs=8  loss 1.3639  (0.17s/it)
  iter  870  L=1024 bs=4  loss 1.5316  (0.17s/it)
  iter  880  L= 256 bs=16  loss 1.2014  (0.17s/it)
  iter  890  L= 256 bs=16  loss 1.4031  (0.17s/it)
  iter  900  L= 768 bs=5  loss 1.2722  (0.17s/it)
  iter  910  L= 256 bs=16  loss 0.7835  (0.17s/it)
  iter  920  L=1024 bs=4  loss 1.1523  (0.17s/it)
  iter  930  L= 512 bs=8  loss 1.8978  (0.17s/it)
  iter  940  L= 256 bs=16  loss 0.6612  (0.17s/it)
  iter  950  L= 256 bs=16  loss 1.0795  (0.17s/it)
  iter  960  L= 512 bs=8  loss 0.7198  (0.17s/it)
  iter  970  L= 768 bs=5  loss 0.5362  (0.17s/it)
  iter  980  L= 256 bs=16  loss 0.7318  (0.17s/it)
  iter  990  L= 512 bs=8  loss 1.3427  (0.17s/it)
  iter 1000  L= 512 bs=8  loss 0.4400  (0.17s/it)
  iter 1010  L=1024 bs=4  loss 1.6105  (0.17s/it)
  iter 1020  L= 512 bs=8  loss 0.9508  (0.17s/it)
  iter 1030  L= 256 bs=16  loss 0.9904  (0.17s/it)
  iter 1040  L= 768 bs=5  loss 1.1330  (0.17s/it)
  iter 1050  L=1024 bs=4  loss 0.4876  (0.17s/it)
  iter 1060  L= 512 bs=8  loss 0.9142  (0.17s/it)
  iter 1070  L=1024 bs=4  loss 0.8776  (0.17s/it)
  iter 1080  L= 768 bs=5  loss 0.8570  (0.17s/it)
  iter 1090  L= 512 bs=8  loss 1.0803  (0.17s/it)
  iter 1100  L= 512 bs=8  loss 0.8338  (0.17s/it)
  iter 1110  L=1024 bs=4  loss 1.7423  (0.17s/it)
  iter 1120  L= 256 bs=16  loss 1.4928  (0.17s/it)
  iter 1130  L= 768 bs=5  loss 1.2913  (0.17s/it)
  iter 1140  L= 768 bs=5  loss 1.4715  (0.17s/it)
  iter 1150  L= 768 bs=5  loss 1.7584  (0.17s/it)
  iter 1160  L=1024 bs=4  loss 0.5756  (0.17s/it)
  iter 1170  L=1024 bs=4  loss 0.0296  (0.17s/it)
  iter 1180  L= 512 bs=8  loss 0.7816  (0.17s/it)
  iter 1190  L= 256 bs=16  loss 0.3723  (0.17s/it)
  iter 1200  L= 512 bs=8  loss 0.4028  (0.17s/it)
  iter 1210  L= 768 bs=5  loss 0.7350  (0.17s/it)
  iter 1220  L= 256 bs=16  loss 0.7357  (0.17s/it)
  iter 1230  L= 256 bs=16  loss 0.4247  (0.17s/it)
  iter 1240  L= 512 bs=8  loss 1.1379  (0.17s/it)
  iter 1250  L= 256 bs=16  loss 0.4469  (0.17s/it)
  iter 1260  L= 512 bs=8  loss 0.7611  (0.17s/it)
  iter 1270  L= 256 bs=16  loss 0.8975  (0.17s/it)
  iter 1280  L= 256 bs=16  loss 1.4848  (0.17s/it)
  iter 1290  L= 512 bs=8  loss 1.4409  (0.17s/it)
  iter 1300  L= 512 bs=8  loss 1.4746  (0.17s/it)
  iter 1310  L= 256 bs=16  loss 0.5234  (0.17s/it)
  iter 1320  L=1024 bs=4  loss 1.6553  (0.17s/it)
  iter 1330  L= 512 bs=8  loss 0.6781  (0.17s/it)
  iter 1340  L= 256 bs=16  loss 0.8136  (0.17s/it)
  iter 1350  L= 512 bs=8  loss 1.1120  (0.17s/it)
  iter 1360  L= 256 bs=16  loss 1.4184  (0.17s/it)
  iter 1370  L=1024 bs=4  loss 1.0239  (0.17s/it)
  iter 1380  L= 512 bs=8  loss 0.4056  (0.17s/it)
  iter 1390  L=1024 bs=4  loss 0.3952  (0.17s/it)
  iter 1400  L=1024 bs=4  loss 0.1197  (0.17s/it)
  iter 1410  L=1024 bs=4  loss 0.7179  (0.17s/it)
  iter 1420  L= 256 bs=16  loss 1.1892  (0.17s/it)
  iter 1430  L=1024 bs=4  loss 0.0001  (0.17s/it)
  iter 1440  L=1024 bs=4  loss 0.3642  (0.17s/it)
  iter 1450  L= 512 bs=8  loss 1.2556  (0.17s/it)
  iter 1460  L= 256 bs=16  loss 0.5691  (0.17s/it)
  iter 1470  L=1024 bs=4  loss 0.6763  (0.17s/it)
  iter 1480  L= 512 bs=8  loss 0.5424  (0.17s/it)
  iter 1490  L=1024 bs=4  loss 1.4124  (0.17s/it)
  iter 1500  L= 512 bs=8  loss 0.9181  (0.17s/it)
Passkey accuracy after fine-tuning (rope_ntk=False):
  ctx=   512  exact=0.76  first_token=1.00
  ctx=  1024  exact=0.75  first_token=1.00
  ctx=  2048  exact=0.66  first_token=0.99
  ctx=  4096  exact=0.00  first_token=0.16
  ctx=  8192  exact=0.00  first_token=0.00
  ctx= 16384  exact=0.00  first_token=0.00
Passkey accuracy after fine-tuning (rope_ntk=True):
  ctx=   512  exact=0.76  first_token=1.00
  ctx=  1024  exact=0.75  first_token=1.00
  ctx=  2048  exact=0.75  first_token=0.99
  ctx=  4096  exact=0.65  first_token=0.98
  ctx=  8192  exact=0.25  first_token=0.65
  ctx= 16384  exact=0.00  first_token=0.18
########## Jm seed=0
number of parameters: 63.65M
Model type: Jm | params 63,648,768 | delimiter 764 | device cuda
Fine-tuning for 1500 iters on lengths [256, 512, 768, 1024]:
  iter    1  L=1024 bs=4  loss 7.5798  (0.67s/it)
  iter   10  L= 256 bs=16  loss 1.5495  (0.27s/it)
  iter   20  L= 512 bs=8  loss 1.2180  (0.25s/it)
  iter   30  L=1024 bs=4  loss 2.2312  (0.24s/it)
  iter   40  L= 256 bs=16  loss 1.8656  (0.23s/it)
  iter   50  L=1024 bs=4  loss 2.3387  (0.23s/it)
  iter   60  L=1024 bs=4  loss 0.3699  (0.23s/it)
  iter   70  L=1024 bs=4  loss 1.1365  (0.23s/it)
  iter   80  L= 256 bs=16  loss 1.8094  (0.23s/it)
  iter   90  L=1024 bs=4  loss 0.4402  (0.23s/it)
  iter  100  L= 256 bs=16  loss 0.8475  (0.23s/it)
  iter  110  L= 768 bs=5  loss 2.2031  (0.23s/it)
  iter  120  L= 256 bs=16  loss 1.2773  (0.23s/it)
  iter  130  L= 256 bs=16  loss 1.0993  (0.23s/it)
  iter  140  L= 512 bs=8  loss 0.7288  (0.23s/it)
  iter  150  L= 512 bs=8  loss 1.3400  (0.23s/it)
  iter  160  L=1024 bs=4  loss 1.3883  (0.23s/it)
  iter  170  L= 768 bs=5  loss 3.8535  (0.23s/it)
  iter  180  L= 512 bs=8  loss 1.2787  (0.22s/it)
  iter  190  L= 512 bs=8  loss 1.1673  (0.22s/it)
  iter  200  L= 256 bs=16  loss 0.8604  (0.22s/it)
  iter  210  L= 768 bs=5  loss 0.5548  (0.22s/it)
  iter  220  L= 256 bs=16  loss 1.6083  (0.22s/it)
  iter  230  L= 768 bs=5  loss 0.9326  (0.22s/it)
  iter  240  L= 512 bs=8  loss 1.1971  (0.22s/it)
  iter  250  L= 768 bs=5  loss 1.4312  (0.22s/it)
  iter  260  L= 256 bs=16  loss 0.7889  (0.22s/it)
  iter  270  L= 768 bs=5  loss 0.8189  (0.22s/it)
  iter  280  L=1024 bs=4  loss 1.0560  (0.22s/it)
  iter  290  L= 256 bs=16  loss 1.7611  (0.22s/it)
  iter  300  L= 256 bs=16  loss 1.7022  (0.22s/it)
  iter  310  L= 512 bs=8  loss 0.4863  (0.22s/it)
  iter  320  L= 512 bs=8  loss 1.4341  (0.22s/it)
  iter  330  L=1024 bs=4  loss 1.1958  (0.22s/it)
  iter  340  L= 512 bs=8  loss 1.4363  (0.22s/it)
  iter  350  L= 512 bs=8  loss 0.4053  (0.22s/it)
  iter  360  L= 768 bs=5  loss 0.9332  (0.22s/it)
  iter  370  L= 512 bs=8  loss 1.2724  (0.22s/it)
  iter  380  L= 768 bs=5  loss 1.6364  (0.22s/it)
  iter  390  L= 768 bs=5  loss 0.8050  (0.22s/it)
  iter  400  L= 256 bs=16  loss 0.4386  (0.22s/it)
  iter  410  L= 256 bs=16  loss 0.5586  (0.22s/it)
  iter  420  L= 512 bs=8  loss 0.6105  (0.22s/it)
  iter  430  L=1024 bs=4  loss 1.4811  (0.22s/it)
  iter  440  L=1024 bs=4  loss 0.5218  (0.22s/it)
  iter  450  L= 512 bs=8  loss 1.8004  (0.22s/it)
  iter  460  L= 256 bs=16  loss 0.9766  (0.22s/it)
  iter  470  L= 768 bs=5  loss 0.5828  (0.22s/it)
  iter  480  L= 768 bs=5  loss 0.0484  (0.22s/it)
  iter  490  L= 512 bs=8  loss 1.1883  (0.22s/it)
  iter  500  L=1024 bs=4  loss 1.1533  (0.22s/it)
  iter  510  L= 256 bs=16  loss 1.1717  (0.22s/it)
  iter  520  L= 512 bs=8  loss 0.9076  (0.22s/it)
  iter  530  L= 512 bs=8  loss 0.3428  (0.22s/it)
  iter  540  L= 768 bs=5  loss 0.3666  (0.22s/it)
  iter  550  L= 256 bs=16  loss 1.1492  (0.22s/it)
  iter  560  L= 256 bs=16  loss 1.2425  (0.22s/it)
  iter  570  L=1024 bs=4  loss 0.7094  (0.22s/it)
  iter  580  L= 768 bs=5  loss 1.5011  (0.22s/it)
  iter  590  L=1024 bs=4  loss 1.9981  (0.22s/it)
  iter  600  L= 768 bs=5  loss 2.0175  (0.22s/it)
  iter  610  L= 512 bs=8  loss 1.5437  (0.22s/it)
  iter  620  L= 512 bs=8  loss 1.4788  (0.22s/it)
  iter  630  L=1024 bs=4  loss 2.4415  (0.22s/it)
  iter  640  L= 768 bs=5  loss 1.7836  (0.22s/it)
  iter  650  L= 512 bs=8  loss 0.2477  (0.22s/it)
  iter  660  L= 768 bs=5  loss 1.0850  (0.22s/it)
  iter  670  L= 256 bs=16  loss 0.8458  (0.22s/it)
  iter  680  L= 512 bs=8  loss 1.5041  (0.22s/it)
  iter  690  L= 256 bs=16  loss 0.8595  (0.22s/it)
  iter  700  L= 512 bs=8  loss 1.7068  (0.22s/it)
  iter  710  L=1024 bs=4  loss 1.5891  (0.22s/it)
  iter  720  L= 768 bs=5  loss 1.3601  (0.22s/it)
  iter  730  L= 256 bs=16  loss 0.6257  (0.22s/it)
  iter  740  L=1024 bs=4  loss 0.1748  (0.22s/it)
  iter  750  L= 512 bs=8  loss 0.4219  (0.22s/it)
  iter  760  L= 256 bs=16  loss 1.0803  (0.22s/it)
  iter  770  L= 512 bs=8  loss 1.7193  (0.22s/it)
  iter  780  L=1024 bs=4  loss 0.7152  (0.22s/it)
  iter  790  L= 768 bs=5  loss 3.0235  (0.22s/it)
  iter  800  L= 256 bs=16  loss 1.0903  (0.22s/it)
  iter  810  L= 512 bs=8  loss 1.3141  (0.22s/it)
  iter  820  L=1024 bs=4  loss 0.9410  (0.22s/it)
  iter  830  L=1024 bs=4  loss 0.0195  (0.22s/it)
  iter  840  L=1024 bs=4  loss 0.6556  (0.22s/it)
  iter  850  L= 768 bs=5  loss 0.8501  (0.22s/it)
  iter  860  L= 512 bs=8  loss 1.2582  (0.22s/it)
  iter  870  L=1024 bs=4  loss 1.8791  (0.22s/it)
  iter  880  L= 256 bs=16  loss 1.2945  (0.22s/it)
  iter  890  L= 256 bs=16  loss 1.3349  (0.22s/it)
  iter  900  L= 768 bs=5  loss 1.3573  (0.22s/it)
  iter  910  L= 256 bs=16  loss 0.7560  (0.22s/it)
  iter  920  L=1024 bs=4  loss 0.9758  (0.22s/it)
  iter  930  L= 512 bs=8  loss 1.9437  (0.22s/it)
  iter  940  L= 256 bs=16  loss 0.7372  (0.22s/it)
  iter  950  L= 256 bs=16  loss 1.0902  (0.22s/it)
  iter  960  L= 512 bs=8  loss 0.7270  (0.22s/it)
  iter  970  L= 768 bs=5  loss 0.7712  (0.22s/it)
  iter  980  L= 256 bs=16  loss 0.7496  (0.22s/it)
  iter  990  L= 512 bs=8  loss 1.1892  (0.22s/it)
  iter 1000  L= 512 bs=8  loss 0.3892  (0.22s/it)
  iter 1010  L=1024 bs=4  loss 1.9569  (0.22s/it)
  iter 1020  L= 512 bs=8  loss 1.0584  (0.22s/it)
  iter 1030  L= 256 bs=16  loss 0.9906  (0.22s/it)
  iter 1040  L= 768 bs=5  loss 1.0321  (0.22s/it)
  iter 1050  L=1024 bs=4  loss 0.4665  (0.22s/it)
  iter 1060  L= 512 bs=8  loss 0.9023  (0.22s/it)
  iter 1070  L=1024 bs=4  loss 1.2455  (0.22s/it)
  iter 1080  L= 768 bs=5  loss 0.8114  (0.22s/it)
  iter 1090  L= 512 bs=8  loss 1.2085  (0.22s/it)
  iter 1100  L= 512 bs=8  loss 0.8584  (0.22s/it)
  iter 1110  L=1024 bs=4  loss 1.2623  (0.22s/it)
  iter 1120  L= 256 bs=16  loss 1.6053  (0.22s/it)
  iter 1130  L= 768 bs=5  loss 1.5428  (0.22s/it)
  iter 1140  L= 768 bs=5  loss 1.3667  (0.22s/it)
  iter 1150  L= 768 bs=5  loss 1.5519  (0.22s/it)
  iter 1160  L=1024 bs=4  loss 0.6949  (0.22s/it)
  iter 1170  L=1024 bs=4  loss 0.0032  (0.22s/it)
  iter 1180  L= 512 bs=8  loss 0.7887  (0.22s/it)
  iter 1190  L= 256 bs=16  loss 0.3604  (0.22s/it)
  iter 1200  L= 512 bs=8  loss 0.5593  (0.22s/it)
  iter 1210  L= 768 bs=5  loss 0.7125  (0.22s/it)
  iter 1220  L= 256 bs=16  loss 0.7224  (0.22s/it)
  iter 1230  L= 256 bs=16  loss 0.3729  (0.22s/it)
  iter 1240  L= 512 bs=8  loss 1.2105  (0.22s/it)
  iter 1250  L= 256 bs=16  loss 0.5016  (0.22s/it)
  iter 1260  L= 512 bs=8  loss 0.9223  (0.22s/it)
  iter 1270  L= 256 bs=16  loss 0.9897  (0.22s/it)
  iter 1280  L= 256 bs=16  loss 1.5633  (0.22s/it)
  iter 1290  L= 512 bs=8  loss 1.3952  (0.22s/it)
  iter 1300  L= 512 bs=8  loss 1.4960  (0.22s/it)
  iter 1310  L= 256 bs=16  loss 0.4900  (0.22s/it)
  iter 1320  L=1024 bs=4  loss 1.9582  (0.22s/it)
  iter 1330  L= 512 bs=8  loss 0.7404  (0.22s/it)
  iter 1340  L= 256 bs=16  loss 0.8751  (0.22s/it)
  iter 1350  L= 512 bs=8  loss 1.0538  (0.22s/it)
  iter 1360  L= 256 bs=16  loss 1.3114  (0.22s/it)
  iter 1370  L=1024 bs=4  loss 0.7614  (0.22s/it)
  iter 1380  L= 512 bs=8  loss 0.4998  (0.22s/it)
  iter 1390  L=1024 bs=4  loss 0.5424  (0.22s/it)
  iter 1400  L=1024 bs=4  loss 0.2791  (0.22s/it)
  iter 1410  L=1024 bs=4  loss 0.7648  (0.22s/it)
  iter 1420  L= 256 bs=16  loss 1.3712  (0.22s/it)
  iter 1430  L=1024 bs=4  loss 0.0002  (0.22s/it)
  iter 1440  L=1024 bs=4  loss 0.3835  (0.22s/it)
  iter 1450  L= 512 bs=8  loss 1.4255  (0.22s/it)
  iter 1460  L= 256 bs=16  loss 0.6485  (0.22s/it)
  iter 1470  L=1024 bs=4  loss 0.7511  (0.22s/it)
  iter 1480  L= 512 bs=8  loss 0.6719  (0.22s/it)
  iter 1490  L=1024 bs=4  loss 1.5508  (0.22s/it)
  iter 1500  L= 512 bs=8  loss 0.7327  (0.22s/it)
Passkey accuracy after fine-tuning (cross_shift_c=0.0):
  ctx=   512  exact=0.72  first_token=1.00
  ctx=  1024  exact=0.73  first_token=1.00
  ctx=  2048  exact=0.73  first_token=0.98
  ctx=  4096  exact=0.76  first_token=1.00
  ctx=  8192  exact=0.73  first_token=0.99
  ctx= 16384  exact=0.31  first_token=0.65
Passkey accuracy after fine-tuning (cross_shift_c=1.0):
  ctx=   512  exact=0.72  first_token=1.00
  ctx=  1024  exact=0.73  first_token=1.00
  ctx=  2048  exact=0.73  first_token=0.98
  ctx=  4096  exact=0.76  first_token=1.00
  ctx=  8192  exact=0.75  first_token=0.99
  ctx= 16384  exact=0.78  first_token=1.00
Passkey accuracy after fine-tuning (cross_shift_c=1.5):
  ctx=   512  exact=0.72  first_token=1.00
  ctx=  1024  exact=0.73  first_token=1.00
  ctx=  2048  exact=0.73  first_token=0.98
  ctx=  4096  exact=0.76  first_token=1.00
  ctx=  8192  exact=0.74  first_token=0.99
  ctx= 16384  exact=0.79  first_token=1.00
########## Jmr seed=0
number of parameters: 63.52M
Model type: Jmr | params 63,517,184 | delimiter 764 | device cuda
Fine-tuning for 1500 iters on lengths [256, 512, 768, 1024]:
  iter    1  L=1024 bs=4  loss 11.0577  (0.62s/it)
  iter   10  L= 256 bs=16  loss 2.2333  (0.26s/it)
  iter   20  L= 512 bs=8  loss 1.7349  (0.24s/it)
  iter   30  L=1024 bs=4  loss 2.5179  (0.23s/it)
  iter   40  L= 256 bs=16  loss 2.1247  (0.23s/it)
  iter   50  L=1024 bs=4  loss 2.0233  (0.23s/it)
  iter   60  L=1024 bs=4  loss 0.6169  (0.23s/it)
  iter   70  L=1024 bs=4  loss 1.4161  (0.23s/it)
  iter   80  L= 256 bs=16  loss 1.8955  (0.22s/it)
  iter   90  L=1024 bs=4  loss 0.6156  (0.22s/it)
  iter  100  L= 256 bs=16  loss 0.8051  (0.22s/it)
  iter  110  L= 768 bs=5  loss 2.3667  (0.22s/it)
  iter  120  L= 256 bs=16  loss 1.4553  (0.22s/it)
  iter  130  L= 256 bs=16  loss 1.3113  (0.22s/it)
  iter  140  L= 512 bs=8  loss 0.7136  (0.22s/it)
  iter  150  L= 512 bs=8  loss 1.2207  (0.22s/it)
  iter  160  L=1024 bs=4  loss 1.4252  (0.22s/it)
  iter  170  L= 768 bs=5  loss 4.0619  (0.22s/it)
  iter  180  L= 512 bs=8  loss 1.1269  (0.22s/it)
  iter  190  L= 512 bs=8  loss 1.2100  (0.22s/it)
  iter  200  L= 256 bs=16  loss 0.9766  (0.22s/it)
  iter  210  L= 768 bs=5  loss 0.5775  (0.22s/it)
  iter  220  L= 256 bs=16  loss 1.5629  (0.22s/it)
  iter  230  L= 768 bs=5  loss 1.1906  (0.22s/it)
  iter  240  L= 512 bs=8  loss 1.2251  (0.22s/it)
  iter  250  L= 768 bs=5  loss 1.3929  (0.22s/it)
  iter  260  L= 256 bs=16  loss 0.7740  (0.22s/it)
  iter  270  L= 768 bs=5  loss 1.0102  (0.22s/it)
  iter  280  L=1024 bs=4  loss 1.2389  (0.22s/it)
  iter  290  L= 256 bs=16  loss 1.8121  (0.22s/it)
  iter  300  L= 256 bs=16  loss 1.8029  (0.22s/it)
  iter  310  L= 512 bs=8  loss 0.6121  (0.22s/it)
  iter  320  L= 512 bs=8  loss 1.4636  (0.22s/it)
  iter  330  L=1024 bs=4  loss 1.3554  (0.22s/it)
  iter  340  L= 512 bs=8  loss 1.4892  (0.22s/it)
  iter  350  L= 512 bs=8  loss 0.4784  (0.22s/it)
  iter  360  L= 768 bs=5  loss 1.0374  (0.22s/it)
  iter  370  L= 512 bs=8  loss 1.3910  (0.22s/it)
  iter  380  L= 768 bs=5  loss 1.5646  (0.22s/it)
  iter  390  L= 768 bs=5  loss 0.7427  (0.22s/it)
  iter  400  L= 256 bs=16  loss 0.6324  (0.22s/it)
  iter  410  L= 256 bs=16  loss 0.5143  (0.22s/it)
  iter  420  L= 512 bs=8  loss 0.6812  (0.22s/it)
  iter  430  L=1024 bs=4  loss 1.3950  (0.22s/it)
  iter  440  L=1024 bs=4  loss 0.6197  (0.22s/it)
  iter  450  L= 512 bs=8  loss 1.8391  (0.22s/it)
  iter  460  L= 256 bs=16  loss 0.9422  (0.22s/it)
  iter  470  L= 768 bs=5  loss 0.5768  (0.22s/it)
  iter  480  L= 768 bs=5  loss 0.1890  (0.22s/it)
  iter  490  L= 512 bs=8  loss 1.1944  (0.22s/it)
  iter  500  L=1024 bs=4  loss 1.0683  (0.22s/it)
  iter  510  L= 256 bs=16  loss 1.3244  (0.22s/it)
  iter  520  L= 512 bs=8  loss 1.0055  (0.22s/it)
  iter  530  L= 512 bs=8  loss 0.3080  (0.22s/it)
  iter  540  L= 768 bs=5  loss 0.3924  (0.22s/it)
  iter  550  L= 256 bs=16  loss 1.1378  (0.22s/it)
  iter  560  L= 256 bs=16  loss 1.2072  (0.22s/it)
  iter  570  L=1024 bs=4  loss 0.6944  (0.22s/it)
  iter  580  L= 768 bs=5  loss 1.5087  (0.22s/it)
  iter  590  L=1024 bs=4  loss 2.1763  (0.22s/it)
  iter  600  L= 768 bs=5  loss 2.1355  (0.22s/it)
  iter  610  L= 512 bs=8  loss 1.6458  (0.22s/it)
  iter  620  L= 512 bs=8  loss 1.6042  (0.22s/it)
  iter  630  L=1024 bs=4  loss 2.5604  (0.22s/it)
  iter  640  L= 768 bs=5  loss 1.8986  (0.22s/it)
  iter  650  L= 512 bs=8  loss 0.4487  (0.22s/it)
  iter  660  L= 768 bs=5  loss 1.1369  (0.22s/it)
  iter  670  L= 256 bs=16  loss 0.7972  (0.22s/it)
  iter  680  L= 512 bs=8  loss 1.5612  (0.22s/it)
  iter  690  L= 256 bs=16  loss 0.8301  (0.22s/it)
  iter  700  L= 512 bs=8  loss 1.9378  (0.22s/it)
  iter  710  L=1024 bs=4  loss 1.5295  (0.22s/it)
  iter  720  L= 768 bs=5  loss 1.4576  (0.22s/it)
  iter  730  L= 256 bs=16  loss 0.6387  (0.22s/it)
  iter  740  L=1024 bs=4  loss 0.1922  (0.22s/it)
  iter  750  L= 512 bs=8  loss 0.4323  (0.22s/it)
  iter  760  L= 256 bs=16  loss 1.0316  (0.22s/it)
  iter  770  L= 512 bs=8  loss 1.8208  (0.22s/it)
  iter  780  L=1024 bs=4  loss 0.7043  (0.22s/it)
  iter  790  L= 768 bs=5  loss 2.8618  (0.22s/it)
  iter  800  L= 256 bs=16  loss 1.2052  (0.22s/it)
  iter  810  L= 512 bs=8  loss 1.3019  (0.22s/it)
  iter  820  L=1024 bs=4  loss 0.8936  (0.22s/it)
  iter  830  L=1024 bs=4  loss 0.0197  (0.22s/it)
  iter  840  L=1024 bs=4  loss 0.6691  (0.22s/it)
  iter  850  L= 768 bs=5  loss 0.9179  (0.22s/it)
  iter  860  L= 512 bs=8  loss 1.4363  (0.22s/it)
  iter  870  L=1024 bs=4  loss 1.6324  (0.22s/it)
  iter  880  L= 256 bs=16  loss 1.2507  (0.22s/it)
  iter  890  L= 256 bs=16  loss 1.4963  (0.22s/it)
  iter  900  L= 768 bs=5  loss 1.3396  (0.22s/it)
  iter  910  L= 256 bs=16  loss 0.7607  (0.22s/it)
  iter  920  L=1024 bs=4  loss 1.2106  (0.22s/it)
  iter  930  L= 512 bs=8  loss 2.0023  (0.22s/it)
  iter  940  L= 256 bs=16  loss 0.6672  (0.22s/it)
  iter  950  L= 256 bs=16  loss 1.1044  (0.22s/it)
  iter  960  L= 512 bs=8  loss 0.7227  (0.22s/it)
  iter  970  L= 768 bs=5  loss 0.5988  (0.22s/it)
  iter  980  L= 256 bs=16  loss 0.7896  (0.22s/it)
  iter  990  L= 512 bs=8  loss 1.2918  (0.22s/it)
  iter 1000  L= 512 bs=8  loss 0.4942  (0.22s/it)
  iter 1010  L=1024 bs=4  loss 1.8472  (0.22s/it)
  iter 1020  L= 512 bs=8  loss 1.0178  (0.22s/it)
  iter 1030  L= 256 bs=16  loss 1.0607  (0.22s/it)
  iter 1040  L= 768 bs=5  loss 1.2682  (0.22s/it)
  iter 1050  L=1024 bs=4  loss 0.3843  (0.22s/it)
  iter 1060  L= 512 bs=8  loss 0.9654  (0.22s/it)
  iter 1070  L=1024 bs=4  loss 1.2169  (0.22s/it)
  iter 1080  L= 768 bs=5  loss 0.9689  (0.22s/it)
  iter 1090  L= 512 bs=8  loss 1.2965  (0.22s/it)
  iter 1100  L= 512 bs=8  loss 0.9325  (0.22s/it)
  iter 1110  L=1024 bs=4  loss 1.8054  (0.22s/it)
  iter 1120  L= 256 bs=16  loss 1.5715  (0.22s/it)
  iter 1130  L= 768 bs=5  loss 1.3314  (0.22s/it)
  iter 1140  L= 768 bs=5  loss 1.6207  (0.22s/it)
  iter 1150  L= 768 bs=5  loss 1.7505  (0.22s/it)
  iter 1160  L=1024 bs=4  loss 0.6769  (0.22s/it)
  iter 1170  L=1024 bs=4  loss 0.0066  (0.22s/it)
  iter 1180  L= 512 bs=8  loss 0.8951  (0.22s/it)
  iter 1190  L= 256 bs=16  loss 0.4403  (0.22s/it)
  iter 1200  L= 512 bs=8  loss 0.5123  (0.22s/it)
  iter 1210  L= 768 bs=5  loss 0.7493  (0.22s/it)
  iter 1220  L= 256 bs=16  loss 0.7743  (0.22s/it)
  iter 1230  L= 256 bs=16  loss 0.4652  (0.22s/it)
  iter 1240  L= 512 bs=8  loss 1.3190  (0.22s/it)
  iter 1250  L= 256 bs=16  loss 0.5488  (0.22s/it)
  iter 1260  L= 512 bs=8  loss 0.7825  (0.22s/it)
  iter 1270  L= 256 bs=16  loss 1.0481  (0.22s/it)
  iter 1280  L= 256 bs=16  loss 1.7390  (0.22s/it)
  iter 1290  L= 512 bs=8  loss 1.5074  (0.22s/it)
  iter 1300  L= 512 bs=8  loss 1.5825  (0.22s/it)
  iter 1310  L= 256 bs=16  loss 0.5312  (0.22s/it)
  iter 1320  L=1024 bs=4  loss 1.7130  (0.22s/it)
  iter 1330  L= 512 bs=8  loss 0.7245  (0.22s/it)
  iter 1340  L= 256 bs=16  loss 0.9589  (0.22s/it)
  iter 1350  L= 512 bs=8  loss 1.0812  (0.22s/it)
  iter 1360  L= 256 bs=16  loss 1.5342  (0.22s/it)
  iter 1370  L=1024 bs=4  loss 0.9754  (0.22s/it)
  iter 1380  L= 512 bs=8  loss 0.4330  (0.22s/it)
  iter 1390  L=1024 bs=4  loss 0.5610  (0.22s/it)
  iter 1400  L=1024 bs=4  loss 0.2206  (0.22s/it)
  iter 1410  L=1024 bs=4  loss 0.8196  (0.22s/it)
  iter 1420  L= 256 bs=16  loss 1.2903  (0.22s/it)
  iter 1430  L=1024 bs=4  loss 0.0005  (0.22s/it)
  iter 1440  L=1024 bs=4  loss 0.5073  (0.22s/it)
  iter 1450  L= 512 bs=8  loss 1.3178  (0.22s/it)
  iter 1460  L= 256 bs=16  loss 0.6459  (0.22s/it)
  iter 1470  L=1024 bs=4  loss 0.7643  (0.22s/it)
  iter 1480  L= 512 bs=8  loss 0.6669  (0.22s/it)
  iter 1490  L=1024 bs=4  loss 1.4588  (0.22s/it)
  iter 1500  L= 512 bs=8  loss 0.9080  (0.22s/it)
Passkey accuracy after fine-tuning (cross_shift_c=0.0):
  ctx=   512  exact=0.71  first_token=1.00
  ctx=  1024  exact=0.78  first_token=1.00
  ctx=  2048  exact=0.74  first_token=0.99
  ctx=  4096  exact=0.73  first_token=0.99
  ctx=  8192  exact=0.72  first_token=0.99
  ctx= 16384  exact=0.77  first_token=0.98
Passkey accuracy after fine-tuning (cross_shift_c=1.0):
  ctx=   512  exact=0.71  first_token=1.00
  ctx=  1024  exact=0.78  first_token=1.00
  ctx=  2048  exact=0.74  first_token=0.99
  ctx=  4096  exact=0.73  first_token=0.99
  ctx=  8192  exact=0.73  first_token=0.99
  ctx= 16384  exact=0.79  first_token=0.99
Passkey accuracy after fine-tuning (cross_shift_c=1.5):
  ctx=   512  exact=0.71  first_token=1.00
  ctx=  1024  exact=0.78  first_token=1.00
  ctx=  2048  exact=0.74  first_token=0.99
  ctx=  4096  exact=0.74  first_token=0.99
  ctx=  8192  exact=0.73  first_token=0.99
  ctx= 16384  exact=0.79  first_token=0.99
########## B seed=1
number of parameters: 63.52M
Model type: B | params 63,517,184 | delimiter 764 | device cuda
Fine-tuning for 1500 iters on lengths [256, 512, 768, 1024]:
  iter    1  L= 512 bs=8  loss 6.6924  (0.49s/it)
  iter   10  L= 512 bs=8  loss 0.8597  (0.20s/it)
  iter   20  L= 512 bs=8  loss 1.3689  (0.19s/it)
  iter   30  L= 256 bs=16  loss 1.7125  (0.18s/it)
  iter   40  L=1024 bs=4  loss 3.0024  (0.18s/it)
  iter   50  L= 768 bs=5  loss 2.1624  (0.18s/it)
  iter   60  L= 512 bs=8  loss 0.9197  (0.18s/it)
  iter   70  L=1024 bs=4  loss 0.8024  (0.18s/it)
  iter   80  L=1024 bs=4  loss 0.7679  (0.18s/it)
  iter   90  L= 768 bs=5  loss 1.1534  (0.17s/it)
  iter  100  L=1024 bs=4  loss 3.3132  (0.17s/it)
  iter  110  L=1024 bs=4  loss 0.8991  (0.17s/it)
  iter  120  L= 768 bs=5  loss 1.6520  (0.17s/it)
  iter  130  L= 512 bs=8  loss 0.9455  (0.17s/it)
  iter  140  L=1024 bs=4  loss 1.1090  (0.17s/it)
  iter  150  L= 256 bs=16  loss 2.2291  (0.17s/it)
  iter  160  L=1024 bs=4  loss 1.1365  (0.17s/it)
  iter  170  L= 256 bs=16  loss 1.7969  (0.17s/it)
  iter  180  L=1024 bs=4  loss 1.5743  (0.17s/it)
  iter  190  L=1024 bs=4  loss 3.1450  (0.17s/it)
  iter  200  L=1024 bs=4  loss 0.2380  (0.17s/it)
  iter  210  L= 768 bs=5  loss 2.8297  (0.17s/it)
  iter  220  L=1024 bs=4  loss 0.1299  (0.17s/it)
  iter  230  L=1024 bs=4  loss 0.6994  (0.17s/it)
  iter  240  L= 512 bs=8  loss 0.9719  (0.17s/it)
  iter  250  L= 768 bs=5  loss 0.8945  (0.17s/it)
  iter  260  L= 256 bs=16  loss 1.1688  (0.17s/it)
  iter  270  L= 256 bs=16  loss 1.4417  (0.17s/it)
  iter  280  L= 512 bs=8  loss 2.0173  (0.17s/it)
  iter  290  L= 768 bs=5  loss 1.4426  (0.17s/it)
  iter  300  L= 256 bs=16  loss 1.9245  (0.17s/it)
  iter  310  L= 768 bs=5  loss 1.3299  (0.17s/it)
  iter  320  L= 768 bs=5  loss 1.4699  (0.17s/it)
  iter  330  L= 512 bs=8  loss 0.3664  (0.17s/it)
  iter  340  L= 256 bs=16  loss 1.0002  (0.17s/it)
  iter  350  L= 768 bs=5  loss 0.1600  (0.17s/it)
  iter  360  L= 768 bs=5  loss 2.4754  (0.17s/it)
  iter  370  L= 768 bs=5  loss 1.3041  (0.17s/it)
  iter  380  L=1024 bs=4  loss 0.8481  (0.17s/it)
  iter  390  L= 256 bs=16  loss 1.1840  (0.17s/it)
  iter  400  L= 768 bs=5  loss 2.0407  (0.17s/it)
  iter  410  L= 768 bs=5  loss 1.4203  (0.17s/it)
  iter  420  L=1024 bs=4  loss 0.5863  (0.17s/it)
  iter  430  L= 768 bs=5  loss 1.9604  (0.17s/it)
  iter  440  L= 768 bs=5  loss 1.0861  (0.17s/it)
  iter  450  L= 512 bs=8  loss 0.8724  (0.17s/it)
  iter  460  L= 512 bs=8  loss 1.7270  (0.17s/it)
  iter  470  L= 768 bs=5  loss 0.0123  (0.17s/it)
  iter  480  L= 512 bs=8  loss 1.0962  (0.17s/it)
  iter  490  L=1024 bs=4  loss 0.2450  (0.17s/it)
  iter  500  L=1024 bs=4  loss 0.5037  (0.17s/it)
  iter  510  L= 512 bs=8  loss 0.8707  (0.17s/it)
  iter  520  L= 256 bs=16  loss 1.2975  (0.17s/it)
  iter  530  L= 256 bs=16  loss 0.4139  (0.17s/it)
  iter  540  L= 768 bs=5  loss 1.1163  (0.17s/it)
  iter  550  L=1024 bs=4  loss 0.0105  (0.17s/it)
  iter  560  L= 768 bs=5  loss 0.8868  (0.17s/it)
  iter  570  L= 512 bs=8  loss 0.7533  (0.17s/it)
  iter  580  L= 768 bs=5  loss 1.4837  (0.17s/it)
  iter  590  L= 256 bs=16  loss 1.2444  (0.17s/it)
  iter  600  L= 256 bs=16  loss 0.5759  (0.17s/it)
  iter  610  L= 512 bs=8  loss 0.7088  (0.17s/it)
  iter  620  L= 768 bs=5  loss 1.0657  (0.17s/it)
  iter  630  L=1024 bs=4  loss 1.2071  (0.17s/it)
  iter  640  L= 512 bs=8  loss 1.4978  (0.17s/it)
  iter  650  L= 768 bs=5  loss 0.8365  (0.17s/it)
  iter  660  L= 768 bs=5  loss 1.3511  (0.17s/it)
  iter  670  L= 512 bs=8  loss 1.8626  (0.17s/it)
  iter  680  L=1024 bs=4  loss 1.8398  (0.17s/it)
  iter  690  L=1024 bs=4  loss 1.4551  (0.17s/it)
  iter  700  L= 512 bs=8  loss 0.6163  (0.17s/it)
  iter  710  L= 768 bs=5  loss 1.2786  (0.17s/it)
  iter  720  L= 768 bs=5  loss 0.4688  (0.17s/it)
  iter  730  L= 512 bs=8  loss 1.5669  (0.17s/it)
  iter  740  L=1024 bs=4  loss 0.0166  (0.17s/it)
  iter  750  L= 768 bs=5  loss 1.8357  (0.17s/it)
  iter  760  L=1024 bs=4  loss 0.5112  (0.17s/it)
  iter  770  L=1024 bs=4  loss 0.7006  (0.17s/it)
  iter  780  L=1024 bs=4  loss 0.0059  (0.17s/it)
  iter  790  L= 256 bs=16  loss 0.4148  (0.17s/it)
  iter  800  L= 256 bs=16  loss 1.2924  (0.17s/it)
  iter  810  L= 512 bs=8  loss 1.8435  (0.17s/it)
  iter  820  L=1024 bs=4  loss 0.7300  (0.17s/it)
  iter  830  L= 512 bs=8  loss 0.3349  (0.17s/it)
  iter  840  L= 512 bs=8  loss 1.2734  (0.17s/it)
  iter  850  L= 256 bs=16  loss 1.4813  (0.17s/it)
  iter  860  L=1024 bs=4  loss 0.3973  (0.17s/it)
  iter  870  L= 256 bs=16  loss 0.9402  (0.17s/it)
  iter  880  L=1024 bs=4  loss 0.9088  (0.17s/it)
  iter  890  L= 512 bs=8  loss 1.2657  (0.17s/it)
  iter  900  L= 768 bs=5  loss 1.2061  (0.17s/it)
  iter  910  L=1024 bs=4  loss 0.0008  (0.17s/it)
  iter  920  L= 768 bs=5  loss 0.5889  (0.17s/it)
  iter  930  L= 768 bs=5  loss 1.7975  (0.17s/it)
  iter  940  L= 768 bs=5  loss 0.1971  (0.17s/it)
  iter  950  L=1024 bs=4  loss 2.3439  (0.17s/it)
  iter  960  L=1024 bs=4  loss 0.8740  (0.17s/it)
  iter  970  L= 256 bs=16  loss 1.3060  (0.17s/it)
  iter  980  L= 768 bs=5  loss 0.8521  (0.17s/it)
  iter  990  L= 256 bs=16  loss 1.1222  (0.17s/it)
  iter 1000  L=1024 bs=4  loss 1.2953  (0.17s/it)
  iter 1010  L= 768 bs=5  loss 2.3219  (0.17s/it)
  iter 1020  L= 256 bs=16  loss 0.6480  (0.17s/it)
  iter 1030  L= 256 bs=16  loss 1.5817  (0.17s/it)
  iter 1040  L=1024 bs=4  loss 0.4054  (0.17s/it)
  iter 1050  L=1024 bs=4  loss 0.1442  (0.17s/it)
  iter 1060  L=1024 bs=4  loss 2.3814  (0.17s/it)
  iter 1070  L=1024 bs=4  loss 1.2792  (0.17s/it)
  iter 1080  L= 256 bs=16  loss 1.4815  (0.17s/it)
  iter 1090  L= 512 bs=8  loss 0.8022  (0.17s/it)
  iter 1100  L= 512 bs=8  loss 0.9240  (0.17s/it)
  iter 1110  L=1024 bs=4  loss 0.3737  (0.17s/it)
  iter 1120  L= 768 bs=5  loss 1.1249  (0.17s/it)
  iter 1130  L=1024 bs=4  loss 1.3445  (0.17s/it)
  iter 1140  L= 768 bs=5  loss 1.5885  (0.17s/it)
  iter 1150  L= 256 bs=16  loss 1.3422  (0.17s/it)
  iter 1160  L= 512 bs=8  loss 0.5288  (0.17s/it)
  iter 1170  L= 512 bs=8  loss 0.4496  (0.17s/it)
  iter 1180  L= 768 bs=5  loss 0.8322  (0.17s/it)
  iter 1190  L= 768 bs=5  loss 1.0150  (0.17s/it)
  iter 1200  L= 768 bs=5  loss 1.3600  (0.17s/it)
  iter 1210  L= 256 bs=16  loss 1.2611  (0.17s/it)
  iter 1220  L= 256 bs=16  loss 0.8497  (0.17s/it)
  iter 1230  L= 256 bs=16  loss 0.6500  (0.17s/it)
  iter 1240  L=1024 bs=4  loss 0.5149  (0.17s/it)
  iter 1250  L= 256 bs=16  loss 0.6159  (0.17s/it)
  iter 1260  L=1024 bs=4  loss 0.6478  (0.17s/it)
  iter 1270  L=1024 bs=4  loss 0.6527  (0.17s/it)
  iter 1280  L= 512 bs=8  loss 1.2877  (0.17s/it)
  iter 1290  L= 768 bs=5  loss 1.9027  (0.17s/it)
  iter 1300  L= 512 bs=8  loss 0.4954  (0.17s/it)
  iter 1310  L= 768 bs=5  loss 0.4818  (0.17s/it)
  iter 1320  L= 768 bs=5  loss 1.2448  (0.17s/it)
  iter 1330  L= 768 bs=5  loss 0.1806  (0.17s/it)
  iter 1340  L=1024 bs=4  loss 0.0560  (0.17s/it)
  iter 1350  L= 512 bs=8  loss 0.1677  (0.17s/it)
  iter 1360  L= 768 bs=5  loss 0.5037  (0.17s/it)
  iter 1370  L= 768 bs=5  loss 0.7296  (0.17s/it)
  iter 1380  L= 768 bs=5  loss 0.6066  (0.17s/it)
  iter 1390  L= 768 bs=5  loss 0.0029  (0.17s/it)
  iter 1400  L= 512 bs=8  loss 0.7815  (0.17s/it)
  iter 1410  L= 256 bs=16  loss 0.4415  (0.17s/it)
  iter 1420  L=1024 bs=4  loss 0.7199  (0.17s/it)
  iter 1430  L= 768 bs=5  loss 0.2930  (0.17s/it)
  iter 1440  L= 768 bs=5  loss 1.0062  (0.17s/it)
  iter 1450  L= 512 bs=8  loss 0.9933  (0.17s/it)
  iter 1460  L=1024 bs=4  loss 1.1234  (0.17s/it)
  iter 1470  L= 768 bs=5  loss 0.4613  (0.17s/it)
  iter 1480  L= 256 bs=16  loss 0.7508  (0.17s/it)
  iter 1490  L= 512 bs=8  loss 0.9614  (0.17s/it)
  iter 1500  L= 512 bs=8  loss 0.8081  (0.17s/it)
Passkey accuracy after fine-tuning (rope_ntk=False):
  ctx=   512  exact=0.78  first_token=1.00
  ctx=  1024  exact=0.77  first_token=1.00
  ctx=  2048  exact=0.19  first_token=0.70
  ctx=  4096  exact=0.00  first_token=0.00
  ctx=  8192  exact=0.00  first_token=0.00
  ctx= 16384  exact=0.00  first_token=0.00
Passkey accuracy after fine-tuning (rope_ntk=True):
  ctx=   512  exact=0.78  first_token=1.00
  ctx=  1024  exact=0.77  first_token=1.00
  ctx=  2048  exact=0.72  first_token=0.96
  ctx=  4096  exact=0.10  first_token=0.44
  ctx=  8192  exact=0.00  first_token=0.01
  ctx= 16384  exact=0.00  first_token=0.00
########## Jm seed=1
number of parameters: 63.65M
Model type: Jm | params 63,648,768 | delimiter 764 | device cuda
Fine-tuning for 1500 iters on lengths [256, 512, 768, 1024]:
  iter    1  L= 512 bs=8  loss 5.1267  (0.62s/it)
  iter   10  L= 512 bs=8  loss 0.7798  (0.26s/it)
  iter   20  L= 512 bs=8  loss 1.5607  (0.24s/it)
  iter   30  L= 256 bs=16  loss 1.5998  (0.23s/it)
  iter   40  L=1024 bs=4  loss 2.6656  (0.23s/it)
  iter   50  L= 768 bs=5  loss 1.9390  (0.23s/it)
  iter   60  L= 512 bs=8  loss 0.8400  (0.23s/it)
  iter   70  L=1024 bs=4  loss 0.9149  (0.23s/it)
  iter   80  L=1024 bs=4  loss 0.8460  (0.23s/it)
  iter   90  L= 768 bs=5  loss 1.1175  (0.23s/it)
  iter  100  L=1024 bs=4  loss 3.2104  (0.23s/it)
  iter  110  L=1024 bs=4  loss 0.8580  (0.23s/it)
  iter  120  L= 768 bs=5  loss 1.9339  (0.23s/it)
  iter  130  L= 512 bs=8  loss 0.9934  (0.23s/it)
  iter  140  L=1024 bs=4  loss 1.3314  (0.23s/it)
  iter  150  L= 256 bs=16  loss 2.1456  (0.23s/it)
  iter  160  L=1024 bs=4  loss 1.0311  (0.23s/it)
  iter  170  L= 256 bs=16  loss 1.6947  (0.23s/it)
  iter  180  L=1024 bs=4  loss 1.0487  (0.23s/it)
  iter  190  L=1024 bs=4  loss 2.7605  (0.23s/it)
  iter  200  L=1024 bs=4  loss 0.2756  (0.23s/it)
  iter  210  L= 768 bs=5  loss 2.2874  (0.23s/it)
  iter  220  L=1024 bs=4  loss 0.0256  (0.23s/it)
  iter  230  L=1024 bs=4  loss 0.7892  (0.23s/it)
  iter  240  L= 512 bs=8  loss 1.0455  (0.23s/it)
  iter  250  L= 768 bs=5  loss 0.7696  (0.23s/it)
  iter  260  L= 256 bs=16  loss 1.1410  (0.23s/it)
  iter  270  L= 256 bs=16  loss 1.4581  (0.23s/it)
  iter  280  L= 512 bs=8  loss 1.7739  (0.23s/it)
  iter  290  L= 768 bs=5  loss 1.5002  (0.23s/it)
  iter  300  L= 256 bs=16  loss 2.0004  (0.22s/it)
  iter  310  L= 768 bs=5  loss 1.3595  (0.22s/it)
  iter  320  L= 768 bs=5  loss 1.6733  (0.22s/it)
  iter  330  L= 512 bs=8  loss 0.4470  (0.22s/it)
  iter  340  L= 256 bs=16  loss 1.0448  (0.22s/it)
  iter  350  L= 768 bs=5  loss 0.2709  (0.22s/it)
  iter  360  L= 768 bs=5  loss 2.4390  (0.22s/it)
  iter  370  L= 768 bs=5  loss 1.4194  (0.22s/it)
  iter  380  L=1024 bs=4  loss 0.7667  (0.22s/it)
  iter  390  L= 256 bs=16  loss 1.2062  (0.22s/it)
  iter  400  L= 768 bs=5  loss 2.0065  (0.22s/it)
  iter  410  L= 768 bs=5  loss 1.6643  (0.22s/it)
  iter  420  L=1024 bs=4  loss 0.5262  (0.22s/it)
  iter  430  L= 768 bs=5  loss 1.6716  (0.22s/it)
  iter  440  L= 768 bs=5  loss 1.0069  (0.22s/it)
  iter  450  L= 512 bs=8  loss 1.0116  (0.22s/it)
  iter  460  L= 512 bs=8  loss 1.7338  (0.22s/it)
  iter  470  L= 768 bs=5  loss 0.0078  (0.22s/it)
  iter  480  L= 512 bs=8  loss 1.1308  (0.22s/it)
  iter  490  L=1024 bs=4  loss 0.3632  (0.22s/it)
  iter  500  L=1024 bs=4  loss 0.6652  (0.22s/it)
  iter  510  L= 512 bs=8  loss 0.9291  (0.22s/it)
  iter  520  L= 256 bs=16  loss 1.3720  (0.22s/it)
  iter  530  L= 256 bs=16  loss 0.4831  (0.22s/it)
  iter  540  L= 768 bs=5  loss 1.3316  (0.22s/it)
  iter  550  L=1024 bs=4  loss 0.0103  (0.22s/it)
  iter  560  L= 768 bs=5  loss 0.8907  (0.22s/it)
  iter  570  L= 512 bs=8  loss 0.7190  (0.22s/it)
  iter  580  L= 768 bs=5  loss 1.4542  (0.22s/it)
  iter  590  L= 256 bs=16  loss 1.2238  (0.22s/it)
  iter  600  L= 256 bs=16  loss 0.5289  (0.22s/it)
  iter  610  L= 512 bs=8  loss 0.7952  (0.22s/it)
  iter  620  L= 768 bs=5  loss 1.0030  (0.22s/it)
  iter  630  L=1024 bs=4  loss 1.2314  (0.22s/it)
  iter  640  L= 512 bs=8  loss 1.4434  (0.22s/it)
  iter  650  L= 768 bs=5  loss 0.7804  (0.22s/it)
  iter  660  L= 768 bs=5  loss 1.3969  (0.22s/it)
  iter  670  L= 512 bs=8  loss 1.8762  (0.22s/it)
  iter  680  L=1024 bs=4  loss 1.9090  (0.22s/it)
  iter  690  L=1024 bs=4  loss 1.4916  (0.22s/it)
  iter  700  L= 512 bs=8  loss 0.5706  (0.22s/it)
  iter  710  L= 768 bs=5  loss 1.2311  (0.22s/it)
  iter  720  L= 768 bs=5  loss 0.4368  (0.22s/it)
  iter  730  L= 512 bs=8  loss 1.5285  (0.22s/it)
  iter  740  L=1024 bs=4  loss 0.0053  (0.22s/it)
  iter  750  L= 768 bs=5  loss 1.6997  (0.22s/it)
  iter  760  L=1024 bs=4  loss 0.7090  (0.22s/it)
  iter  770  L=1024 bs=4  loss 0.5833  (0.22s/it)
  iter  780  L=1024 bs=4  loss 0.0039  (0.22s/it)
  iter  790  L= 256 bs=16  loss 0.3726  (0.22s/it)
  iter  800  L= 256 bs=16  loss 1.3897  (0.22s/it)
  iter  810  L= 512 bs=8  loss 1.9149  (0.22s/it)
  iter  820  L=1024 bs=4  loss 1.0076  (0.22s/it)
  iter  830  L= 512 bs=8  loss 0.3218  (0.22s/it)
  iter  840  L= 512 bs=8  loss 1.3139  (0.22s/it)
  iter  850  L= 256 bs=16  loss 1.4724  (0.22s/it)
  iter  860  L=1024 bs=4  loss 0.4451  (0.22s/it)
  iter  870  L= 256 bs=16  loss 0.9425  (0.22s/it)
  iter  880  L=1024 bs=4  loss 0.8999  (0.22s/it)
  iter  890  L= 512 bs=8  loss 1.1730  (0.22s/it)
  iter  900  L= 768 bs=5  loss 1.2276  (0.22s/it)
  iter  910  L=1024 bs=4  loss 0.0003  (0.22s/it)
  iter  920  L= 768 bs=5  loss 0.5920  (0.22s/it)
  iter  930  L= 768 bs=5  loss 1.9425  (0.22s/it)
  iter  940  L= 768 bs=5  loss 0.2496  (0.22s/it)
  iter  950  L=1024 bs=4  loss 1.9049  (0.22s/it)
  iter  960  L=1024 bs=4  loss 0.9254  (0.22s/it)
  iter  970  L= 256 bs=16  loss 1.3152  (0.22s/it)
  iter  980  L= 768 bs=5  loss 0.9244  (0.22s/it)
  iter  990  L= 256 bs=16  loss 1.0904  (0.22s/it)
  iter 1000  L=1024 bs=4  loss 1.6292  (0.22s/it)
  iter 1010  L= 768 bs=5  loss 2.5243  (0.22s/it)
  iter 1020  L= 256 bs=16  loss 0.7364  (0.22s/it)
  iter 1030  L= 256 bs=16  loss 1.4702  (0.22s/it)
  iter 1040  L=1024 bs=4  loss 0.3217  (0.22s/it)
  iter 1050  L=1024 bs=4  loss 0.2737  (0.22s/it)
  iter 1060  L=1024 bs=4  loss 2.0232  (0.22s/it)
  iter 1070  L=1024 bs=4  loss 1.3030  (0.22s/it)
  iter 1080  L= 256 bs=16  loss 1.6018  (0.22s/it)
  iter 1090  L= 512 bs=8  loss 0.9534  (0.22s/it)
  iter 1100  L= 512 bs=8  loss 1.0727  (0.22s/it)
  iter 1110  L=1024 bs=4  loss 0.3734  (0.22s/it)
  iter 1120  L= 768 bs=5  loss 1.1189  (0.22s/it)
  iter 1130  L=1024 bs=4  loss 1.5346  (0.22s/it)
  iter 1140  L= 768 bs=5  loss 1.7249  (0.22s/it)
  iter 1150  L= 256 bs=16  loss 1.5356  (0.22s/it)
  iter 1160  L= 512 bs=8  loss 0.4979  (0.22s/it)
  iter 1170  L= 512 bs=8  loss 0.3926  (0.22s/it)
  iter 1180  L= 768 bs=5  loss 0.7688  (0.22s/it)
  iter 1190  L= 768 bs=5  loss 0.8271  (0.22s/it)
  iter 1200  L= 768 bs=5  loss 0.9925  (0.22s/it)
  iter 1210  L= 256 bs=16  loss 1.1285  (0.22s/it)
  iter 1220  L= 256 bs=16  loss 0.8023  (0.22s/it)
  iter 1230  L= 256 bs=16  loss 0.5611  (0.22s/it)
  iter 1240  L=1024 bs=4  loss 0.6282  (0.22s/it)
  iter 1250  L= 256 bs=16  loss 0.7427  (0.22s/it)
  iter 1260  L=1024 bs=4  loss 0.6135  (0.22s/it)
  iter 1270  L=1024 bs=4  loss 0.8302  (0.22s/it)
  iter 1280  L= 512 bs=8  loss 1.0831  (0.22s/it)
  iter 1290  L= 768 bs=5  loss 2.3090  (0.22s/it)
  iter 1300  L= 512 bs=8  loss 0.5938  (0.22s/it)
  iter 1310  L= 768 bs=5  loss 0.4971  (0.22s/it)
  iter 1320  L= 768 bs=5  loss 1.2960  (0.22s/it)
  iter 1330  L= 768 bs=5  loss 0.3478  (0.22s/it)
  iter 1340  L=1024 bs=4  loss 0.0875  (0.22s/it)
  iter 1350  L= 512 bs=8  loss 0.2482  (0.22s/it)
  iter 1360  L= 768 bs=5  loss 0.7078  (0.22s/it)
  iter 1370  L= 768 bs=5  loss 0.9742  (0.22s/it)
  iter 1380  L= 768 bs=5  loss 0.8623  (0.22s/it)
  iter 1390  L= 768 bs=5  loss 0.0005  (0.22s/it)
  iter 1400  L= 512 bs=8  loss 0.7653  (0.22s/it)
  iter 1410  L= 256 bs=16  loss 0.4594  (0.22s/it)
  iter 1420  L=1024 bs=4  loss 0.8382  (0.22s/it)
  iter 1430  L= 768 bs=5  loss 0.3364  (0.22s/it)
  iter 1440  L= 768 bs=5  loss 1.0400  (0.22s/it)
  iter 1450  L= 512 bs=8  loss 1.0714  (0.22s/it)
  iter 1460  L=1024 bs=4  loss 1.2714  (0.22s/it)
  iter 1470  L= 768 bs=5  loss 0.3562  (0.22s/it)
  iter 1480  L= 256 bs=16  loss 0.7435  (0.22s/it)
  iter 1490  L= 512 bs=8  loss 1.0297  (0.22s/it)
  iter 1500  L= 512 bs=8  loss 0.6955  (0.22s/it)
Passkey accuracy after fine-tuning (cross_shift_c=0.0):
  ctx=   512  exact=0.75  first_token=1.00
  ctx=  1024  exact=0.78  first_token=1.00
  ctx=  2048  exact=0.78  first_token=0.97
  ctx=  4096  exact=0.74  first_token=1.00
  ctx=  8192  exact=0.66  first_token=0.98
  ctx= 16384  exact=0.33  first_token=0.63
Passkey accuracy after fine-tuning (cross_shift_c=1.0):
  ctx=   512  exact=0.75  first_token=1.00
  ctx=  1024  exact=0.78  first_token=1.00
  ctx=  2048  exact=0.78  first_token=0.97
  ctx=  4096  exact=0.74  first_token=1.00
  ctx=  8192  exact=0.69  first_token=0.99
  ctx= 16384  exact=0.82  first_token=0.99
Passkey accuracy after fine-tuning (cross_shift_c=1.5):
  ctx=   512  exact=0.75  first_token=1.00
  ctx=  1024  exact=0.78  first_token=1.00
  ctx=  2048  exact=0.78  first_token=0.97
  ctx=  4096  exact=0.74  first_token=1.00
  ctx=  8192  exact=0.70  first_token=0.99
  ctx= 16384  exact=0.81  first_token=0.99
########## Jmr seed=1
number of parameters: 63.52M
Model type: Jmr | params 63,517,184 | delimiter 764 | device cuda
Fine-tuning for 1500 iters on lengths [256, 512, 768, 1024]:
  iter    1  L= 512 bs=8  loss 8.2354  (0.59s/it)
  iter   10  L= 512 bs=8  loss 1.5266  (0.25s/it)
  iter   20  L= 512 bs=8  loss 1.8435  (0.23s/it)
  iter   30  L= 256 bs=16  loss 1.9235  (0.22s/it)
  iter   40  L=1024 bs=4  loss 3.2571  (0.22s/it)
  iter   50  L= 768 bs=5  loss 2.2170  (0.22s/it)
  iter   60  L= 512 bs=8  loss 0.9613  (0.22s/it)
  iter   70  L=1024 bs=4  loss 0.8932  (0.22s/it)
  iter   80  L=1024 bs=4  loss 0.8683  (0.22s/it)
  iter   90  L= 768 bs=5  loss 1.2134  (0.22s/it)
  iter  100  L=1024 bs=4  loss 3.4667  (0.22s/it)
  iter  110  L=1024 bs=4  loss 0.9426  (0.22s/it)
  iter  120  L= 768 bs=5  loss 1.8322  (0.22s/it)
  iter  130  L= 512 bs=8  loss 1.0699  (0.22s/it)
  iter  140  L=1024 bs=4  loss 1.2052  (0.22s/it)
  iter  150  L= 256 bs=16  loss 2.3038  (0.22s/it)
  iter  160  L=1024 bs=4  loss 1.4469  (0.22s/it)
  iter  170  L= 256 bs=16  loss 1.7676  (0.22s/it)
  iter  180  L=1024 bs=4  loss 1.5142  (0.22s/it)
  iter  190  L=1024 bs=4  loss 2.6515  (0.22s/it)
  iter  200  L=1024 bs=4  loss 0.2848  (0.22s/it)
  iter  210  L= 768 bs=5  loss 2.6757  (0.22s/it)
  iter  220  L=1024 bs=4  loss 0.1485  (0.22s/it)
  iter  230  L=1024 bs=4  loss 0.8064  (0.22s/it)
  iter  240  L= 512 bs=8  loss 1.0614  (0.22s/it)
  iter  250  L= 768 bs=5  loss 0.9335  (0.22s/it)
  iter  260  L= 256 bs=16  loss 1.1717  (0.22s/it)
  iter  270  L= 256 bs=16  loss 1.4411  (0.22s/it)
  iter  280  L= 512 bs=8  loss 2.1456  (0.22s/it)
  iter  290  L= 768 bs=5  loss 1.6361  (0.22s/it)
  iter  300  L= 256 bs=16  loss 2.0849  (0.22s/it)
  iter  310  L= 768 bs=5  loss 1.3350  (0.22s/it)
  iter  320  L= 768 bs=5  loss 1.5340  (0.22s/it)
  iter  330  L= 512 bs=8  loss 0.4789  (0.22s/it)
  iter  340  L= 256 bs=16  loss 1.1236  (0.22s/it)
  iter  350  L= 768 bs=5  loss 0.2785  (0.22s/it)
  iter  360  L= 768 bs=5  loss 2.5196  (0.22s/it)
  iter  370  L= 768 bs=5  loss 1.3157  (0.22s/it)
  iter  380  L=1024 bs=4  loss 0.8170  (0.22s/it)
  iter  390  L= 256 bs=16  loss 1.2538  (0.22s/it)
  iter  400  L= 768 bs=5  loss 2.1625  (0.22s/it)
  iter  410  L= 768 bs=5  loss 1.5544  (0.22s/it)
  iter  420  L=1024 bs=4  loss 0.4111  (0.22s/it)
  iter  430  L= 768 bs=5  loss 2.1020  (0.22s/it)
  iter  440  L= 768 bs=5  loss 1.1264  (0.22s/it)
  iter  450  L= 512 bs=8  loss 0.9482  (0.22s/it)
  iter  460  L= 512 bs=8  loss 1.7402  (0.22s/it)
  iter  470  L= 768 bs=5  loss 0.0312  (0.22s/it)
  iter  480  L= 512 bs=8  loss 1.0450  (0.22s/it)
  iter  490  L=1024 bs=4  loss 0.3206  (0.22s/it)
  iter  500  L=1024 bs=4  loss 0.4943  (0.22s/it)
  iter  510  L= 512 bs=8  loss 0.9277  (0.22s/it)
  iter  520  L= 256 bs=16  loss 1.3907  (0.22s/it)
  iter  530  L= 256 bs=16  loss 0.4367  (0.22s/it)
  iter  540  L= 768 bs=5  loss 1.1371  (0.22s/it)
  iter  550  L=1024 bs=4  loss 0.0270  (0.22s/it)
  iter  560  L= 768 bs=5  loss 0.9668  (0.22s/it)
  iter  570  L= 512 bs=8  loss 0.8034  (0.22s/it)
  iter  580  L= 768 bs=5  loss 1.6309  (0.22s/it)
  iter  590  L= 256 bs=16  loss 1.3293  (0.22s/it)
  iter  600  L= 256 bs=16  loss 0.6234  (0.22s/it)
  iter  610  L= 512 bs=8  loss 0.7421  (0.22s/it)
  iter  620  L= 768 bs=5  loss 1.1191  (0.22s/it)
  iter  630  L=1024 bs=4  loss 1.2313  (0.22s/it)
  iter  640  L= 512 bs=8  loss 1.6150  (0.22s/it)
  iter  650  L= 768 bs=5  loss 0.9137  (0.22s/it)
  iter  660  L= 768 bs=5  loss 1.3890  (0.22s/it)
  iter  670  L= 512 bs=8  loss 1.8707  (0.22s/it)
  iter  680  L=1024 bs=4  loss 1.7815  (0.22s/it)
  iter  690  L=1024 bs=4  loss 1.6669  (0.22s/it)
  iter  700  L= 512 bs=8  loss 0.6216  (0.22s/it)
  iter  710  L= 768 bs=5  loss 1.3651  (0.22s/it)
  iter  720  L= 768 bs=5  loss 0.4251  (0.22s/it)
  iter  730  L= 512 bs=8  loss 1.5926  (0.22s/it)
  iter  740  L=1024 bs=4  loss 0.0063  (0.22s/it)
  iter  750  L= 768 bs=5  loss 1.8752  (0.22s/it)
  iter  760  L=1024 bs=4  loss 0.6504  (0.22s/it)
  iter  770  L=1024 bs=4  loss 0.7551  (0.22s/it)
  iter  780  L=1024 bs=4  loss 0.0145  (0.22s/it)
  iter  790  L= 256 bs=16  loss 0.4179  (0.22s/it)
  iter  800  L= 256 bs=16  loss 1.4119  (0.22s/it)
  iter  810  L= 512 bs=8  loss 1.8761  (0.22s/it)
  iter  820  L=1024 bs=4  loss 0.9049  (0.22s/it)
  iter  830  L= 512 bs=8  loss 0.4833  (0.22s/it)
  iter  840  L= 512 bs=8  loss 1.3329  (0.22s/it)
  iter  850  L= 256 bs=16  loss 1.6142  (0.22s/it)
  iter  860  L=1024 bs=4  loss 0.6016  (0.22s/it)
  iter  870  L= 256 bs=16  loss 1.0165  (0.22s/it)
  iter  880  L=1024 bs=4  loss 0.8822  (0.22s/it)
  iter  890  L= 512 bs=8  loss 1.2438  (0.22s/it)
  iter  900  L= 768 bs=5  loss 1.3683  (0.22s/it)
  iter  910  L=1024 bs=4  loss 0.0008  (0.22s/it)
  iter  920  L= 768 bs=5  loss 0.6355  (0.22s/it)
  iter  930  L= 768 bs=5  loss 1.8546  (0.22s/it)
  iter  940  L= 768 bs=5  loss 0.2195  (0.22s/it)
  iter  950  L=1024 bs=4  loss 2.3687  (0.22s/it)
  iter  960  L=1024 bs=4  loss 1.0996  (0.22s/it)
  iter  970  L= 256 bs=16  loss 1.4180  (0.22s/it)
  iter  980  L= 768 bs=5  loss 0.8801  (0.22s/it)
  iter  990  L= 256 bs=16  loss 1.1833  (0.22s/it)
  iter 1000  L=1024 bs=4  loss 1.4004  (0.22s/it)
  iter 1010  L= 768 bs=5  loss 2.4057  (0.22s/it)
  iter 1020  L= 256 bs=16  loss 0.7520  (0.22s/it)
  iter 1030  L= 256 bs=16  loss 1.6310  (0.22s/it)
  iter 1040  L=1024 bs=4  loss 0.3224  (0.22s/it)
  iter 1050  L=1024 bs=4  loss 0.2109  (0.22s/it)
  iter 1060  L=1024 bs=4  loss 2.3962  (0.22s/it)
  iter 1070  L=1024 bs=4  loss 1.3748  (0.22s/it)
  iter 1080  L= 256 bs=16  loss 1.5802  (0.22s/it)
  iter 1090  L= 512 bs=8  loss 1.1288  (0.22s/it)
  iter 1100  L= 512 bs=8  loss 0.9579  (0.22s/it)
  iter 1110  L=1024 bs=4  loss 0.4467  (0.22s/it)
  iter 1120  L= 768 bs=5  loss 1.2065  (0.22s/it)
  iter 1130  L=1024 bs=4  loss 1.6830  (0.22s/it)
  iter 1140  L= 768 bs=5  loss 1.4654  (0.22s/it)
  iter 1150  L= 256 bs=16  loss 1.4582  (0.22s/it)
  iter 1160  L= 512 bs=8  loss 0.5223  (0.22s/it)
  iter 1170  L= 512 bs=8  loss 0.4152  (0.22s/it)
  iter 1180  L= 768 bs=5  loss 0.7731  (0.22s/it)
  iter 1190  L= 768 bs=5  loss 0.9733  (0.22s/it)
  iter 1200  L= 768 bs=5  loss 1.3574  (0.22s/it)
  iter 1210  L= 256 bs=16  loss 1.2559  (0.22s/it)
  iter 1220  L= 256 bs=16  loss 0.8902  (0.22s/it)
  iter 1230  L= 256 bs=16  loss 0.7167  (0.22s/it)
  iter 1240  L=1024 bs=4  loss 0.5555  (0.22s/it)
  iter 1250  L= 256 bs=16  loss 0.6684  (0.22s/it)
  iter 1260  L=1024 bs=4  loss 0.6935  (0.22s/it)
  iter 1270  L=1024 bs=4  loss 0.7887  (0.22s/it)
  iter 1280  L= 512 bs=8  loss 1.3992  (0.22s/it)
  iter 1290  L= 768 bs=5  loss 1.8372  (0.22s/it)
  iter 1300  L= 512 bs=8  loss 0.6139  (0.22s/it)
  iter 1310  L= 768 bs=5  loss 0.4175  (0.22s/it)
  iter 1320  L= 768 bs=5  loss 1.2623  (0.22s/it)
  iter 1330  L= 768 bs=5  loss 0.2667  (0.22s/it)
  iter 1340  L=1024 bs=4  loss 0.0527  (0.22s/it)
  iter 1350  L= 512 bs=8  loss 0.3061  (0.22s/it)
  iter 1360  L= 768 bs=5  loss 0.3059  (0.22s/it)
  iter 1370  L= 768 bs=5  loss 0.9964  (0.22s/it)
  iter 1380  L= 768 bs=5  loss 0.7895  (0.22s/it)
  iter 1390  L= 768 bs=5  loss 0.0014  (0.22s/it)
  iter 1400  L= 512 bs=8  loss 0.7743  (0.22s/it)
  iter 1410  L= 256 bs=16  loss 0.4737  (0.22s/it)
  iter 1420  L=1024 bs=4  loss 0.8401  (0.22s/it)
  iter 1430  L= 768 bs=5  loss 0.3509  (0.22s/it)
  iter 1440  L= 768 bs=5  loss 1.1272  (0.22s/it)
  iter 1450  L= 512 bs=8  loss 1.1381  (0.22s/it)
  iter 1460  L=1024 bs=4  loss 1.4598  (0.22s/it)
  iter 1470  L= 768 bs=5  loss 0.4144  (0.22s/it)
  iter 1480  L= 256 bs=16  loss 0.8446  (0.22s/it)
  iter 1490  L= 512 bs=8  loss 1.1435  (0.22s/it)
  iter 1500  L= 512 bs=8  loss 0.8802  (0.22s/it)
Passkey accuracy after fine-tuning (cross_shift_c=0.0):
  ctx=   512  exact=0.73  first_token=1.00
  ctx=  1024  exact=0.72  first_token=1.00
  ctx=  2048  exact=0.75  first_token=0.96
  ctx=  4096  exact=0.70  first_token=1.00
  ctx=  8192  exact=0.68  first_token=0.98
  ctx= 16384  exact=0.39  first_token=0.65
Passkey accuracy after fine-tuning (cross_shift_c=1.0):
  ctx=   512  exact=0.73  first_token=1.00
  ctx=  1024  exact=0.72  first_token=1.00
  ctx=  2048  exact=0.75  first_token=0.96
  ctx=  4096  exact=0.70  first_token=1.00
  ctx=  8192  exact=0.69  first_token=0.99
  ctx= 16384  exact=0.76  first_token=0.99
Passkey accuracy after fine-tuning (cross_shift_c=1.5):
  ctx=   512  exact=0.73  first_token=1.00
  ctx=  1024  exact=0.72  first_token=1.00
  ctx=  2048  exact=0.76  first_token=0.96
  ctx=  4096  exact=0.70  first_token=1.00
  ctx=  8192  exact=0.69  first_token=0.99
  ctx= 16384  exact=0.78  first_token=0.99
########## B seed=2
number of parameters: 63.52M
Model type: B | params 63,517,184 | delimiter 764 | device cuda
Fine-tuning for 1500 iters on lengths [256, 512, 768, 1024]:
  iter    1  L=1024 bs=4  loss 8.4818  (0.55s/it)
  iter   10  L= 768 bs=5  loss 1.2003  (0.21s/it)
  iter   20  L= 768 bs=5  loss 1.8724  (0.19s/it)
  iter   30  L= 256 bs=16  loss 1.2203  (0.18s/it)
  iter   40  L= 512 bs=8  loss 1.1958  (0.18s/it)
  iter   50  L= 768 bs=5  loss 0.2252  (0.18s/it)
  iter   60  L= 256 bs=16  loss 1.2767  (0.18s/it)
  iter   70  L= 256 bs=16  loss 1.0595  (0.17s/it)
  iter   80  L= 768 bs=5  loss 2.9053  (0.17s/it)
  iter   90  L=1024 bs=4  loss 1.0463  (0.17s/it)
  iter  100  L=1024 bs=4  loss 0.9694  (0.17s/it)
  iter  110  L= 256 bs=16  loss 2.0307  (0.17s/it)
  iter  120  L= 256 bs=16  loss 1.6475  (0.17s/it)
  iter  130  L= 256 bs=16  loss 2.0202  (0.17s/it)
  iter  140  L= 768 bs=5  loss 0.4107  (0.17s/it)
  iter  150  L= 256 bs=16  loss 1.4233  (0.17s/it)
  iter  160  L= 512 bs=8  loss 1.9118  (0.17s/it)
  iter  170  L= 256 bs=16  loss 1.5130  (0.17s/it)
  iter  180  L= 256 bs=16  loss 1.2798  (0.17s/it)
  iter  190  L=1024 bs=4  loss 1.8392  (0.17s/it)
  iter  200  L=1024 bs=4  loss 0.6514  (0.17s/it)
  iter  210  L=1024 bs=4  loss 2.9115  (0.17s/it)
  iter  220  L= 768 bs=5  loss 2.3877  (0.17s/it)
  iter  230  L=1024 bs=4  loss 1.8606  (0.17s/it)
  iter  240  L= 256 bs=16  loss 1.7088  (0.17s/it)
  iter  250  L= 768 bs=5  loss 2.4641  (0.17s/it)
  iter  260  L= 768 bs=5  loss 1.5233  (0.17s/it)
  iter  270  L=1024 bs=4  loss 0.5829  (0.17s/it)
  iter  280  L=1024 bs=4  loss 0.0175  (0.17s/it)
  iter  290  L= 256 bs=16  loss 1.3532  (0.17s/it)
  iter  300  L= 512 bs=8  loss 1.3512  (0.17s/it)
  iter  310  L= 512 bs=8  loss 1.7916  (0.17s/it)
  iter  320  L= 512 bs=8  loss 0.2696  (0.17s/it)
  iter  330  L= 512 bs=8  loss 0.8501  (0.17s/it)
  iter  340  L= 256 bs=16  loss 0.4544  (0.17s/it)
  iter  350  L=1024 bs=4  loss 1.2870  (0.17s/it)
  iter  360  L= 768 bs=5  loss 1.3408  (0.17s/it)
  iter  370  L= 256 bs=16  loss 1.2038  (0.17s/it)
  iter  380  L= 512 bs=8  loss 0.9756  (0.17s/it)
  iter  390  L= 256 bs=16  loss 1.4694  (0.17s/it)
  iter  400  L=1024 bs=4  loss 0.6605  (0.17s/it)
  iter  410  L= 256 bs=16  loss 1.4392  (0.17s/it)
  iter  420  L= 768 bs=5  loss 1.3395  (0.17s/it)
  iter  430  L= 256 bs=16  loss 1.6077  (0.17s/it)
  iter  440  L= 768 bs=5  loss 2.7454  (0.17s/it)
  iter  450  L=1024 bs=4  loss 0.5195  (0.17s/it)
  iter  460  L= 512 bs=8  loss 0.4516  (0.17s/it)
  iter  470  L= 256 bs=16  loss 1.5117  (0.17s/it)
  iter  480  L= 768 bs=5  loss 0.0018  (0.17s/it)
  iter  490  L= 256 bs=16  loss 1.5009  (0.17s/it)
  iter  500  L=1024 bs=4  loss 1.0304  (0.17s/it)
  iter  510  L= 256 bs=16  loss 0.8703  (0.17s/it)
  iter  520  L= 512 bs=8  loss 1.3156  (0.17s/it)
  iter  530  L= 768 bs=5  loss 0.8541  (0.17s/it)
  iter  540  L=1024 bs=4  loss 1.7262  (0.17s/it)
  iter  550  L=1024 bs=4  loss 0.1064  (0.17s/it)
  iter  560  L= 256 bs=16  loss 0.8145  (0.17s/it)
  iter  570  L= 768 bs=5  loss 0.5670  (0.17s/it)
  iter  580  L= 768 bs=5  loss 0.0871  (0.17s/it)
  iter  590  L= 256 bs=16  loss 1.4665  (0.17s/it)
  iter  600  L=1024 bs=4  loss 1.3378  (0.17s/it)
  iter  610  L= 768 bs=5  loss 2.1069  (0.17s/it)
  iter  620  L=1024 bs=4  loss 0.0195  (0.17s/it)
  iter  630  L=1024 bs=4  loss 0.3633  (0.17s/it)
  iter  640  L= 768 bs=5  loss 0.5022  (0.17s/it)
  iter  650  L= 768 bs=5  loss 1.1441  (0.17s/it)
  iter  660  L= 512 bs=8  loss 1.0489  (0.17s/it)
  iter  670  L= 768 bs=5  loss 0.3823  (0.17s/it)
  iter  680  L= 768 bs=5  loss 1.7599  (0.17s/it)
  iter  690  L=1024 bs=4  loss 3.2872  (0.17s/it)
  iter  700  L= 768 bs=5  loss 0.6487  (0.17s/it)
  iter  710  L=1024 bs=4  loss 0.0248  (0.17s/it)
  iter  720  L=1024 bs=4  loss 1.5372  (0.17s/it)
  iter  730  L=1024 bs=4  loss 0.3239  (0.17s/it)
  iter  740  L= 768 bs=5  loss 2.2310  (0.17s/it)
  iter  750  L= 256 bs=16  loss 1.3279  (0.17s/it)
  iter  760  L= 256 bs=16  loss 0.6588  (0.17s/it)
  iter  770  L=1024 bs=4  loss 2.0620  (0.17s/it)
  iter  780  L= 768 bs=5  loss 0.5425  (0.17s/it)
  iter  790  L= 512 bs=8  loss 1.0353  (0.17s/it)
  iter  800  L= 256 bs=16  loss 0.6485  (0.17s/it)
  iter  810  L=1024 bs=4  loss 0.9997  (0.17s/it)
  iter  820  L= 256 bs=16  loss 0.5209  (0.17s/it)
  iter  830  L= 768 bs=5  loss 1.1369  (0.17s/it)
  iter  840  L= 512 bs=8  loss 1.1452  (0.17s/it)
  iter  850  L= 512 bs=8  loss 1.1205  (0.17s/it)
  iter  860  L= 512 bs=8  loss 0.9305  (0.17s/it)
  iter  870  L= 256 bs=16  loss 1.2203  (0.17s/it)
  iter  880  L= 768 bs=5  loss 0.8309  (0.17s/it)
  iter  890  L= 512 bs=8  loss 0.2800  (0.17s/it)
  iter  900  L=1024 bs=4  loss 1.1256  (0.17s/it)
  iter  910  L= 768 bs=5  loss 0.0318  (0.17s/it)
  iter  920  L= 768 bs=5  loss 1.6959  (0.17s/it)
  iter  930  L= 256 bs=16  loss 0.9188  (0.17s/it)
  iter  940  L=1024 bs=4  loss 1.5623  (0.17s/it)
  iter  950  L= 512 bs=8  loss 1.4209  (0.17s/it)
  iter  960  L=1024 bs=4  loss 1.3342  (0.17s/it)
  iter  970  L=1024 bs=4  loss 0.5610  (0.17s/it)
  iter  980  L= 256 bs=16  loss 1.0051  (0.17s/it)
  iter  990  L= 768 bs=5  loss 0.9842  (0.17s/it)
  iter 1000  L= 768 bs=5  loss 1.4174  (0.17s/it)
  iter 1010  L= 512 bs=8  loss 2.1849  (0.17s/it)
  iter 1020  L=1024 bs=4  loss 0.0835  (0.17s/it)
  iter 1030  L= 256 bs=16  loss 0.8618  (0.17s/it)
  iter 1040  L= 256 bs=16  loss 0.8764  (0.17s/it)
  iter 1050  L= 256 bs=16  loss 0.6654  (0.17s/it)
  iter 1060  L=1024 bs=4  loss 0.3346  (0.17s/it)
  iter 1070  L= 512 bs=8  loss 0.2798  (0.17s/it)
  iter 1080  L= 512 bs=8  loss 0.8207  (0.17s/it)
  iter 1090  L= 256 bs=16  loss 0.2740  (0.17s/it)
  iter 1100  L= 256 bs=16  loss 0.7101  (0.17s/it)
  iter 1110  L=1024 bs=4  loss 0.7795  (0.17s/it)
  iter 1120  L= 256 bs=16  loss 1.0551  (0.17s/it)
  iter 1130  L= 256 bs=16  loss 0.2825  (0.17s/it)
  iter 1140  L= 512 bs=8  loss 0.9078  (0.17s/it)
  iter 1150  L= 256 bs=16  loss 1.1449  (0.17s/it)
  iter 1160  L= 256 bs=16  loss 0.5559  (0.17s/it)
  iter 1170  L=1024 bs=4  loss 0.4357  (0.17s/it)
  iter 1180  L= 512 bs=8  loss 0.4213  (0.17s/it)
  iter 1190  L= 512 bs=8  loss 0.8421  (0.17s/it)
  iter 1200  L= 768 bs=5  loss 1.3418  (0.17s/it)
  iter 1210  L= 256 bs=16  loss 0.3816  (0.17s/it)
  iter 1220  L= 768 bs=5  loss 1.0000  (0.17s/it)
  iter 1230  L= 256 bs=16  loss 0.6203  (0.17s/it)
  iter 1240  L= 768 bs=5  loss 1.3704  (0.17s/it)
  iter 1250  L= 256 bs=16  loss 0.6341  (0.17s/it)
  iter 1260  L= 512 bs=8  loss 0.8811  (0.17s/it)
  iter 1270  L=1024 bs=4  loss 1.9493  (0.17s/it)
  iter 1280  L= 512 bs=8  loss 0.8053  (0.17s/it)
  iter 1290  L=1024 bs=4  loss 1.6093  (0.17s/it)
  iter 1300  L= 256 bs=16  loss 0.9263  (0.17s/it)
  iter 1310  L= 512 bs=8  loss 1.2598  (0.17s/it)
  iter 1320  L= 768 bs=5  loss 0.9912  (0.17s/it)
  iter 1330  L= 256 bs=16  loss 0.4140  (0.17s/it)
  iter 1340  L= 256 bs=16  loss 1.3809  (0.17s/it)
  iter 1350  L=1024 bs=4  loss 1.3992  (0.17s/it)
  iter 1360  L=1024 bs=4  loss 0.0109  (0.17s/it)
  iter 1370  L= 512 bs=8  loss 0.1386  (0.17s/it)
  iter 1380  L=1024 bs=4  loss 0.1098  (0.17s/it)
  iter 1390  L=1024 bs=4  loss 0.4654  (0.17s/it)
  iter 1400  L=1024 bs=4  loss 0.6138  (0.17s/it)
  iter 1410  L= 512 bs=8  loss 0.8659  (0.17s/it)
  iter 1420  L= 256 bs=16  loss 0.8023  (0.17s/it)
  iter 1430  L=1024 bs=4  loss 0.9515  (0.17s/it)
  iter 1440  L= 768 bs=5  loss 0.7989  (0.17s/it)
  iter 1450  L= 512 bs=8  loss 1.1638  (0.17s/it)
  iter 1460  L= 256 bs=16  loss 0.6664  (0.17s/it)
  iter 1470  L= 512 bs=8  loss 0.2545  (0.17s/it)
  iter 1480  L= 768 bs=5  loss 0.7983  (0.17s/it)
  iter 1490  L= 256 bs=16  loss 0.4896  (0.17s/it)
  iter 1500  L=1024 bs=4  loss 0.1572  (0.17s/it)
Passkey accuracy after fine-tuning (rope_ntk=False):
  ctx=   512  exact=0.70  first_token=1.00
  ctx=  1024  exact=0.75  first_token=1.00
  ctx=  2048  exact=0.27  first_token=0.68
  ctx=  4096  exact=0.00  first_token=0.05
  ctx=  8192  exact=0.00  first_token=0.04
  ctx= 16384  exact=0.00  first_token=0.00
Passkey accuracy after fine-tuning (rope_ntk=True):
  ctx=   512  exact=0.70  first_token=1.00
  ctx=  1024  exact=0.75  first_token=1.00
  ctx=  2048  exact=0.69  first_token=0.96
  ctx=  4096  exact=0.10  first_token=0.47
  ctx=  8192  exact=0.00  first_token=0.00
  ctx= 16384  exact=0.00  first_token=0.00
########## Jm seed=2
number of parameters: 63.65M
Model type: Jm | params 63,648,768 | delimiter 764 | device cuda
Fine-tuning for 1500 iters on lengths [256, 512, 768, 1024]:
  iter    1  L=1024 bs=4  loss 6.3742  (0.70s/it)
  iter   10  L= 768 bs=5  loss 1.1070  (0.27s/it)
  iter   20  L= 768 bs=5  loss 1.7976  (0.24s/it)
  iter   30  L= 256 bs=16  loss 1.1802  (0.23s/it)
  iter   40  L= 512 bs=8  loss 1.2585  (0.23s/it)
  iter   50  L= 768 bs=5  loss 0.2608  (0.23s/it)
  iter   60  L= 256 bs=16  loss 1.2131  (0.23s/it)
  iter   70  L= 256 bs=16  loss 1.0306  (0.23s/it)
  iter   80  L= 768 bs=5  loss 2.4234  (0.23s/it)
  iter   90  L=1024 bs=4  loss 0.9587  (0.22s/it)
  iter  100  L=1024 bs=4  loss 0.9395  (0.22s/it)
  iter  110  L= 256 bs=16  loss 2.1277  (0.22s/it)
  iter  120  L= 256 bs=16  loss 1.6710  (0.22s/it)
  iter  130  L= 256 bs=16  loss 1.8735  (0.22s/it)
  iter  140  L= 768 bs=5  loss 0.3467  (0.22s/it)
  iter  150  L= 256 bs=16  loss 1.4472  (0.22s/it)
  iter  160  L= 512 bs=8  loss 1.9324  (0.22s/it)
  iter  170  L= 256 bs=16  loss 1.5143  (0.22s/it)
  iter  180  L= 256 bs=16  loss 1.1535  (0.22s/it)
  iter  190  L=1024 bs=4  loss 1.5461  (0.22s/it)
  iter  200  L=1024 bs=4  loss 0.5555  (0.22s/it)
  iter  210  L=1024 bs=4  loss 2.8026  (0.22s/it)
  iter  220  L= 768 bs=5  loss 2.5362  (0.22s/it)
  iter  230  L=1024 bs=4  loss 1.8605  (0.22s/it)
  iter  240  L= 256 bs=16  loss 1.7472  (0.22s/it)
  iter  250  L= 768 bs=5  loss 2.3137  (0.22s/it)
  iter  260  L= 768 bs=5  loss 1.9513  (0.22s/it)
  iter  270  L=1024 bs=4  loss 0.5238  (0.22s/it)
  iter  280  L=1024 bs=4  loss 0.0301  (0.22s/it)
  iter  290  L= 256 bs=16  loss 1.3158  (0.22s/it)
  iter  300  L= 512 bs=8  loss 1.3723  (0.22s/it)
  iter  310  L= 512 bs=8  loss 1.8393  (0.22s/it)
  iter  320  L= 512 bs=8  loss 0.0813  (0.22s/it)
  iter  330  L= 512 bs=8  loss 0.9057  (0.22s/it)
  iter  340  L= 256 bs=16  loss 0.5637  (0.22s/it)
  iter  350  L=1024 bs=4  loss 1.2356  (0.22s/it)
  iter  360  L= 768 bs=5  loss 1.7081  (0.22s/it)
  iter  370  L= 256 bs=16  loss 1.1888  (0.22s/it)
  iter  380  L= 512 bs=8  loss 1.0368  (0.22s/it)
  iter  390  L= 256 bs=16  loss 1.3548  (0.22s/it)
  iter  400  L=1024 bs=4  loss 0.5474  (0.22s/it)
  iter  410  L= 256 bs=16  loss 1.4129  (0.22s/it)
  iter  420  L= 768 bs=5  loss 1.1761  (0.22s/it)
  iter  430  L= 256 bs=16  loss 1.8287  (0.22s/it)
  iter  440  L= 768 bs=5  loss 2.8988  (0.22s/it)
  iter  450  L=1024 bs=4  loss 0.4506  (0.22s/it)
  iter  460  L= 512 bs=8  loss 0.5573  (0.22s/it)
  iter  470  L= 256 bs=16  loss 1.7362  (0.22s/it)
  iter  480  L= 768 bs=5  loss 0.0007  (0.22s/it)
  iter  490  L= 256 bs=16  loss 1.5241  (0.22s/it)
  iter  500  L=1024 bs=4  loss 0.8833  (0.22s/it)
  iter  510  L= 256 bs=16  loss 0.8794  (0.22s/it)
  iter  520  L= 512 bs=8  loss 1.4069  (0.22s/it)
  iter  530  L= 768 bs=5  loss 0.8741  (0.22s/it)
  iter  540  L=1024 bs=4  loss 1.5089  (0.22s/it)
  iter  550  L=1024 bs=4  loss 0.1603  (0.22s/it)
  iter  560  L= 256 bs=16  loss 0.7286  (0.22s/it)
  iter  570  L= 768 bs=5  loss 0.5626  (0.22s/it)
  iter  580  L= 768 bs=5  loss 0.0549  (0.22s/it)
  iter  590  L= 256 bs=16  loss 1.4654  (0.22s/it)
  iter  600  L=1024 bs=4  loss 1.1136  (0.22s/it)
  iter  610  L= 768 bs=5  loss 2.1226  (0.22s/it)
  iter  620  L=1024 bs=4  loss 0.0235  (0.22s/it)
  iter  630  L=1024 bs=4  loss 0.1543  (0.22s/it)
  iter  640  L= 768 bs=5  loss 0.9441  (0.22s/it)
  iter  650  L= 768 bs=5  loss 1.1334  (0.22s/it)
  iter  660  L= 512 bs=8  loss 1.1180  (0.22s/it)
  iter  670  L= 768 bs=5  loss 0.4754  (0.22s/it)
  iter  680  L= 768 bs=5  loss 1.9643  (0.22s/it)
  iter  690  L=1024 bs=4  loss 3.1847  (0.22s/it)
  iter  700  L= 768 bs=5  loss 0.6103  (0.22s/it)
  iter  710  L=1024 bs=4  loss 0.0066  (0.22s/it)
  iter  720  L=1024 bs=4  loss 1.7623  (0.22s/it)
  iter  730  L=1024 bs=4  loss 0.3291  (0.22s/it)
  iter  740  L= 768 bs=5  loss 2.2441  (0.22s/it)
  iter  750  L= 256 bs=16  loss 1.1536  (0.22s/it)
  iter  760  L= 256 bs=16  loss 0.6526  (0.22s/it)
  iter  770  L=1024 bs=4  loss 2.2874  (0.22s/it)
  iter  780  L= 768 bs=5  loss 0.5857  (0.22s/it)
  iter  790  L= 512 bs=8  loss 1.0592  (0.22s/it)
  iter  800  L= 256 bs=16  loss 0.7264  (0.22s/it)
  iter  810  L=1024 bs=4  loss 1.2282  (0.22s/it)
  iter  820  L= 256 bs=16  loss 0.7330  (0.22s/it)
  iter  830  L= 768 bs=5  loss 1.2385  (0.22s/it)
  iter  840  L= 512 bs=8  loss 1.1551  (0.22s/it)
  iter  850  L= 512 bs=8  loss 1.1039  (0.22s/it)
  iter  860  L= 512 bs=8  loss 1.0477  (0.22s/it)
  iter  870  L= 256 bs=16  loss 1.4591  (0.22s/it)
  iter  880  L= 768 bs=5  loss 0.8486  (0.22s/it)
  iter  890  L= 512 bs=8  loss 0.2147  (0.22s/it)
  iter  900  L=1024 bs=4  loss 0.8644  (0.22s/it)
  iter  910  L= 768 bs=5  loss 0.0251  (0.22s/it)
  iter  920  L= 768 bs=5  loss 2.1353  (0.22s/it)
  iter  930  L= 256 bs=16  loss 0.9450  (0.22s/it)
  iter  940  L=1024 bs=4  loss 1.4403  (0.22s/it)
  iter  950  L= 512 bs=8  loss 1.3053  (0.22s/it)
  iter  960  L=1024 bs=4  loss 1.4479  (0.22s/it)
  iter  970  L=1024 bs=4  loss 0.3684  (0.22s/it)
  iter  980  L= 256 bs=16  loss 0.8893  (0.22s/it)
  iter  990  L= 768 bs=5  loss 1.4984  (0.22s/it)
  iter 1000  L= 768 bs=5  loss 1.5295  (0.22s/it)
  iter 1010  L= 512 bs=8  loss 2.2180  (0.22s/it)
  iter 1020  L=1024 bs=4  loss 0.0681  (0.22s/it)
  iter 1030  L= 256 bs=16  loss 0.9000  (0.22s/it)
  iter 1040  L= 256 bs=16  loss 0.8815  (0.22s/it)
  iter 1050  L= 256 bs=16  loss 0.8324  (0.22s/it)
  iter 1060  L=1024 bs=4  loss 0.4664  (0.22s/it)
  iter 1070  L= 512 bs=8  loss 0.3673  (0.22s/it)
  iter 1080  L= 512 bs=8  loss 0.8307  (0.22s/it)
  iter 1090  L= 256 bs=16  loss 0.2827  (0.22s/it)
  iter 1100  L= 256 bs=16  loss 0.7514  (0.22s/it)
  iter 1110  L=1024 bs=4  loss 0.9347  (0.22s/it)
  iter 1120  L= 256 bs=16  loss 1.1559  (0.22s/it)
  iter 1130  L= 256 bs=16  loss 0.3625  (0.22s/it)
  iter 1140  L= 512 bs=8  loss 0.8906  (0.22s/it)
  iter 1150  L= 256 bs=16  loss 1.1318  (0.22s/it)
  iter 1160  L= 256 bs=16  loss 0.5888  (0.22s/it)
  iter 1170  L=1024 bs=4  loss 0.6073  (0.22s/it)
  iter 1180  L= 512 bs=8  loss 0.4812  (0.22s/it)
  iter 1190  L= 512 bs=8  loss 0.9762  (0.22s/it)
  iter 1200  L= 768 bs=5  loss 1.3372  (0.22s/it)
  iter 1210  L= 256 bs=16  loss 0.4151  (0.22s/it)
  iter 1220  L= 768 bs=5  loss 1.0867  (0.22s/it)
  iter 1230  L= 256 bs=16  loss 0.6755  (0.22s/it)
  iter 1240  L= 768 bs=5  loss 1.4103  (0.22s/it)
  iter 1250  L= 256 bs=16  loss 0.6729  (0.22s/it)
  iter 1260  L= 512 bs=8  loss 0.7729  (0.22s/it)
  iter 1270  L=1024 bs=4  loss 1.8608  (0.22s/it)
  iter 1280  L= 512 bs=8  loss 0.8418  (0.22s/it)
  iter 1290  L=1024 bs=4  loss 1.6594  (0.22s/it)
  iter 1300  L= 256 bs=16  loss 1.0537  (0.22s/it)
  iter 1310  L= 512 bs=8  loss 1.1680  (0.22s/it)
  iter 1320  L= 768 bs=5  loss 1.3284  (0.22s/it)
  iter 1330  L= 256 bs=16  loss 0.3322  (0.22s/it)
  iter 1340  L= 256 bs=16  loss 1.5504  (0.22s/it)
  iter 1350  L=1024 bs=4  loss 1.4726  (0.22s/it)
  iter 1360  L=1024 bs=4  loss 0.0181  (0.22s/it)
  iter 1370  L= 512 bs=8  loss 0.3297  (0.22s/it)
  iter 1380  L=1024 bs=4  loss 0.2517  (0.22s/it)
  iter 1390  L=1024 bs=4  loss 0.4286  (0.22s/it)
  iter 1400  L=1024 bs=4  loss 0.7035  (0.22s/it)
  iter 1410  L= 512 bs=8  loss 0.7527  (0.22s/it)
  iter 1420  L= 256 bs=16  loss 0.8091  (0.22s/it)
  iter 1430  L=1024 bs=4  loss 1.1004  (0.22s/it)
  iter 1440  L= 768 bs=5  loss 0.8720  (0.22s/it)
  iter 1450  L= 512 bs=8  loss 1.4882  (0.22s/it)
  iter 1460  L= 256 bs=16  loss 0.7407  (0.22s/it)
  iter 1470  L= 512 bs=8  loss 0.2513  (0.22s/it)
  iter 1480  L= 768 bs=5  loss 0.6209  (0.22s/it)
  iter 1490  L= 256 bs=16  loss 0.5124  (0.22s/it)
  iter 1500  L=1024 bs=4  loss 0.3777  (0.22s/it)
Passkey accuracy after fine-tuning (cross_shift_c=0.0):
  ctx=   512  exact=0.74  first_token=1.00
  ctx=  1024  exact=0.72  first_token=1.00
  ctx=  2048  exact=0.70  first_token=0.97
  ctx=  4096  exact=0.72  first_token=0.99
  ctx=  8192  exact=0.70  first_token=0.99
  ctx= 16384  exact=0.35  first_token=0.77
Passkey accuracy after fine-tuning (cross_shift_c=1.0):
  ctx=   512  exact=0.74  first_token=1.00
  ctx=  1024  exact=0.72  first_token=1.00
  ctx=  2048  exact=0.70  first_token=0.97
  ctx=  4096  exact=0.72  first_token=0.99
  ctx=  8192  exact=0.71  first_token=0.99
  ctx= 16384  exact=0.78  first_token=0.98
Passkey accuracy after fine-tuning (cross_shift_c=1.5):
  ctx=   512  exact=0.74  first_token=1.00
  ctx=  1024  exact=0.72  first_token=1.00
  ctx=  2048  exact=0.70  first_token=0.97
  ctx=  4096  exact=0.72  first_token=0.99
  ctx=  8192  exact=0.71  first_token=0.99
  ctx= 16384  exact=0.78  first_token=0.98
########## Jmr seed=2
number of parameters: 63.52M
Model type: Jmr | params 63,517,184 | delimiter 764 | device cuda
Fine-tuning for 1500 iters on lengths [256, 512, 768, 1024]:
  iter    1  L=1024 bs=4  loss 10.7053  (0.70s/it)
  iter   10  L= 768 bs=5  loss 2.5340  (0.26s/it)
  iter   20  L= 768 bs=5  loss 2.2281  (0.23s/it)
  iter   30  L= 256 bs=16  loss 1.3423  (0.23s/it)
  iter   40  L= 512 bs=8  loss 1.3188  (0.23s/it)
  iter   50  L= 768 bs=5  loss 0.5938  (0.22s/it)
  iter   60  L= 256 bs=16  loss 1.4350  (0.22s/it)
  iter   70  L= 256 bs=16  loss 1.1386  (0.22s/it)
  iter   80  L= 768 bs=5  loss 2.5651  (0.22s/it)
  iter   90  L=1024 bs=4  loss 1.1383  (0.22s/it)
  iter  100  L=1024 bs=4  loss 1.0540  (0.22s/it)
  iter  110  L= 256 bs=16  loss 2.2220  (0.22s/it)
  iter  120  L= 256 bs=16  loss 1.7505  (0.22s/it)
  iter  130  L= 256 bs=16  loss 1.9624  (0.22s/it)
  iter  140  L= 768 bs=5  loss 0.7019  (0.22s/it)
  iter  150  L= 256 bs=16  loss 1.5486  (0.22s/it)
  iter  160  L= 512 bs=8  loss 1.9938  (0.22s/it)
  iter  170  L= 256 bs=16  loss 1.6322  (0.22s/it)
  iter  180  L= 256 bs=16  loss 1.2781  (0.22s/it)
  iter  190  L=1024 bs=4  loss 1.7322  (0.22s/it)
  iter  200  L=1024 bs=4  loss 0.5886  (0.22s/it)
  iter  210  L=1024 bs=4  loss 2.6347  (0.22s/it)
  iter  220  L= 768 bs=5  loss 2.7234  (0.22s/it)
  iter  230  L=1024 bs=4  loss 1.9305  (0.22s/it)
  iter  240  L= 256 bs=16  loss 1.7307  (0.22s/it)
  iter  250  L= 768 bs=5  loss 2.5222  (0.22s/it)
  iter  260  L= 768 bs=5  loss 1.7804  (0.22s/it)
  iter  270  L=1024 bs=4  loss 0.6092  (0.22s/it)
  iter  280  L=1024 bs=4  loss 0.1462  (0.22s/it)
  iter  290  L= 256 bs=16  loss 1.3702  (0.22s/it)
  iter  300  L= 512 bs=8  loss 1.4080  (0.22s/it)
  iter  310  L= 512 bs=8  loss 1.8925  (0.22s/it)
  iter  320  L= 512 bs=8  loss 0.2327  (0.22s/it)
  iter  330  L= 512 bs=8  loss 0.8516  (0.22s/it)
  iter  340  L= 256 bs=16  loss 0.4986  (0.22s/it)
  iter  350  L=1024 bs=4  loss 1.3375  (0.22s/it)
  iter  360  L= 768 bs=5  loss 1.5343  (0.22s/it)
  iter  370  L= 256 bs=16  loss 1.2174  (0.22s/it)
  iter  380  L= 512 bs=8  loss 0.9418  (0.22s/it)
  iter  390  L= 256 bs=16  loss 1.4865  (0.22s/it)
  iter  400  L=1024 bs=4  loss 0.6672  (0.22s/it)
  iter  410  L= 256 bs=16  loss 1.5745  (0.22s/it)
  iter  420  L= 768 bs=5  loss 1.3685  (0.22s/it)
  iter  430  L= 256 bs=16  loss 1.7536  (0.22s/it)
  iter  440  L= 768 bs=5  loss 3.1107  (0.22s/it)
  iter  450  L=1024 bs=4  loss 0.5407  (0.22s/it)
  iter  460  L= 512 bs=8  loss 0.5501  (0.22s/it)
  iter  470  L= 256 bs=16  loss 1.5784  (0.22s/it)
  iter  480  L= 768 bs=5  loss 0.0021  (0.22s/it)
  iter  490  L= 256 bs=16  loss 1.6014  (0.22s/it)
  iter  500  L=1024 bs=4  loss 0.8516  (0.22s/it)
  iter  510  L= 256 bs=16  loss 1.0121  (0.22s/it)
  iter  520  L= 512 bs=8  loss 1.4163  (0.22s/it)
  iter  530  L= 768 bs=5  loss 0.9250  (0.22s/it)
  iter  540  L=1024 bs=4  loss 1.7088  (0.22s/it)
  iter  550  L=1024 bs=4  loss 0.2616  (0.22s/it)
  iter  560  L= 256 bs=16  loss 0.8107  (0.22s/it)
  iter  570  L= 768 bs=5  loss 0.5712  (0.22s/it)
  iter  580  L= 768 bs=5  loss 0.1174  (0.22s/it)
  iter  590  L= 256 bs=16  loss 1.5525  (0.22s/it)
  iter  600  L=1024 bs=4  loss 1.3241  (0.22s/it)
  iter  610  L= 768 bs=5  loss 2.3146  (0.22s/it)
  iter  620  L=1024 bs=4  loss 0.0241  (0.22s/it)
  iter  630  L=1024 bs=4  loss 0.3872  (0.22s/it)
  iter  640  L= 768 bs=5  loss 0.6917  (0.22s/it)
  iter  650  L= 768 bs=5  loss 1.1525  (0.22s/it)
  iter  660  L= 512 bs=8  loss 1.0778  (0.22s/it)
  iter  670  L= 768 bs=5  loss 0.3788  (0.22s/it)
  iter  680  L= 768 bs=5  loss 1.8425  (0.22s/it)
  iter  690  L=1024 bs=4  loss 3.3601  (0.22s/it)
  iter  700  L= 768 bs=5  loss 0.6154  (0.22s/it)
  iter  710  L=1024 bs=4  loss 0.0142  (0.22s/it)
  iter  720  L=1024 bs=4  loss 1.8595  (0.22s/it)
  iter  730  L=1024 bs=4  loss 0.3880  (0.22s/it)
  iter  740  L= 768 bs=5  loss 2.2690  (0.22s/it)
  iter  750  L= 256 bs=16  loss 1.3639  (0.22s/it)
  iter  760  L= 256 bs=16  loss 0.7537  (0.22s/it)
  iter  770  L=1024 bs=4  loss 2.2281  (0.22s/it)
  iter  780  L= 768 bs=5  loss 0.6746  (0.22s/it)
  iter  790  L= 512 bs=8  loss 1.1214  (0.22s/it)
  iter  800  L= 256 bs=16  loss 0.6968  (0.22s/it)
  iter  810  L=1024 bs=4  loss 1.0662  (0.22s/it)
  iter  820  L= 256 bs=16  loss 0.7419  (0.22s/it)
  iter  830  L= 768 bs=5  loss 1.3446  (0.22s/it)
  iter  840  L= 512 bs=8  loss 1.1472  (0.22s/it)
  iter  850  L= 512 bs=8  loss 1.1433  (0.22s/it)
  iter  860  L= 512 bs=8  loss 1.0498  (0.22s/it)
  iter  870  L= 256 bs=16  loss 1.3984  (0.22s/it)
  iter  880  L= 768 bs=5  loss 0.9211  (0.22s/it)
  iter  890  L= 512 bs=8  loss 0.2454  (0.22s/it)
  iter  900  L=1024 bs=4  loss 1.0466  (0.22s/it)
  iter  910  L= 768 bs=5  loss 0.0361  (0.22s/it)
  iter  920  L= 768 bs=5  loss 1.9375  (0.22s/it)
  iter  930  L= 256 bs=16  loss 0.9731  (0.22s/it)
  iter  940  L=1024 bs=4  loss 1.6872  (0.22s/it)
  iter  950  L= 512 bs=8  loss 1.4128  (0.22s/it)
  iter  960  L=1024 bs=4  loss 1.5841  (0.22s/it)
  iter  970  L=1024 bs=4  loss 0.5823  (0.22s/it)
  iter  980  L= 256 bs=16  loss 1.0780  (0.22s/it)
  iter  990  L= 768 bs=5  loss 1.0195  (0.22s/it)
  iter 1000  L= 768 bs=5  loss 1.6240  (0.22s/it)
  iter 1010  L= 512 bs=8  loss 2.1174  (0.22s/it)
  iter 1020  L=1024 bs=4  loss 0.1625  (0.22s/it)
  iter 1030  L= 256 bs=16  loss 0.9457  (0.22s/it)
  iter 1040  L= 256 bs=16  loss 0.9671  (0.22s/it)
  iter 1050  L= 256 bs=16  loss 0.7454  (0.22s/it)
  iter 1060  L=1024 bs=4  loss 0.3789  (0.22s/it)
  iter 1070  L= 512 bs=8  loss 0.4630  (0.22s/it)
  iter 1080  L= 512 bs=8  loss 0.9879  (0.22s/it)
  iter 1090  L= 256 bs=16  loss 0.3091  (0.22s/it)
  iter 1100  L= 256 bs=16  loss 0.6966  (0.22s/it)
  iter 1110  L=1024 bs=4  loss 0.9573  (0.22s/it)
  iter 1120  L= 256 bs=16  loss 1.1589  (0.22s/it)
  iter 1130  L= 256 bs=16  loss 0.3731  (0.22s/it)
  iter 1140  L= 512 bs=8  loss 1.0030  (0.22s/it)
  iter 1150  L= 256 bs=16  loss 1.2929  (0.22s/it)
  iter 1160  L= 256 bs=16  loss 0.5954  (0.22s/it)
  iter 1170  L=1024 bs=4  loss 0.4613  (0.22s/it)
  iter 1180  L= 512 bs=8  loss 0.4787  (0.22s/it)
  iter 1190  L= 512 bs=8  loss 0.9065  (0.22s/it)
  iter 1200  L= 768 bs=5  loss 1.3938  (0.22s/it)
  iter 1210  L= 256 bs=16  loss 0.3803  (0.22s/it)
  iter 1220  L= 768 bs=5  loss 0.9885  (0.22s/it)
  iter 1230  L= 256 bs=16  loss 0.8420  (0.22s/it)
  iter 1240  L= 768 bs=5  loss 1.5128  (0.22s/it)
  iter 1250  L= 256 bs=16  loss 0.7111  (0.22s/it)
  iter 1260  L= 512 bs=8  loss 1.0039  (0.22s/it)
  iter 1270  L=1024 bs=4  loss 1.9064  (0.22s/it)
  iter 1280  L= 512 bs=8  loss 0.8685  (0.22s/it)
  iter 1290  L=1024 bs=4  loss 1.6411  (0.22s/it)
  iter 1300  L= 256 bs=16  loss 1.0540  (0.22s/it)
  iter 1310  L= 512 bs=8  loss 1.2682  (0.22s/it)
  iter 1320  L= 768 bs=5  loss 1.2782  (0.22s/it)
  iter 1330  L= 256 bs=16  loss 0.4372  (0.22s/it)
  iter 1340  L= 256 bs=16  loss 1.5179  (0.22s/it)
  iter 1350  L=1024 bs=4  loss 1.2867  (0.22s/it)
  iter 1360  L=1024 bs=4  loss 0.0164  (0.22s/it)
  iter 1370  L= 512 bs=8  loss 0.2612  (0.22s/it)
  iter 1380  L=1024 bs=4  loss 0.2053  (0.22s/it)
  iter 1390  L=1024 bs=4  loss 0.4928  (0.22s/it)
  iter 1400  L=1024 bs=4  loss 0.6747  (0.22s/it)
  iter 1410  L= 512 bs=8  loss 0.9286  (0.22s/it)
  iter 1420  L= 256 bs=16  loss 0.8519  (0.22s/it)
  iter 1430  L=1024 bs=4  loss 1.0325  (0.22s/it)
  iter 1440  L= 768 bs=5  loss 1.0791  (0.22s/it)
  iter 1450  L= 512 bs=8  loss 1.4879  (0.22s/it)
  iter 1460  L= 256 bs=16  loss 0.7425  (0.22s/it)
  iter 1470  L= 512 bs=8  loss 0.2794  (0.22s/it)
  iter 1480  L= 768 bs=5  loss 0.8095  (0.22s/it)
  iter 1490  L= 256 bs=16  loss 0.5809  (0.22s/it)
  iter 1500  L=1024 bs=4  loss 0.2213  (0.22s/it)
Passkey accuracy after fine-tuning (cross_shift_c=0.0):
  ctx=   512  exact=0.70  first_token=1.00
  ctx=  1024  exact=0.72  first_token=1.00
  ctx=  2048  exact=0.68  first_token=0.98
  ctx=  4096  exact=0.70  first_token=0.99
  ctx=  8192  exact=0.67  first_token=0.98
  ctx= 16384  exact=0.69  first_token=0.95
Passkey accuracy after fine-tuning (cross_shift_c=1.0):
  ctx=   512  exact=0.70  first_token=1.00
  ctx=  1024  exact=0.72  first_token=1.00
  ctx=  2048  exact=0.68  first_token=0.98
  ctx=  4096  exact=0.70  first_token=0.99
  ctx=  8192  exact=0.68  first_token=0.99
  ctx= 16384  exact=0.76  first_token=0.99
Passkey accuracy after fine-tuning (cross_shift_c=1.5):
  ctx=   512  exact=0.70  first_token=1.00
  ctx=  1024  exact=0.72  first_token=1.00
  ctx=  2048  exact=0.68  first_token=0.98
  ctx=  4096  exact=0.70  first_token=0.99
  ctx=  8192  exact=0.68  first_token=0.99
  ctx= 16384  exact=0.76  first_token=0.99
