########## R seed=0
number of parameters: 63.52M
Model type: R | params 63,517,184 | delimiter 764 | device cuda
Fine-tuning for 1500 iters on lengths [256, 512, 768, 1024]:
  iter    1  L=1024 bs=4  loss 7.5073  (0.65s/it)
  iter   10  L= 256 bs=16  loss 1.4457  (0.26s/it)
  iter   20  L= 512 bs=8  loss 1.4774  (0.24s/it)
  iter   30  L=1024 bs=4  loss 1.9727  (0.23s/it)
  iter   40  L= 256 bs=16  loss 1.9991  (0.23s/it)
  iter   50  L=1024 bs=4  loss 2.2626  (0.23s/it)
  iter   60  L=1024 bs=4  loss 0.1466  (0.23s/it)
  iter   70  L=1024 bs=4  loss 1.2300  (0.23s/it)
  iter   80  L= 256 bs=16  loss 1.6196  (0.22s/it)
  iter   90  L=1024 bs=4  loss 0.5292  (0.22s/it)
  iter  100  L= 256 bs=16  loss 0.6913  (0.22s/it)
  iter  110  L= 768 bs=5  loss 1.9780  (0.22s/it)
  iter  120  L= 256 bs=16  loss 1.3240  (0.22s/it)
  iter  130  L= 256 bs=16  loss 1.0347  (0.22s/it)
  iter  140  L= 512 bs=8  loss 0.6432  (0.22s/it)
  iter  150  L= 512 bs=8  loss 1.2800  (0.22s/it)
  iter  160  L=1024 bs=4  loss 1.2703  (0.22s/it)
  iter  170  L= 768 bs=5  loss 3.6432  (0.22s/it)
  iter  180  L= 512 bs=8  loss 1.2211  (0.22s/it)
  iter  190  L= 512 bs=8  loss 1.1003  (0.22s/it)
  iter  200  L= 256 bs=16  loss 0.9553  (0.22s/it)
  iter  210  L= 768 bs=5  loss 0.5330  (0.22s/it)
  iter  220  L= 256 bs=16  loss 1.5962  (0.22s/it)
  iter  230  L= 768 bs=5  loss 0.8985  (0.22s/it)
  iter  240  L= 512 bs=8  loss 1.1839  (0.22s/it)
  iter  250  L= 768 bs=5  loss 1.1537  (0.22s/it)
  iter  260  L= 256 bs=16  loss 0.7541  (0.22s/it)
  iter  270  L= 768 bs=5  loss 0.8036  (0.22s/it)
  iter  280  L=1024 bs=4  loss 1.0158  (0.22s/it)
  iter  290  L= 256 bs=16  loss 1.4789  (0.22s/it)
  iter  300  L= 256 bs=16  loss 1.5472  (0.22s/it)
  iter  310  L= 512 bs=8  loss 0.3820  (0.22s/it)
  iter  320  L= 512 bs=8  loss 1.3199  (0.22s/it)
  iter  330  L=1024 bs=4  loss 1.1102  (0.22s/it)
  iter  340  L= 512 bs=8  loss 1.4074  (0.22s/it)
  iter  350  L= 512 bs=8  loss 0.4101  (0.22s/it)
  iter  360  L= 768 bs=5  loss 0.9414  (0.22s/it)
  iter  370  L= 512 bs=8  loss 1.2002  (0.22s/it)
  iter  380  L= 768 bs=5  loss 1.7622  (0.22s/it)
  iter  390  L= 768 bs=5  loss 0.6364  (0.22s/it)
  iter  400  L= 256 bs=16  loss 0.5089  (0.22s/it)
  iter  410  L= 256 bs=16  loss 0.5216  (0.22s/it)
  iter  420  L= 512 bs=8  loss 0.6325  (0.22s/it)
  iter  430  L=1024 bs=4  loss 1.6175  (0.22s/it)
  iter  440  L=1024 bs=4  loss 0.5347  (0.22s/it)
  iter  450  L= 512 bs=8  loss 1.8077  (0.22s/it)
  iter  460  L= 256 bs=16  loss 0.8817  (0.22s/it)
  iter  470  L= 768 bs=5  loss 0.4992  (0.22s/it)
  iter  480  L= 768 bs=5  loss 0.0645  (0.22s/it)
  iter  490  L= 512 bs=8  loss 1.0112  (0.22s/it)
  iter  500  L=1024 bs=4  loss 0.9535  (0.22s/it)
  iter  510  L= 256 bs=16  loss 1.2139  (0.22s/it)
  iter  520  L= 512 bs=8  loss 0.8160  (0.22s/it)
  iter  530  L= 512 bs=8  loss 0.3111  (0.22s/it)
  iter  540  L= 768 bs=5  loss 0.2764  (0.22s/it)
  iter  550  L= 256 bs=16  loss 1.0538  (0.22s/it)
  iter  560  L= 256 bs=16  loss 1.1694  (0.22s/it)
  iter  570  L=1024 bs=4  loss 0.5855  (0.22s/it)
  iter  580  L= 768 bs=5  loss 1.2571  (0.22s/it)
  iter  590  L=1024 bs=4  loss 1.5725  (0.22s/it)
  iter  600  L= 768 bs=5  loss 2.0423  (0.22s/it)
  iter  610  L= 512 bs=8  loss 1.5207  (0.22s/it)
  iter  620  L= 512 bs=8  loss 1.3599  (0.22s/it)
  iter  630  L=1024 bs=4  loss 2.3715  (0.22s/it)
  iter  640  L= 768 bs=5  loss 1.7648  (0.22s/it)
  iter  650  L= 512 bs=8  loss 0.2363  (0.22s/it)
  iter  660  L= 768 bs=5  loss 1.0625  (0.22s/it)
  iter  670  L= 256 bs=16  loss 0.7152  (0.22s/it)
  iter  680  L= 512 bs=8  loss 1.2760  (0.22s/it)
  iter  690  L= 256 bs=16  loss 0.7208  (0.22s/it)
  iter  700  L= 512 bs=8  loss 1.5905  (0.22s/it)
  iter  710  L=1024 bs=4  loss 1.2280  (0.22s/it)
  iter  720  L= 768 bs=5  loss 1.2463  (0.22s/it)
  iter  730  L= 256 bs=16  loss 0.5490  (0.22s/it)
  iter  740  L=1024 bs=4  loss 0.2415  (0.22s/it)
  iter  750  L= 512 bs=8  loss 0.3919  (0.22s/it)
  iter  760  L= 256 bs=16  loss 0.9941  (0.22s/it)
  iter  770  L= 512 bs=8  loss 1.6910  (0.22s/it)
  iter  780  L=1024 bs=4  loss 0.5836  (0.22s/it)
  iter  790  L= 768 bs=5  loss 2.5888  (0.22s/it)
  iter  800  L= 256 bs=16  loss 0.9571  (0.22s/it)
  iter  810  L= 512 bs=8  loss 1.3063  (0.22s/it)
  iter  820  L=1024 bs=4  loss 0.6419  (0.22s/it)
  iter  830  L=1024 bs=4  loss 0.0170  (0.22s/it)
  iter  840  L=1024 bs=4  loss 0.4352  (0.22s/it)
  iter  850  L= 768 bs=5  loss 0.7004  (0.22s/it)
  iter  860  L= 512 bs=8  loss 1.2987  (0.22s/it)
  iter  870  L=1024 bs=4  loss 1.1761  (0.22s/it)
  iter  880  L= 256 bs=16  loss 1.1583  (0.22s/it)
  iter  890  L= 256 bs=16  loss 1.2626  (0.22s/it)
  iter  900  L= 768 bs=5  loss 1.1863  (0.22s/it)
  iter  910  L= 256 bs=16  loss 0.6795  (0.22s/it)
  iter  920  L=1024 bs=4  loss 0.8895  (0.22s/it)
  iter  930  L= 512 bs=8  loss 1.7259  (0.22s/it)
  iter  940  L= 256 bs=16  loss 0.6393  (0.22s/it)
  iter  950  L= 256 bs=16  loss 1.0004  (0.22s/it)
  iter  960  L= 512 bs=8  loss 0.7388  (0.22s/it)
  iter  970  L= 768 bs=5  loss 0.4972  (0.22s/it)
  iter  980  L= 256 bs=16  loss 0.7240  (0.22s/it)
  iter  990  L= 512 bs=8  loss 1.3134  (0.22s/it)
  iter 1000  L= 512 bs=8  loss 0.4321  (0.22s/it)
  iter 1010  L=1024 bs=4  loss 1.3970  (0.22s/it)
  iter 1020  L= 512 bs=8  loss 1.0589  (0.22s/it)
  iter 1030  L= 256 bs=16  loss 0.8885  (0.22s/it)
  iter 1040  L= 768 bs=5  loss 0.9155  (0.22s/it)
  iter 1050  L=1024 bs=4  loss 0.2431  (0.22s/it)
  iter 1060  L= 512 bs=8  loss 0.7664  (0.22s/it)
  iter 1070  L=1024 bs=4  loss 1.0258  (0.22s/it)
  iter 1080  L= 768 bs=5  loss 0.7281  (0.22s/it)
  iter 1090  L= 512 bs=8  loss 0.9450  (0.22s/it)
  iter 1100  L= 512 bs=8  loss 0.8305  (0.22s/it)
  iter 1110  L=1024 bs=4  loss 1.6669  (0.22s/it)
  iter 1120  L= 256 bs=16  loss 1.4335  (0.22s/it)
  iter 1130  L= 768 bs=5  loss 1.2178  (0.22s/it)
  iter 1140  L= 768 bs=5  loss 1.1372  (0.22s/it)
  iter 1150  L= 768 bs=5  loss 1.4672  (0.22s/it)
  iter 1160  L=1024 bs=4  loss 0.6221  (0.22s/it)
  iter 1170  L=1024 bs=4  loss 0.0086  (0.22s/it)
  iter 1180  L= 512 bs=8  loss 0.7970  (0.22s/it)
  iter 1190  L= 256 bs=16  loss 0.3439  (0.22s/it)
  iter 1200  L= 512 bs=8  loss 0.3457  (0.22s/it)
  iter 1210  L= 768 bs=5  loss 0.7712  (0.22s/it)
  iter 1220  L= 256 bs=16  loss 0.6448  (0.22s/it)
  iter 1230  L= 256 bs=16  loss 0.2877  (0.22s/it)
  iter 1240  L= 512 bs=8  loss 1.0432  (0.22s/it)
  iter 1250  L= 256 bs=16  loss 0.4048  (0.22s/it)
  iter 1260  L= 512 bs=8  loss 0.7430  (0.22s/it)
  iter 1270  L= 256 bs=16  loss 0.9221  (0.22s/it)
  iter 1280  L= 256 bs=16  loss 1.4640  (0.22s/it)
  iter 1290  L= 512 bs=8  loss 1.4613  (0.22s/it)
  iter 1300  L= 512 bs=8  loss 1.4168  (0.22s/it)
  iter 1310  L= 256 bs=16  loss 0.4208  (0.22s/it)
  iter 1320  L=1024 bs=4  loss 1.8288  (0.22s/it)
  iter 1330  L= 512 bs=8  loss 0.7525  (0.22s/it)
  iter 1340  L= 256 bs=16  loss 0.8051  (0.22s/it)
  iter 1350  L= 512 bs=8  loss 0.9124  (0.22s/it)
  iter 1360  L= 256 bs=16  loss 1.1032  (0.22s/it)
  iter 1370  L=1024 bs=4  loss 0.7386  (0.22s/it)
  iter 1380  L= 512 bs=8  loss 0.3971  (0.22s/it)
  iter 1390  L=1024 bs=4  loss 0.4734  (0.22s/it)
  iter 1400  L=1024 bs=4  loss 0.2114  (0.22s/it)
  iter 1410  L=1024 bs=4  loss 0.7652  (0.22s/it)
  iter 1420  L= 256 bs=16  loss 1.2332  (0.22s/it)
  iter 1430  L=1024 bs=4  loss 0.0002  (0.22s/it)
  iter 1440  L=1024 bs=4  loss 0.2379  (0.22s/it)
  iter 1450  L= 512 bs=8  loss 1.2918  (0.22s/it)
  iter 1460  L= 256 bs=16  loss 0.5582  (0.22s/it)
  iter 1470  L=1024 bs=4  loss 0.7597  (0.22s/it)
  iter 1480  L= 512 bs=8  loss 0.5486  (0.22s/it)
  iter 1490  L=1024 bs=4  loss 1.3809  (0.22s/it)
  iter 1500  L= 512 bs=8  loss 0.7125  (0.22s/it)
Passkey accuracy after fine-tuning (rope_ntk=False):
  ctx=   512  exact=0.81  first_token=1.00
  ctx=  1024  exact=0.81  first_token=1.00
  ctx=  2048  exact=0.83  first_token=1.00
  ctx=  4096  exact=0.69  first_token=0.98
  ctx=  8192  exact=0.24  first_token=0.38
  ctx= 16384  exact=0.05  first_token=0.10
########## R seed=1
number of parameters: 63.52M
Model type: R | params 63,517,184 | delimiter 764 | device cuda
Fine-tuning for 1500 iters on lengths [256, 512, 768, 1024]:
  iter    1  L= 512 bs=8  loss 7.2523  (0.60s/it)
  iter   10  L= 512 bs=8  loss 0.7346  (0.25s/it)
  iter   20  L= 512 bs=8  loss 1.2573  (0.23s/it)
  iter   30  L= 256 bs=16  loss 1.6239  (0.22s/it)
  iter   40  L=1024 bs=4  loss 2.5586  (0.23s/it)
  iter   50  L= 768 bs=5  loss 1.9514  (0.22s/it)
  iter   60  L= 512 bs=8  loss 0.9585  (0.22s/it)
  iter   70  L=1024 bs=4  loss 0.9616  (0.22s/it)
  iter   80  L=1024 bs=4  loss 0.6442  (0.22s/it)
  iter   90  L= 768 bs=5  loss 1.1473  (0.22s/it)
  iter  100  L=1024 bs=4  loss 2.8540  (0.22s/it)
  iter  110  L=1024 bs=4  loss 0.7037  (0.22s/it)
  iter  120  L= 768 bs=5  loss 1.7049  (0.22s/it)
  iter  130  L= 512 bs=8  loss 0.9638  (0.22s/it)
  iter  140  L=1024 bs=4  loss 1.3698  (0.22s/it)
  iter  150  L= 256 bs=16  loss 2.1089  (0.22s/it)
  iter  160  L=1024 bs=4  loss 0.8668  (0.22s/it)
  iter  170  L= 256 bs=16  loss 1.6659  (0.22s/it)
  iter  180  L=1024 bs=4  loss 1.2079  (0.22s/it)
  iter  190  L=1024 bs=4  loss 2.6415  (0.22s/it)
  iter  200  L=1024 bs=4  loss 0.2841  (0.22s/it)
  iter  210  L= 768 bs=5  loss 2.3657  (0.22s/it)
  iter  220  L=1024 bs=4  loss 0.0670  (0.22s/it)
  iter  230  L=1024 bs=4  loss 0.7597  (0.22s/it)
  iter  240  L= 512 bs=8  loss 0.9581  (0.22s/it)
  iter  250  L= 768 bs=5  loss 0.7152  (0.22s/it)
  iter  260  L= 256 bs=16  loss 1.0717  (0.22s/it)
  iter  270  L= 256 bs=16  loss 1.2724  (0.22s/it)
  iter  280  L= 512 bs=8  loss 1.9029  (0.22s/it)
  iter  290  L= 768 bs=5  loss 1.5324  (0.22s/it)
  iter  300  L= 256 bs=16  loss 1.9182  (0.22s/it)
  iter  310  L= 768 bs=5  loss 1.2267  (0.22s/it)
  iter  320  L= 768 bs=5  loss 1.7547  (0.22s/it)
  iter  330  L= 512 bs=8  loss 0.3347  (0.22s/it)
  iter  340  L= 256 bs=16  loss 0.9352  (0.22s/it)
  iter  350  L= 768 bs=5  loss 0.1419  (0.22s/it)
  iter  360  L= 768 bs=5  loss 2.2602  (0.22s/it)
  iter  370  L= 768 bs=5  loss 1.2309  (0.22s/it)
  iter  380  L=1024 bs=4  loss 0.8255  (0.22s/it)
  iter  390  L= 256 bs=16  loss 1.1584  (0.22s/it)
  iter  400  L= 768 bs=5  loss 1.9304  (0.22s/it)
  iter  410  L= 768 bs=5  loss 1.4236  (0.22s/it)
  iter  420  L=1024 bs=4  loss 0.5772  (0.22s/it)
  iter  430  L= 768 bs=5  loss 1.9916  (0.22s/it)
  iter  440  L= 768 bs=5  loss 1.0806  (0.22s/it)
  iter  450  L= 512 bs=8  loss 0.7905  (0.22s/it)
  iter  460  L= 512 bs=8  loss 1.6298  (0.22s/it)
  iter  470  L= 768 bs=5  loss 0.0113  (0.22s/it)
  iter  480  L= 512 bs=8  loss 1.0147  (0.22s/it)
  iter  490  L=1024 bs=4  loss 0.2948  (0.22s/it)
  iter  500  L=1024 bs=4  loss 0.6860  (0.22s/it)
  iter  510  L= 512 bs=8  loss 0.7561  (0.22s/it)
  iter  520  L= 256 bs=16  loss 1.3122  (0.22s/it)
  iter  530  L= 256 bs=16  loss 0.4230  (0.22s/it)
  iter  540  L= 768 bs=5  loss 1.2576  (0.22s/it)
  iter  550  L=1024 bs=4  loss 0.0205  (0.22s/it)
  iter  560  L= 768 bs=5  loss 0.8400  (0.22s/it)
  iter  570  L= 512 bs=8  loss 0.6637  (0.22s/it)
  iter  580  L= 768 bs=5  loss 1.2629  (0.22s/it)
  iter  590  L= 256 bs=16  loss 1.0351  (0.22s/it)
  iter  600  L= 256 bs=16  loss 0.4920  (0.22s/it)
  iter  610  L= 512 bs=8  loss 0.6856  (0.22s/it)
  iter  620  L= 768 bs=5  loss 0.9052  (0.22s/it)
  iter  630  L=1024 bs=4  loss 1.1353  (0.22s/it)
  iter  640  L= 512 bs=8  loss 1.3999  (0.22s/it)
  iter  650  L= 768 bs=5  loss 0.7961  (0.22s/it)
  iter  660  L= 768 bs=5  loss 1.1700  (0.22s/it)
  iter  670  L= 512 bs=8  loss 1.9000  (0.22s/it)
  iter  680  L=1024 bs=4  loss 1.6271  (0.22s/it)
  iter  690  L=1024 bs=4  loss 1.2974  (0.22s/it)
  iter  700  L= 512 bs=8  loss 0.5963  (0.22s/it)
  iter  710  L= 768 bs=5  loss 1.2281  (0.22s/it)
  iter  720  L= 768 bs=5  loss 0.4230  (0.22s/it)
  iter  730  L= 512 bs=8  loss 1.4950  (0.22s/it)
  iter  740  L=1024 bs=4  loss 0.0153  (0.22s/it)
  iter  750  L= 768 bs=5  loss 1.7272  (0.22s/it)
  iter  760  L=1024 bs=4  loss 0.4871  (0.22s/it)
  iter  770  L=1024 bs=4  loss 0.5689  (0.22s/it)
  iter  780  L=1024 bs=4  loss 0.0037  (0.22s/it)
  iter  790  L= 256 bs=16  loss 0.2798  (0.22s/it)
  iter  800  L= 256 bs=16  loss 1.3133  (0.22s/it)
  iter  810  L= 512 bs=8  loss 1.6902  (0.22s/it)
  iter  820  L=1024 bs=4  loss 0.8411  (0.22s/it)
  iter  830  L= 512 bs=8  loss 0.2527  (0.22s/it)
  iter  840  L= 512 bs=8  loss 1.2395  (0.22s/it)
  iter  850  L= 256 bs=16  loss 1.2987  (0.22s/it)
  iter  860  L=1024 bs=4  loss 0.2979  (0.22s/it)
  iter  870  L= 256 bs=16  loss 0.8436  (0.22s/it)
  iter  880  L=1024 bs=4  loss 0.8416  (0.22s/it)
  iter  890  L= 512 bs=8  loss 1.3860  (0.22s/it)
  iter  900  L= 768 bs=5  loss 1.1107  (0.22s/it)
  iter  910  L=1024 bs=4  loss 0.0004  (0.22s/it)
  iter  920  L= 768 bs=5  loss 0.5583  (0.22s/it)
  iter  930  L= 768 bs=5  loss 1.7731  (0.22s/it)
  iter  940  L= 768 bs=5  loss 0.2951  (0.22s/it)
  iter  950  L=1024 bs=4  loss 1.9422  (0.22s/it)
  iter  960  L=1024 bs=4  loss 0.7926  (0.22s/it)
  iter  970  L= 256 bs=16  loss 1.1930  (0.22s/it)
  iter  980  L= 768 bs=5  loss 0.7657  (0.22s/it)
  iter  990  L= 256 bs=16  loss 1.1230  (0.22s/it)
  iter 1000  L=1024 bs=4  loss 0.8355  (0.22s/it)
  iter 1010  L= 768 bs=5  loss 2.2626  (0.22s/it)
  iter 1020  L= 256 bs=16  loss 0.6265  (0.22s/it)
  iter 1030  L= 256 bs=16  loss 1.4039  (0.22s/it)
  iter 1040  L=1024 bs=4  loss 0.2536  (0.22s/it)
  iter 1050  L=1024 bs=4  loss 0.1359  (0.22s/it)
  iter 1060  L=1024 bs=4  loss 2.1169  (0.22s/it)
  iter 1070  L=1024 bs=4  loss 1.2337  (0.22s/it)
  iter 1080  L= 256 bs=16  loss 1.5293  (0.22s/it)
  iter 1090  L= 512 bs=8  loss 0.7272  (0.22s/it)
  iter 1100  L= 512 bs=8  loss 0.8810  (0.22s/it)
  iter 1110  L=1024 bs=4  loss 0.3801  (0.22s/it)
  iter 1120  L= 768 bs=5  loss 0.9957  (0.22s/it)
  iter 1130  L=1024 bs=4  loss 1.5708  (0.22s/it)
  iter 1140  L= 768 bs=5  loss 1.4999  (0.22s/it)
  iter 1150  L= 256 bs=16  loss 1.3306  (0.22s/it)
  iter 1160  L= 512 bs=8  loss 0.3669  (0.22s/it)
  iter 1170  L= 512 bs=8  loss 0.3444  (0.22s/it)
  iter 1180  L= 768 bs=5  loss 0.6339  (0.22s/it)
  iter 1190  L= 768 bs=5  loss 0.8940  (0.22s/it)
  iter 1200  L= 768 bs=5  loss 0.8031  (0.22s/it)
  iter 1210  L= 256 bs=16  loss 1.0195  (0.22s/it)
  iter 1220  L= 256 bs=16  loss 0.8403  (0.22s/it)
  iter 1230  L= 256 bs=16  loss 0.6007  (0.22s/it)
  iter 1240  L=1024 bs=4  loss 0.6360  (0.22s/it)
  iter 1250  L= 256 bs=16  loss 0.6240  (0.22s/it)
  iter 1260  L=1024 bs=4  loss 0.5416  (0.22s/it)
  iter 1270  L=1024 bs=4  loss 0.4956  (0.22s/it)
  iter 1280  L= 512 bs=8  loss 1.2506  (0.22s/it)
  iter 1290  L= 768 bs=5  loss 1.6615  (0.22s/it)
  iter 1300  L= 512 bs=8  loss 0.5262  (0.22s/it)
  iter 1310  L= 768 bs=5  loss 0.3656  (0.22s/it)
  iter 1320  L= 768 bs=5  loss 0.8077  (0.22s/it)
  iter 1330  L= 768 bs=5  loss 0.2092  (0.22s/it)
  iter 1340  L=1024 bs=4  loss 0.0204  (0.22s/it)
  iter 1350  L= 512 bs=8  loss 0.2066  (0.22s/it)
  iter 1360  L= 768 bs=5  loss 0.2135  (0.22s/it)
  iter 1370  L= 768 bs=5  loss 0.7322  (0.22s/it)
  iter 1380  L= 768 bs=5  loss 0.6161  (0.22s/it)
  iter 1390  L= 768 bs=5  loss 0.0014  (0.22s/it)
  iter 1400  L= 512 bs=8  loss 0.7272  (0.22s/it)
  iter 1410  L= 256 bs=16  loss 0.4052  (0.22s/it)
  iter 1420  L=1024 bs=4  loss 0.6058  (0.22s/it)
  iter 1430  L= 768 bs=5  loss 0.2847  (0.22s/it)
  iter 1440  L= 768 bs=5  loss 0.8704  (0.22s/it)
  iter 1450  L= 512 bs=8  loss 1.0046  (0.22s/it)
  iter 1460  L=1024 bs=4  loss 0.8720  (0.22s/it)
  iter 1470  L= 768 bs=5  loss 0.2281  (0.22s/it)
  iter 1480  L= 256 bs=16  loss 0.6416  (0.22s/it)
  iter 1490  L= 512 bs=8  loss 0.8855  (0.22s/it)
  iter 1500  L= 512 bs=8  loss 0.6757  (0.22s/it)
Passkey accuracy after fine-tuning (rope_ntk=False):
  ctx=   512  exact=0.83  first_token=1.00
  ctx=  1024  exact=0.79  first_token=1.00
  ctx=  2048  exact=0.82  first_token=0.98
  ctx=  4096  exact=0.44  first_token=0.55
  ctx=  8192  exact=0.00  first_token=0.01
  ctx= 16384  exact=0.00  first_token=0.00
########## R seed=2
number of parameters: 63.52M
Model type: R | params 63,517,184 | delimiter 764 | device cuda
Fine-tuning for 1500 iters on lengths [256, 512, 768, 1024]:
  iter    1  L=1024 bs=4  loss 8.6793  (0.64s/it)
  iter   10  L= 768 bs=5  loss 1.3741  (0.26s/it)
  iter   20  L= 768 bs=5  loss 1.8983  (0.23s/it)
  iter   30  L= 256 bs=16  loss 1.0976  (0.23s/it)
  iter   40  L= 512 bs=8  loss 1.1592  (0.23s/it)
  iter   50  L= 768 bs=5  loss 0.1591  (0.22s/it)
  iter   60  L= 256 bs=16  loss 1.1391  (0.22s/it)
  iter   70  L= 256 bs=16  loss 0.9257  (0.22s/it)
  iter   80  L= 768 bs=5  loss 2.2569  (0.22s/it)
  iter   90  L=1024 bs=4  loss 1.0346  (0.22s/it)
  iter  100  L=1024 bs=4  loss 0.6765  (0.22s/it)
  iter  110  L= 256 bs=16  loss 2.1622  (0.22s/it)
  iter  120  L= 256 bs=16  loss 1.6797  (0.22s/it)
  iter  130  L= 256 bs=16  loss 1.7658  (0.22s/it)
  iter  140  L= 768 bs=5  loss 0.2025  (0.22s/it)
  iter  150  L= 256 bs=16  loss 1.4215  (0.22s/it)
  iter  160  L= 512 bs=8  loss 1.9519  (0.22s/it)
  iter  170  L= 256 bs=16  loss 1.4850  (0.22s/it)
  iter  180  L= 256 bs=16  loss 1.1905  (0.22s/it)
  iter  190  L=1024 bs=4  loss 1.6357  (0.22s/it)
  iter  200  L=1024 bs=4  loss 0.6129  (0.22s/it)
  iter  210  L=1024 bs=4  loss 2.6765  (0.22s/it)
  iter  220  L= 768 bs=5  loss 2.6847  (0.22s/it)
  iter  230  L=1024 bs=4  loss 1.6478  (0.22s/it)
  iter  240  L= 256 bs=16  loss 1.7761  (0.22s/it)
  iter  250  L= 768 bs=5  loss 2.1491  (0.22s/it)
  iter  260  L= 768 bs=5  loss 1.7849  (0.22s/it)
  iter  270  L=1024 bs=4  loss 0.2233  (0.22s/it)
  iter  280  L=1024 bs=4  loss 0.0177  (0.22s/it)
  iter  290  L= 256 bs=16  loss 1.2437  (0.22s/it)
  iter  300  L= 512 bs=8  loss 1.3107  (0.22s/it)
  iter  310  L= 512 bs=8  loss 1.6401  (0.22s/it)
  iter  320  L= 512 bs=8  loss 0.0940  (0.22s/it)
  iter  330  L= 512 bs=8  loss 0.9523  (0.22s/it)
  iter  340  L= 256 bs=16  loss 0.5048  (0.22s/it)
  iter  350  L=1024 bs=4  loss 1.1595  (0.22s/it)
  iter  360  L= 768 bs=5  loss 1.5957  (0.22s/it)
  iter  370  L= 256 bs=16  loss 1.0073  (0.22s/it)
  iter  380  L= 512 bs=8  loss 0.9201  (0.22s/it)
  iter  390  L= 256 bs=16  loss 1.4061  (0.22s/it)
  iter  400  L=1024 bs=4  loss 0.6593  (0.22s/it)
  iter  410  L= 256 bs=16  loss 1.3029  (0.22s/it)
  iter  420  L= 768 bs=5  loss 1.1489  (0.22s/it)
  iter  430  L= 256 bs=16  loss 1.7148  (0.22s/it)
  iter  440  L= 768 bs=5  loss 2.6968  (0.22s/it)
  iter  450  L=1024 bs=4  loss 0.5371  (0.22s/it)
  iter  460  L= 512 bs=8  loss 0.4979  (0.22s/it)
  iter  470  L= 256 bs=16  loss 1.3904  (0.22s/it)
  iter  480  L= 768 bs=5  loss 0.0014  (0.22s/it)
  iter  490  L= 256 bs=16  loss 1.2556  (0.22s/it)
  iter  500  L=1024 bs=4  loss 0.8588  (0.22s/it)
  iter  510  L= 256 bs=16  loss 0.8857  (0.22s/it)
  iter  520  L= 512 bs=8  loss 1.2218  (0.22s/it)
  iter  530  L= 768 bs=5  loss 0.8811  (0.22s/it)
  iter  540  L=1024 bs=4  loss 1.6570  (0.22s/it)
  iter  550  L=1024 bs=4  loss 0.0941  (0.22s/it)
  iter  560  L= 256 bs=16  loss 0.7531  (0.22s/it)
  iter  570  L= 768 bs=5  loss 0.4635  (0.22s/it)
  iter  580  L= 768 bs=5  loss 0.1017  (0.22s/it)
  iter  590  L= 256 bs=16  loss 1.3228  (0.22s/it)
  iter  600  L=1024 bs=4  loss 1.0169  (0.22s/it)
  iter  610  L= 768 bs=5  loss 1.7555  (0.22s/it)
  iter  620  L=1024 bs=4  loss 0.0193  (0.22s/it)
  iter  630  L=1024 bs=4  loss 0.0961  (0.22s/it)
  iter  640  L= 768 bs=5  loss 1.1107  (0.22s/it)
  iter  650  L= 768 bs=5  loss 1.0749  (0.22s/it)
  iter  660  L= 512 bs=8  loss 0.9770  (0.22s/it)
  iter  670  L= 768 bs=5  loss 0.6275  (0.22s/it)
  iter  680  L= 768 bs=5  loss 1.9159  (0.22s/it)
  iter  690  L=1024 bs=4  loss 3.4086  (0.22s/it)
  iter  700  L= 768 bs=5  loss 0.6032  (0.22s/it)
  iter  710  L=1024 bs=4  loss 0.0089  (0.22s/it)
  iter  720  L=1024 bs=4  loss 1.5328  (0.22s/it)
  iter  730  L=1024 bs=4  loss 0.2382  (0.22s/it)
  iter  740  L= 768 bs=5  loss 2.1550  (0.22s/it)
  iter  750  L= 256 bs=16  loss 1.1386  (0.22s/it)
  iter  760  L= 256 bs=16  loss 0.5994  (0.22s/it)
  iter  770  L=1024 bs=4  loss 1.8739  (0.22s/it)
  iter  780  L= 768 bs=5  loss 0.6078  (0.22s/it)
  iter  790  L= 512 bs=8  loss 0.8235  (0.22s/it)
  iter  800  L= 256 bs=16  loss 0.7475  (0.22s/it)
  iter  810  L=1024 bs=4  loss 0.8376  (0.22s/it)
  iter  820  L= 256 bs=16  loss 0.6162  (0.22s/it)
  iter  830  L= 768 bs=5  loss 1.1701  (0.22s/it)
  iter  840  L= 512 bs=8  loss 1.0522  (0.22s/it)
  iter  850  L= 512 bs=8  loss 1.0785  (0.22s/it)
  iter  860  L= 512 bs=8  loss 1.0233  (0.22s/it)
  iter  870  L= 256 bs=16  loss 1.2583  (0.22s/it)
  iter  880  L= 768 bs=5  loss 0.9503  (0.22s/it)
  iter  890  L= 512 bs=8  loss 0.1686  (0.22s/it)
  iter  900  L=1024 bs=4  loss 1.0807  (0.22s/it)
  iter  910  L= 768 bs=5  loss 0.0231  (0.22s/it)
  iter  920  L= 768 bs=5  loss 1.8613  (0.22s/it)
  iter  930  L= 256 bs=16  loss 0.8688  (0.22s/it)
  iter  940  L=1024 bs=4  loss 1.4787  (0.22s/it)
  iter  950  L= 512 bs=8  loss 1.2753  (0.22s/it)
  iter  960  L=1024 bs=4  loss 1.2816  (0.22s/it)
  iter  970  L=1024 bs=4  loss 0.2945  (0.22s/it)
  iter  980  L= 256 bs=16  loss 0.7298  (0.22s/it)
  iter  990  L= 768 bs=5  loss 1.1946  (0.22s/it)
  iter 1000  L= 768 bs=5  loss 1.6739  (0.22s/it)
  iter 1010  L= 512 bs=8  loss 2.0587  (0.22s/it)
  iter 1020  L=1024 bs=4  loss 0.1089  (0.22s/it)
  iter 1030  L= 256 bs=16  loss 0.8742  (0.22s/it)
  iter 1040  L= 256 bs=16  loss 0.7863  (0.22s/it)
  iter 1050  L= 256 bs=16  loss 0.6312  (0.22s/it)
  iter 1060  L=1024 bs=4  loss 0.3086  (0.22s/it)
  iter 1070  L= 512 bs=8  loss 0.3159  (0.22s/it)
  iter 1080  L= 512 bs=8  loss 0.6371  (0.22s/it)
  iter 1090  L= 256 bs=16  loss 0.2150  (0.22s/it)
  iter 1100  L= 256 bs=16  loss 0.6496  (0.22s/it)
  iter 1110  L=1024 bs=4  loss 0.7948  (0.22s/it)
  iter 1120  L= 256 bs=16  loss 0.9260  (0.22s/it)
  iter 1130  L= 256 bs=16  loss 0.2598  (0.22s/it)
  iter 1140  L= 512 bs=8  loss 0.8237  (0.22s/it)
  iter 1150  L= 256 bs=16  loss 1.1213  (0.22s/it)
  iter 1160  L= 256 bs=16  loss 0.5913  (0.22s/it)
  iter 1170  L=1024 bs=4  loss 0.5466  (0.22s/it)
  iter 1180  L= 512 bs=8  loss 0.4474  (0.22s/it)
  iter 1190  L= 512 bs=8  loss 0.7451  (0.22s/it)
  iter 1200  L= 768 bs=5  loss 0.9645  (0.22s/it)
  iter 1210  L= 256 bs=16  loss 0.3553  (0.22s/it)
  iter 1220  L= 768 bs=5  loss 0.9888  (0.22s/it)
  iter 1230  L= 256 bs=16  loss 0.5529  (0.22s/it)
  iter 1240  L= 768 bs=5  loss 1.3128  (0.22s/it)
  iter 1250  L= 256 bs=16  loss 0.5232  (0.22s/it)
  iter 1260  L= 512 bs=8  loss 0.8061  (0.22s/it)
  iter 1270  L=1024 bs=4  loss 1.9432  (0.22s/it)
  iter 1280  L= 512 bs=8  loss 0.6534  (0.22s/it)
  iter 1290  L=1024 bs=4  loss 1.6523  (0.22s/it)
  iter 1300  L= 256 bs=16  loss 0.9103  (0.22s/it)
  iter 1310  L= 512 bs=8  loss 1.2207  (0.22s/it)
  iter 1320  L= 768 bs=5  loss 1.1853  (0.22s/it)
  iter 1330  L= 256 bs=16  loss 0.3389  (0.22s/it)
  iter 1340  L= 256 bs=16  loss 1.2873  (0.22s/it)
  iter 1350  L=1024 bs=4  loss 1.2622  (0.22s/it)
  iter 1360  L=1024 bs=4  loss 0.0045  (0.22s/it)
  iter 1370  L= 512 bs=8  loss 0.2244  (0.22s/it)
  iter 1380  L=1024 bs=4  loss 0.0922  (0.22s/it)
  iter 1390  L=1024 bs=4  loss 0.6125  (0.22s/it)
  iter 1400  L=1024 bs=4  loss 0.5156  (0.22s/it)
  iter 1410  L= 512 bs=8  loss 0.6301  (0.22s/it)
  iter 1420  L= 256 bs=16  loss 0.6635  (0.22s/it)
  iter 1430  L=1024 bs=4  loss 0.7564  (0.22s/it)
  iter 1440  L= 768 bs=5  loss 0.6627  (0.22s/it)
  iter 1450  L= 512 bs=8  loss 1.2810  (0.22s/it)
  iter 1460  L= 256 bs=16  loss 0.7295  (0.22s/it)
  iter 1470  L= 512 bs=8  loss 0.2486  (0.22s/it)
  iter 1480  L= 768 bs=5  loss 0.6032  (0.22s/it)
  iter 1490  L= 256 bs=16  loss 0.4606  (0.22s/it)
  iter 1500  L=1024 bs=4  loss 0.2387  (0.22s/it)
Passkey accuracy after fine-tuning (rope_ntk=False):
  ctx=   512  exact=0.75  first_token=1.00
  ctx=  1024  exact=0.76  first_token=1.00
  ctx=  2048  exact=0.80  first_token=0.99
  ctx=  4096  exact=0.79  first_token=0.97
  ctx=  8192  exact=0.12  first_token=0.37
  ctx= 16384  exact=0.00  first_token=0.11
########## R s1
number of parameters: 63.52M
Model type: R | params 63,517,184 | delimiter 764 | device cuda
Fine-tuning for 1500 iters on lengths [256, 512, 768, 1024]:
  iter    1  L=1024 bs=4  loss 7.2464  (0.64s/it)
  iter   10  L= 256 bs=16  loss 1.4692  (0.26s/it)
  iter   20  L= 512 bs=8  loss 1.5864  (0.24s/it)
  iter   30  L=1024 bs=4  loss 2.1084  (0.23s/it)
  iter   40  L= 256 bs=16  loss 1.8111  (0.23s/it)
  iter   50  L=1024 bs=4  loss 1.9782  (0.23s/it)
  iter   60  L=1024 bs=4  loss 0.2588  (0.23s/it)
  iter   70  L=1024 bs=4  loss 1.5617  (0.23s/it)
  iter   80  L= 256 bs=16  loss 1.8062  (0.22s/it)
  iter   90  L=1024 bs=4  loss 0.6352  (0.22s/it)
  iter  100  L= 256 bs=16  loss 0.7503  (0.22s/it)
  iter  110  L= 768 bs=5  loss 2.0737  (0.22s/it)
  iter  120  L= 256 bs=16  loss 1.4963  (0.22s/it)
  iter  130  L= 256 bs=16  loss 1.1292  (0.22s/it)
  iter  140  L= 512 bs=8  loss 0.5577  (0.22s/it)
  iter  150  L= 512 bs=8  loss 1.2604  (0.22s/it)
  iter  160  L=1024 bs=4  loss 1.5115  (0.22s/it)
  iter  170  L= 768 bs=5  loss 3.7048  (0.22s/it)
  iter  180  L= 512 bs=8  loss 1.2364  (0.22s/it)
  iter  190  L= 512 bs=8  loss 1.0754  (0.22s/it)
  iter  200  L= 256 bs=16  loss 0.9798  (0.22s/it)
  iter  210  L= 768 bs=5  loss 0.5556  (0.22s/it)
  iter  220  L= 256 bs=16  loss 1.5657  (0.22s/it)
  iter  230  L= 768 bs=5  loss 1.0914  (0.22s/it)
  iter  240  L= 512 bs=8  loss 1.4280  (0.22s/it)
  iter  250  L= 768 bs=5  loss 1.5419  (0.22s/it)
  iter  260  L= 256 bs=16  loss 0.8500  (0.22s/it)
  iter  270  L= 768 bs=5  loss 0.7714  (0.22s/it)
  iter  280  L=1024 bs=4  loss 1.1811  (0.22s/it)
  iter  290  L= 256 bs=16  loss 1.5315  (0.22s/it)
  iter  300  L= 256 bs=16  loss 1.7815  (0.22s/it)
  iter  310  L= 512 bs=8  loss 0.5018  (0.22s/it)
  iter  320  L= 512 bs=8  loss 1.3578  (0.22s/it)
  iter  330  L=1024 bs=4  loss 0.8768  (0.22s/it)
  iter  340  L= 512 bs=8  loss 1.3238  (0.22s/it)
  iter  350  L= 512 bs=8  loss 0.3901  (0.22s/it)
  iter  360  L= 768 bs=5  loss 1.0465  (0.22s/it)
  iter  370  L= 512 bs=8  loss 1.2921  (0.22s/it)
  iter  380  L= 768 bs=5  loss 1.5722  (0.22s/it)
  iter  390  L= 768 bs=5  loss 0.8149  (0.22s/it)
  iter  400  L= 256 bs=16  loss 0.5321  (0.22s/it)
  iter  410  L= 256 bs=16  loss 0.5382  (0.22s/it)
  iter  420  L= 512 bs=8  loss 0.6443  (0.22s/it)
  iter  430  L=1024 bs=4  loss 1.4693  (0.22s/it)
  iter  440  L=1024 bs=4  loss 0.5189  (0.22s/it)
  iter  450  L= 512 bs=8  loss 1.5152  (0.22s/it)
  iter  460  L= 256 bs=16  loss 0.9505  (0.22s/it)
  iter  470  L= 768 bs=5  loss 0.5228  (0.22s/it)
  iter  480  L= 768 bs=5  loss 0.0291  (0.22s/it)
  iter  490  L= 512 bs=8  loss 1.2940  (0.22s/it)
  iter  500  L=1024 bs=4  loss 1.1215  (0.22s/it)
  iter  510  L= 256 bs=16  loss 1.1278  (0.22s/it)
  iter  520  L= 512 bs=8  loss 0.8908  (0.22s/it)
  iter  530  L= 512 bs=8  loss 0.2247  (0.22s/it)
  iter  540  L= 768 bs=5  loss 0.3498  (0.22s/it)
  iter  550  L= 256 bs=16  loss 1.1194  (0.22s/it)
  iter  560  L= 256 bs=16  loss 1.1474  (0.22s/it)
  iter  570  L=1024 bs=4  loss 0.6101  (0.22s/it)
  iter  580  L= 768 bs=5  loss 1.2429  (0.22s/it)
  iter  590  L=1024 bs=4  loss 1.9604  (0.22s/it)
  iter  600  L= 768 bs=5  loss 1.9961  (0.22s/it)
  iter  610  L= 512 bs=8  loss 1.5969  (0.22s/it)
  iter  620  L= 512 bs=8  loss 1.4057  (0.22s/it)
  iter  630  L=1024 bs=4  loss 2.4080  (0.22s/it)
  iter  640  L= 768 bs=5  loss 1.8552  (0.22s/it)
  iter  650  L= 512 bs=8  loss 0.3214  (0.22s/it)
  iter  660  L= 768 bs=5  loss 1.0472  (0.22s/it)
  iter  670  L= 256 bs=16  loss 0.6708  (0.22s/it)
  iter  680  L= 512 bs=8  loss 1.4863  (0.22s/it)
  iter  690  L= 256 bs=16  loss 0.7318  (0.22s/it)
  iter  700  L= 512 bs=8  loss 1.7208  (0.22s/it)
  iter  710  L=1024 bs=4  loss 1.3394  (0.22s/it)
  iter  720  L= 768 bs=5  loss 1.2215  (0.22s/it)
  iter  730  L= 256 bs=16  loss 0.6433  (0.22s/it)
  iter  740  L=1024 bs=4  loss 0.1266  (0.22s/it)
  iter  750  L= 512 bs=8  loss 0.3655  (0.22s/it)
  iter  760  L= 256 bs=16  loss 1.0525  (0.22s/it)
  iter  770  L= 512 bs=8  loss 1.8314  (0.22s/it)
  iter  780  L=1024 bs=4  loss 0.7489  (0.22s/it)
  iter  790  L= 768 bs=5  loss 2.5856  (0.22s/it)
  iter  800  L= 256 bs=16  loss 1.0798  (0.22s/it)
  iter  810  L= 512 bs=8  loss 1.3003  (0.22s/it)
  iter  820  L=1024 bs=4  loss 0.6506  (0.22s/it)
  iter  830  L=1024 bs=4  loss 0.0179  (0.22s/it)
  iter  840  L=1024 bs=4  loss 0.4858  (0.22s/it)
  iter  850  L= 768 bs=5  loss 0.7275  (0.22s/it)
  iter  860  L= 512 bs=8  loss 1.3428  (0.22s/it)
  iter  870  L=1024 bs=4  loss 1.4220  (0.22s/it)
  iter  880  L= 256 bs=16  loss 1.1751  (0.22s/it)
  iter  890  L= 256 bs=16  loss 1.4274  (0.22s/it)
  iter  900  L= 768 bs=5  loss 1.0152  (0.22s/it)
  iter  910  L= 256 bs=16  loss 0.6797  (0.22s/it)
  iter  920  L=1024 bs=4  loss 0.8936  (0.22s/it)
  iter  930  L= 512 bs=8  loss 1.8130  (0.22s/it)
  iter  940  L= 256 bs=16  loss 0.6859  (0.22s/it)
  iter  950  L= 256 bs=16  loss 0.9454  (0.22s/it)
  iter  960  L= 512 bs=8  loss 0.7124  (0.22s/it)
  iter  970  L= 768 bs=5  loss 0.6601  (0.22s/it)
  iter  980  L= 256 bs=16  loss 0.7093  (0.22s/it)
  iter  990  L= 512 bs=8  loss 1.1706  (0.22s/it)
  iter 1000  L= 512 bs=8  loss 0.4884  (0.22s/it)
  iter 1010  L=1024 bs=4  loss 1.6390  (0.22s/it)
  iter 1020  L= 512 bs=8  loss 1.0382  (0.22s/it)
  iter 1030  L= 256 bs=16  loss 0.9358  (0.22s/it)
  iter 1040  L= 768 bs=5  loss 1.1156  (0.22s/it)
  iter 1050  L=1024 bs=4  loss 0.2861  (0.22s/it)
  iter 1060  L= 512 bs=8  loss 0.7823  (0.22s/it)
  iter 1070  L=1024 bs=4  loss 1.0981  (0.22s/it)
  iter 1080  L= 768 bs=5  loss 0.7359  (0.22s/it)
  iter 1090  L= 512 bs=8  loss 0.9355  (0.22s/it)
  iter 1100  L= 512 bs=8  loss 0.8022  (0.22s/it)
  iter 1110  L=1024 bs=4  loss 1.5436  (0.22s/it)
  iter 1120  L= 256 bs=16  loss 1.3436  (0.22s/it)
  iter 1130  L= 768 bs=5  loss 1.2201  (0.22s/it)
  iter 1140  L= 768 bs=5  loss 1.5761  (0.22s/it)
  iter 1150  L= 768 bs=5  loss 1.3794  (0.22s/it)
  iter 1160  L=1024 bs=4  loss 0.6852  (0.22s/it)
  iter 1170  L=1024 bs=4  loss 0.0049  (0.22s/it)
  iter 1180  L= 512 bs=8  loss 0.8357  (0.22s/it)
  iter 1190  L= 256 bs=16  loss 0.3187  (0.22s/it)
  iter 1200  L= 512 bs=8  loss 0.3751  (0.22s/it)
  iter 1210  L= 768 bs=5  loss 0.6898  (0.22s/it)
  iter 1220  L= 256 bs=16  loss 0.7083  (0.22s/it)
  iter 1230  L= 256 bs=16  loss 0.3465  (0.22s/it)
  iter 1240  L= 512 bs=8  loss 1.1759  (0.22s/it)
  iter 1250  L= 256 bs=16  loss 0.4140  (0.22s/it)
  iter 1260  L= 512 bs=8  loss 0.7846  (0.22s/it)
  iter 1270  L= 256 bs=16  loss 0.9464  (0.22s/it)
  iter 1280  L= 256 bs=16  loss 1.6542  (0.22s/it)
  iter 1290  L= 512 bs=8  loss 1.4432  (0.22s/it)
  iter 1300  L= 512 bs=8  loss 1.4401  (0.22s/it)
  iter 1310  L= 256 bs=16  loss 0.5282  (0.22s/it)
  iter 1320  L=1024 bs=4  loss 1.8344  (0.22s/it)
  iter 1330  L= 512 bs=8  loss 0.7556  (0.22s/it)
  iter 1340  L= 256 bs=16  loss 0.9144  (0.22s/it)
  iter 1350  L= 512 bs=8  loss 0.9814  (0.22s/it)
  iter 1360  L= 256 bs=16  loss 1.3350  (0.22s/it)
  iter 1370  L=1024 bs=4  loss 0.6738  (0.22s/it)
  iter 1380  L= 512 bs=8  loss 0.4248  (0.22s/it)
  iter 1390  L=1024 bs=4  loss 0.5768  (0.22s/it)
  iter 1400  L=1024 bs=4  loss 0.1850  (0.22s/it)
  iter 1410  L=1024 bs=4  loss 0.8130  (0.22s/it)
  iter 1420  L= 256 bs=16  loss 1.2719  (0.22s/it)
  iter 1430  L=1024 bs=4  loss 0.0003  (0.22s/it)
  iter 1440  L=1024 bs=4  loss 0.2889  (0.22s/it)
  iter 1450  L= 512 bs=8  loss 1.2921  (0.22s/it)
  iter 1460  L= 256 bs=16  loss 0.5823  (0.22s/it)
  iter 1470  L=1024 bs=4  loss 0.6885  (0.22s/it)
  iter 1480  L= 512 bs=8  loss 0.4212  (0.22s/it)
  iter 1490  L=1024 bs=4  loss 1.5817  (0.22s/it)
  iter 1500  L= 512 bs=8  loss 0.7397  (0.22s/it)
Passkey accuracy after fine-tuning (rope_ntk=False):
  ctx=   512  exact=0.75  first_token=1.00
  ctx=  1024  exact=0.76  first_token=1.00
  ctx=  2048  exact=0.78  first_token=0.98
  ctx=  4096  exact=0.16  first_token=0.38
  ctx=  8192  exact=0.00  first_token=0.02
  ctx= 16384  exact=0.00  first_token=0.01
########## R s2
number of parameters: 63.52M
Model type: R | params 63,517,184 | delimiter 764 | device cuda
Fine-tuning for 1500 iters on lengths [256, 512, 768, 1024]:
  iter    1  L=1024 bs=4  loss 5.9205  (0.68s/it)
  iter   10  L= 256 bs=16  loss 1.2919  (0.26s/it)
  iter   20  L= 512 bs=8  loss 1.4530  (0.24s/it)
  iter   30  L=1024 bs=4  loss 2.2260  (0.23s/it)
  iter   40  L= 256 bs=16  loss 1.9125  (0.23s/it)
  iter   50  L=1024 bs=4  loss 2.0243  (0.23s/it)
  iter   60  L=1024 bs=4  loss 0.5350  (0.23s/it)
  iter   70  L=1024 bs=4  loss 1.2902  (0.23s/it)
  iter   80  L= 256 bs=16  loss 1.7690  (0.22s/it)
  iter   90  L=1024 bs=4  loss 0.5952  (0.22s/it)
  iter  100  L= 256 bs=16  loss 0.8073  (0.22s/it)
  iter  110  L= 768 bs=5  loss 1.7712  (0.22s/it)
  iter  120  L= 256 bs=16  loss 1.5585  (0.22s/it)
  iter  130  L= 256 bs=16  loss 1.1445  (0.22s/it)
  iter  140  L= 512 bs=8  loss 0.8321  (0.22s/it)
  iter  150  L= 512 bs=8  loss 1.3542  (0.22s/it)
  iter  160  L=1024 bs=4  loss 1.5509  (0.22s/it)
  iter  170  L= 768 bs=5  loss 3.8207  (0.22s/it)
  iter  180  L= 512 bs=8  loss 1.3424  (0.22s/it)
  iter  190  L= 512 bs=8  loss 1.1535  (0.22s/it)
  iter  200  L= 256 bs=16  loss 0.9837  (0.22s/it)
  iter  210  L= 768 bs=5  loss 0.5146  (0.22s/it)
  iter  220  L= 256 bs=16  loss 1.6326  (0.22s/it)
  iter  230  L= 768 bs=5  loss 0.7951  (0.22s/it)
  iter  240  L= 512 bs=8  loss 1.2278  (0.22s/it)
  iter  250  L= 768 bs=5  loss 1.5424  (0.22s/it)
  iter  260  L= 256 bs=16  loss 0.8048  (0.22s/it)
  iter  270  L= 768 bs=5  loss 1.1233  (0.22s/it)
  iter  280  L=1024 bs=4  loss 1.4190  (0.22s/it)
  iter  290  L= 256 bs=16  loss 1.6963  (0.22s/it)
  iter  300  L= 256 bs=16  loss 1.8272  (0.22s/it)
  iter  310  L= 512 bs=8  loss 0.4404  (0.22s/it)
  iter  320  L= 512 bs=8  loss 1.5190  (0.22s/it)
  iter  330  L=1024 bs=4  loss 1.3549  (0.22s/it)
  iter  340  L= 512 bs=8  loss 1.4511  (0.22s/it)
  iter  350  L= 512 bs=8  loss 0.4455  (0.22s/it)
  iter  360  L= 768 bs=5  loss 1.0644  (0.22s/it)
  iter  370  L= 512 bs=8  loss 1.3239  (0.22s/it)
  iter  380  L= 768 bs=5  loss 1.8255  (0.22s/it)
  iter  390  L= 768 bs=5  loss 0.8800  (0.22s/it)
  iter  400  L= 256 bs=16  loss 0.5749  (0.22s/it)
  iter  410  L= 256 bs=16  loss 0.4947  (0.22s/it)
  iter  420  L= 512 bs=8  loss 0.5731  (0.22s/it)
  iter  430  L=1024 bs=4  loss 1.4109  (0.22s/it)
  iter  440  L=1024 bs=4  loss 0.5128  (0.22s/it)
  iter  450  L= 512 bs=8  loss 1.8452  (0.22s/it)
  iter  460  L= 256 bs=16  loss 0.8411  (0.22s/it)
  iter  470  L= 768 bs=5  loss 0.5834  (0.22s/it)
  iter  480  L= 768 bs=5  loss 0.0848  (0.22s/it)
  iter  490  L= 512 bs=8  loss 1.0752  (0.22s/it)
  iter  500  L=1024 bs=4  loss 1.3373  (0.22s/it)
  iter  510  L= 256 bs=16  loss 1.3262  (0.22s/it)
  iter  520  L= 512 bs=8  loss 0.7217  (0.22s/it)
  iter  530  L= 512 bs=8  loss 0.3224  (0.22s/it)
  iter  540  L= 768 bs=5  loss 0.4459  (0.22s/it)
  iter  550  L= 256 bs=16  loss 1.0542  (0.22s/it)
  iter  560  L= 256 bs=16  loss 1.0746  (0.22s/it)
  iter  570  L=1024 bs=4  loss 0.7258  (0.22s/it)
  iter  580  L= 768 bs=5  loss 1.6998  (0.22s/it)
  iter  590  L=1024 bs=4  loss 1.8872  (0.22s/it)
  iter  600  L= 768 bs=5  loss 2.0299  (0.22s/it)
  iter  610  L= 512 bs=8  loss 1.8050  (0.22s/it)
  iter  620  L= 512 bs=8  loss 1.6754  (0.22s/it)
  iter  630  L=1024 bs=4  loss 2.9805  (0.22s/it)
  iter  640  L= 768 bs=5  loss 1.8051  (0.22s/it)
  iter  650  L= 512 bs=8  loss 0.3993  (0.22s/it)
  iter  660  L= 768 bs=5  loss 1.0039  (0.22s/it)
  iter  670  L= 256 bs=16  loss 0.7758  (0.22s/it)
  iter  680  L= 512 bs=8  loss 1.4579  (0.22s/it)
  iter  690  L= 256 bs=16  loss 0.8069  (0.22s/it)
  iter  700  L= 512 bs=8  loss 1.7656  (0.22s/it)
  iter  710  L=1024 bs=4  loss 1.5928  (0.22s/it)
  iter  720  L= 768 bs=5  loss 1.4759  (0.22s/it)
  iter  730  L= 256 bs=16  loss 0.5804  (0.22s/it)
  iter  740  L=1024 bs=4  loss 0.4259  (0.22s/it)
  iter  750  L= 512 bs=8  loss 0.3899  (0.22s/it)
  iter  760  L= 256 bs=16  loss 1.0542  (0.22s/it)
  iter  770  L= 512 bs=8  loss 1.8409  (0.22s/it)
  iter  780  L=1024 bs=4  loss 0.8102  (0.22s/it)
  iter  790  L= 768 bs=5  loss 2.5098  (0.22s/it)
  iter  800  L= 256 bs=16  loss 1.1059  (0.22s/it)
  iter  810  L= 512 bs=8  loss 1.2736  (0.22s/it)
  iter  820  L=1024 bs=4  loss 0.7778  (0.22s/it)
  iter  830  L=1024 bs=4  loss 0.0177  (0.22s/it)
  iter  840  L=1024 bs=4  loss 0.6308  (0.22s/it)
  iter  850  L= 768 bs=5  loss 0.8143  (0.22s/it)
  iter  860  L= 512 bs=8  loss 1.5596  (0.22s/it)
  iter  870  L=1024 bs=4  loss 1.7024  (0.22s/it)
  iter  880  L= 256 bs=16  loss 1.2477  (0.22s/it)
  iter  890  L= 256 bs=16  loss 1.4034  (0.22s/it)
  iter  900  L= 768 bs=5  loss 1.1578  (0.22s/it)
  iter  910  L= 256 bs=16  loss 0.7890  (0.22s/it)
  iter  920  L=1024 bs=4  loss 0.9441  (0.22s/it)
  iter  930  L= 512 bs=8  loss 1.8400  (0.22s/it)
  iter  940  L= 256 bs=16  loss 0.7016  (0.22s/it)
  iter  950  L= 256 bs=16  loss 1.1239  (0.22s/it)
  iter  960  L= 512 bs=8  loss 0.6955  (0.22s/it)
  iter  970  L= 768 bs=5  loss 0.8340  (0.22s/it)
  iter  980  L= 256 bs=16  loss 0.7160  (0.22s/it)
  iter  990  L= 512 bs=8  loss 1.2660  (0.22s/it)
  iter 1000  L= 512 bs=8  loss 0.4517  (0.22s/it)
  iter 1010  L=1024 bs=4  loss 1.7172  (0.22s/it)
  iter 1020  L= 512 bs=8  loss 0.9013  (0.22s/it)
  iter 1030  L= 256 bs=16  loss 0.9945  (0.22s/it)
  iter 1040  L= 768 bs=5  loss 1.1148  (0.22s/it)
  iter 1050  L=1024 bs=4  loss 0.3335  (0.22s/it)
  iter 1060  L= 512 bs=8  loss 0.9984  (0.22s/it)
  iter 1070  L=1024 bs=4  loss 0.9475  (0.22s/it)
  iter 1080  L= 768 bs=5  loss 0.8980  (0.22s/it)
  iter 1090  L= 512 bs=8  loss 1.1599  (0.22s/it)
  iter 1100  L= 512 bs=8  loss 0.8545  (0.22s/it)
  iter 1110  L=1024 bs=4  loss 1.7276  (0.22s/it)
  iter 1120  L= 256 bs=16  loss 1.6168  (0.22s/it)
  iter 1130  L= 768 bs=5  loss 1.4169  (0.22s/it)
  iter 1140  L= 768 bs=5  loss 1.4458  (0.22s/it)
  iter 1150  L= 768 bs=5  loss 1.5767  (0.22s/it)
  iter 1160  L=1024 bs=4  loss 0.6562  (0.22s/it)
  iter 1170  L=1024 bs=4  loss 0.0148  (0.22s/it)
  iter 1180  L= 512 bs=8  loss 0.8793  (0.22s/it)
  iter 1190  L= 256 bs=16  loss 0.4279  (0.22s/it)
  iter 1200  L= 512 bs=8  loss 0.5330  (0.22s/it)
  iter 1210  L= 768 bs=5  loss 0.7149  (0.22s/it)
  iter 1220  L= 256 bs=16  loss 0.7367  (0.22s/it)
  iter 1230  L= 256 bs=16  loss 0.3961  (0.22s/it)
  iter 1240  L= 512 bs=8  loss 1.3761  (0.22s/it)
  iter 1250  L= 256 bs=16  loss 0.4774  (0.22s/it)
  iter 1260  L= 512 bs=8  loss 0.8412  (0.22s/it)
  iter 1270  L= 256 bs=16  loss 1.0106  (0.22s/it)
  iter 1280  L= 256 bs=16  loss 1.6916  (0.22s/it)
  iter 1290  L= 512 bs=8  loss 1.5902  (0.22s/it)
  iter 1300  L= 512 bs=8  loss 1.2196  (0.22s/it)
  iter 1310  L= 256 bs=16  loss 0.4963  (0.22s/it)
  iter 1320  L=1024 bs=4  loss 1.5640  (0.22s/it)
  iter 1330  L= 512 bs=8  loss 0.7330  (0.22s/it)
  iter 1340  L= 256 bs=16  loss 0.9927  (0.22s/it)
  iter 1350  L= 512 bs=8  loss 1.0141  (0.22s/it)
  iter 1360  L= 256 bs=16  loss 1.4396  (0.22s/it)
  iter 1370  L=1024 bs=4  loss 0.7818  (0.22s/it)
  iter 1380  L= 512 bs=8  loss 0.5046  (0.22s/it)
  iter 1390  L=1024 bs=4  loss 0.6701  (0.22s/it)
  iter 1400  L=1024 bs=4  loss 0.3565  (0.22s/it)
  iter 1410  L=1024 bs=4  loss 1.0375  (0.22s/it)
  iter 1420  L= 256 bs=16  loss 1.2485  (0.22s/it)
  iter 1430  L=1024 bs=4  loss 0.0004  (0.22s/it)
  iter 1440  L=1024 bs=4  loss 0.4220  (0.22s/it)
  iter 1450  L= 512 bs=8  loss 1.4958  (0.22s/it)
  iter 1460  L= 256 bs=16  loss 0.6628  (0.22s/it)
  iter 1470  L=1024 bs=4  loss 0.8751  (0.22s/it)
  iter 1480  L= 512 bs=8  loss 0.5426  (0.22s/it)
  iter 1490  L=1024 bs=4  loss 1.4121  (0.22s/it)
  iter 1500  L= 512 bs=8  loss 0.9023  (0.22s/it)
Passkey accuracy after fine-tuning (rope_ntk=False):
  ctx=   512  exact=0.74  first_token=1.00
  ctx=  1024  exact=0.73  first_token=1.00
  ctx=  2048  exact=0.74  first_token=0.98
  ctx=  4096  exact=0.63  first_token=0.99
  ctx=  8192  exact=0.02  first_token=0.05
  ctx= 16384  exact=0.00  first_token=0.00
