########## B s1
number of parameters: 63.52M
Model type: B | params 63,517,184 | delimiter 764 | device cuda
Fine-tuning for 1500 iters on lengths [256, 512, 768, 1024]:
  iter    1  L=1024 bs=4  loss 8.2184  (0.53s/it)
  iter   10  L= 256 bs=16  loss 1.5190  (0.21s/it)
  iter   20  L= 512 bs=8  loss 1.4116  (0.19s/it)
  iter   30  L=1024 bs=4  loss 2.2088  (0.18s/it)
  iter   40  L= 256 bs=16  loss 2.0241  (0.18s/it)
  iter   50  L=1024 bs=4  loss 2.3671  (0.18s/it)
  iter   60  L=1024 bs=4  loss 0.2948  (0.18s/it)
  iter   70  L=1024 bs=4  loss 1.5732  (0.17s/it)
  iter   80  L= 256 bs=16  loss 1.7023  (0.17s/it)
  iter   90  L=1024 bs=4  loss 0.6241  (0.17s/it)
  iter  100  L= 256 bs=16  loss 0.7262  (0.17s/it)
  iter  110  L= 768 bs=5  loss 1.9377  (0.17s/it)
  iter  120  L= 256 bs=16  loss 1.4515  (0.17s/it)
  iter  130  L= 256 bs=16  loss 1.1209  (0.17s/it)
  iter  140  L= 512 bs=8  loss 0.6255  (0.17s/it)
  iter  150  L= 512 bs=8  loss 1.2400  (0.17s/it)
  iter  160  L=1024 bs=4  loss 1.5583  (0.17s/it)
  iter  170  L= 768 bs=5  loss 3.9218  (0.17s/it)
  iter  180  L= 512 bs=8  loss 1.4288  (0.17s/it)
  iter  190  L= 512 bs=8  loss 1.1582  (0.17s/it)
  iter  200  L= 256 bs=16  loss 0.9829  (0.17s/it)
  iter  210  L= 768 bs=5  loss 0.5763  (0.17s/it)
  iter  220  L= 256 bs=16  loss 1.6039  (0.17s/it)
  iter  230  L= 768 bs=5  loss 1.3024  (0.17s/it)
  iter  240  L= 512 bs=8  loss 1.4015  (0.17s/it)
  iter  250  L= 768 bs=5  loss 1.3844  (0.17s/it)
  iter  260  L= 256 bs=16  loss 0.8312  (0.17s/it)
  iter  270  L= 768 bs=5  loss 0.8401  (0.17s/it)
  iter  280  L=1024 bs=4  loss 1.2516  (0.17s/it)
  iter  290  L= 256 bs=16  loss 1.6692  (0.17s/it)
  iter  300  L= 256 bs=16  loss 1.7723  (0.17s/it)
  iter  310  L= 512 bs=8  loss 0.4697  (0.17s/it)
  iter  320  L= 512 bs=8  loss 1.4263  (0.17s/it)
  iter  330  L=1024 bs=4  loss 0.8525  (0.17s/it)
  iter  340  L= 512 bs=8  loss 1.5809  (0.17s/it)
  iter  350  L= 512 bs=8  loss 0.4289  (0.17s/it)
  iter  360  L= 768 bs=5  loss 0.9299  (0.17s/it)
  iter  370  L= 512 bs=8  loss 1.2620  (0.17s/it)
  iter  380  L= 768 bs=5  loss 1.6144  (0.17s/it)
  iter  390  L= 768 bs=5  loss 0.8499  (0.17s/it)
  iter  400  L= 256 bs=16  loss 0.6492  (0.17s/it)
  iter  410  L= 256 bs=16  loss 0.6134  (0.17s/it)
  iter  420  L= 512 bs=8  loss 0.6173  (0.17s/it)
  iter  430  L=1024 bs=4  loss 1.5429  (0.17s/it)
  iter  440  L=1024 bs=4  loss 0.6491  (0.17s/it)
  iter  450  L= 512 bs=8  loss 1.6792  (0.17s/it)
  iter  460  L= 256 bs=16  loss 1.0038  (0.17s/it)
  iter  470  L= 768 bs=5  loss 0.5214  (0.17s/it)
  iter  480  L= 768 bs=5  loss 0.1179  (0.17s/it)
  iter  490  L= 512 bs=8  loss 1.2271  (0.17s/it)
  iter  500  L=1024 bs=4  loss 1.0873  (0.17s/it)
  iter  510  L= 256 bs=16  loss 1.2808  (0.17s/it)
  iter  520  L= 512 bs=8  loss 0.9843  (0.17s/it)
  iter  530  L= 512 bs=8  loss 0.3032  (0.17s/it)
  iter  540  L= 768 bs=5  loss 0.3673  (0.17s/it)
  iter  550  L= 256 bs=16  loss 1.0945  (0.17s/it)
  iter  560  L= 256 bs=16  loss 1.1432  (0.17s/it)
  iter  570  L=1024 bs=4  loss 0.6945  (0.17s/it)
  iter  580  L= 768 bs=5  loss 1.5486  (0.17s/it)
  iter  590  L=1024 bs=4  loss 1.7525  (0.17s/it)
  iter  600  L= 768 bs=5  loss 2.1463  (0.17s/it)
  iter  610  L= 512 bs=8  loss 1.6630  (0.17s/it)
  iter  620  L= 512 bs=8  loss 1.5531  (0.17s/it)
  iter  630  L=1024 bs=4  loss 2.4911  (0.17s/it)
  iter  640  L= 768 bs=5  loss 1.8366  (0.17s/it)
  iter  650  L= 512 bs=8  loss 0.4253  (0.17s/it)
  iter  660  L= 768 bs=5  loss 0.9256  (0.17s/it)
  iter  670  L= 256 bs=16  loss 0.6905  (0.17s/it)
  iter  680  L= 512 bs=8  loss 1.5402  (0.17s/it)
  iter  690  L= 256 bs=16  loss 0.7206  (0.17s/it)
  iter  700  L= 512 bs=8  loss 1.7296  (0.17s/it)
  iter  710  L=1024 bs=4  loss 1.4377  (0.17s/it)
  iter  720  L= 768 bs=5  loss 1.2893  (0.17s/it)
  iter  730  L= 256 bs=16  loss 0.6238  (0.17s/it)
  iter  740  L=1024 bs=4  loss 0.2365  (0.17s/it)
  iter  750  L= 512 bs=8  loss 0.3113  (0.17s/it)
  iter  760  L= 256 bs=16  loss 1.0309  (0.17s/it)
  iter  770  L= 512 bs=8  loss 2.0149  (0.17s/it)
  iter  780  L=1024 bs=4  loss 0.6948  (0.17s/it)
  iter  790  L= 768 bs=5  loss 2.8657  (0.17s/it)
  iter  800  L= 256 bs=16  loss 1.1529  (0.17s/it)
  iter  810  L= 512 bs=8  loss 1.2175  (0.17s/it)
  iter  820  L=1024 bs=4  loss 0.7501  (0.17s/it)
  iter  830  L=1024 bs=4  loss 0.0186  (0.17s/it)
  iter  840  L=1024 bs=4  loss 0.5216  (0.17s/it)
  iter  850  L= 768 bs=5  loss 0.7579  (0.17s/it)
  iter  860  L= 512 bs=8  loss 1.4189  (0.17s/it)
  iter  870  L=1024 bs=4  loss 1.8581  (0.17s/it)
  iter  880  L= 256 bs=16  loss 1.3937  (0.17s/it)
  iter  890  L= 256 bs=16  loss 1.4730  (0.17s/it)
  iter  900  L= 768 bs=5  loss 1.3039  (0.17s/it)
  iter  910  L= 256 bs=16  loss 0.7346  (0.17s/it)
  iter  920  L=1024 bs=4  loss 1.0446  (0.17s/it)
  iter  930  L= 512 bs=8  loss 1.9577  (0.17s/it)
  iter  940  L= 256 bs=16  loss 0.7585  (0.17s/it)
  iter  950  L= 256 bs=16  loss 0.9399  (0.17s/it)
  iter  960  L= 512 bs=8  loss 0.7008  (0.17s/it)
  iter  970  L= 768 bs=5  loss 0.8436  (0.17s/it)
  iter  980  L= 256 bs=16  loss 0.8537  (0.17s/it)
  iter  990  L= 512 bs=8  loss 1.3082  (0.17s/it)
  iter 1000  L= 512 bs=8  loss 0.5466  (0.17s/it)
  iter 1010  L=1024 bs=4  loss 1.9544  (0.17s/it)
  iter 1020  L= 512 bs=8  loss 1.0339  (0.17s/it)
  iter 1030  L= 256 bs=16  loss 0.9611  (0.17s/it)
  iter 1040  L= 768 bs=5  loss 1.1118  (0.17s/it)
  iter 1050  L=1024 bs=4  loss 0.3417  (0.17s/it)
  iter 1060  L= 512 bs=8  loss 0.8873  (0.17s/it)
  iter 1070  L=1024 bs=4  loss 1.2755  (0.17s/it)
  iter 1080  L= 768 bs=5  loss 0.8728  (0.17s/it)
  iter 1090  L= 512 bs=8  loss 0.9980  (0.17s/it)
  iter 1100  L= 512 bs=8  loss 0.8447  (0.17s/it)
  iter 1110  L=1024 bs=4  loss 1.7231  (0.17s/it)
  iter 1120  L= 256 bs=16  loss 1.5452  (0.17s/it)
  iter 1130  L= 768 bs=5  loss 1.2447  (0.17s/it)
  iter 1140  L= 768 bs=5  loss 1.4827  (0.17s/it)
  iter 1150  L= 768 bs=5  loss 1.7195  (0.17s/it)
  iter 1160  L=1024 bs=4  loss 0.7178  (0.17s/it)
  iter 1170  L=1024 bs=4  loss 0.0107  (0.17s/it)
  iter 1180  L= 512 bs=8  loss 0.7998  (0.17s/it)
  iter 1190  L= 256 bs=16  loss 0.4220  (0.17s/it)
  iter 1200  L= 512 bs=8  loss 0.5981  (0.17s/it)
  iter 1210  L= 768 bs=5  loss 0.6383  (0.17s/it)
  iter 1220  L= 256 bs=16  loss 0.7591  (0.17s/it)
  iter 1230  L= 256 bs=16  loss 0.4346  (0.17s/it)
  iter 1240  L= 512 bs=8  loss 1.1614  (0.17s/it)
  iter 1250  L= 256 bs=16  loss 0.4416  (0.17s/it)
  iter 1260  L= 512 bs=8  loss 0.7883  (0.17s/it)
  iter 1270  L= 256 bs=16  loss 0.9855  (0.17s/it)
  iter 1280  L= 256 bs=16  loss 1.6719  (0.17s/it)
  iter 1290  L= 512 bs=8  loss 1.5259  (0.17s/it)
  iter 1300  L= 512 bs=8  loss 1.5622  (0.17s/it)
  iter 1310  L= 256 bs=16  loss 0.4917  (0.17s/it)
  iter 1320  L=1024 bs=4  loss 1.7548  (0.17s/it)
  iter 1330  L= 512 bs=8  loss 0.7704  (0.17s/it)
  iter 1340  L= 256 bs=16  loss 0.9957  (0.17s/it)
  iter 1350  L= 512 bs=8  loss 1.0427  (0.17s/it)
  iter 1360  L= 256 bs=16  loss 1.3715  (0.17s/it)
  iter 1370  L=1024 bs=4  loss 0.7298  (0.17s/it)
  iter 1380  L= 512 bs=8  loss 0.4969  (0.17s/it)
  iter 1390  L=1024 bs=4  loss 0.6909  (0.17s/it)
  iter 1400  L=1024 bs=4  loss 0.1738  (0.17s/it)
  iter 1410  L=1024 bs=4  loss 0.7385  (0.17s/it)
  iter 1420  L= 256 bs=16  loss 1.3299  (0.17s/it)
  iter 1430  L=1024 bs=4  loss 0.0007  (0.17s/it)
  iter 1440  L=1024 bs=4  loss 0.4055  (0.17s/it)
  iter 1450  L= 512 bs=8  loss 1.3684  (0.17s/it)
  iter 1460  L= 256 bs=16  loss 0.6000  (0.17s/it)
  iter 1470  L=1024 bs=4  loss 0.8846  (0.17s/it)
  iter 1480  L= 512 bs=8  loss 0.5247  (0.17s/it)
  iter 1490  L=1024 bs=4  loss 1.4578  (0.17s/it)
  iter 1500  L= 512 bs=8  loss 0.7738  (0.17s/it)
Passkey accuracy after fine-tuning (rope_ntk=False):
  ctx=   512  exact=0.70  first_token=1.00
  ctx=  1024  exact=0.76  first_token=1.00
  ctx=  2048  exact=0.74  first_token=0.97
  ctx=  4096  exact=0.02  first_token=0.35
  ctx=  8192  exact=0.00  first_token=0.00
  ctx= 16384  exact=0.00  first_token=0.00
Passkey accuracy after fine-tuning (rope_ntk=True):
  ctx=   512  exact=0.70  first_token=1.00
  ctx=  1024  exact=0.76  first_token=1.00
  ctx=  2048  exact=0.77  first_token=0.98
  ctx=  4096  exact=0.60  first_token=0.94
  ctx=  8192  exact=0.22  first_token=0.62
  ctx= 16384  exact=0.00  first_token=0.03
########## Jm s1
number of parameters: 63.65M
Model type: Jm | params 63,648,768 | delimiter 764 | device cuda
Fine-tuning for 1500 iters on lengths [256, 512, 768, 1024]:
  iter    1  L=1024 bs=4  loss 5.7962  (0.71s/it)
  iter   10  L= 256 bs=16  loss 1.3124  (0.27s/it)
  iter   20  L= 512 bs=8  loss 1.4230  (0.25s/it)
  iter   30  L=1024 bs=4  loss 2.0819  (0.24s/it)
  iter   40  L= 256 bs=16  loss 1.9515  (0.23s/it)
  iter   50  L=1024 bs=4  loss 1.9872  (0.23s/it)
  iter   60  L=1024 bs=4  loss 0.2405  (0.23s/it)
  iter   70  L=1024 bs=4  loss 1.3915  (0.23s/it)
  iter   80  L= 256 bs=16  loss 1.7646  (0.23s/it)
  iter   90  L=1024 bs=4  loss 0.6028  (0.23s/it)
  iter  100  L= 256 bs=16  loss 0.7785  (0.23s/it)
  iter  110  L= 768 bs=5  loss 2.0220  (0.23s/it)
  iter  120  L= 256 bs=16  loss 1.3608  (0.22s/it)
  iter  130  L= 256 bs=16  loss 1.0042  (0.22s/it)
  iter  140  L= 512 bs=8  loss 0.8576  (0.22s/it)
  iter  150  L= 512 bs=8  loss 1.2265  (0.22s/it)
  iter  160  L=1024 bs=4  loss 1.4639  (0.22s/it)
  iter  170  L= 768 bs=5  loss 3.9258  (0.22s/it)
  iter  180  L= 512 bs=8  loss 0.9819  (0.22s/it)
  iter  190  L= 512 bs=8  loss 1.2272  (0.22s/it)
  iter  200  L= 256 bs=16  loss 0.9455  (0.22s/it)
  iter  210  L= 768 bs=5  loss 0.6719  (0.22s/it)
  iter  220  L= 256 bs=16  loss 1.6270  (0.22s/it)
  iter  230  L= 768 bs=5  loss 1.1507  (0.22s/it)
  iter  240  L= 512 bs=8  loss 1.3303  (0.22s/it)
  iter  250  L= 768 bs=5  loss 1.4389  (0.22s/it)
  iter  260  L= 256 bs=16  loss 0.7364  (0.22s/it)
  iter  270  L= 768 bs=5  loss 0.7034  (0.22s/it)
  iter  280  L=1024 bs=4  loss 1.2445  (0.22s/it)
  iter  290  L= 256 bs=16  loss 1.5138  (0.22s/it)
  iter  300  L= 256 bs=16  loss 1.7415  (0.22s/it)
  iter  310  L= 512 bs=8  loss 0.5173  (0.22s/it)
  iter  320  L= 512 bs=8  loss 1.4194  (0.22s/it)
  iter  330  L=1024 bs=4  loss 1.1833  (0.22s/it)
  iter  340  L= 512 bs=8  loss 1.2919  (0.22s/it)
  iter  350  L= 512 bs=8  loss 0.4800  (0.22s/it)
  iter  360  L= 768 bs=5  loss 1.0327  (0.22s/it)
  iter  370  L= 512 bs=8  loss 1.5351  (0.22s/it)
  iter  380  L= 768 bs=5  loss 1.5644  (0.22s/it)
  iter  390  L= 768 bs=5  loss 0.4803  (0.22s/it)
  iter  400  L= 256 bs=16  loss 0.5149  (0.22s/it)
  iter  410  L= 256 bs=16  loss 0.5041  (0.22s/it)
  iter  420  L= 512 bs=8  loss 0.6742  (0.22s/it)
  iter  430  L=1024 bs=4  loss 1.5918  (0.22s/it)
  iter  440  L=1024 bs=4  loss 0.4796  (0.22s/it)
  iter  450  L= 512 bs=8  loss 1.9666  (0.22s/it)
  iter  460  L= 256 bs=16  loss 1.0117  (0.22s/it)
  iter  470  L= 768 bs=5  loss 0.5221  (0.22s/it)
  iter  480  L= 768 bs=5  loss 0.0339  (0.22s/it)
  iter  490  L= 512 bs=8  loss 1.0712  (0.22s/it)
  iter  500  L=1024 bs=4  loss 1.1713  (0.22s/it)
  iter  510  L= 256 bs=16  loss 1.2938  (0.22s/it)
  iter  520  L= 512 bs=8  loss 0.9262  (0.22s/it)
  iter  530  L= 512 bs=8  loss 0.2614  (0.22s/it)
  iter  540  L= 768 bs=5  loss 0.3582  (0.22s/it)
  iter  550  L= 256 bs=16  loss 1.0267  (0.22s/it)
  iter  560  L= 256 bs=16  loss 1.2774  (0.22s/it)
  iter  570  L=1024 bs=4  loss 0.7551  (0.22s/it)
  iter  580  L= 768 bs=5  loss 1.4181  (0.22s/it)
  iter  590  L=1024 bs=4  loss 1.7571  (0.22s/it)
  iter  600  L= 768 bs=5  loss 2.0800  (0.22s/it)
  iter  610  L= 512 bs=8  loss 1.5447  (0.22s/it)
  iter  620  L= 512 bs=8  loss 1.5152  (0.22s/it)
  iter  630  L=1024 bs=4  loss 2.6930  (0.22s/it)
  iter  640  L= 768 bs=5  loss 1.9227  (0.22s/it)
  iter  650  L= 512 bs=8  loss 0.2973  (0.22s/it)
  iter  660  L= 768 bs=5  loss 0.9173  (0.22s/it)
  iter  670  L= 256 bs=16  loss 0.8151  (0.22s/it)
  iter  680  L= 512 bs=8  loss 1.4587  (0.22s/it)
  iter  690  L= 256 bs=16  loss 0.8091  (0.22s/it)
  iter  700  L= 512 bs=8  loss 1.8704  (0.22s/it)
  iter  710  L=1024 bs=4  loss 1.2736  (0.22s/it)
  iter  720  L= 768 bs=5  loss 1.3701  (0.22s/it)
  iter  730  L= 256 bs=16  loss 0.5407  (0.22s/it)
  iter  740  L=1024 bs=4  loss 0.2034  (0.22s/it)
  iter  750  L= 512 bs=8  loss 0.4337  (0.22s/it)
  iter  760  L= 256 bs=16  loss 1.0416  (0.22s/it)
  iter  770  L= 512 bs=8  loss 1.8141  (0.22s/it)
  iter  780  L=1024 bs=4  loss 0.6117  (0.22s/it)
  iter  790  L= 768 bs=5  loss 2.6466  (0.22s/it)
  iter  800  L= 256 bs=16  loss 1.0568  (0.22s/it)
  iter  810  L= 512 bs=8  loss 1.3408  (0.22s/it)
  iter  820  L=1024 bs=4  loss 1.0826  (0.22s/it)
  iter  830  L=1024 bs=4  loss 0.0192  (0.22s/it)
  iter  840  L=1024 bs=4  loss 0.6139  (0.22s/it)
  iter  850  L= 768 bs=5  loss 0.8544  (0.22s/it)
  iter  860  L= 512 bs=8  loss 1.2553  (0.22s/it)
  iter  870  L=1024 bs=4  loss 1.1545  (0.22s/it)
  iter  880  L= 256 bs=16  loss 1.2364  (0.22s/it)
  iter  890  L= 256 bs=16  loss 1.3482  (0.22s/it)
  iter  900  L= 768 bs=5  loss 1.3436  (0.22s/it)
  iter  910  L= 256 bs=16  loss 0.7522  (0.22s/it)
  iter  920  L=1024 bs=4  loss 0.9841  (0.22s/it)
  iter  930  L= 512 bs=8  loss 1.9094  (0.22s/it)
  iter  940  L= 256 bs=16  loss 0.7416  (0.22s/it)
  iter  950  L= 256 bs=16  loss 1.0367  (0.22s/it)
  iter  960  L= 512 bs=8  loss 0.8197  (0.22s/it)
  iter  970  L= 768 bs=5  loss 0.6962  (0.22s/it)
  iter  980  L= 256 bs=16  loss 0.7845  (0.22s/it)
  iter  990  L= 512 bs=8  loss 1.1876  (0.22s/it)
  iter 1000  L= 512 bs=8  loss 0.3926  (0.22s/it)
  iter 1010  L=1024 bs=4  loss 1.8420  (0.22s/it)
  iter 1020  L= 512 bs=8  loss 1.1847  (0.22s/it)
  iter 1030  L= 256 bs=16  loss 0.9621  (0.22s/it)
  iter 1040  L= 768 bs=5  loss 1.1624  (0.22s/it)
  iter 1050  L=1024 bs=4  loss 0.3327  (0.22s/it)
  iter 1060  L= 512 bs=8  loss 0.9041  (0.22s/it)
  iter 1070  L=1024 bs=4  loss 1.1314  (0.22s/it)
  iter 1080  L= 768 bs=5  loss 0.8634  (0.22s/it)
  iter 1090  L= 512 bs=8  loss 1.1207  (0.22s/it)
  iter 1100  L= 512 bs=8  loss 0.8617  (0.22s/it)
  iter 1110  L=1024 bs=4  loss 1.6760  (0.22s/it)
  iter 1120  L= 256 bs=16  loss 1.4578  (0.22s/it)
  iter 1130  L= 768 bs=5  loss 1.4118  (0.22s/it)
  iter 1140  L= 768 bs=5  loss 1.3940  (0.22s/it)
  iter 1150  L= 768 bs=5  loss 1.6206  (0.22s/it)
  iter 1160  L=1024 bs=4  loss 0.6761  (0.22s/it)
  iter 1170  L=1024 bs=4  loss 0.0093  (0.22s/it)
  iter 1180  L= 512 bs=8  loss 0.9982  (0.22s/it)
  iter 1190  L= 256 bs=16  loss 0.4554  (0.22s/it)
  iter 1200  L= 512 bs=8  loss 0.5518  (0.22s/it)
  iter 1210  L= 768 bs=5  loss 0.7038  (0.22s/it)
  iter 1220  L= 256 bs=16  loss 0.7749  (0.22s/it)
  iter 1230  L= 256 bs=16  loss 0.4756  (0.22s/it)
  iter 1240  L= 512 bs=8  loss 1.3053  (0.22s/it)
  iter 1250  L= 256 bs=16  loss 0.4371  (0.22s/it)
  iter 1260  L= 512 bs=8  loss 0.7210  (0.22s/it)
  iter 1270  L= 256 bs=16  loss 1.0653  (0.22s/it)
  iter 1280  L= 256 bs=16  loss 1.6472  (0.22s/it)
  iter 1290  L= 512 bs=8  loss 1.5938  (0.22s/it)
  iter 1300  L= 512 bs=8  loss 1.6283  (0.22s/it)
  iter 1310  L= 256 bs=16  loss 0.4687  (0.22s/it)
  iter 1320  L=1024 bs=4  loss 1.8647  (0.22s/it)
  iter 1330  L= 512 bs=8  loss 0.7199  (0.22s/it)
  iter 1340  L= 256 bs=16  loss 1.0098  (0.22s/it)
  iter 1350  L= 512 bs=8  loss 1.2723  (0.22s/it)
  iter 1360  L= 256 bs=16  loss 1.3313  (0.22s/it)
  iter 1370  L=1024 bs=4  loss 0.8839  (0.22s/it)
  iter 1380  L= 512 bs=8  loss 0.4108  (0.22s/it)
  iter 1390  L=1024 bs=4  loss 0.5930  (0.22s/it)
  iter 1400  L=1024 bs=4  loss 0.1020  (0.22s/it)
  iter 1410  L=1024 bs=4  loss 0.5349  (0.22s/it)
  iter 1420  L= 256 bs=16  loss 1.2229  (0.22s/it)
  iter 1430  L=1024 bs=4  loss 0.0002  (0.22s/it)
  iter 1440  L=1024 bs=4  loss 0.3877  (0.22s/it)
  iter 1450  L= 512 bs=8  loss 1.4137  (0.22s/it)
  iter 1460  L= 256 bs=16  loss 0.6274  (0.22s/it)
  iter 1470  L=1024 bs=4  loss 0.8504  (0.22s/it)
  iter 1480  L= 512 bs=8  loss 0.5256  (0.22s/it)
  iter 1490  L=1024 bs=4  loss 1.7933  (0.22s/it)
  iter 1500  L= 512 bs=8  loss 0.9477  (0.22s/it)
Passkey accuracy after fine-tuning (cross_shift_c=0.0):
  ctx=   512  exact=0.73  first_token=1.00
  ctx=  1024  exact=0.73  first_token=1.00
  ctx=  2048  exact=0.77  first_token=0.99
  ctx=  4096  exact=0.73  first_token=1.00
  ctx=  8192  exact=0.59  first_token=0.97
  ctx= 16384  exact=0.05  first_token=0.17
Passkey accuracy after fine-tuning (cross_shift_c=1.0):
  ctx=   512  exact=0.73  first_token=1.00
  ctx=  1024  exact=0.73  first_token=1.00
  ctx=  2048  exact=0.77  first_token=0.99
  ctx=  4096  exact=0.73  first_token=1.00
  ctx=  8192  exact=0.70  first_token=0.99
  ctx= 16384  exact=0.77  first_token=1.00
Passkey accuracy after fine-tuning (cross_shift_c=1.5):
  ctx=   512  exact=0.73  first_token=1.00
  ctx=  1024  exact=0.73  first_token=1.00
  ctx=  2048  exact=0.77  first_token=0.99
  ctx=  4096  exact=0.74  first_token=1.00
  ctx=  8192  exact=0.71  first_token=0.99
  ctx= 16384  exact=0.77  first_token=1.00
########## Jmr s1
number of parameters: 63.52M
Model type: Jmr | params 63,517,184 | delimiter 764 | device cuda
Fine-tuning for 1500 iters on lengths [256, 512, 768, 1024]:
  iter    1  L=1024 bs=4  loss 10.3809  (0.64s/it)
  iter   10  L= 256 bs=16  loss 2.8541  (0.26s/it)
  iter   20  L= 512 bs=8  loss 1.9981  (0.24s/it)
  iter   30  L=1024 bs=4  loss 2.3082  (0.23s/it)
  iter   40  L= 256 bs=16  loss 2.0250  (0.23s/it)
  iter   50  L=1024 bs=4  loss 2.0608  (0.23s/it)
  iter   60  L=1024 bs=4  loss 0.4167  (0.23s/it)
  iter   70  L=1024 bs=4  loss 1.6710  (0.22s/it)
  iter   80  L= 256 bs=16  loss 1.7109  (0.22s/it)
  iter   90  L=1024 bs=4  loss 0.6324  (0.22s/it)
  iter  100  L= 256 bs=16  loss 0.7378  (0.22s/it)
  iter  110  L= 768 bs=5  loss 2.0724  (0.22s/it)
  iter  120  L= 256 bs=16  loss 1.5734  (0.22s/it)
  iter  130  L= 256 bs=16  loss 1.0613  (0.22s/it)
  iter  140  L= 512 bs=8  loss 0.6320  (0.22s/it)
  iter  150  L= 512 bs=8  loss 1.3257  (0.22s/it)
  iter  160  L=1024 bs=4  loss 1.6007  (0.22s/it)
  iter  170  L= 768 bs=5  loss 3.9944  (0.22s/it)
  iter  180  L= 512 bs=8  loss 1.2390  (0.22s/it)
  iter  190  L= 512 bs=8  loss 1.1186  (0.22s/it)
  iter  200  L= 256 bs=16  loss 0.9701  (0.22s/it)
  iter  210  L= 768 bs=5  loss 0.6890  (0.22s/it)
  iter  220  L= 256 bs=16  loss 1.6709  (0.22s/it)
  iter  230  L= 768 bs=5  loss 1.2966  (0.22s/it)
  iter  240  L= 512 bs=8  loss 1.3613  (0.22s/it)
  iter  250  L= 768 bs=5  loss 1.8062  (0.22s/it)
  iter  260  L= 256 bs=16  loss 0.8379  (0.22s/it)
  iter  270  L= 768 bs=5  loss 0.7738  (0.22s/it)
  iter  280  L=1024 bs=4  loss 1.2563  (0.22s/it)
  iter  290  L= 256 bs=16  loss 1.6843  (0.22s/it)
  iter  300  L= 256 bs=16  loss 1.7846  (0.22s/it)
  iter  310  L= 512 bs=8  loss 0.5369  (0.22s/it)
  iter  320  L= 512 bs=8  loss 1.3665  (0.22s/it)
  iter  330  L=1024 bs=4  loss 0.9995  (0.22s/it)
  iter  340  L= 512 bs=8  loss 1.3136  (0.22s/it)
  iter  350  L= 512 bs=8  loss 0.4714  (0.21s/it)
  iter  360  L= 768 bs=5  loss 1.0888  (0.21s/it)
  iter  370  L= 512 bs=8  loss 1.4495  (0.21s/it)
  iter  380  L= 768 bs=5  loss 1.7239  (0.21s/it)
  iter  390  L= 768 bs=5  loss 0.7497  (0.21s/it)
  iter  400  L= 256 bs=16  loss 0.6147  (0.21s/it)
  iter  410  L= 256 bs=16  loss 0.6144  (0.21s/it)
  iter  420  L= 512 bs=8  loss 0.6289  (0.21s/it)
  iter  430  L=1024 bs=4  loss 1.5579  (0.21s/it)
  iter  440  L=1024 bs=4  loss 0.7790  (0.21s/it)
  iter  450  L= 512 bs=8  loss 1.6772  (0.21s/it)
  iter  460  L= 256 bs=16  loss 1.0498  (0.21s/it)
  iter  470  L= 768 bs=5  loss 0.4982  (0.21s/it)
  iter  480  L= 768 bs=5  loss 0.0925  (0.21s/it)
  iter  490  L= 512 bs=8  loss 1.3410  (0.21s/it)
  iter  500  L=1024 bs=4  loss 1.1412  (0.21s/it)
  iter  510  L= 256 bs=16  loss 1.2572  (0.21s/it)
  iter  520  L= 512 bs=8  loss 1.0268  (0.21s/it)
  iter  530  L= 512 bs=8  loss 0.2366  (0.21s/it)
  iter  540  L= 768 bs=5  loss 0.3219  (0.21s/it)
  iter  550  L= 256 bs=16  loss 1.1413  (0.21s/it)
  iter  560  L= 256 bs=16  loss 1.2056  (0.21s/it)
  iter  570  L=1024 bs=4  loss 0.7481  (0.21s/it)
  iter  580  L= 768 bs=5  loss 1.4711  (0.21s/it)
  iter  590  L=1024 bs=4  loss 1.9651  (0.21s/it)
  iter  600  L= 768 bs=5  loss 1.9344  (0.21s/it)
  iter  610  L= 512 bs=8  loss 1.6913  (0.21s/it)
  iter  620  L= 512 bs=8  loss 1.7413  (0.21s/it)
  iter  630  L=1024 bs=4  loss 2.8513  (0.21s/it)
  iter  640  L= 768 bs=5  loss 1.9150  (0.21s/it)
  iter  650  L= 512 bs=8  loss 0.3907  (0.21s/it)
  iter  660  L= 768 bs=5  loss 0.9401  (0.21s/it)
  iter  670  L= 256 bs=16  loss 0.7313  (0.21s/it)
  iter  680  L= 512 bs=8  loss 1.6486  (0.21s/it)
  iter  690  L= 256 bs=16  loss 0.7784  (0.21s/it)
  iter  700  L= 512 bs=8  loss 1.7402  (0.21s/it)
  iter  710  L=1024 bs=4  loss 1.4880  (0.21s/it)
  iter  720  L= 768 bs=5  loss 1.3975  (0.21s/it)
  iter  730  L= 256 bs=16  loss 0.6784  (0.21s/it)
  iter  740  L=1024 bs=4  loss 0.2974  (0.21s/it)
  iter  750  L= 512 bs=8  loss 0.5020  (0.21s/it)
  iter  760  L= 256 bs=16  loss 1.0910  (0.21s/it)
  iter  770  L= 512 bs=8  loss 2.0998  (0.21s/it)
  iter  780  L=1024 bs=4  loss 0.7292  (0.21s/it)
  iter  790  L= 768 bs=5  loss 2.8373  (0.22s/it)
  iter  800  L= 256 bs=16  loss 1.1784  (0.22s/it)
  iter  810  L= 512 bs=8  loss 1.2986  (0.22s/it)
  iter  820  L=1024 bs=4  loss 0.6015  (0.22s/it)
  iter  830  L=1024 bs=4  loss 0.0238  (0.22s/it)
  iter  840  L=1024 bs=4  loss 0.6372  (0.22s/it)
  iter  850  L= 768 bs=5  loss 0.8037  (0.22s/it)
  iter  860  L= 512 bs=8  loss 1.4169  (0.22s/it)
  iter  870  L=1024 bs=4  loss 1.3649  (0.22s/it)
  iter  880  L= 256 bs=16  loss 1.4250  (0.22s/it)
  iter  890  L= 256 bs=16  loss 1.5237  (0.22s/it)
  iter  900  L= 768 bs=5  loss 1.3917  (0.22s/it)
  iter  910  L= 256 bs=16  loss 0.8081  (0.22s/it)
  iter  920  L=1024 bs=4  loss 1.0853  (0.22s/it)
  iter  930  L= 512 bs=8  loss 2.0328  (0.22s/it)
  iter  940  L= 256 bs=16  loss 0.7608  (0.22s/it)
  iter  950  L= 256 bs=16  loss 1.1197  (0.22s/it)
  iter  960  L= 512 bs=8  loss 0.7093  (0.22s/it)
  iter  970  L= 768 bs=5  loss 0.8198  (0.22s/it)
  iter  980  L= 256 bs=16  loss 0.8041  (0.22s/it)
  iter  990  L= 512 bs=8  loss 1.2305  (0.22s/it)
  iter 1000  L= 512 bs=8  loss 0.5583  (0.22s/it)
  iter 1010  L=1024 bs=4  loss 1.9831  (0.22s/it)
  iter 1020  L= 512 bs=8  loss 1.1478  (0.21s/it)
  iter 1030  L= 256 bs=16  loss 1.0709  (0.22s/it)
  iter 1040  L= 768 bs=5  loss 1.1927  (0.21s/it)
  iter 1050  L=1024 bs=4  loss 0.3001  (0.22s/it)
  iter 1060  L= 512 bs=8  loss 1.0597  (0.22s/it)
  iter 1070  L=1024 bs=4  loss 1.1577  (0.22s/it)
  iter 1080  L= 768 bs=5  loss 0.8446  (0.22s/it)
  iter 1090  L= 512 bs=8  loss 1.2108  (0.22s/it)
  iter 1100  L= 512 bs=8  loss 0.8451  (0.22s/it)
  iter 1110  L=1024 bs=4  loss 1.5450  (0.22s/it)
  iter 1120  L= 256 bs=16  loss 1.5987  (0.22s/it)
  iter 1130  L= 768 bs=5  loss 1.2393  (0.22s/it)
  iter 1140  L= 768 bs=5  loss 1.4510  (0.22s/it)
  iter 1150  L= 768 bs=5  loss 1.5817  (0.22s/it)
  iter 1160  L=1024 bs=4  loss 0.6188  (0.22s/it)
  iter 1170  L=1024 bs=4  loss 0.0103  (0.22s/it)
  iter 1180  L= 512 bs=8  loss 0.9048  (0.22s/it)
  iter 1190  L= 256 bs=16  loss 0.4235  (0.22s/it)
  iter 1200  L= 512 bs=8  loss 0.5859  (0.22s/it)
  iter 1210  L= 768 bs=5  loss 0.6774  (0.22s/it)
  iter 1220  L= 256 bs=16  loss 0.8021  (0.22s/it)
  iter 1230  L= 256 bs=16  loss 0.4339  (0.22s/it)
  iter 1240  L= 512 bs=8  loss 1.2132  (0.22s/it)
  iter 1250  L= 256 bs=16  loss 0.5104  (0.22s/it)
  iter 1260  L= 512 bs=8  loss 0.8105  (0.22s/it)
  iter 1270  L= 256 bs=16  loss 1.0099  (0.22s/it)
  iter 1280  L= 256 bs=16  loss 1.7976  (0.22s/it)
  iter 1290  L= 512 bs=8  loss 1.5643  (0.22s/it)
  iter 1300  L= 512 bs=8  loss 1.3819  (0.22s/it)
  iter 1310  L= 256 bs=16  loss 0.5307  (0.22s/it)
  iter 1320  L=1024 bs=4  loss 1.8185  (0.22s/it)
  iter 1330  L= 512 bs=8  loss 0.7635  (0.22s/it)
  iter 1340  L= 256 bs=16  loss 1.0938  (0.22s/it)
  iter 1350  L= 512 bs=8  loss 1.0921  (0.22s/it)
  iter 1360  L= 256 bs=16  loss 1.3682  (0.22s/it)
  iter 1370  L=1024 bs=4  loss 0.9090  (0.22s/it)
  iter 1380  L= 512 bs=8  loss 0.4796  (0.22s/it)
  iter 1390  L=1024 bs=4  loss 0.8792  (0.22s/it)
  iter 1400  L=1024 bs=4  loss 0.3727  (0.22s/it)
  iter 1410  L=1024 bs=4  loss 0.8320  (0.22s/it)
  iter 1420  L= 256 bs=16  loss 1.4011  (0.22s/it)
  iter 1430  L=1024 bs=4  loss 0.0002  (0.22s/it)
  iter 1440  L=1024 bs=4  loss 0.3950  (0.22s/it)
  iter 1450  L= 512 bs=8  loss 1.4642  (0.22s/it)
  iter 1460  L= 256 bs=16  loss 0.7400  (0.22s/it)
  iter 1470  L=1024 bs=4  loss 0.8698  (0.22s/it)
  iter 1480  L= 512 bs=8  loss 0.5004  (0.22s/it)
  iter 1490  L=1024 bs=4  loss 1.6387  (0.22s/it)
  iter 1500  L= 512 bs=8  loss 0.8571  (0.22s/it)
Passkey accuracy after fine-tuning (cross_shift_c=0.0):
  ctx=   512  exact=0.69  first_token=1.00
  ctx=  1024  exact=0.69  first_token=1.00
  ctx=  2048  exact=0.73  first_token=0.99
  ctx=  4096  exact=0.69  first_token=0.99
  ctx=  8192  exact=0.66  first_token=0.97
  ctx= 16384  exact=0.58  first_token=0.90
Passkey accuracy after fine-tuning (cross_shift_c=1.0):
  ctx=   512  exact=0.69  first_token=1.00
  ctx=  1024  exact=0.69  first_token=1.00
  ctx=  2048  exact=0.73  first_token=0.99
  ctx=  4096  exact=0.69  first_token=0.99
  ctx=  8192  exact=0.68  first_token=0.99
  ctx= 16384  exact=0.76  first_token=0.99
Passkey accuracy after fine-tuning (cross_shift_c=1.5):
  ctx=   512  exact=0.69  first_token=1.00
  ctx=  1024  exact=0.69  first_token=1.00
  ctx=  2048  exact=0.73  first_token=0.99
  ctx=  4096  exact=0.70  first_token=0.99
  ctx=  8192  exact=0.68  first_token=0.99
  ctx= 16384  exact=0.77  first_token=1.00
