########## B ceiling
number of parameters: 63.52M
Model type: B | params 63,517,184 | delimiter 764 | device cuda
Fine-tuning for 5000 iters on lengths [256, 512, 768, 1024]:
  iter    1  L=1024 bs=4  loss 8.2984  (0.55s/it)
  iter   10  L= 256 bs=16  loss 1.2688  (0.20s/it)
  iter   20  L= 512 bs=8  loss 1.3432  (0.18s/it)
  iter   30  L=1024 bs=4  loss 2.4501  (0.18s/it)
  iter   40  L= 256 bs=16  loss 2.0663  (0.17s/it)
  iter   50  L=1024 bs=4  loss 2.1391  (0.17s/it)
  iter   60  L=1024 bs=4  loss 0.4725  (0.17s/it)
  iter   70  L=1024 bs=4  loss 1.2162  (0.17s/it)
  iter   80  L= 256 bs=16  loss 1.8073  (0.17s/it)
  iter   90  L=1024 bs=4  loss 0.5900  (0.17s/it)
  iter  100  L= 256 bs=16  loss 0.8191  (0.17s/it)
  iter  110  L= 768 bs=5  loss 2.2738  (0.17s/it)
  iter  120  L= 256 bs=16  loss 1.2302  (0.17s/it)
  iter  130  L= 256 bs=16  loss 1.1439  (0.17s/it)
  iter  140  L= 512 bs=8  loss 0.9508  (0.17s/it)
  iter  150  L= 512 bs=8  loss 1.0860  (0.17s/it)
  iter  160  L=1024 bs=4  loss 1.1924  (0.17s/it)
  iter  170  L= 768 bs=5  loss 3.7684  (0.17s/it)
  iter  180  L= 512 bs=8  loss 1.2070  (0.17s/it)
  iter  190  L= 512 bs=8  loss 1.1361  (0.17s/it)
  iter  200  L= 256 bs=16  loss 0.8599  (0.17s/it)
  iter  210  L= 768 bs=5  loss 0.4096  (0.17s/it)
  iter  220  L= 256 bs=16  loss 1.4411  (0.17s/it)
  iter  230  L= 768 bs=5  loss 1.4948  (0.17s/it)
  iter  240  L= 512 bs=8  loss 1.1063  (0.17s/it)
  iter  250  L= 768 bs=5  loss 1.4590  (0.17s/it)
  iter  260  L= 256 bs=16  loss 0.5892  (0.17s/it)
  iter  270  L= 768 bs=5  loss 0.8892  (0.17s/it)
  iter  280  L=1024 bs=4  loss 0.9303  (0.17s/it)
  iter  290  L= 256 bs=16  loss 1.6078  (0.17s/it)
  iter  300  L= 256 bs=16  loss 1.5114  (0.17s/it)
  iter  310  L= 512 bs=8  loss 0.3505  (0.17s/it)
  iter  320  L= 512 bs=8  loss 1.2239  (0.17s/it)
  iter  330  L=1024 bs=4  loss 0.9967  (0.17s/it)
  iter  340  L= 512 bs=8  loss 1.2526  (0.17s/it)
  iter  350  L= 512 bs=8  loss 0.3273  (0.17s/it)
  iter  360  L= 768 bs=5  loss 0.6637  (0.17s/it)
  iter  370  L= 512 bs=8  loss 1.2531  (0.17s/it)
  iter  380  L= 768 bs=5  loss 1.6471  (0.17s/it)
  iter  390  L= 768 bs=5  loss 0.8078  (0.17s/it)
  iter  400  L= 256 bs=16  loss 0.4387  (0.17s/it)
  iter  410  L= 256 bs=16  loss 0.4226  (0.17s/it)
  iter  420  L= 512 bs=8  loss 0.6756  (0.17s/it)
  iter  430  L=1024 bs=4  loss 1.3729  (0.17s/it)
  iter  440  L=1024 bs=4  loss 0.3626  (0.17s/it)
  iter  450  L= 512 bs=8  loss 1.7747  (0.17s/it)
  iter  460  L= 256 bs=16  loss 0.7436  (0.17s/it)
  iter  470  L= 768 bs=5  loss 0.4550  (0.17s/it)
  iter  480  L= 768 bs=5  loss 0.1129  (0.17s/it)
  iter  490  L= 512 bs=8  loss 1.0508  (0.17s/it)
  iter  500  L=1024 bs=4  loss 1.0021  (0.17s/it)
  iter  510  L= 256 bs=16  loss 1.1140  (0.17s/it)
  iter  520  L= 512 bs=8  loss 0.8132  (0.17s/it)
  iter  530  L= 512 bs=8  loss 0.3217  (0.17s/it)
  iter  540  L= 768 bs=5  loss 0.1821  (0.17s/it)
  iter  550  L= 256 bs=16  loss 0.9953  (0.17s/it)
  iter  560  L= 256 bs=16  loss 1.2157  (0.17s/it)
  iter  570  L=1024 bs=4  loss 0.2960  (0.17s/it)
  iter  580  L= 768 bs=5  loss 1.1532  (0.17s/it)
  iter  590  L=1024 bs=4  loss 1.7938  (0.17s/it)
  iter  600  L= 768 bs=5  loss 1.9402  (0.17s/it)
  iter  610  L= 512 bs=8  loss 1.4241  (0.17s/it)
  iter  620  L= 512 bs=8  loss 1.5533  (0.17s/it)
  iter  630  L=1024 bs=4  loss 1.7767  (0.17s/it)
  iter  640  L= 768 bs=5  loss 1.3604  (0.17s/it)
  iter  650  L= 512 bs=8  loss 0.1974  (0.17s/it)
  iter  660  L= 768 bs=5  loss 0.7545  (0.17s/it)
  iter  670  L= 256 bs=16  loss 0.5993  (0.17s/it)
  iter  680  L= 512 bs=8  loss 1.5306  (0.17s/it)
  iter  690  L= 256 bs=16  loss 0.6918  (0.17s/it)
  iter  700  L= 512 bs=8  loss 1.6414  (0.17s/it)
  iter  710  L=1024 bs=4  loss 1.2590  (0.17s/it)
  iter  720  L= 768 bs=5  loss 1.0170  (0.17s/it)
  iter  730  L= 256 bs=16  loss 0.5163  (0.17s/it)
  iter  740  L=1024 bs=4  loss 0.1363  (0.17s/it)
  iter  750  L= 512 bs=8  loss 0.3410  (0.17s/it)
  iter  760  L= 256 bs=16  loss 0.9854  (0.17s/it)
  iter  770  L= 512 bs=8  loss 1.4860  (0.17s/it)
  iter  780  L=1024 bs=4  loss 0.6913  (0.17s/it)
  iter  790  L= 768 bs=5  loss 2.4770  (0.17s/it)
  iter  800  L= 256 bs=16  loss 0.8123  (0.17s/it)
  iter  810  L= 512 bs=8  loss 1.3268  (0.17s/it)
  iter  820  L=1024 bs=4  loss 0.3599  (0.17s/it)
  iter  830  L=1024 bs=4  loss 0.0107  (0.17s/it)
  iter  840  L=1024 bs=4  loss 0.2559  (0.17s/it)
  iter  850  L= 768 bs=5  loss 0.7369  (0.17s/it)
  iter  860  L= 512 bs=8  loss 1.1724  (0.17s/it)
  iter  870  L=1024 bs=4  loss 1.5737  (0.17s/it)
  iter  880  L= 256 bs=16  loss 0.9607  (0.17s/it)
  iter  890  L= 256 bs=16  loss 1.1409  (0.17s/it)
  iter  900  L= 768 bs=5  loss 0.8304  (0.17s/it)
  iter  910  L= 256 bs=16  loss 0.5857  (0.17s/it)
  iter  920  L=1024 bs=4  loss 0.6302  (0.17s/it)
  iter  930  L= 512 bs=8  loss 1.3904  (0.17s/it)
  iter  940  L= 256 bs=16  loss 0.5191  (0.17s/it)
  iter  950  L= 256 bs=16  loss 0.7860  (0.17s/it)
  iter  960  L= 512 bs=8  loss 0.6441  (0.17s/it)
  iter  970  L= 768 bs=5  loss 0.2305  (0.17s/it)
  iter  980  L= 256 bs=16  loss 0.5930  (0.17s/it)
  iter  990  L= 512 bs=8  loss 1.2693  (0.17s/it)
  iter 1000  L= 512 bs=8  loss 0.3289  (0.17s/it)
  iter 1010  L=1024 bs=4  loss 1.0385  (0.17s/it)
  iter 1020  L= 512 bs=8  loss 0.7621  (0.17s/it)
  iter 1030  L= 256 bs=16  loss 0.8741  (0.17s/it)
  iter 1040  L= 768 bs=5  loss 1.1656  (0.17s/it)
  iter 1050  L=1024 bs=4  loss 0.3184  (0.17s/it)
  iter 1060  L= 512 bs=8  loss 0.5330  (0.17s/it)
  iter 1070  L=1024 bs=4  loss 0.8967  (0.17s/it)
  iter 1080  L= 768 bs=5  loss 0.8658  (0.17s/it)
  iter 1090  L= 512 bs=8  loss 0.4956  (0.17s/it)
  iter 1100  L= 512 bs=8  loss 0.9219  (0.17s/it)
  iter 1110  L=1024 bs=4  loss 1.3367  (0.17s/it)
  iter 1120  L= 256 bs=16  loss 1.1028  (0.17s/it)
  iter 1130  L= 768 bs=5  loss 0.9529  (0.17s/it)
  iter 1140  L= 768 bs=5  loss 1.3304  (0.17s/it)
  iter 1150  L= 768 bs=5  loss 1.3592  (0.17s/it)
  iter 1160  L=1024 bs=4  loss 0.6294  (0.17s/it)
  iter 1170  L=1024 bs=4  loss 0.0130  (0.17s/it)
  iter 1180  L= 512 bs=8  loss 0.6491  (0.17s/it)
  iter 1190  L= 256 bs=16  loss 0.1654  (0.17s/it)
  iter 1200  L= 512 bs=8  loss 0.1509  (0.17s/it)
  iter 1210  L= 768 bs=5  loss 0.7292  (0.17s/it)
  iter 1220  L= 256 bs=16  loss 0.5013  (0.17s/it)
  iter 1230  L= 256 bs=16  loss 0.2436  (0.17s/it)
  iter 1240  L= 512 bs=8  loss 1.0244  (0.17s/it)
  iter 1250  L= 256 bs=16  loss 0.5228  (0.17s/it)
  iter 1260  L= 512 bs=8  loss 0.7107  (0.17s/it)
  iter 1270  L= 256 bs=16  loss 0.6013  (0.17s/it)
  iter 1280  L= 256 bs=16  loss 1.2004  (0.17s/it)
  iter 1290  L= 512 bs=8  loss 1.2568  (0.17s/it)
  iter 1300  L= 512 bs=8  loss 1.2010  (0.17s/it)
  iter 1310  L= 256 bs=16  loss 0.3713  (0.17s/it)
  iter 1320  L=1024 bs=4  loss 1.5920  (0.17s/it)
  iter 1330  L= 512 bs=8  loss 0.3881  (0.17s/it)
  iter 1340  L= 256 bs=16  loss 0.5322  (0.17s/it)
  iter 1350  L= 512 bs=8  loss 0.8331  (0.17s/it)
  iter 1360  L= 256 bs=16  loss 1.0844  (0.17s/it)
  iter 1370  L=1024 bs=4  loss 0.4748  (0.17s/it)
  iter 1380  L= 512 bs=8  loss 0.2338  (0.17s/it)
  iter 1390  L=1024 bs=4  loss 0.0512  (0.17s/it)
  iter 1400  L=1024 bs=4  loss 0.1235  (0.17s/it)
  iter 1410  L=1024 bs=4  loss 0.6404  (0.17s/it)
  iter 1420  L= 256 bs=16  loss 0.9706  (0.17s/it)
  iter 1430  L=1024 bs=4  loss 0.0001  (0.17s/it)
  iter 1440  L=1024 bs=4  loss 0.1257  (0.17s/it)
  iter 1450  L= 512 bs=8  loss 0.9165  (0.17s/it)
  iter 1460  L= 256 bs=16  loss 0.4064  (0.17s/it)
  iter 1470  L=1024 bs=4  loss 0.4357  (0.17s/it)
  iter 1480  L= 512 bs=8  loss 0.4552  (0.17s/it)
  iter 1490  L=1024 bs=4  loss 0.9034  (0.17s/it)
  iter 1500  L= 512 bs=8  loss 0.6414  (0.17s/it)
  iter 1510  L= 512 bs=8  loss 0.4003  (0.17s/it)
  iter 1520  L=1024 bs=4  loss 1.3416  (0.17s/it)
  iter 1530  L= 256 bs=16  loss 0.1047  (0.17s/it)
  iter 1540  L=1024 bs=4  loss 0.0434  (0.17s/it)
  iter 1550  L=1024 bs=4  loss 0.1241  (0.17s/it)
  iter 1560  L= 256 bs=16  loss 1.3266  (0.17s/it)
  iter 1570  L= 768 bs=5  loss 0.6765  (0.17s/it)
  iter 1580  L=1024 bs=4  loss 1.0710  (0.17s/it)
  iter 1590  L= 256 bs=16  loss 0.3597  (0.17s/it)
  iter 1600  L= 768 bs=5  loss 0.0576  (0.17s/it)
  iter 1610  L= 512 bs=8  loss 1.5311  (0.17s/it)
  iter 1620  L=1024 bs=4  loss 0.9192  (0.17s/it)
  iter 1630  L=1024 bs=4  loss 0.5889  (0.17s/it)
  iter 1640  L= 512 bs=8  loss 0.5014  (0.17s/it)
  iter 1650  L= 512 bs=8  loss 0.4582  (0.17s/it)
  iter 1660  L=1024 bs=4  loss 1.1595  (0.17s/it)
  iter 1670  L= 768 bs=5  loss 0.6389  (0.17s/it)
  iter 1680  L= 256 bs=16  loss 0.3263  (0.17s/it)
  iter 1690  L=1024 bs=4  loss 1.2869  (0.17s/it)
  iter 1700  L= 256 bs=16  loss 0.4288  (0.17s/it)
  iter 1710  L= 256 bs=16  loss 0.7825  (0.17s/it)
  iter 1720  L= 256 bs=16  loss 0.7297  (0.17s/it)
  iter 1730  L=1024 bs=4  loss 0.8562  (0.17s/it)
  iter 1740  L= 512 bs=8  loss 0.0665  (0.17s/it)
  iter 1750  L= 768 bs=5  loss 0.8644  (0.17s/it)
  iter 1760  L= 512 bs=8  loss 0.2626  (0.17s/it)
  iter 1770  L= 512 bs=8  loss 0.9926  (0.17s/it)
  iter 1780  L=1024 bs=4  loss 1.4621  (0.17s/it)
  iter 1790  L= 512 bs=8  loss 1.3145  (0.17s/it)
  iter 1800  L= 512 bs=8  loss 1.1326  (0.17s/it)
  iter 1810  L=1024 bs=4  loss 0.0326  (0.17s/it)
  iter 1820  L= 512 bs=8  loss 1.1371  (0.17s/it)
  iter 1830  L= 768 bs=5  loss 1.3224  (0.17s/it)
  iter 1840  L=1024 bs=4  loss 0.3452  (0.17s/it)
  iter 1850  L= 256 bs=16  loss 0.3741  (0.17s/it)
  iter 1860  L= 768 bs=5  loss 0.2405  (0.17s/it)
  iter 1870  L= 256 bs=16  loss 0.2706  (0.17s/it)
  iter 1880  L=1024 bs=4  loss 0.0050  (0.17s/it)
  iter 1890  L= 512 bs=8  loss 0.4752  (0.17s/it)
  iter 1900  L= 256 bs=16  loss 0.5798  (0.17s/it)
  iter 1910  L= 768 bs=5  loss 0.0206  (0.17s/it)
  iter 1920  L= 768 bs=5  loss 1.0751  (0.17s/it)
  iter 1930  L=1024 bs=4  loss 0.5595  (0.17s/it)
  iter 1940  L=1024 bs=4  loss 1.0294  (0.17s/it)
  iter 1950  L=1024 bs=4  loss 0.4006  (0.17s/it)
  iter 1960  L=1024 bs=4  loss 0.0020  (0.17s/it)
  iter 1970  L= 256 bs=16  loss 0.6936  (0.17s/it)
  iter 1980  L=1024 bs=4  loss 0.0091  (0.17s/it)
  iter 1990  L= 512 bs=8  loss 0.6658  (0.17s/it)
  iter 2000  L= 256 bs=16  loss 0.4102  (0.17s/it)
  iter 2010  L= 256 bs=16  loss 0.5900  (0.17s/it)
  iter 2020  L=1024 bs=4  loss 0.5048  (0.17s/it)
  iter 2030  L=1024 bs=4  loss 0.6776  (0.17s/it)
  iter 2040  L= 512 bs=8  loss 0.3033  (0.17s/it)
  iter 2050  L= 512 bs=8  loss 0.4648  (0.17s/it)
  iter 2060  L= 512 bs=8  loss 0.5467  (0.17s/it)
  iter 2070  L= 512 bs=8  loss 0.0199  (0.17s/it)
  iter 2080  L= 512 bs=8  loss 0.2811  (0.17s/it)
  iter 2090  L=1024 bs=4  loss 1.1411  (0.17s/it)
  iter 2100  L=1024 bs=4  loss 1.1247  (0.17s/it)
  iter 2110  L= 256 bs=16  loss 0.6056  (0.17s/it)
  iter 2120  L= 256 bs=16  loss 0.3053  (0.17s/it)
  iter 2130  L=1024 bs=4  loss 0.6412  (0.17s/it)
  iter 2140  L= 768 bs=5  loss 0.9771  (0.17s/it)
  iter 2150  L= 512 bs=8  loss 0.3444  (0.17s/it)
  iter 2160  L= 512 bs=8  loss 0.3520  (0.17s/it)
  iter 2170  L= 768 bs=5  loss 0.4200  (0.17s/it)
  iter 2180  L= 512 bs=8  loss 0.8581  (0.17s/it)
  iter 2190  L=1024 bs=4  loss 0.0080  (0.17s/it)
  iter 2200  L= 512 bs=8  loss 0.5131  (0.17s/it)
  iter 2210  L= 256 bs=16  loss 0.2507  (0.17s/it)
  iter 2220  L= 256 bs=16  loss 0.6877  (0.17s/it)
  iter 2230  L= 512 bs=8  loss 0.0082  (0.17s/it)
  iter 2240  L= 512 bs=8  loss 0.3308  (0.17s/it)
  iter 2250  L=1024 bs=4  loss 0.0638  (0.17s/it)
  iter 2260  L= 512 bs=8  loss 0.2481  (0.17s/it)
  iter 2270  L= 256 bs=16  loss 0.0285  (0.17s/it)
  iter 2280  L= 512 bs=8  loss 0.1358  (0.17s/it)
  iter 2290  L=1024 bs=4  loss 0.1164  (0.17s/it)
  iter 2300  L= 512 bs=8  loss 0.0761  (0.17s/it)
  iter 2310  L= 256 bs=16  loss 0.2982  (0.17s/it)
  iter 2320  L=1024 bs=4  loss 0.0180  (0.17s/it)
  iter 2330  L= 512 bs=8  loss 0.3871  (0.17s/it)
  iter 2340  L=1024 bs=4  loss 0.5513  (0.17s/it)
  iter 2350  L=1024 bs=4  loss 0.6766  (0.17s/it)
  iter 2360  L= 256 bs=16  loss 0.3461  (0.17s/it)
  iter 2370  L=1024 bs=4  loss 0.0015  (0.17s/it)
  iter 2380  L= 256 bs=16  loss 0.4540  (0.17s/it)
  iter 2390  L= 512 bs=8  loss 1.0563  (0.17s/it)
  iter 2400  L= 512 bs=8  loss 0.4968  (0.17s/it)
  iter 2410  L= 256 bs=16  loss 0.1343  (0.17s/it)
  iter 2420  L= 512 bs=8  loss 0.2034  (0.17s/it)
  iter 2430  L= 768 bs=5  loss 0.6619  (0.17s/it)
  iter 2440  L= 768 bs=5  loss 1.4446  (0.17s/it)
  iter 2450  L=1024 bs=4  loss 0.5387  (0.17s/it)
  iter 2460  L= 256 bs=16  loss 0.2304  (0.17s/it)
  iter 2470  L= 512 bs=8  loss 0.4696  (0.17s/it)
  iter 2480  L= 256 bs=16  loss 0.4438  (0.17s/it)
  iter 2490  L= 256 bs=16  loss 0.4830  (0.17s/it)
  iter 2500  L= 512 bs=8  loss 0.0186  (0.17s/it)
  iter 2510  L= 768 bs=5  loss 0.8610  (0.17s/it)
  iter 2520  L=1024 bs=4  loss 0.0078  (0.17s/it)
  iter 2530  L= 768 bs=5  loss 0.7265  (0.17s/it)
  iter 2540  L= 768 bs=5  loss 0.0937  (0.17s/it)
  iter 2550  L= 512 bs=8  loss 0.5428  (0.17s/it)
  iter 2560  L= 768 bs=5  loss 0.7164  (0.17s/it)
  iter 2570  L=1024 bs=4  loss 0.1902  (0.17s/it)
  iter 2580  L= 512 bs=8  loss 0.3463  (0.17s/it)
  iter 2590  L=1024 bs=4  loss 0.2416  (0.17s/it)
  iter 2600  L= 256 bs=16  loss 0.4730  (0.17s/it)
  iter 2610  L=1024 bs=4  loss 0.5686  (0.17s/it)
  iter 2620  L= 256 bs=16  loss 0.4668  (0.17s/it)
  iter 2630  L= 256 bs=16  loss 0.3761  (0.17s/it)
  iter 2640  L= 512 bs=8  loss 0.0380  (0.17s/it)
  iter 2650  L= 256 bs=16  loss 0.3833  (0.17s/it)
  iter 2660  L= 512 bs=8  loss 0.0408  (0.17s/it)
  iter 2670  L= 256 bs=16  loss 0.1817  (0.17s/it)
  iter 2680  L= 768 bs=5  loss 0.0016  (0.17s/it)
  iter 2690  L= 512 bs=8  loss 1.2239  (0.17s/it)
  iter 2700  L= 768 bs=5  loss 0.0156  (0.17s/it)
  iter 2710  L= 256 bs=16  loss 0.2832  (0.17s/it)
  iter 2720  L= 256 bs=16  loss 0.6333  (0.17s/it)
  iter 2730  L= 768 bs=5  loss 0.7896  (0.17s/it)
  iter 2740  L= 256 bs=16  loss 0.4258  (0.17s/it)
  iter 2750  L= 512 bs=8  loss 0.4967  (0.17s/it)
  iter 2760  L= 512 bs=8  loss 0.7011  (0.17s/it)
  iter 2770  L=1024 bs=4  loss 0.7479  (0.17s/it)
  iter 2780  L=1024 bs=4  loss 1.2214  (0.17s/it)
  iter 2790  L= 512 bs=8  loss 0.6888  (0.17s/it)
  iter 2800  L=1024 bs=4  loss 0.4565  (0.17s/it)
  iter 2810  L= 256 bs=16  loss 0.1978  (0.17s/it)
  iter 2820  L= 256 bs=16  loss 0.5377  (0.17s/it)
  iter 2830  L= 256 bs=16  loss 0.2803  (0.17s/it)
  iter 2840  L= 768 bs=5  loss 0.1273  (0.17s/it)
  iter 2850  L= 256 bs=16  loss 0.4923  (0.17s/it)
  iter 2860  L= 512 bs=8  loss 0.7037  (0.17s/it)
  iter 2870  L= 256 bs=16  loss 0.2625  (0.17s/it)
  iter 2880  L= 256 bs=16  loss 0.2115  (0.17s/it)
  iter 2890  L= 768 bs=5  loss 0.2941  (0.17s/it)
  iter 2900  L= 768 bs=5  loss 0.9828  (0.17s/it)
  iter 2910  L=1024 bs=4  loss 0.0004  (0.17s/it)
  iter 2920  L= 768 bs=5  loss 0.7823  (0.17s/it)
  iter 2930  L=1024 bs=4  loss 0.3204  (0.17s/it)
  iter 2940  L=1024 bs=4  loss 0.5433  (0.17s/it)
  iter 2950  L= 256 bs=16  loss 0.4992  (0.17s/it)
  iter 2960  L= 768 bs=5  loss 0.0763  (0.17s/it)
  iter 2970  L= 768 bs=5  loss 0.4328  (0.17s/it)
  iter 2980  L=1024 bs=4  loss 0.0007  (0.17s/it)
  iter 2990  L= 256 bs=16  loss 0.0273  (0.17s/it)
  iter 3000  L=1024 bs=4  loss 0.0937  (0.17s/it)
  iter 3010  L=1024 bs=4  loss 0.0001  (0.17s/it)
  iter 3020  L= 768 bs=5  loss 1.1154  (0.17s/it)
  iter 3030  L= 768 bs=5  loss 0.4295  (0.17s/it)
  iter 3040  L= 768 bs=5  loss 0.0359  (0.17s/it)
  iter 3050  L=1024 bs=4  loss 0.0417  (0.17s/it)
  iter 3060  L= 768 bs=5  loss 0.2190  (0.17s/it)
  iter 3070  L=1024 bs=4  loss 0.0603  (0.17s/it)
  iter 3080  L= 512 bs=8  loss 0.3684  (0.17s/it)
  iter 3090  L= 256 bs=16  loss 0.4042  (0.17s/it)
  iter 3100  L=1024 bs=4  loss 0.6806  (0.17s/it)
  iter 3110  L=1024 bs=4  loss 0.1633  (0.17s/it)
  iter 3120  L= 512 bs=8  loss 0.1061  (0.17s/it)
  iter 3130  L= 768 bs=5  loss 0.2639  (0.17s/it)
  iter 3140  L= 512 bs=8  loss 0.5044  (0.17s/it)
  iter 3150  L= 768 bs=5  loss 1.1639  (0.17s/it)
  iter 3160  L= 512 bs=8  loss 0.1310  (0.17s/it)
  iter 3170  L= 512 bs=8  loss 0.4310  (0.17s/it)
  iter 3180  L= 768 bs=5  loss 0.4807  (0.17s/it)
  iter 3190  L= 256 bs=16  loss 0.5126  (0.17s/it)
  iter 3200  L= 256 bs=16  loss 0.2480  (0.17s/it)
  iter 3210  L= 768 bs=5  loss 0.2776  (0.17s/it)
  iter 3220  L= 768 bs=5  loss 0.1450  (0.17s/it)
  iter 3230  L=1024 bs=4  loss 0.0065  (0.17s/it)
  iter 3240  L= 256 bs=16  loss 0.1169  (0.17s/it)
  iter 3250  L= 768 bs=5  loss 0.0304  (0.17s/it)
  iter 3260  L= 512 bs=8  loss 0.2277  (0.17s/it)
  iter 3270  L= 512 bs=8  loss 0.2681  (0.17s/it)
  iter 3280  L= 768 bs=5  loss 0.7679  (0.17s/it)
  iter 3290  L= 768 bs=5  loss 0.0491  (0.17s/it)
  iter 3300  L=1024 bs=4  loss 0.1298  (0.17s/it)
  iter 3310  L= 256 bs=16  loss 0.0970  (0.17s/it)
  iter 3320  L= 512 bs=8  loss 0.1678  (0.17s/it)
  iter 3330  L= 512 bs=8  loss 0.1555  (0.17s/it)
  iter 3340  L= 768 bs=5  loss 0.0009  (0.17s/it)
  iter 3350  L=1024 bs=4  loss 0.8571  (0.17s/it)
  iter 3360  L=1024 bs=4  loss 0.2668  (0.17s/it)
  iter 3370  L= 256 bs=16  loss 0.2944  (0.17s/it)
  iter 3380  L= 768 bs=5  loss 1.3601  (0.17s/it)
  iter 3390  L=1024 bs=4  loss 0.0693  (0.17s/it)
  iter 3400  L= 768 bs=5  loss 1.1612  (0.17s/it)
  iter 3410  L= 768 bs=5  loss 0.0040  (0.17s/it)
  iter 3420  L= 256 bs=16  loss 0.4961  (0.17s/it)
  iter 3430  L= 512 bs=8  loss 0.1213  (0.17s/it)
  iter 3440  L= 768 bs=5  loss 0.7900  (0.17s/it)
  iter 3450  L= 512 bs=8  loss 0.2460  (0.17s/it)
  iter 3460  L= 256 bs=16  loss 0.0674  (0.17s/it)
  iter 3470  L= 768 bs=5  loss 0.1842  (0.17s/it)
  iter 3480  L= 768 bs=5  loss 0.4547  (0.17s/it)
  iter 3490  L= 768 bs=5  loss 0.6529  (0.17s/it)
  iter 3500  L= 512 bs=8  loss 0.0801  (0.17s/it)
  iter 3510  L=1024 bs=4  loss 0.1122  (0.17s/it)
  iter 3520  L= 512 bs=8  loss 0.2946  (0.17s/it)
  iter 3530  L= 512 bs=8  loss 0.1351  (0.17s/it)
  iter 3540  L= 768 bs=5  loss 0.2938  (0.17s/it)
  iter 3550  L= 256 bs=16  loss 0.0775  (0.17s/it)
  iter 3560  L= 512 bs=8  loss 0.6458  (0.17s/it)
  iter 3570  L=1024 bs=4  loss 0.0493  (0.17s/it)
  iter 3580  L=1024 bs=4  loss 0.0024  (0.17s/it)
  iter 3590  L= 768 bs=5  loss 0.1538  (0.17s/it)
  iter 3600  L= 512 bs=8  loss 0.3322  (0.17s/it)
  iter 3610  L=1024 bs=4  loss 1.1818  (0.17s/it)
  iter 3620  L= 768 bs=5  loss 0.0003  (0.17s/it)
  iter 3630  L= 256 bs=16  loss 0.1861  (0.17s/it)
  iter 3640  L= 512 bs=8  loss 0.4745  (0.17s/it)
  iter 3650  L= 768 bs=5  loss 0.6249  (0.17s/it)
  iter 3660  L= 256 bs=16  loss 0.2213  (0.17s/it)
  iter 3670  L=1024 bs=4  loss 0.2341  (0.17s/it)
  iter 3680  L= 768 bs=5  loss 0.5849  (0.17s/it)
  iter 3690  L=1024 bs=4  loss 0.0004  (0.17s/it)
  iter 3700  L=1024 bs=4  loss 0.5328  (0.17s/it)
  iter 3710  L=1024 bs=4  loss 0.7171  (0.17s/it)
  iter 3720  L=1024 bs=4  loss 0.1306  (0.17s/it)
  iter 3730  L= 512 bs=8  loss 0.2993  (0.17s/it)
  iter 3740  L= 256 bs=16  loss 0.3488  (0.17s/it)
  iter 3750  L= 512 bs=8  loss 0.0067  (0.17s/it)
  iter 3760  L= 512 bs=8  loss 0.3320  (0.17s/it)
  iter 3770  L= 256 bs=16  loss 0.0095  (0.17s/it)
  iter 3780  L=1024 bs=4  loss 0.0026  (0.17s/it)
  iter 3790  L= 768 bs=5  loss 0.5290  (0.17s/it)
  iter 3800  L= 256 bs=16  loss 0.3019  (0.17s/it)
  iter 3810  L= 768 bs=5  loss 0.0284  (0.17s/it)
  iter 3820  L=1024 bs=4  loss 0.0001  (0.17s/it)
  iter 3830  L=1024 bs=4  loss 0.0126  (0.17s/it)
  iter 3840  L= 256 bs=16  loss 0.0277  (0.17s/it)
  iter 3850  L= 256 bs=16  loss 0.3785  (0.17s/it)
  iter 3860  L=1024 bs=4  loss 0.0875  (0.17s/it)
  iter 3870  L= 768 bs=5  loss 0.0680  (0.17s/it)
  iter 3880  L= 768 bs=5  loss 0.0134  (0.17s/it)
  iter 3890  L= 768 bs=5  loss 0.1193  (0.17s/it)
  iter 3900  L= 512 bs=8  loss 0.0074  (0.17s/it)
  iter 3910  L= 256 bs=16  loss 0.4175  (0.17s/it)
  iter 3920  L=1024 bs=4  loss 1.1633  (0.17s/it)
  iter 3930  L=1024 bs=4  loss 0.0027  (0.17s/it)
  iter 3940  L= 768 bs=5  loss 0.8972  (0.17s/it)
  iter 3950  L= 512 bs=8  loss 0.0061  (0.17s/it)
  iter 3960  L= 256 bs=16  loss 0.4206  (0.17s/it)
  iter 3970  L= 768 bs=5  loss 0.0086  (0.17s/it)
  iter 3980  L=1024 bs=4  loss 1.0814  (0.17s/it)
  iter 3990  L= 512 bs=8  loss 0.4426  (0.17s/it)
  iter 4000  L= 512 bs=8  loss 0.1610  (0.17s/it)
  iter 4010  L=1024 bs=4  loss 0.0656  (0.17s/it)
  iter 4020  L= 768 bs=5  loss 0.0064  (0.17s/it)
  iter 4030  L= 768 bs=5  loss 0.5205  (0.17s/it)
  iter 4040  L=1024 bs=4  loss 0.2285  (0.17s/it)
  iter 4050  L= 768 bs=5  loss 0.7693  (0.17s/it)
  iter 4060  L= 256 bs=16  loss 0.4104  (0.17s/it)
  iter 4070  L= 256 bs=16  loss 0.1454  (0.17s/it)
  iter 4080  L= 256 bs=16  loss 0.0354  (0.17s/it)
  iter 4090  L= 512 bs=8  loss 0.2212  (0.17s/it)
  iter 4100  L=1024 bs=4  loss 0.0427  (0.17s/it)
  iter 4110  L=1024 bs=4  loss 0.0020  (0.17s/it)
  iter 4120  L= 512 bs=8  loss 0.0076  (0.17s/it)
  iter 4130  L= 768 bs=5  loss 0.5055  (0.17s/it)
  iter 4140  L= 768 bs=5  loss 0.0102  (0.17s/it)
  iter 4150  L= 768 bs=5  loss 0.0208  (0.17s/it)
  iter 4160  L= 768 bs=5  loss 0.0247  (0.17s/it)
  iter 4170  L= 512 bs=8  loss 0.1748  (0.17s/it)
  iter 4180  L=1024 bs=4  loss 0.1792  (0.17s/it)
  iter 4190  L= 256 bs=16  loss 0.1743  (0.17s/it)
  iter 4200  L=1024 bs=4  loss 0.0397  (0.17s/it)
  iter 4210  L= 256 bs=16  loss 0.0130  (0.17s/it)
  iter 4220  L=1024 bs=4  loss 0.0023  (0.17s/it)
  iter 4230  L= 512 bs=8  loss 0.2112  (0.17s/it)
  iter 4240  L= 768 bs=5  loss 1.1512  (0.17s/it)
  iter 4250  L= 256 bs=16  loss 0.4180  (0.17s/it)
  iter 4260  L=1024 bs=4  loss 0.2061  (0.17s/it)
  iter 4270  L= 512 bs=8  loss 0.6453  (0.17s/it)
  iter 4280  L=1024 bs=4  loss 0.0596  (0.17s/it)
  iter 4290  L=1024 bs=4  loss 0.0775  (0.17s/it)
  iter 4300  L= 256 bs=16  loss 0.0482  (0.17s/it)
  iter 4310  L= 512 bs=8  loss 0.0866  (0.17s/it)
  iter 4320  L= 256 bs=16  loss 0.1345  (0.17s/it)
  iter 4330  L= 512 bs=8  loss 0.0094  (0.17s/it)
  iter 4340  L= 256 bs=16  loss 0.0909  (0.17s/it)
  iter 4350  L=1024 bs=4  loss 0.3912  (0.17s/it)
  iter 4360  L= 256 bs=16  loss 0.2305  (0.17s/it)
  iter 4370  L= 512 bs=8  loss 0.4185  (0.17s/it)
  iter 4380  L= 256 bs=16  loss 0.0796  (0.17s/it)
  iter 4390  L= 768 bs=5  loss 0.1797  (0.17s/it)
  iter 4400  L= 512 bs=8  loss 0.0292  (0.17s/it)
  iter 4410  L= 768 bs=5  loss 0.2371  (0.17s/it)
  iter 4420  L= 256 bs=16  loss 0.2203  (0.17s/it)
  iter 4430  L= 256 bs=16  loss 0.2830  (0.17s/it)
  iter 4440  L= 512 bs=8  loss 0.2362  (0.17s/it)
  iter 4450  L= 512 bs=8  loss 0.0282  (0.17s/it)
  iter 4460  L= 512 bs=8  loss 0.2315  (0.17s/it)
  iter 4470  L= 256 bs=16  loss 0.1439  (0.17s/it)
  iter 4480  L= 256 bs=16  loss 0.0894  (0.17s/it)
  iter 4490  L= 512 bs=8  loss 0.0081  (0.17s/it)
  iter 4500  L= 256 bs=16  loss 0.1974  (0.17s/it)
  iter 4510  L= 512 bs=8  loss 0.2631  (0.17s/it)
  iter 4520  L=1024 bs=4  loss 0.4516  (0.17s/it)
  iter 4530  L= 768 bs=5  loss 0.7209  (0.17s/it)
  iter 4540  L= 256 bs=16  loss 0.1697  (0.17s/it)
  iter 4550  L= 768 bs=5  loss 0.0019  (0.17s/it)
  iter 4560  L= 256 bs=16  loss 0.0265  (0.17s/it)
  iter 4570  L= 256 bs=16  loss 0.4398  (0.17s/it)
  iter 4580  L= 512 bs=8  loss 0.2998  (0.17s/it)
  iter 4590  L=1024 bs=4  loss 0.1105  (0.17s/it)
  iter 4600  L=1024 bs=4  loss 0.0005  (0.17s/it)
  iter 4610  L= 768 bs=5  loss 0.9642  (0.17s/it)
  iter 4620  L= 256 bs=16  loss 0.1226  (0.17s/it)
  iter 4630  L= 512 bs=8  loss 0.1615  (0.17s/it)
  iter 4640  L=1024 bs=4  loss 0.0025  (0.17s/it)
  iter 4650  L= 256 bs=16  loss 0.2159  (0.17s/it)
  iter 4660  L= 512 bs=8  loss 0.3788  (0.17s/it)
  iter 4670  L=1024 bs=4  loss 0.5712  (0.17s/it)
  iter 4680  L=1024 bs=4  loss 0.0303  (0.17s/it)
  iter 4690  L= 768 bs=5  loss 0.3652  (0.17s/it)
  iter 4700  L=1024 bs=4  loss 0.0001  (0.17s/it)
  iter 4710  L= 256 bs=16  loss 0.3897  (0.17s/it)
  iter 4720  L=1024 bs=4  loss 0.0009  (0.17s/it)
  iter 4730  L= 768 bs=5  loss 0.0068  (0.17s/it)
  iter 4740  L= 768 bs=5  loss 0.5706  (0.17s/it)
  iter 4750  L= 768 bs=5  loss 1.8610  (0.17s/it)
  iter 4760  L= 512 bs=8  loss 0.6163  (0.17s/it)
  iter 4770  L= 256 bs=16  loss 0.3494  (0.17s/it)
  iter 4780  L=1024 bs=4  loss 0.0086  (0.17s/it)
  iter 4790  L= 512 bs=8  loss 0.0180  (0.17s/it)
  iter 4800  L= 256 bs=16  loss 0.0813  (0.17s/it)
  iter 4810  L= 512 bs=8  loss 0.3726  (0.17s/it)
  iter 4820  L= 768 bs=5  loss 0.1276  (0.17s/it)
  iter 4830  L=1024 bs=4  loss 1.0434  (0.17s/it)
  iter 4840  L=1024 bs=4  loss 0.6530  (0.17s/it)
  iter 4850  L= 768 bs=5  loss 0.2825  (0.17s/it)
  iter 4860  L= 512 bs=8  loss 0.1386  (0.17s/it)
  iter 4870  L= 256 bs=16  loss 0.4373  (0.17s/it)
  iter 4880  L= 512 bs=8  loss 0.0111  (0.17s/it)
  iter 4890  L= 768 bs=5  loss 0.4891  (0.17s/it)
  iter 4900  L= 256 bs=16  loss 0.5861  (0.17s/it)
  iter 4910  L=1024 bs=4  loss 0.0504  (0.17s/it)
  iter 4920  L= 256 bs=16  loss 0.0516  (0.17s/it)
  iter 4930  L= 256 bs=16  loss 0.0067  (0.17s/it)
  iter 4940  L=1024 bs=4  loss 0.0128  (0.17s/it)
  iter 4950  L= 768 bs=5  loss 0.4289  (0.17s/it)
  iter 4960  L= 256 bs=16  loss 0.1030  (0.17s/it)
  iter 4970  L= 768 bs=5  loss 0.4460  (0.17s/it)
  iter 4980  L= 256 bs=16  loss 0.3720  (0.17s/it)
  iter 4990  L= 256 bs=16  loss 0.9779  (0.17s/it)
  iter 5000  L= 256 bs=16  loss 0.2636  (0.17s/it)
Passkey accuracy after fine-tuning (rope_ntk=False):
  ctx=   512  exact=0.96  first_token=1.00
  ctx=  1024  exact=0.97  first_token=1.00
  ctx=  2048  exact=0.27  first_token=0.59
  ctx=  4096  exact=0.00  first_token=0.00
  ctx=  8192  exact=0.00  first_token=0.00
  ctx= 16384  exact=0.00  first_token=0.00
Passkey accuracy after fine-tuning (rope_ntk=True):
  ctx=   512  exact=0.96  first_token=1.00
  ctx=  1024  exact=0.97  first_token=1.00
  ctx=  2048  exact=0.94  first_token=0.99
  ctx=  4096  exact=0.11  first_token=0.30
  ctx=  8192  exact=0.00  first_token=0.00
  ctx= 16384  exact=0.00  first_token=0.00
########## Jm ceiling
number of parameters: 63.65M
Model type: Jm | params 63,648,768 | delimiter 764 | device cuda
Fine-tuning for 5000 iters on lengths [256, 512, 768, 1024]:
  iter    1  L=1024 bs=4  loss 7.5792  (0.73s/it)
  iter   10  L= 256 bs=16  loss 1.3083  (0.27s/it)
  iter   20  L= 512 bs=8  loss 1.2246  (0.25s/it)
  iter   30  L=1024 bs=4  loss 2.1178  (0.24s/it)
  iter   40  L= 256 bs=16  loss 1.8625  (0.23s/it)
  iter   50  L=1024 bs=4  loss 2.3854  (0.23s/it)
  iter   60  L=1024 bs=4  loss 0.3763  (0.23s/it)
  iter   70  L=1024 bs=4  loss 1.0267  (0.23s/it)
  iter   80  L= 256 bs=16  loss 1.7406  (0.23s/it)
  iter   90  L=1024 bs=4  loss 0.4555  (0.23s/it)
  iter  100  L= 256 bs=16  loss 0.8565  (0.23s/it)
  iter  110  L= 768 bs=5  loss 2.1739  (0.23s/it)
  iter  120  L= 256 bs=16  loss 1.2332  (0.23s/it)
  iter  130  L= 256 bs=16  loss 1.1507  (0.22s/it)
  iter  140  L= 512 bs=8  loss 0.7560  (0.22s/it)
  iter  150  L= 512 bs=8  loss 1.2070  (0.22s/it)
  iter  160  L=1024 bs=4  loss 1.3494  (0.22s/it)
  iter  170  L= 768 bs=5  loss 3.9268  (0.22s/it)
  iter  180  L= 512 bs=8  loss 1.3724  (0.22s/it)
  iter  190  L= 512 bs=8  loss 0.9734  (0.22s/it)
  iter  200  L= 256 bs=16  loss 0.8317  (0.22s/it)
  iter  210  L= 768 bs=5  loss 0.5659  (0.22s/it)
  iter  220  L= 256 bs=16  loss 1.5539  (0.22s/it)
  iter  230  L= 768 bs=5  loss 1.2257  (0.22s/it)
  iter  240  L= 512 bs=8  loss 1.1918  (0.22s/it)
  iter  250  L= 768 bs=5  loss 1.5381  (0.22s/it)
  iter  260  L= 256 bs=16  loss 0.6837  (0.22s/it)
  iter  270  L= 768 bs=5  loss 0.8722  (0.22s/it)
  iter  280  L=1024 bs=4  loss 1.1205  (0.22s/it)
  iter  290  L= 256 bs=16  loss 1.7263  (0.22s/it)
  iter  300  L= 256 bs=16  loss 1.4799  (0.22s/it)
  iter  310  L= 512 bs=8  loss 0.4091  (0.22s/it)
  iter  320  L= 512 bs=8  loss 1.3139  (0.22s/it)
  iter  330  L=1024 bs=4  loss 0.9883  (0.22s/it)
  iter  340  L= 512 bs=8  loss 1.1850  (0.22s/it)
  iter  350  L= 512 bs=8  loss 0.3171  (0.22s/it)
  iter  360  L= 768 bs=5  loss 0.8550  (0.22s/it)
  iter  370  L= 512 bs=8  loss 1.0520  (0.22s/it)
  iter  380  L= 768 bs=5  loss 1.5372  (0.22s/it)
  iter  390  L= 768 bs=5  loss 0.7077  (0.22s/it)
  iter  400  L= 256 bs=16  loss 0.4480  (0.22s/it)
  iter  410  L= 256 bs=16  loss 0.4190  (0.22s/it)
  iter  420  L= 512 bs=8  loss 0.5814  (0.22s/it)
  iter  430  L=1024 bs=4  loss 1.4719  (0.22s/it)
  iter  440  L=1024 bs=4  loss 0.4880  (0.22s/it)
  iter  450  L= 512 bs=8  loss 1.7063  (0.22s/it)
  iter  460  L= 256 bs=16  loss 0.8268  (0.22s/it)
  iter  470  L= 768 bs=5  loss 0.4516  (0.22s/it)
  iter  480  L= 768 bs=5  loss 0.0556  (0.22s/it)
  iter  490  L= 512 bs=8  loss 1.2490  (0.22s/it)
  iter  500  L=1024 bs=4  loss 1.0331  (0.22s/it)
  iter  510  L= 256 bs=16  loss 1.1370  (0.22s/it)
  iter  520  L= 512 bs=8  loss 0.7740  (0.22s/it)
  iter  530  L= 512 bs=8  loss 0.3225  (0.22s/it)
  iter  540  L= 768 bs=5  loss 0.1624  (0.22s/it)
  iter  550  L= 256 bs=16  loss 1.0288  (0.22s/it)
  iter  560  L= 256 bs=16  loss 1.1709  (0.22s/it)
  iter  570  L=1024 bs=4  loss 0.4971  (0.22s/it)
  iter  580  L= 768 bs=5  loss 1.1771  (0.22s/it)
  iter  590  L=1024 bs=4  loss 1.8372  (0.22s/it)
  iter  600  L= 768 bs=5  loss 1.9888  (0.22s/it)
  iter  610  L= 512 bs=8  loss 1.5028  (0.22s/it)
  iter  620  L= 512 bs=8  loss 1.4827  (0.22s/it)
  iter  630  L=1024 bs=4  loss 1.9630  (0.22s/it)
  iter  640  L= 768 bs=5  loss 1.5132  (0.22s/it)
  iter  650  L= 512 bs=8  loss 0.1886  (0.22s/it)
  iter  660  L= 768 bs=5  loss 0.9157  (0.22s/it)
  iter  670  L= 256 bs=16  loss 0.6346  (0.22s/it)
  iter  680  L= 512 bs=8  loss 1.4882  (0.22s/it)
  iter  690  L= 256 bs=16  loss 0.7426  (0.22s/it)
  iter  700  L= 512 bs=8  loss 1.5517  (0.22s/it)
  iter  710  L=1024 bs=4  loss 1.5405  (0.22s/it)
  iter  720  L= 768 bs=5  loss 1.1468  (0.22s/it)
  iter  730  L= 256 bs=16  loss 0.5882  (0.22s/it)
  iter  740  L=1024 bs=4  loss 0.0504  (0.22s/it)
  iter  750  L= 512 bs=8  loss 0.3198  (0.22s/it)
  iter  760  L= 256 bs=16  loss 0.9740  (0.22s/it)
  iter  770  L= 512 bs=8  loss 1.6887  (0.22s/it)
  iter  780  L=1024 bs=4  loss 0.5460  (0.22s/it)
  iter  790  L= 768 bs=5  loss 2.4384  (0.22s/it)
  iter  800  L= 256 bs=16  loss 0.8173  (0.22s/it)
  iter  810  L= 512 bs=8  loss 1.2905  (0.22s/it)
  iter  820  L=1024 bs=4  loss 0.6911  (0.22s/it)
  iter  830  L=1024 bs=4  loss 0.0207  (0.22s/it)
  iter  840  L=1024 bs=4  loss 0.3652  (0.22s/it)
  iter  850  L= 768 bs=5  loss 0.6714  (0.22s/it)
  iter  860  L= 512 bs=8  loss 1.1684  (0.22s/it)
  iter  870  L=1024 bs=4  loss 1.2949  (0.22s/it)
  iter  880  L= 256 bs=16  loss 1.0137  (0.22s/it)
  iter  890  L= 256 bs=16  loss 1.0616  (0.22s/it)
  iter  900  L= 768 bs=5  loss 0.8488  (0.22s/it)
  iter  910  L= 256 bs=16  loss 0.5958  (0.22s/it)
  iter  920  L=1024 bs=4  loss 0.5769  (0.22s/it)
  iter  930  L= 512 bs=8  loss 1.6621  (0.22s/it)
  iter  940  L= 256 bs=16  loss 0.6059  (0.22s/it)
  iter  950  L= 256 bs=16  loss 0.7602  (0.22s/it)
  iter  960  L= 512 bs=8  loss 0.6925  (0.22s/it)
  iter  970  L= 768 bs=5  loss 0.3343  (0.22s/it)
  iter  980  L= 256 bs=16  loss 0.5266  (0.22s/it)
  iter  990  L= 512 bs=8  loss 1.1857  (0.22s/it)
  iter 1000  L= 512 bs=8  loss 0.2992  (0.22s/it)
  iter 1010  L=1024 bs=4  loss 0.9958  (0.22s/it)
  iter 1020  L= 512 bs=8  loss 0.8623  (0.22s/it)
  iter 1030  L= 256 bs=16  loss 0.7938  (0.22s/it)
  iter 1040  L= 768 bs=5  loss 0.9448  (0.22s/it)
  iter 1050  L=1024 bs=4  loss 0.3693  (0.22s/it)
  iter 1060  L= 512 bs=8  loss 0.6105  (0.22s/it)
  iter 1070  L=1024 bs=4  loss 1.0094  (0.22s/it)
  iter 1080  L= 768 bs=5  loss 0.9798  (0.22s/it)
  iter 1090  L= 512 bs=8  loss 0.6050  (0.22s/it)
  iter 1100  L= 512 bs=8  loss 0.8412  (0.22s/it)
  iter 1110  L=1024 bs=4  loss 0.9536  (0.22s/it)
  iter 1120  L= 256 bs=16  loss 1.1668  (0.22s/it)
  iter 1130  L= 768 bs=5  loss 1.1498  (0.22s/it)
  iter 1140  L= 768 bs=5  loss 1.2379  (0.22s/it)
  iter 1150  L= 768 bs=5  loss 1.2330  (0.22s/it)
  iter 1160  L=1024 bs=4  loss 0.6077  (0.22s/it)
  iter 1170  L=1024 bs=4  loss 0.0016  (0.22s/it)
  iter 1180  L= 512 bs=8  loss 0.7688  (0.22s/it)
  iter 1190  L= 256 bs=16  loss 0.2690  (0.22s/it)
  iter 1200  L= 512 bs=8  loss 0.3067  (0.22s/it)
  iter 1210  L= 768 bs=5  loss 0.6903  (0.22s/it)
  iter 1220  L= 256 bs=16  loss 0.4714  (0.22s/it)
  iter 1230  L= 256 bs=16  loss 0.1834  (0.22s/it)
  iter 1240  L= 512 bs=8  loss 1.0252  (0.22s/it)
  iter 1250  L= 256 bs=16  loss 0.3480  (0.22s/it)
  iter 1260  L= 512 bs=8  loss 0.6411  (0.22s/it)
  iter 1270  L= 256 bs=16  loss 0.6725  (0.22s/it)
  iter 1280  L= 256 bs=16  loss 1.2929  (0.22s/it)
  iter 1290  L= 512 bs=8  loss 1.1915  (0.22s/it)
  iter 1300  L= 512 bs=8  loss 1.1519  (0.22s/it)
  iter 1310  L= 256 bs=16  loss 0.4008  (0.22s/it)
  iter 1320  L=1024 bs=4  loss 1.8541  (0.22s/it)
  iter 1330  L= 512 bs=8  loss 0.5399  (0.22s/it)
  iter 1340  L= 256 bs=16  loss 0.7048  (0.22s/it)
  iter 1350  L= 512 bs=8  loss 0.6106  (0.22s/it)
  iter 1360  L= 256 bs=16  loss 1.0361  (0.22s/it)
  iter 1370  L=1024 bs=4  loss 0.5226  (0.22s/it)
  iter 1380  L= 512 bs=8  loss 0.3053  (0.22s/it)
  iter 1390  L=1024 bs=4  loss 0.0505  (0.22s/it)
  iter 1400  L=1024 bs=4  loss 0.3006  (0.22s/it)
  iter 1410  L=1024 bs=4  loss 0.8104  (0.22s/it)
  iter 1420  L= 256 bs=16  loss 1.0068  (0.22s/it)
  iter 1430  L=1024 bs=4  loss 0.0002  (0.22s/it)
  iter 1440  L=1024 bs=4  loss 0.1519  (0.22s/it)
  iter 1450  L= 512 bs=8  loss 1.0678  (0.22s/it)
  iter 1460  L= 256 bs=16  loss 0.4307  (0.22s/it)
  iter 1470  L=1024 bs=4  loss 0.5200  (0.22s/it)
  iter 1480  L= 512 bs=8  loss 0.5982  (0.22s/it)
  iter 1490  L=1024 bs=4  loss 1.0084  (0.22s/it)
  iter 1500  L= 512 bs=8  loss 0.5457  (0.22s/it)
  iter 1510  L= 512 bs=8  loss 0.4425  (0.22s/it)
  iter 1520  L=1024 bs=4  loss 1.2941  (0.22s/it)
  iter 1530  L= 256 bs=16  loss 0.1934  (0.22s/it)
  iter 1540  L=1024 bs=4  loss 0.2101  (0.22s/it)
  iter 1550  L=1024 bs=4  loss 0.3407  (0.22s/it)
  iter 1560  L= 256 bs=16  loss 1.4139  (0.22s/it)
  iter 1570  L= 768 bs=5  loss 0.6461  (0.22s/it)
  iter 1580  L=1024 bs=4  loss 1.2202  (0.22s/it)
  iter 1590  L= 256 bs=16  loss 0.3484  (0.22s/it)
  iter 1600  L= 768 bs=5  loss 0.1187  (0.22s/it)
  iter 1610  L= 512 bs=8  loss 1.6748  (0.22s/it)
  iter 1620  L=1024 bs=4  loss 0.8091  (0.22s/it)
  iter 1630  L=1024 bs=4  loss 0.5224  (0.22s/it)
  iter 1640  L= 512 bs=8  loss 0.5104  (0.22s/it)
  iter 1650  L= 512 bs=8  loss 0.4669  (0.22s/it)
  iter 1660  L=1024 bs=4  loss 1.2369  (0.22s/it)
  iter 1670  L= 768 bs=5  loss 0.6337  (0.22s/it)
  iter 1680  L= 256 bs=16  loss 0.3686  (0.22s/it)
  iter 1690  L=1024 bs=4  loss 1.4823  (0.22s/it)
  iter 1700  L= 256 bs=16  loss 0.5322  (0.22s/it)
  iter 1710  L= 256 bs=16  loss 0.7897  (0.22s/it)
  iter 1720  L= 256 bs=16  loss 0.7573  (0.22s/it)
  iter 1730  L=1024 bs=4  loss 0.7182  (0.22s/it)
  iter 1740  L= 512 bs=8  loss 0.1177  (0.22s/it)
  iter 1750  L= 768 bs=5  loss 0.8989  (0.22s/it)
  iter 1760  L= 512 bs=8  loss 0.3229  (0.22s/it)
  iter 1770  L= 512 bs=8  loss 0.9437  (0.22s/it)
  iter 1780  L=1024 bs=4  loss 1.4280  (0.22s/it)
  iter 1790  L= 512 bs=8  loss 1.3528  (0.22s/it)
  iter 1800  L= 512 bs=8  loss 1.2692  (0.22s/it)
  iter 1810  L=1024 bs=4  loss 0.0444  (0.22s/it)
  iter 1820  L= 512 bs=8  loss 1.3831  (0.22s/it)
  iter 1830  L= 768 bs=5  loss 1.4168  (0.22s/it)
  iter 1840  L=1024 bs=4  loss 0.4936  (0.22s/it)
  iter 1850  L= 256 bs=16  loss 0.3845  (0.22s/it)
  iter 1860  L= 768 bs=5  loss 0.3854  (0.22s/it)
  iter 1870  L= 256 bs=16  loss 0.2674  (0.22s/it)
  iter 1880  L=1024 bs=4  loss 0.0077  (0.22s/it)
  iter 1890  L= 512 bs=8  loss 0.4307  (0.22s/it)
  iter 1900  L= 256 bs=16  loss 0.5618  (0.22s/it)
  iter 1910  L= 768 bs=5  loss 0.0395  (0.22s/it)
  iter 1920  L= 768 bs=5  loss 1.3060  (0.22s/it)
  iter 1930  L=1024 bs=4  loss 0.5056  (0.22s/it)
  iter 1940  L=1024 bs=4  loss 1.0822  (0.22s/it)
  iter 1950  L=1024 bs=4  loss 0.3810  (0.22s/it)
  iter 1960  L=1024 bs=4  loss 0.0023  (0.22s/it)
  iter 1970  L= 256 bs=16  loss 0.7542  (0.22s/it)
  iter 1980  L=1024 bs=4  loss 0.0010  (0.22s/it)
  iter 1990  L= 512 bs=8  loss 0.5193  (0.22s/it)
  iter 2000  L= 256 bs=16  loss 0.4274  (0.22s/it)
  iter 2010  L= 256 bs=16  loss 0.6171  (0.22s/it)
  iter 2020  L=1024 bs=4  loss 0.4755  (0.22s/it)
  iter 2030  L=1024 bs=4  loss 0.6217  (0.22s/it)
  iter 2040  L= 512 bs=8  loss 0.3493  (0.22s/it)
  iter 2050  L= 512 bs=8  loss 0.4330  (0.22s/it)
  iter 2060  L= 512 bs=8  loss 0.5230  (0.22s/it)
  iter 2070  L= 512 bs=8  loss 0.0178  (0.22s/it)
  iter 2080  L= 512 bs=8  loss 0.3246  (0.22s/it)
  iter 2090  L=1024 bs=4  loss 1.0413  (0.22s/it)
  iter 2100  L=1024 bs=4  loss 1.2080  (0.22s/it)
  iter 2110  L= 256 bs=16  loss 0.6411  (0.22s/it)
  iter 2120  L= 256 bs=16  loss 0.4071  (0.22s/it)
  iter 2130  L=1024 bs=4  loss 0.7934  (0.22s/it)
  iter 2140  L= 768 bs=5  loss 1.2804  (0.22s/it)
  iter 2150  L= 512 bs=8  loss 0.2471  (0.22s/it)
  iter 2160  L= 512 bs=8  loss 0.3265  (0.22s/it)
  iter 2170  L= 768 bs=5  loss 0.3316  (0.22s/it)
  iter 2180  L= 512 bs=8  loss 0.8753  (0.22s/it)
  iter 2190  L=1024 bs=4  loss 0.0037  (0.22s/it)
  iter 2200  L= 512 bs=8  loss 0.4563  (0.22s/it)
  iter 2210  L= 256 bs=16  loss 0.2054  (0.22s/it)
  iter 2220  L= 256 bs=16  loss 0.6708  (0.22s/it)
  iter 2230  L= 512 bs=8  loss 0.0118  (0.22s/it)
  iter 2240  L= 512 bs=8  loss 0.4317  (0.22s/it)
  iter 2250  L=1024 bs=4  loss 0.0829  (0.22s/it)
  iter 2260  L= 512 bs=8  loss 0.4712  (0.22s/it)
  iter 2270  L= 256 bs=16  loss 0.0418  (0.22s/it)
  iter 2280  L= 512 bs=8  loss 0.2338  (0.22s/it)
  iter 2290  L=1024 bs=4  loss 0.1745  (0.22s/it)
  iter 2300  L= 512 bs=8  loss 0.1320  (0.22s/it)
  iter 2310  L= 256 bs=16  loss 0.3306  (0.22s/it)
  iter 2320  L=1024 bs=4  loss 0.1399  (0.22s/it)
  iter 2330  L= 512 bs=8  loss 0.4205  (0.22s/it)
  iter 2340  L=1024 bs=4  loss 0.5617  (0.22s/it)
  iter 2350  L=1024 bs=4  loss 0.7290  (0.22s/it)
  iter 2360  L= 256 bs=16  loss 0.4327  (0.22s/it)
  iter 2370  L=1024 bs=4  loss 0.0028  (0.22s/it)
  iter 2380  L= 256 bs=16  loss 0.4492  (0.22s/it)
  iter 2390  L= 512 bs=8  loss 1.0568  (0.22s/it)
  iter 2400  L= 512 bs=8  loss 0.5434  (0.22s/it)
  iter 2410  L= 256 bs=16  loss 0.2033  (0.22s/it)
  iter 2420  L= 512 bs=8  loss 0.2151  (0.22s/it)
  iter 2430  L= 768 bs=5  loss 0.9498  (0.22s/it)
  iter 2440  L= 768 bs=5  loss 1.4369  (0.22s/it)
  iter 2450  L=1024 bs=4  loss 0.6814  (0.22s/it)
  iter 2460  L= 256 bs=16  loss 0.2692  (0.22s/it)
  iter 2470  L= 512 bs=8  loss 0.5015  (0.22s/it)
  iter 2480  L= 256 bs=16  loss 0.3981  (0.22s/it)
  iter 2490  L= 256 bs=16  loss 0.4914  (0.22s/it)
  iter 2500  L= 512 bs=8  loss 0.0232  (0.22s/it)
  iter 2510  L= 768 bs=5  loss 0.7750  (0.22s/it)
  iter 2520  L=1024 bs=4  loss 0.0124  (0.22s/it)
  iter 2530  L= 768 bs=5  loss 0.6046  (0.22s/it)
  iter 2540  L= 768 bs=5  loss 0.1329  (0.22s/it)
  iter 2550  L= 512 bs=8  loss 0.6092  (0.22s/it)
  iter 2560  L= 768 bs=5  loss 0.7571  (0.22s/it)
  iter 2570  L=1024 bs=4  loss 0.0925  (0.22s/it)
  iter 2580  L= 512 bs=8  loss 0.5037  (0.22s/it)
  iter 2590  L=1024 bs=4  loss 0.1593  (0.22s/it)
  iter 2600  L= 256 bs=16  loss 0.5087  (0.22s/it)
  iter 2610  L=1024 bs=4  loss 0.4288  (0.22s/it)
  iter 2620  L= 256 bs=16  loss 0.5107  (0.22s/it)
  iter 2630  L= 256 bs=16  loss 0.3711  (0.22s/it)
  iter 2640  L= 512 bs=8  loss 0.0812  (0.22s/it)
  iter 2650  L= 256 bs=16  loss 0.4190  (0.22s/it)
  iter 2660  L= 512 bs=8  loss 0.0411  (0.22s/it)
  iter 2670  L= 256 bs=16  loss 0.2035  (0.22s/it)
  iter 2680  L= 768 bs=5  loss 0.0026  (0.22s/it)
  iter 2690  L= 512 bs=8  loss 1.2712  (0.22s/it)
  iter 2700  L= 768 bs=5  loss 0.0292  (0.22s/it)
  iter 2710  L= 256 bs=16  loss 0.2866  (0.22s/it)
  iter 2720  L= 256 bs=16  loss 0.6626  (0.22s/it)
  iter 2730  L= 768 bs=5  loss 0.8292  (0.22s/it)
  iter 2740  L= 256 bs=16  loss 0.3630  (0.22s/it)
  iter 2750  L= 512 bs=8  loss 0.5903  (0.22s/it)
  iter 2760  L= 512 bs=8  loss 0.7972  (0.22s/it)
  iter 2770  L=1024 bs=4  loss 1.0847  (0.22s/it)
  iter 2780  L=1024 bs=4  loss 1.1372  (0.22s/it)
  iter 2790  L= 512 bs=8  loss 0.8511  (0.22s/it)
  iter 2800  L=1024 bs=4  loss 0.5661  (0.22s/it)
  iter 2810  L= 256 bs=16  loss 0.3146  (0.22s/it)
  iter 2820  L= 256 bs=16  loss 0.6287  (0.22s/it)
  iter 2830  L= 256 bs=16  loss 0.2943  (0.22s/it)
  iter 2840  L= 768 bs=5  loss 0.3929  (0.22s/it)
  iter 2850  L= 256 bs=16  loss 0.5202  (0.22s/it)
  iter 2860  L= 512 bs=8  loss 0.9160  (0.22s/it)
  iter 2870  L= 256 bs=16  loss 0.2471  (0.22s/it)
  iter 2880  L= 256 bs=16  loss 0.2435  (0.22s/it)
  iter 2890  L= 768 bs=5  loss 0.2584  (0.22s/it)
  iter 2900  L= 768 bs=5  loss 0.8426  (0.22s/it)
  iter 2910  L=1024 bs=4  loss 0.0003  (0.22s/it)
  iter 2920  L= 768 bs=5  loss 0.7764  (0.22s/it)
  iter 2930  L=1024 bs=4  loss 0.3860  (0.22s/it)
  iter 2940  L=1024 bs=4  loss 0.4169  (0.22s/it)
  iter 2950  L= 256 bs=16  loss 0.4559  (0.22s/it)
  iter 2960  L= 768 bs=5  loss 0.0573  (0.22s/it)
  iter 2970  L= 768 bs=5  loss 0.4954  (0.22s/it)
  iter 2980  L=1024 bs=4  loss 0.0006  (0.22s/it)
  iter 2990  L= 256 bs=16  loss 0.0307  (0.22s/it)
  iter 3000  L=1024 bs=4  loss 0.1156  (0.22s/it)
  iter 3010  L=1024 bs=4  loss 0.0000  (0.22s/it)
  iter 3020  L= 768 bs=5  loss 1.2288  (0.22s/it)
  iter 3030  L= 768 bs=5  loss 0.4181  (0.22s/it)
  iter 3040  L= 768 bs=5  loss 0.0191  (0.22s/it)
  iter 3050  L=1024 bs=4  loss 0.0571  (0.22s/it)
  iter 3060  L= 768 bs=5  loss 0.3636  (0.22s/it)
  iter 3070  L=1024 bs=4  loss 0.1190  (0.22s/it)
  iter 3080  L= 512 bs=8  loss 0.4928  (0.22s/it)
  iter 3090  L= 256 bs=16  loss 0.5055  (0.22s/it)
  iter 3100  L=1024 bs=4  loss 0.6010  (0.22s/it)
  iter 3110  L=1024 bs=4  loss 0.3320  (0.22s/it)
  iter 3120  L= 512 bs=8  loss 0.1409  (0.22s/it)
  iter 3130  L= 768 bs=5  loss 0.1353  (0.22s/it)
  iter 3140  L= 512 bs=8  loss 0.5922  (0.22s/it)
  iter 3150  L= 768 bs=5  loss 1.5079  (0.22s/it)
  iter 3160  L= 512 bs=8  loss 0.1076  (0.22s/it)
  iter 3170  L= 512 bs=8  loss 0.4955  (0.22s/it)
  iter 3180  L= 768 bs=5  loss 0.5011  (0.22s/it)
  iter 3190  L= 256 bs=16  loss 0.6583  (0.22s/it)
  iter 3200  L= 256 bs=16  loss 0.2690  (0.22s/it)
  iter 3210  L= 768 bs=5  loss 0.1960  (0.22s/it)
  iter 3220  L= 768 bs=5  loss 0.1307  (0.22s/it)
  iter 3230  L=1024 bs=4  loss 0.0029  (0.22s/it)
  iter 3240  L= 256 bs=16  loss 0.1641  (0.22s/it)
  iter 3250  L= 768 bs=5  loss 0.0556  (0.22s/it)
  iter 3260  L= 512 bs=8  loss 0.3052  (0.22s/it)
  iter 3270  L= 512 bs=8  loss 0.4161  (0.22s/it)
  iter 3280  L= 768 bs=5  loss 0.8422  (0.22s/it)
  iter 3290  L= 768 bs=5  loss 0.0498  (0.22s/it)
  iter 3300  L=1024 bs=4  loss 0.2435  (0.22s/it)
  iter 3310  L= 256 bs=16  loss 0.1265  (0.22s/it)
  iter 3320  L= 512 bs=8  loss 0.1887  (0.22s/it)
  iter 3330  L= 512 bs=8  loss 0.2524  (0.22s/it)
  iter 3340  L= 768 bs=5  loss 0.0009  (0.22s/it)
  iter 3350  L=1024 bs=4  loss 1.2906  (0.22s/it)
  iter 3360  L=1024 bs=4  loss 0.3628  (0.22s/it)
  iter 3370  L= 256 bs=16  loss 0.3802  (0.22s/it)
  iter 3380  L= 768 bs=5  loss 1.3975  (0.22s/it)
  iter 3390  L=1024 bs=4  loss 0.1551  (0.22s/it)
  iter 3400  L= 768 bs=5  loss 1.8707  (0.22s/it)
  iter 3410  L= 768 bs=5  loss 0.0050  (0.22s/it)
  iter 3420  L= 256 bs=16  loss 0.5183  (0.22s/it)
  iter 3430  L= 512 bs=8  loss 0.1870  (0.22s/it)
  iter 3440  L= 768 bs=5  loss 0.9345  (0.22s/it)
  iter 3450  L= 512 bs=8  loss 0.2791  (0.22s/it)
  iter 3460  L= 256 bs=16  loss 0.0828  (0.22s/it)
  iter 3470  L= 768 bs=5  loss 0.2020  (0.22s/it)
  iter 3480  L= 768 bs=5  loss 0.5765  (0.22s/it)
  iter 3490  L= 768 bs=5  loss 0.5218  (0.22s/it)
  iter 3500  L= 512 bs=8  loss 0.0996  (0.22s/it)
  iter 3510  L=1024 bs=4  loss 0.1862  (0.22s/it)
  iter 3520  L= 512 bs=8  loss 0.3626  (0.22s/it)
  iter 3530  L= 512 bs=8  loss 0.2399  (0.22s/it)
  iter 3540  L= 768 bs=5  loss 0.4085  (0.22s/it)
  iter 3550  L= 256 bs=16  loss 0.1187  (0.22s/it)
  iter 3560  L= 512 bs=8  loss 0.7659  (0.22s/it)
  iter 3570  L=1024 bs=4  loss 0.1254  (0.22s/it)
  iter 3580  L=1024 bs=4  loss 0.0037  (0.22s/it)
  iter 3590  L= 768 bs=5  loss 0.1526  (0.22s/it)
  iter 3600  L= 512 bs=8  loss 0.3290  (0.22s/it)
  iter 3610  L=1024 bs=4  loss 1.0439  (0.22s/it)
  iter 3620  L= 768 bs=5  loss 0.0008  (0.22s/it)
  iter 3630  L= 256 bs=16  loss 0.2049  (0.22s/it)
  iter 3640  L= 512 bs=8  loss 0.4761  (0.22s/it)
  iter 3650  L= 768 bs=5  loss 0.6919  (0.22s/it)
  iter 3660  L= 256 bs=16  loss 0.2327  (0.22s/it)
  iter 3670  L=1024 bs=4  loss 0.2529  (0.22s/it)
  iter 3680  L= 768 bs=5  loss 0.6675  (0.22s/it)
  iter 3690  L=1024 bs=4  loss 0.0002  (0.22s/it)
  iter 3700  L=1024 bs=4  loss 0.5321  (0.22s/it)
  iter 3710  L=1024 bs=4  loss 1.0551  (0.22s/it)
  iter 3720  L=1024 bs=4  loss 0.1419  (0.22s/it)
  iter 3730  L= 512 bs=8  loss 0.3438  (0.22s/it)
  iter 3740  L= 256 bs=16  loss 0.3692  (0.22s/it)
  iter 3750  L= 512 bs=8  loss 0.0182  (0.22s/it)
  iter 3760  L= 512 bs=8  loss 0.4049  (0.22s/it)
  iter 3770  L= 256 bs=16  loss 0.0251  (0.22s/it)
  iter 3780  L=1024 bs=4  loss 0.0041  (0.22s/it)
  iter 3790  L= 768 bs=5  loss 0.4747  (0.22s/it)
  iter 3800  L= 256 bs=16  loss 0.3186  (0.22s/it)
  iter 3810  L= 768 bs=5  loss 0.0364  (0.22s/it)
  iter 3820  L=1024 bs=4  loss 0.0001  (0.22s/it)
  iter 3830  L=1024 bs=4  loss 0.0169  (0.22s/it)
  iter 3840  L= 256 bs=16  loss 0.0707  (0.22s/it)
  iter 3850  L= 256 bs=16  loss 0.4955  (0.22s/it)
  iter 3860  L=1024 bs=4  loss 0.1523  (0.22s/it)
  iter 3870  L= 768 bs=5  loss 0.1659  (0.22s/it)
  iter 3880  L= 768 bs=5  loss 0.0156  (0.22s/it)
  iter 3890  L= 768 bs=5  loss 0.1004  (0.22s/it)
  iter 3900  L= 512 bs=8  loss 0.0690  (0.22s/it)
  iter 3910  L= 256 bs=16  loss 0.6068  (0.22s/it)
  iter 3920  L=1024 bs=4  loss 1.3126  (0.22s/it)
  iter 3930  L=1024 bs=4  loss 0.0029  (0.22s/it)
  iter 3940  L= 768 bs=5  loss 0.9045  (0.22s/it)
  iter 3950  L= 512 bs=8  loss 0.0080  (0.22s/it)
  iter 3960  L= 256 bs=16  loss 0.5159  (0.22s/it)
  iter 3970  L= 768 bs=5  loss 0.0050  (0.22s/it)
  iter 3980  L=1024 bs=4  loss 1.5136  (0.22s/it)
  iter 3990  L= 512 bs=8  loss 0.5495  (0.22s/it)
  iter 4000  L= 512 bs=8  loss 0.2037  (0.22s/it)
  iter 4010  L=1024 bs=4  loss 0.2128  (0.22s/it)
  iter 4020  L= 768 bs=5  loss 0.0086  (0.22s/it)
  iter 4030  L= 768 bs=5  loss 0.5246  (0.22s/it)
  iter 4040  L=1024 bs=4  loss 0.2962  (0.22s/it)
  iter 4050  L= 768 bs=5  loss 0.6954  (0.22s/it)
  iter 4060  L= 256 bs=16  loss 0.3889  (0.22s/it)
  iter 4070  L= 256 bs=16  loss 0.2109  (0.22s/it)
  iter 4080  L= 256 bs=16  loss 0.1251  (0.22s/it)
  iter 4090  L= 512 bs=8  loss 0.1730  (0.22s/it)
  iter 4100  L=1024 bs=4  loss 0.0368  (0.22s/it)
  iter 4110  L=1024 bs=4  loss 0.0018  (0.22s/it)
  iter 4120  L= 512 bs=8  loss 0.0077  (0.22s/it)
  iter 4130  L= 768 bs=5  loss 0.5363  (0.22s/it)
  iter 4140  L= 768 bs=5  loss 0.0371  (0.22s/it)
  iter 4150  L= 768 bs=5  loss 0.0482  (0.22s/it)
  iter 4160  L= 768 bs=5  loss 0.0217  (0.22s/it)
  iter 4170  L= 512 bs=8  loss 0.1579  (0.22s/it)
  iter 4180  L=1024 bs=4  loss 0.2165  (0.22s/it)
  iter 4190  L= 256 bs=16  loss 0.3117  (0.22s/it)
  iter 4200  L=1024 bs=4  loss 0.1315  (0.22s/it)
  iter 4210  L= 256 bs=16  loss 0.0422  (0.22s/it)
  iter 4220  L=1024 bs=4  loss 0.0018  (0.22s/it)
  iter 4230  L= 512 bs=8  loss 0.4329  (0.22s/it)
  iter 4240  L= 768 bs=5  loss 1.1406  (0.22s/it)
  iter 4250  L= 256 bs=16  loss 0.5101  (0.22s/it)
  iter 4260  L=1024 bs=4  loss 0.3765  (0.22s/it)
  iter 4270  L= 512 bs=8  loss 0.7223  (0.22s/it)
  iter 4280  L=1024 bs=4  loss 0.1350  (0.22s/it)
  iter 4290  L=1024 bs=4  loss 0.0952  (0.22s/it)
  iter 4300  L= 256 bs=16  loss 0.1389  (0.22s/it)
  iter 4310  L= 512 bs=8  loss 0.1058  (0.22s/it)
  iter 4320  L= 256 bs=16  loss 0.1713  (0.22s/it)
  iter 4330  L= 512 bs=8  loss 0.0214  (0.22s/it)
  iter 4340  L= 256 bs=16  loss 0.1920  (0.22s/it)
  iter 4350  L=1024 bs=4  loss 0.5498  (0.22s/it)
  iter 4360  L= 256 bs=16  loss 0.2609  (0.22s/it)
  iter 4370  L= 512 bs=8  loss 0.4478  (0.22s/it)
  iter 4380  L= 256 bs=16  loss 0.1472  (0.22s/it)
  iter 4390  L= 768 bs=5  loss 0.3678  (0.22s/it)
  iter 4400  L= 512 bs=8  loss 0.0410  (0.22s/it)
  iter 4410  L= 768 bs=5  loss 0.3017  (0.22s/it)
  iter 4420  L= 256 bs=16  loss 0.2323  (0.22s/it)
  iter 4430  L= 256 bs=16  loss 0.3453  (0.22s/it)
  iter 4440  L= 512 bs=8  loss 0.2951  (0.22s/it)
  iter 4450  L= 512 bs=8  loss 0.0467  (0.22s/it)
  iter 4460  L= 512 bs=8  loss 0.3002  (0.22s/it)
  iter 4470  L= 256 bs=16  loss 0.1742  (0.22s/it)
  iter 4480  L= 256 bs=16  loss 0.1411  (0.22s/it)
  iter 4490  L= 512 bs=8  loss 0.0237  (0.22s/it)
  iter 4500  L= 256 bs=16  loss 0.1881  (0.22s/it)
  iter 4510  L= 512 bs=8  loss 0.3955  (0.22s/it)
  iter 4520  L=1024 bs=4  loss 0.4773  (0.22s/it)
  iter 4530  L= 768 bs=5  loss 0.7175  (0.22s/it)
  iter 4540  L= 256 bs=16  loss 0.1767  (0.22s/it)
  iter 4550  L= 768 bs=5  loss 0.0140  (0.22s/it)
  iter 4560  L= 256 bs=16  loss 0.0418  (0.22s/it)
  iter 4570  L= 256 bs=16  loss 0.5317  (0.22s/it)
  iter 4580  L= 512 bs=8  loss 0.2673  (0.22s/it)
  iter 4590  L=1024 bs=4  loss 0.0806  (0.22s/it)
  iter 4600  L=1024 bs=4  loss 0.0002  (0.22s/it)
  iter 4610  L= 768 bs=5  loss 1.1770  (0.22s/it)
  iter 4620  L= 256 bs=16  loss 0.2007  (0.22s/it)
  iter 4630  L= 512 bs=8  loss 0.1342  (0.22s/it)
  iter 4640  L=1024 bs=4  loss 0.0022  (0.22s/it)
  iter 4650  L= 256 bs=16  loss 0.2577  (0.22s/it)
  iter 4660  L= 512 bs=8  loss 0.3893  (0.22s/it)
  iter 4670  L=1024 bs=4  loss 0.1867  (0.22s/it)
  iter 4680  L=1024 bs=4  loss 0.0966  (0.22s/it)
  iter 4690  L= 768 bs=5  loss 0.3737  (0.22s/it)
  iter 4700  L=1024 bs=4  loss 0.0001  (0.22s/it)
  iter 4710  L= 256 bs=16  loss 0.5164  (0.22s/it)
  iter 4720  L=1024 bs=4  loss 0.0017  (0.22s/it)
  iter 4730  L= 768 bs=5  loss 0.0210  (0.22s/it)
  iter 4740  L= 768 bs=5  loss 0.6087  (0.22s/it)
  iter 4750  L= 768 bs=5  loss 1.9346  (0.22s/it)
  iter 4760  L= 512 bs=8  loss 0.6183  (0.22s/it)
  iter 4770  L= 256 bs=16  loss 0.3873  (0.22s/it)
  iter 4780  L=1024 bs=4  loss 0.0118  (0.22s/it)
  iter 4790  L= 512 bs=8  loss 0.0320  (0.22s/it)
  iter 4800  L= 256 bs=16  loss 0.1385  (0.22s/it)
  iter 4810  L= 512 bs=8  loss 0.4748  (0.22s/it)
  iter 4820  L= 768 bs=5  loss 0.1573  (0.22s/it)
  iter 4830  L=1024 bs=4  loss 0.9495  (0.22s/it)
  iter 4840  L=1024 bs=4  loss 0.6580  (0.22s/it)
  iter 4850  L= 768 bs=5  loss 0.3182  (0.22s/it)
  iter 4860  L= 512 bs=8  loss 0.1786  (0.22s/it)
  iter 4870  L= 256 bs=16  loss 0.4112  (0.22s/it)
  iter 4880  L= 512 bs=8  loss 0.0494  (0.22s/it)
  iter 4890  L= 768 bs=5  loss 0.4402  (0.22s/it)
  iter 4900  L= 256 bs=16  loss 0.6809  (0.22s/it)
  iter 4910  L=1024 bs=4  loss 0.0991  (0.22s/it)
  iter 4920  L= 256 bs=16  loss 0.1090  (0.22s/it)
  iter 4930  L= 256 bs=16  loss 0.0122  (0.22s/it)
  iter 4940  L=1024 bs=4  loss 0.0120  (0.22s/it)
  iter 4950  L= 768 bs=5  loss 0.6169  (0.22s/it)
  iter 4960  L= 256 bs=16  loss 0.1652  (0.22s/it)
  iter 4970  L= 768 bs=5  loss 0.4927  (0.22s/it)
  iter 4980  L= 256 bs=16  loss 0.4256  (0.22s/it)
  iter 4990  L= 256 bs=16  loss 1.0481  (0.22s/it)
  iter 5000  L= 256 bs=16  loss 0.2684  (0.22s/it)
Passkey accuracy after fine-tuning (cross_shift_c=0.0):
  ctx=   512  exact=0.96  first_token=1.00
  ctx=  1024  exact=0.96  first_token=1.00
  ctx=  2048  exact=0.97  first_token=0.99
  ctx=  4096  exact=0.95  first_token=1.00
  ctx=  8192  exact=0.93  first_token=0.99
  ctx= 16384  exact=0.98  first_token=1.00
Passkey accuracy after fine-tuning (cross_shift_c=1.0):
  ctx=   512  exact=0.96  first_token=1.00
  ctx=  1024  exact=0.96  first_token=1.00
  ctx=  2048  exact=0.97  first_token=0.99
  ctx=  4096  exact=0.95  first_token=1.00
  ctx=  8192  exact=0.93  first_token=0.99
  ctx= 16384  exact=0.98  first_token=1.00
########## Jmr ceiling
number of parameters: 63.52M
Model type: Jmr | params 63,517,184 | delimiter 764 | device cuda
Fine-tuning for 5000 iters on lengths [256, 512, 768, 1024]:
  iter    1  L=1024 bs=4  loss 11.0577  (0.63s/it)
  iter   10  L= 256 bs=16  loss 1.5063  (0.25s/it)
  iter   20  L= 512 bs=8  loss 1.5614  (0.24s/it)
  iter   30  L=1024 bs=4  loss 2.4205  (0.23s/it)
  iter   40  L= 256 bs=16  loss 2.1636  (0.23s/it)
  iter   50  L=1024 bs=4  loss 2.2133  (0.23s/it)
  iter   60  L=1024 bs=4  loss 0.6845  (0.22s/it)
  iter   70  L=1024 bs=4  loss 1.3706  (0.22s/it)
  iter   80  L= 256 bs=16  loss 1.8543  (0.22s/it)
  iter   90  L=1024 bs=4  loss 0.6589  (0.22s/it)
  iter  100  L= 256 bs=16  loss 0.8139  (0.22s/it)
  iter  110  L= 768 bs=5  loss 2.3533  (0.22s/it)
  iter  120  L= 256 bs=16  loss 1.3610  (0.22s/it)
  iter  130  L= 256 bs=16  loss 1.2947  (0.22s/it)
  iter  140  L= 512 bs=8  loss 0.6925  (0.22s/it)
  iter  150  L= 512 bs=8  loss 1.2667  (0.22s/it)
  iter  160  L=1024 bs=4  loss 1.5867  (0.22s/it)
  iter  170  L= 768 bs=5  loss 3.9472  (0.22s/it)
  iter  180  L= 512 bs=8  loss 1.2099  (0.22s/it)
  iter  190  L= 512 bs=8  loss 1.0964  (0.22s/it)
  iter  200  L= 256 bs=16  loss 0.9210  (0.22s/it)
  iter  210  L= 768 bs=5  loss 0.5545  (0.22s/it)
  iter  220  L= 256 bs=16  loss 1.4935  (0.22s/it)
  iter  230  L= 768 bs=5  loss 1.3206  (0.22s/it)
  iter  240  L= 512 bs=8  loss 1.2362  (0.22s/it)
  iter  250  L= 768 bs=5  loss 1.5560  (0.22s/it)
  iter  260  L= 256 bs=16  loss 0.6599  (0.22s/it)
  iter  270  L= 768 bs=5  loss 1.1339  (0.22s/it)
  iter  280  L=1024 bs=4  loss 0.8804  (0.22s/it)
  iter  290  L= 256 bs=16  loss 1.7606  (0.22s/it)
  iter  300  L= 256 bs=16  loss 1.6679  (0.22s/it)
  iter  310  L= 512 bs=8  loss 0.4536  (0.22s/it)
  iter  320  L= 512 bs=8  loss 1.3110  (0.22s/it)
  iter  330  L=1024 bs=4  loss 1.0419  (0.22s/it)
  iter  340  L= 512 bs=8  loss 1.2073  (0.22s/it)
  iter  350  L= 512 bs=8  loss 0.3573  (0.21s/it)
  iter  360  L= 768 bs=5  loss 0.8059  (0.21s/it)
  iter  370  L= 512 bs=8  loss 1.5074  (0.21s/it)
  iter  380  L= 768 bs=5  loss 1.6562  (0.21s/it)
  iter  390  L= 768 bs=5  loss 0.7311  (0.21s/it)
  iter  400  L= 256 bs=16  loss 0.5884  (0.21s/it)
  iter  410  L= 256 bs=16  loss 0.4859  (0.21s/it)
  iter  420  L= 512 bs=8  loss 0.6637  (0.21s/it)
  iter  430  L=1024 bs=4  loss 1.3555  (0.21s/it)
  iter  440  L=1024 bs=4  loss 0.5194  (0.21s/it)
  iter  450  L= 512 bs=8  loss 1.6681  (0.21s/it)
  iter  460  L= 256 bs=16  loss 0.8407  (0.21s/it)
  iter  470  L= 768 bs=5  loss 0.5119  (0.21s/it)
  iter  480  L= 768 bs=5  loss 0.2331  (0.21s/it)
  iter  490  L= 512 bs=8  loss 1.2457  (0.21s/it)
  iter  500  L=1024 bs=4  loss 0.8629  (0.21s/it)
  iter  510  L= 256 bs=16  loss 1.2434  (0.21s/it)
  iter  520  L= 512 bs=8  loss 0.9070  (0.21s/it)
  iter  530  L= 512 bs=8  loss 0.3323  (0.21s/it)
  iter  540  L= 768 bs=5  loss 0.1979  (0.21s/it)
  iter  550  L= 256 bs=16  loss 1.0224  (0.21s/it)
  iter  560  L= 256 bs=16  loss 1.1838  (0.21s/it)
  iter  570  L=1024 bs=4  loss 0.3569  (0.21s/it)
  iter  580  L= 768 bs=5  loss 1.3770  (0.21s/it)
  iter  590  L=1024 bs=4  loss 1.7760  (0.21s/it)
  iter  600  L= 768 bs=5  loss 1.9659  (0.21s/it)
  iter  610  L= 512 bs=8  loss 1.5219  (0.21s/it)
  iter  620  L= 512 bs=8  loss 1.6748  (0.21s/it)
  iter  630  L=1024 bs=4  loss 2.1017  (0.21s/it)
  iter  640  L= 768 bs=5  loss 1.5533  (0.21s/it)
  iter  650  L= 512 bs=8  loss 0.2596  (0.21s/it)
  iter  660  L= 768 bs=5  loss 0.9199  (0.21s/it)
  iter  670  L= 256 bs=16  loss 0.6169  (0.21s/it)
  iter  680  L= 512 bs=8  loss 1.4717  (0.21s/it)
  iter  690  L= 256 bs=16  loss 0.7892  (0.21s/it)
  iter  700  L= 512 bs=8  loss 1.7186  (0.21s/it)
  iter  710  L=1024 bs=4  loss 1.5303  (0.21s/it)
  iter  720  L= 768 bs=5  loss 1.2233  (0.21s/it)
  iter  730  L= 256 bs=16  loss 0.5865  (0.21s/it)
  iter  740  L=1024 bs=4  loss 0.1036  (0.21s/it)
  iter  750  L= 512 bs=8  loss 0.4135  (0.21s/it)
  iter  760  L= 256 bs=16  loss 0.9763  (0.21s/it)
  iter  770  L= 512 bs=8  loss 1.6701  (0.21s/it)
  iter  780  L=1024 bs=4  loss 0.4724  (0.21s/it)
  iter  790  L= 768 bs=5  loss 2.5928  (0.21s/it)
  iter  800  L= 256 bs=16  loss 0.9794  (0.21s/it)
  iter  810  L= 512 bs=8  loss 1.4100  (0.21s/it)
  iter  820  L=1024 bs=4  loss 0.7431  (0.22s/it)
  iter  830  L=1024 bs=4  loss 0.0182  (0.22s/it)
  iter  840  L=1024 bs=4  loss 0.2190  (0.21s/it)
  iter  850  L= 768 bs=5  loss 0.8306  (0.21s/it)
  iter  860  L= 512 bs=8  loss 1.3815  (0.21s/it)
  iter  870  L=1024 bs=4  loss 1.6415  (0.21s/it)
  iter  880  L= 256 bs=16  loss 1.1513  (0.22s/it)
  iter  890  L= 256 bs=16  loss 1.2488  (0.22s/it)
  iter  900  L= 768 bs=5  loss 0.9468  (0.21s/it)
  iter  910  L= 256 bs=16  loss 0.5774  (0.21s/it)
  iter  920  L=1024 bs=4  loss 0.6136  (0.22s/it)
  iter  930  L= 512 bs=8  loss 1.8414  (0.22s/it)
  iter  940  L= 256 bs=16  loss 0.5666  (0.22s/it)
  iter  950  L= 256 bs=16  loss 0.8449  (0.22s/it)
  iter  960  L= 512 bs=8  loss 0.6465  (0.21s/it)
  iter  970  L= 768 bs=5  loss 0.3574  (0.21s/it)
  iter  980  L= 256 bs=16  loss 0.7056  (0.21s/it)
  iter  990  L= 512 bs=8  loss 1.3621  (0.21s/it)
  iter 1000  L= 512 bs=8  loss 0.3991  (0.21s/it)
  iter 1010  L=1024 bs=4  loss 1.1280  (0.21s/it)
  iter 1020  L= 512 bs=8  loss 0.7763  (0.21s/it)
  iter 1030  L= 256 bs=16  loss 0.9542  (0.21s/it)
  iter 1040  L= 768 bs=5  loss 1.1658  (0.21s/it)
  iter 1050  L=1024 bs=4  loss 0.2674  (0.21s/it)
  iter 1060  L= 512 bs=8  loss 0.6204  (0.21s/it)
  iter 1070  L=1024 bs=4  loss 1.1708  (0.21s/it)
  iter 1080  L= 768 bs=5  loss 0.9971  (0.21s/it)
  iter 1090  L= 512 bs=8  loss 0.6758  (0.21s/it)
  iter 1100  L= 512 bs=8  loss 0.9193  (0.21s/it)
  iter 1110  L=1024 bs=4  loss 1.5623  (0.21s/it)
  iter 1120  L= 256 bs=16  loss 1.2152  (0.21s/it)
  iter 1130  L= 768 bs=5  loss 1.0993  (0.21s/it)
  iter 1140  L= 768 bs=5  loss 1.1978  (0.21s/it)
  iter 1150  L= 768 bs=5  loss 1.3797  (0.21s/it)
  iter 1160  L=1024 bs=4  loss 0.6800  (0.21s/it)
  iter 1170  L=1024 bs=4  loss 0.0061  (0.21s/it)
  iter 1180  L= 512 bs=8  loss 0.8344  (0.21s/it)
  iter 1190  L= 256 bs=16  loss 0.2695  (0.21s/it)
  iter 1200  L= 512 bs=8  loss 0.3698  (0.21s/it)
  iter 1210  L= 768 bs=5  loss 0.7465  (0.21s/it)
  iter 1220  L= 256 bs=16  loss 0.5357  (0.21s/it)
  iter 1230  L= 256 bs=16  loss 0.2769  (0.21s/it)
  iter 1240  L= 512 bs=8  loss 1.1255  (0.21s/it)
  iter 1250  L= 256 bs=16  loss 0.3922  (0.21s/it)
  iter 1260  L= 512 bs=8  loss 0.6656  (0.21s/it)
  iter 1270  L= 256 bs=16  loss 0.7339  (0.21s/it)
  iter 1280  L= 256 bs=16  loss 1.4599  (0.21s/it)
  iter 1290  L= 512 bs=8  loss 1.3896  (0.21s/it)
  iter 1300  L= 512 bs=8  loss 1.2920  (0.21s/it)
  iter 1310  L= 256 bs=16  loss 0.4349  (0.21s/it)
  iter 1320  L=1024 bs=4  loss 1.6540  (0.21s/it)
  iter 1330  L= 512 bs=8  loss 0.4651  (0.21s/it)
  iter 1340  L= 256 bs=16  loss 0.6669  (0.21s/it)
  iter 1350  L= 512 bs=8  loss 0.8317  (0.21s/it)
  iter 1360  L= 256 bs=16  loss 1.1084  (0.21s/it)
  iter 1370  L=1024 bs=4  loss 0.4167  (0.21s/it)
  iter 1380  L= 512 bs=8  loss 0.2906  (0.21s/it)
  iter 1390  L=1024 bs=4  loss 0.0844  (0.21s/it)
  iter 1400  L=1024 bs=4  loss 0.2344  (0.21s/it)
  iter 1410  L=1024 bs=4  loss 0.6601  (0.22s/it)
  iter 1420  L= 256 bs=16  loss 1.0435  (0.21s/it)
  iter 1430  L=1024 bs=4  loss 0.0002  (0.22s/it)
  iter 1440  L=1024 bs=4  loss 0.1535  (0.22s/it)
  iter 1450  L= 512 bs=8  loss 1.0915  (0.22s/it)
  iter 1460  L= 256 bs=16  loss 0.5418  (0.21s/it)
  iter 1470  L=1024 bs=4  loss 0.5614  (0.21s/it)
  iter 1480  L= 512 bs=8  loss 0.5956  (0.21s/it)
  iter 1490  L=1024 bs=4  loss 1.0030  (0.21s/it)
  iter 1500  L= 512 bs=8  loss 0.5955  (0.21s/it)
  iter 1510  L= 512 bs=8  loss 0.4868  (0.21s/it)
  iter 1520  L=1024 bs=4  loss 1.4741  (0.21s/it)
  iter 1530  L= 256 bs=16  loss 0.1684  (0.21s/it)
  iter 1540  L=1024 bs=4  loss 0.2158  (0.21s/it)
  iter 1550  L=1024 bs=4  loss 0.2784  (0.21s/it)
  iter 1560  L= 256 bs=16  loss 1.5271  (0.21s/it)
  iter 1570  L= 768 bs=5  loss 0.6798  (0.21s/it)
  iter 1580  L=1024 bs=4  loss 1.0729  (0.22s/it)
  iter 1590  L= 256 bs=16  loss 0.3522  (0.21s/it)
  iter 1600  L= 768 bs=5  loss 0.0348  (0.21s/it)
  iter 1610  L= 512 bs=8  loss 1.5664  (0.21s/it)
  iter 1620  L=1024 bs=4  loss 1.0878  (0.21s/it)
  iter 1630  L=1024 bs=4  loss 0.5060  (0.21s/it)
  iter 1640  L= 512 bs=8  loss 0.4936  (0.21s/it)
  iter 1650  L= 512 bs=8  loss 0.5123  (0.21s/it)
  iter 1660  L=1024 bs=4  loss 1.2774  (0.21s/it)
  iter 1670  L= 768 bs=5  loss 0.6642  (0.21s/it)
  iter 1680  L= 256 bs=16  loss 0.4577  (0.21s/it)
  iter 1690  L=1024 bs=4  loss 1.4028  (0.21s/it)
  iter 1700  L= 256 bs=16  loss 0.4767  (0.21s/it)
  iter 1710  L= 256 bs=16  loss 0.8397  (0.21s/it)
  iter 1720  L= 256 bs=16  loss 0.8421  (0.21s/it)
  iter 1730  L=1024 bs=4  loss 0.9593  (0.21s/it)
  iter 1740  L= 512 bs=8  loss 0.1784  (0.21s/it)
  iter 1750  L= 768 bs=5  loss 0.9679  (0.21s/it)
  iter 1760  L= 512 bs=8  loss 0.3809  (0.21s/it)
  iter 1770  L= 512 bs=8  loss 1.0850  (0.21s/it)
  iter 1780  L=1024 bs=4  loss 1.3465  (0.21s/it)
  iter 1790  L= 512 bs=8  loss 1.5959  (0.21s/it)
  iter 1800  L= 512 bs=8  loss 1.4472  (0.21s/it)
  iter 1810  L=1024 bs=4  loss 0.0208  (0.21s/it)
  iter 1820  L= 512 bs=8  loss 1.4193  (0.21s/it)
  iter 1830  L= 768 bs=5  loss 1.7195  (0.21s/it)
  iter 1840  L=1024 bs=4  loss 0.5685  (0.21s/it)
  iter 1850  L= 256 bs=16  loss 0.3603  (0.21s/it)
  iter 1860  L= 768 bs=5  loss 0.3086  (0.21s/it)
  iter 1870  L= 256 bs=16  loss 0.2743  (0.21s/it)
  iter 1880  L=1024 bs=4  loss 0.0140  (0.21s/it)
  iter 1890  L= 512 bs=8  loss 0.5117  (0.21s/it)
  iter 1900  L= 256 bs=16  loss 0.5790  (0.21s/it)
  iter 1910  L= 768 bs=5  loss 0.0408  (0.21s/it)
  iter 1920  L= 768 bs=5  loss 1.5356  (0.21s/it)
  iter 1930  L=1024 bs=4  loss 0.5390  (0.21s/it)
  iter 1940  L=1024 bs=4  loss 1.2374  (0.21s/it)
  iter 1950  L=1024 bs=4  loss 0.5110  (0.21s/it)
  iter 1960  L=1024 bs=4  loss 0.0017  (0.21s/it)
  iter 1970  L= 256 bs=16  loss 0.6841  (0.21s/it)
  iter 1980  L=1024 bs=4  loss 0.0017  (0.21s/it)
  iter 1990  L= 512 bs=8  loss 0.7642  (0.21s/it)
  iter 2000  L= 256 bs=16  loss 0.5786  (0.21s/it)
  iter 2010  L= 256 bs=16  loss 0.6041  (0.21s/it)
  iter 2020  L=1024 bs=4  loss 0.6539  (0.21s/it)
  iter 2030  L=1024 bs=4  loss 0.9014  (0.21s/it)
  iter 2040  L= 512 bs=8  loss 0.2984  (0.21s/it)
  iter 2050  L= 512 bs=8  loss 0.4977  (0.21s/it)
  iter 2060  L= 512 bs=8  loss 0.5987  (0.21s/it)
  iter 2070  L= 512 bs=8  loss 0.0167  (0.21s/it)
  iter 2080  L= 512 bs=8  loss 0.3769  (0.21s/it)
  iter 2090  L=1024 bs=4  loss 1.1606  (0.21s/it)
  iter 2100  L=1024 bs=4  loss 1.0878  (0.21s/it)
  iter 2110  L= 256 bs=16  loss 0.6266  (0.21s/it)
  iter 2120  L= 256 bs=16  loss 0.4275  (0.21s/it)
  iter 2130  L=1024 bs=4  loss 0.6379  (0.21s/it)
  iter 2140  L= 768 bs=5  loss 1.1067  (0.21s/it)
  iter 2150  L= 512 bs=8  loss 0.5740  (0.21s/it)
  iter 2160  L= 512 bs=8  loss 0.3855  (0.21s/it)
  iter 2170  L= 768 bs=5  loss 0.6274  (0.21s/it)
  iter 2180  L= 512 bs=8  loss 0.8618  (0.21s/it)
  iter 2190  L=1024 bs=4  loss 0.0193  (0.21s/it)
  iter 2200  L= 512 bs=8  loss 0.5454  (0.21s/it)
  iter 2210  L= 256 bs=16  loss 0.3195  (0.21s/it)
  iter 2220  L= 256 bs=16  loss 0.8267  (0.21s/it)
  iter 2230  L= 512 bs=8  loss 0.0173  (0.21s/it)
  iter 2240  L= 512 bs=8  loss 0.3793  (0.21s/it)
  iter 2250  L=1024 bs=4  loss 0.1587  (0.21s/it)
  iter 2260  L= 512 bs=8  loss 0.4216  (0.21s/it)
  iter 2270  L= 256 bs=16  loss 0.0939  (0.21s/it)
  iter 2280  L= 512 bs=8  loss 0.1599  (0.21s/it)
  iter 2290  L=1024 bs=4  loss 0.1331  (0.21s/it)
  iter 2300  L= 512 bs=8  loss 0.2085  (0.21s/it)
  iter 2310  L= 256 bs=16  loss 0.2828  (0.21s/it)
  iter 2320  L=1024 bs=4  loss 0.1160  (0.21s/it)
  iter 2330  L= 512 bs=8  loss 0.4527  (0.21s/it)
  iter 2340  L=1024 bs=4  loss 0.5783  (0.21s/it)
  iter 2350  L=1024 bs=4  loss 0.8709  (0.21s/it)
  iter 2360  L= 256 bs=16  loss 0.4245  (0.21s/it)
  iter 2370  L=1024 bs=4  loss 0.0021  (0.21s/it)
  iter 2380  L= 256 bs=16  loss 0.6141  (0.21s/it)
  iter 2390  L= 512 bs=8  loss 1.3146  (0.21s/it)
  iter 2400  L= 512 bs=8  loss 0.5273  (0.21s/it)
  iter 2410  L= 256 bs=16  loss 0.2091  (0.21s/it)
  iter 2420  L= 512 bs=8  loss 0.3284  (0.21s/it)
  iter 2430  L= 768 bs=5  loss 0.8964  (0.21s/it)
  iter 2440  L= 768 bs=5  loss 1.5524  (0.21s/it)
  iter 2450  L=1024 bs=4  loss 0.7454  (0.21s/it)
  iter 2460  L= 256 bs=16  loss 0.2874  (0.21s/it)
  iter 2470  L= 512 bs=8  loss 0.5000  (0.21s/it)
  iter 2480  L= 256 bs=16  loss 0.4589  (0.21s/it)
  iter 2490  L= 256 bs=16  loss 0.5343  (0.21s/it)
  iter 2500  L= 512 bs=8  loss 0.1117  (0.21s/it)
  iter 2510  L= 768 bs=5  loss 1.1410  (0.21s/it)
  iter 2520  L=1024 bs=4  loss 0.0146  (0.21s/it)
  iter 2530  L= 768 bs=5  loss 0.6757  (0.21s/it)
  iter 2540  L= 768 bs=5  loss 0.1150  (0.21s/it)
  iter 2550  L= 512 bs=8  loss 0.4956  (0.21s/it)
  iter 2560  L= 768 bs=5  loss 0.8412  (0.21s/it)
  iter 2570  L=1024 bs=4  loss 0.2583  (0.21s/it)
  iter 2580  L= 512 bs=8  loss 0.3559  (0.21s/it)
  iter 2590  L=1024 bs=4  loss 0.1402  (0.21s/it)
  iter 2600  L= 256 bs=16  loss 0.6330  (0.21s/it)
  iter 2610  L=1024 bs=4  loss 0.4738  (0.21s/it)
  iter 2620  L= 256 bs=16  loss 0.6299  (0.21s/it)
  iter 2630  L= 256 bs=16  loss 0.4462  (0.21s/it)
  iter 2640  L= 512 bs=8  loss 0.0985  (0.21s/it)
  iter 2650  L= 256 bs=16  loss 0.5217  (0.21s/it)
  iter 2660  L= 512 bs=8  loss 0.0590  (0.21s/it)
  iter 2670  L= 256 bs=16  loss 0.3028  (0.21s/it)
  iter 2680  L= 768 bs=5  loss 0.0012  (0.21s/it)
  iter 2690  L= 512 bs=8  loss 1.3056  (0.21s/it)
  iter 2700  L= 768 bs=5  loss 0.0588  (0.21s/it)
  iter 2710  L= 256 bs=16  loss 0.2939  (0.21s/it)
  iter 2720  L= 256 bs=16  loss 0.8336  (0.21s/it)
  iter 2730  L= 768 bs=5  loss 0.8779  (0.21s/it)
  iter 2740  L= 256 bs=16  loss 0.4574  (0.21s/it)
  iter 2750  L= 512 bs=8  loss 0.5451  (0.21s/it)
  iter 2760  L= 512 bs=8  loss 0.9318  (0.21s/it)
  iter 2770  L=1024 bs=4  loss 1.0156  (0.21s/it)
  iter 2780  L=1024 bs=4  loss 1.1719  (0.21s/it)
  iter 2790  L= 512 bs=8  loss 0.6818  (0.21s/it)
  iter 2800  L=1024 bs=4  loss 0.7512  (0.21s/it)
  iter 2810  L= 256 bs=16  loss 0.3003  (0.21s/it)
  iter 2820  L= 256 bs=16  loss 0.5956  (0.21s/it)
  iter 2830  L= 256 bs=16  loss 0.3627  (0.21s/it)
  iter 2840  L= 768 bs=5  loss 0.2399  (0.21s/it)
  iter 2850  L= 256 bs=16  loss 0.6095  (0.21s/it)
  iter 2860  L= 512 bs=8  loss 0.8273  (0.21s/it)
  iter 2870  L= 256 bs=16  loss 0.2800  (0.21s/it)
  iter 2880  L= 256 bs=16  loss 0.2597  (0.21s/it)
  iter 2890  L= 768 bs=5  loss 0.2143  (0.21s/it)
  iter 2900  L= 768 bs=5  loss 1.0008  (0.21s/it)
  iter 2910  L=1024 bs=4  loss 0.0017  (0.21s/it)
  iter 2920  L= 768 bs=5  loss 0.8109  (0.21s/it)
  iter 2930  L=1024 bs=4  loss 0.3130  (0.21s/it)
  iter 2940  L=1024 bs=4  loss 0.6133  (0.21s/it)
  iter 2950  L= 256 bs=16  loss 0.4249  (0.21s/it)
  iter 2960  L= 768 bs=5  loss 0.2075  (0.21s/it)
  iter 2970  L= 768 bs=5  loss 0.4568  (0.21s/it)
  iter 2980  L=1024 bs=4  loss 0.0031  (0.21s/it)
  iter 2990  L= 256 bs=16  loss 0.0687  (0.21s/it)
  iter 3000  L=1024 bs=4  loss 0.0963  (0.21s/it)
  iter 3010  L=1024 bs=4  loss 0.0003  (0.21s/it)
  iter 3020  L= 768 bs=5  loss 1.1561  (0.21s/it)
  iter 3030  L= 768 bs=5  loss 0.5768  (0.21s/it)
  iter 3040  L= 768 bs=5  loss 0.0466  (0.21s/it)
  iter 3050  L=1024 bs=4  loss 0.0825  (0.21s/it)
  iter 3060  L= 768 bs=5  loss 0.2593  (0.21s/it)
  iter 3070  L=1024 bs=4  loss 0.1659  (0.21s/it)
  iter 3080  L= 512 bs=8  loss 0.3668  (0.21s/it)
  iter 3090  L= 256 bs=16  loss 0.5356  (0.21s/it)
  iter 3100  L=1024 bs=4  loss 0.6707  (0.21s/it)
  iter 3110  L=1024 bs=4  loss 0.2332  (0.21s/it)
  iter 3120  L= 512 bs=8  loss 0.1872  (0.21s/it)
  iter 3130  L= 768 bs=5  loss 0.2742  (0.21s/it)
  iter 3140  L= 512 bs=8  loss 0.6243  (0.21s/it)
  iter 3150  L= 768 bs=5  loss 1.4417  (0.21s/it)
  iter 3160  L= 512 bs=8  loss 0.1556  (0.21s/it)
  iter 3170  L= 512 bs=8  loss 0.6092  (0.21s/it)
  iter 3180  L= 768 bs=5  loss 0.5444  (0.21s/it)
  iter 3190  L= 256 bs=16  loss 0.6846  (0.21s/it)
  iter 3200  L= 256 bs=16  loss 0.3049  (0.21s/it)
  iter 3210  L= 768 bs=5  loss 0.2318  (0.21s/it)
  iter 3220  L= 768 bs=5  loss 0.2395  (0.21s/it)
  iter 3230  L=1024 bs=4  loss 0.0093  (0.21s/it)
  iter 3240  L= 256 bs=16  loss 0.2551  (0.21s/it)
  iter 3250  L= 768 bs=5  loss 0.0277  (0.21s/it)
  iter 3260  L= 512 bs=8  loss 0.3795  (0.21s/it)
  iter 3270  L= 512 bs=8  loss 0.4908  (0.21s/it)
  iter 3280  L= 768 bs=5  loss 0.9805  (0.21s/it)
  iter 3290  L= 768 bs=5  loss 0.0706  (0.21s/it)
  iter 3300  L=1024 bs=4  loss 0.1649  (0.21s/it)
  iter 3310  L= 256 bs=16  loss 0.1442  (0.21s/it)
  iter 3320  L= 512 bs=8  loss 0.1985  (0.21s/it)
  iter 3330  L= 512 bs=8  loss 0.2346  (0.21s/it)
  iter 3340  L= 768 bs=5  loss 0.0017  (0.21s/it)
  iter 3350  L=1024 bs=4  loss 1.1431  (0.21s/it)
  iter 3360  L=1024 bs=4  loss 0.3776  (0.21s/it)
  iter 3370  L= 256 bs=16  loss 0.3105  (0.21s/it)
  iter 3380  L= 768 bs=5  loss 1.3116  (0.21s/it)
  iter 3390  L=1024 bs=4  loss 0.2785  (0.21s/it)
  iter 3400  L= 768 bs=5  loss 1.5209  (0.21s/it)
  iter 3410  L= 768 bs=5  loss 0.0110  (0.21s/it)
  iter 3420  L= 256 bs=16  loss 0.6545  (0.21s/it)
  iter 3430  L= 512 bs=8  loss 0.1577  (0.21s/it)
  iter 3440  L= 768 bs=5  loss 0.8793  (0.21s/it)
  iter 3450  L= 512 bs=8  loss 0.3735  (0.21s/it)
  iter 3460  L= 256 bs=16  loss 0.1071  (0.21s/it)
  iter 3470  L= 768 bs=5  loss 0.4121  (0.21s/it)
  iter 3480  L= 768 bs=5  loss 0.6184  (0.21s/it)
  iter 3490  L= 768 bs=5  loss 0.7358  (0.21s/it)
  iter 3500  L= 512 bs=8  loss 0.0879  (0.21s/it)
  iter 3510  L=1024 bs=4  loss 0.1607  (0.21s/it)
  iter 3520  L= 512 bs=8  loss 0.3778  (0.21s/it)
  iter 3530  L= 512 bs=8  loss 0.1268  (0.21s/it)
  iter 3540  L= 768 bs=5  loss 0.6090  (0.21s/it)
  iter 3550  L= 256 bs=16  loss 0.2174  (0.21s/it)
  iter 3560  L= 512 bs=8  loss 0.8247  (0.21s/it)
  iter 3570  L=1024 bs=4  loss 0.1280  (0.21s/it)
  iter 3580  L=1024 bs=4  loss 0.0132  (0.21s/it)
  iter 3590  L= 768 bs=5  loss 0.1237  (0.21s/it)
  iter 3600  L= 512 bs=8  loss 0.3238  (0.21s/it)
  iter 3610  L=1024 bs=4  loss 1.1632  (0.21s/it)
  iter 3620  L= 768 bs=5  loss 0.0008  (0.21s/it)
  iter 3630  L= 256 bs=16  loss 0.2283  (0.21s/it)
  iter 3640  L= 512 bs=8  loss 0.4304  (0.21s/it)
  iter 3650  L= 768 bs=5  loss 0.8002  (0.21s/it)
  iter 3660  L= 256 bs=16  loss 0.2269  (0.21s/it)
  iter 3670  L=1024 bs=4  loss 0.3720  (0.21s/it)
  iter 3680  L= 768 bs=5  loss 0.6522  (0.21s/it)
  iter 3690  L=1024 bs=4  loss 0.0005  (0.21s/it)
  iter 3700  L=1024 bs=4  loss 0.5270  (0.21s/it)
  iter 3710  L=1024 bs=4  loss 0.8451  (0.21s/it)
  iter 3720  L=1024 bs=4  loss 0.1560  (0.21s/it)
  iter 3730  L= 512 bs=8  loss 0.3848  (0.21s/it)
  iter 3740  L= 256 bs=16  loss 0.4873  (0.21s/it)
  iter 3750  L= 512 bs=8  loss 0.0085  (0.21s/it)
  iter 3760  L= 512 bs=8  loss 0.6582  (0.21s/it)
  iter 3770  L= 256 bs=16  loss 0.0491  (0.21s/it)
  iter 3780  L=1024 bs=4  loss 0.0086  (0.21s/it)
  iter 3790  L= 768 bs=5  loss 0.5182  (0.21s/it)
  iter 3800  L= 256 bs=16  loss 0.3697  (0.21s/it)
  iter 3810  L= 768 bs=5  loss 0.0615  (0.21s/it)
  iter 3820  L=1024 bs=4  loss 0.0001  (0.21s/it)
  iter 3830  L=1024 bs=4  loss 0.0460  (0.21s/it)
  iter 3840  L= 256 bs=16  loss 0.0863  (0.21s/it)
  iter 3850  L= 256 bs=16  loss 0.5439  (0.21s/it)
  iter 3860  L=1024 bs=4  loss 0.1596  (0.21s/it)
  iter 3870  L= 768 bs=5  loss 0.0940  (0.21s/it)
  iter 3880  L= 768 bs=5  loss 0.0096  (0.21s/it)
  iter 3890  L= 768 bs=5  loss 0.1200  (0.21s/it)
  iter 3900  L= 512 bs=8  loss 0.0138  (0.21s/it)
  iter 3910  L= 256 bs=16  loss 0.5510  (0.21s/it)
  iter 3920  L=1024 bs=4  loss 1.1567  (0.21s/it)
  iter 3930  L=1024 bs=4  loss 0.0023  (0.21s/it)
  iter 3940  L= 768 bs=5  loss 0.9047  (0.21s/it)
  iter 3950  L= 512 bs=8  loss 0.0062  (0.21s/it)
  iter 3960  L= 256 bs=16  loss 0.5060  (0.21s/it)
  iter 3970  L= 768 bs=5  loss 0.0065  (0.21s/it)
  iter 3980  L=1024 bs=4  loss 1.0450  (0.21s/it)
  iter 3990  L= 512 bs=8  loss 0.6086  (0.21s/it)
  iter 4000  L= 512 bs=8  loss 0.2973  (0.21s/it)
  iter 4010  L=1024 bs=4  loss 0.1426  (0.21s/it)
  iter 4020  L= 768 bs=5  loss 0.0090  (0.21s/it)
  iter 4030  L= 768 bs=5  loss 0.6768  (0.21s/it)
  iter 4040  L=1024 bs=4  loss 0.5598  (0.21s/it)
  iter 4050  L= 768 bs=5  loss 0.7109  (0.21s/it)
  iter 4060  L= 256 bs=16  loss 0.5032  (0.21s/it)
  iter 4070  L= 256 bs=16  loss 0.1789  (0.21s/it)
  iter 4080  L= 256 bs=16  loss 0.1423  (0.21s/it)
  iter 4090  L= 512 bs=8  loss 0.2950  (0.21s/it)
  iter 4100  L=1024 bs=4  loss 0.0213  (0.21s/it)
  iter 4110  L=1024 bs=4  loss 0.0037  (0.21s/it)
  iter 4120  L= 512 bs=8  loss 0.0203  (0.21s/it)
  iter 4130  L= 768 bs=5  loss 0.5180  (0.21s/it)
  iter 4140  L= 768 bs=5  loss 0.0327  (0.21s/it)
  iter 4150  L= 768 bs=5  loss 0.0323  (0.21s/it)
  iter 4160  L= 768 bs=5  loss 0.0699  (0.21s/it)
  iter 4170  L= 512 bs=8  loss 0.3965  (0.21s/it)
  iter 4180  L=1024 bs=4  loss 0.5632  (0.21s/it)
  iter 4190  L= 256 bs=16  loss 0.3636  (0.21s/it)
  iter 4200  L=1024 bs=4  loss 0.1038  (0.21s/it)
  iter 4210  L= 256 bs=16  loss 0.0259  (0.21s/it)
  iter 4220  L=1024 bs=4  loss 0.0021  (0.21s/it)
  iter 4230  L= 512 bs=8  loss 0.6856  (0.21s/it)
  iter 4240  L= 768 bs=5  loss 1.2559  (0.21s/it)
  iter 4250  L= 256 bs=16  loss 0.4935  (0.21s/it)
  iter 4260  L=1024 bs=4  loss 0.3441  (0.21s/it)
  iter 4270  L= 512 bs=8  loss 0.8450  (0.21s/it)
  iter 4280  L=1024 bs=4  loss 0.1995  (0.21s/it)
  iter 4290  L=1024 bs=4  loss 0.0853  (0.21s/it)
  iter 4300  L= 256 bs=16  loss 0.1090  (0.21s/it)
  iter 4310  L= 512 bs=8  loss 0.1605  (0.21s/it)
  iter 4320  L= 256 bs=16  loss 0.3209  (0.21s/it)
  iter 4330  L= 512 bs=8  loss 0.0129  (0.21s/it)
  iter 4340  L= 256 bs=16  loss 0.1443  (0.21s/it)
  iter 4350  L=1024 bs=4  loss 0.5838  (0.21s/it)
  iter 4360  L= 256 bs=16  loss 0.2712  (0.21s/it)
  iter 4370  L= 512 bs=8  loss 0.5642  (0.21s/it)
  iter 4380  L= 256 bs=16  loss 0.1330  (0.21s/it)
  iter 4390  L= 768 bs=5  loss 0.4488  (0.21s/it)
  iter 4400  L= 512 bs=8  loss 0.1046  (0.21s/it)
  iter 4410  L= 768 bs=5  loss 0.1663  (0.21s/it)
  iter 4420  L= 256 bs=16  loss 0.2877  (0.21s/it)
  iter 4430  L= 256 bs=16  loss 0.3935  (0.21s/it)
  iter 4440  L= 512 bs=8  loss 0.4349  (0.21s/it)
  iter 4450  L= 512 bs=8  loss 0.1179  (0.21s/it)
  iter 4460  L= 512 bs=8  loss 0.4343  (0.21s/it)
  iter 4470  L= 256 bs=16  loss 0.2028  (0.21s/it)
  iter 4480  L= 256 bs=16  loss 0.1611  (0.21s/it)
  iter 4490  L= 512 bs=8  loss 0.0209  (0.21s/it)
  iter 4500  L= 256 bs=16  loss 0.2549  (0.21s/it)
  iter 4510  L= 512 bs=8  loss 0.4031  (0.21s/it)
  iter 4520  L=1024 bs=4  loss 0.5053  (0.21s/it)
  iter 4530  L= 768 bs=5  loss 0.7961  (0.21s/it)
  iter 4540  L= 256 bs=16  loss 0.2406  (0.21s/it)
  iter 4550  L= 768 bs=5  loss 0.0044  (0.21s/it)
  iter 4560  L= 256 bs=16  loss 0.1159  (0.21s/it)
  iter 4570  L= 256 bs=16  loss 0.5205  (0.21s/it)
  iter 4580  L= 512 bs=8  loss 0.3196  (0.21s/it)
  iter 4590  L=1024 bs=4  loss 0.1422  (0.21s/it)
  iter 4600  L=1024 bs=4  loss 0.0002  (0.21s/it)
  iter 4610  L= 768 bs=5  loss 1.0592  (0.21s/it)
  iter 4620  L= 256 bs=16  loss 0.2370  (0.21s/it)
  iter 4630  L= 512 bs=8  loss 0.2998  (0.21s/it)
  iter 4640  L=1024 bs=4  loss 0.0032  (0.21s/it)
  iter 4650  L= 256 bs=16  loss 0.4221  (0.21s/it)
  iter 4660  L= 512 bs=8  loss 0.3755  (0.21s/it)
  iter 4670  L=1024 bs=4  loss 0.3272  (0.21s/it)
  iter 4680  L=1024 bs=4  loss 0.1584  (0.21s/it)
  iter 4690  L= 768 bs=5  loss 0.4444  (0.21s/it)
  iter 4700  L=1024 bs=4  loss 0.0004  (0.21s/it)
  iter 4710  L= 256 bs=16  loss 0.5499  (0.21s/it)
  iter 4720  L=1024 bs=4  loss 0.0008  (0.21s/it)
  iter 4730  L= 768 bs=5  loss 0.0337  (0.21s/it)
  iter 4740  L= 768 bs=5  loss 0.6454  (0.21s/it)
  iter 4750  L= 768 bs=5  loss 1.8272  (0.21s/it)
  iter 4760  L= 512 bs=8  loss 0.6900  (0.21s/it)
  iter 4770  L= 256 bs=16  loss 0.5483  (0.21s/it)
  iter 4780  L=1024 bs=4  loss 0.0210  (0.21s/it)
  iter 4790  L= 512 bs=8  loss 0.0092  (0.21s/it)
  iter 4800  L= 256 bs=16  loss 0.2761  (0.21s/it)
  iter 4810  L= 512 bs=8  loss 0.4441  (0.21s/it)
  iter 4820  L= 768 bs=5  loss 0.2454  (0.21s/it)
  iter 4830  L=1024 bs=4  loss 1.1050  (0.21s/it)
  iter 4840  L=1024 bs=4  loss 0.6620  (0.21s/it)
  iter 4850  L= 768 bs=5  loss 0.4563  (0.21s/it)
  iter 4860  L= 512 bs=8  loss 0.2575  (0.21s/it)
  iter 4870  L= 256 bs=16  loss 0.4294  (0.21s/it)
  iter 4880  L= 512 bs=8  loss 0.0285  (0.21s/it)
  iter 4890  L= 768 bs=5  loss 0.4480  (0.21s/it)
  iter 4900  L= 256 bs=16  loss 0.6812  (0.21s/it)
  iter 4910  L=1024 bs=4  loss 0.4897  (0.21s/it)
  iter 4920  L= 256 bs=16  loss 0.1761  (0.21s/it)
  iter 4930  L= 256 bs=16  loss 0.0293  (0.21s/it)
  iter 4940  L=1024 bs=4  loss 0.0065  (0.21s/it)
  iter 4950  L= 768 bs=5  loss 0.6552  (0.21s/it)
  iter 4960  L= 256 bs=16  loss 0.2503  (0.21s/it)
  iter 4970  L= 768 bs=5  loss 0.5109  (0.21s/it)
  iter 4980  L= 256 bs=16  loss 0.3958  (0.21s/it)
  iter 4990  L= 256 bs=16  loss 0.9614  (0.21s/it)
  iter 5000  L= 256 bs=16  loss 0.3251  (0.21s/it)
Passkey accuracy after fine-tuning (cross_shift_c=0.0):
  ctx=   512  exact=0.95  first_token=1.00
  ctx=  1024  exact=0.95  first_token=1.00
  ctx=  2048  exact=0.97  first_token=1.00
  ctx=  4096  exact=0.96  first_token=1.00
  ctx=  8192  exact=0.91  first_token=0.99
  ctx= 16384  exact=0.50  first_token=0.68
Passkey accuracy after fine-tuning (cross_shift_c=1.0):
  ctx=   512  exact=0.95  first_token=1.00
  ctx=  1024  exact=0.95  first_token=1.00
  ctx=  2048  exact=0.97  first_token=1.00
  ctx=  4096  exact=0.97  first_token=1.00
  ctx=  8192  exact=0.92  first_token=0.99
  ctx= 16384  exact=0.98  first_token=1.00
