########## R s0
number of parameters: 63.52M
Model type: R | params 63,517,184 | delimiter 764 | device cuda
Fine-tuning for 2500 iters on lengths [256, 512, 768, 1024]:
  iter    1  L=1024 bs=4  loss 7.5073  (0.69s/it)
  iter   10  L= 256 bs=16  loss 1.2468  (0.26s/it)
  iter   20  L= 512 bs=8  loss 1.4262  (0.23s/it)
  iter   30  L=1024 bs=4  loss 1.9726  (0.23s/it)
  iter   40  L= 256 bs=16  loss 1.9534  (0.22s/it)
  iter   50  L=1024 bs=4  loss 2.3210  (0.22s/it)
  iter   60  L=1024 bs=4  loss 0.1618  (0.22s/it)
  iter   70  L=1024 bs=4  loss 1.1327  (0.22s/it)
  iter   80  L= 256 bs=16  loss 1.6955  (0.22s/it)
  iter   90  L=1024 bs=4  loss 0.4903  (0.22s/it)
  iter  100  L= 256 bs=16  loss 0.6963  (0.22s/it)
  iter  110  L= 768 bs=5  loss 1.8900  (0.22s/it)
  iter  120  L= 256 bs=16  loss 1.3137  (0.22s/it)
  iter  130  L= 256 bs=16  loss 1.0553  (0.21s/it)
  iter  140  L= 512 bs=8  loss 0.6224  (0.21s/it)
  iter  150  L= 512 bs=8  loss 1.1346  (0.21s/it)
  iter  160  L=1024 bs=4  loss 1.2981  (0.21s/it)
  iter  170  L= 768 bs=5  loss 3.5040  (0.21s/it)
  iter  180  L= 512 bs=8  loss 1.2137  (0.21s/it)
  iter  190  L= 512 bs=8  loss 1.0368  (0.21s/it)
  iter  200  L= 256 bs=16  loss 0.8827  (0.21s/it)
  iter  210  L= 768 bs=5  loss 0.5359  (0.21s/it)
  iter  220  L= 256 bs=16  loss 1.5004  (0.21s/it)
  iter  230  L= 768 bs=5  loss 0.9975  (0.21s/it)
  iter  240  L= 512 bs=8  loss 1.1617  (0.21s/it)
  iter  250  L= 768 bs=5  loss 1.1746  (0.21s/it)
  iter  260  L= 256 bs=16  loss 0.6932  (0.21s/it)
  iter  270  L= 768 bs=5  loss 0.8219  (0.21s/it)
  iter  280  L=1024 bs=4  loss 0.8094  (0.21s/it)
  iter  290  L= 256 bs=16  loss 1.5540  (0.21s/it)
  iter  300  L= 256 bs=16  loss 1.4314  (0.21s/it)
  iter  310  L= 512 bs=8  loss 0.2792  (0.21s/it)
  iter  320  L= 512 bs=8  loss 1.1789  (0.21s/it)
  iter  330  L=1024 bs=4  loss 0.8341  (0.21s/it)
  iter  340  L= 512 bs=8  loss 1.1470  (0.21s/it)
  iter  350  L= 512 bs=8  loss 0.2749  (0.21s/it)
  iter  360  L= 768 bs=5  loss 0.7102  (0.21s/it)
  iter  370  L= 512 bs=8  loss 1.0551  (0.21s/it)
  iter  380  L= 768 bs=5  loss 1.5637  (0.21s/it)
  iter  390  L= 768 bs=5  loss 0.6444  (0.21s/it)
  iter  400  L= 256 bs=16  loss 0.4677  (0.21s/it)
  iter  410  L= 256 bs=16  loss 0.4230  (0.21s/it)
  iter  420  L= 512 bs=8  loss 0.5999  (0.21s/it)
  iter  430  L=1024 bs=4  loss 1.5197  (0.21s/it)
  iter  440  L=1024 bs=4  loss 0.3969  (0.21s/it)
  iter  450  L= 512 bs=8  loss 1.7038  (0.21s/it)
  iter  460  L= 256 bs=16  loss 0.6950  (0.21s/it)
  iter  470  L= 768 bs=5  loss 0.4055  (0.21s/it)
  iter  480  L= 768 bs=5  loss 0.0707  (0.21s/it)
  iter  490  L= 512 bs=8  loss 1.0576  (0.21s/it)
  iter  500  L=1024 bs=4  loss 0.7536  (0.21s/it)
  iter  510  L= 256 bs=16  loss 1.0550  (0.21s/it)
  iter  520  L= 512 bs=8  loss 0.6674  (0.21s/it)
  iter  530  L= 512 bs=8  loss 0.3183  (0.21s/it)
  iter  540  L= 768 bs=5  loss 0.0744  (0.21s/it)
  iter  550  L= 256 bs=16  loss 0.9630  (0.21s/it)
  iter  560  L= 256 bs=16  loss 1.1844  (0.21s/it)
  iter  570  L=1024 bs=4  loss 0.4767  (0.21s/it)
  iter  580  L= 768 bs=5  loss 0.8888  (0.21s/it)
  iter  590  L=1024 bs=4  loss 1.3859  (0.21s/it)
  iter  600  L= 768 bs=5  loss 1.8486  (0.21s/it)
  iter  610  L= 512 bs=8  loss 1.3680  (0.21s/it)
  iter  620  L= 512 bs=8  loss 1.2309  (0.21s/it)
  iter  630  L=1024 bs=4  loss 1.7495  (0.21s/it)
  iter  640  L= 768 bs=5  loss 1.1982  (0.21s/it)
  iter  650  L= 512 bs=8  loss 0.2153  (0.21s/it)
  iter  660  L= 768 bs=5  loss 0.7967  (0.21s/it)
  iter  670  L= 256 bs=16  loss 0.4749  (0.21s/it)
  iter  680  L= 512 bs=8  loss 1.2906  (0.21s/it)
  iter  690  L= 256 bs=16  loss 0.5880  (0.21s/it)
  iter  700  L= 512 bs=8  loss 1.4624  (0.21s/it)
  iter  710  L=1024 bs=4  loss 1.2493  (0.21s/it)
  iter  720  L= 768 bs=5  loss 1.0429  (0.21s/it)
  iter  730  L= 256 bs=16  loss 0.4068  (0.21s/it)
  iter  740  L=1024 bs=4  loss 0.1154  (0.21s/it)
  iter  750  L= 512 bs=8  loss 0.2941  (0.21s/it)
  iter  760  L= 256 bs=16  loss 0.8730  (0.21s/it)
  iter  770  L= 512 bs=8  loss 1.4198  (0.21s/it)
  iter  780  L=1024 bs=4  loss 0.4264  (0.21s/it)
  iter  790  L= 768 bs=5  loss 2.3888  (0.21s/it)
  iter  800  L= 256 bs=16  loss 0.7366  (0.21s/it)
  iter  810  L= 512 bs=8  loss 1.3695  (0.21s/it)
  iter  820  L=1024 bs=4  loss 0.2565  (0.21s/it)
  iter  830  L=1024 bs=4  loss 0.0101  (0.21s/it)
  iter  840  L=1024 bs=4  loss 0.1101  (0.21s/it)
  iter  850  L= 768 bs=5  loss 0.6204  (0.21s/it)
  iter  860  L= 512 bs=8  loss 1.0631  (0.21s/it)
  iter  870  L=1024 bs=4  loss 0.9921  (0.21s/it)
  iter  880  L= 256 bs=16  loss 0.8090  (0.21s/it)
  iter  890  L= 256 bs=16  loss 1.0054  (0.21s/it)
  iter  900  L= 768 bs=5  loss 0.6379  (0.21s/it)
  iter  910  L= 256 bs=16  loss 0.4949  (0.21s/it)
  iter  920  L=1024 bs=4  loss 0.5972  (0.21s/it)
  iter  930  L= 512 bs=8  loss 1.5284  (0.21s/it)
  iter  940  L= 256 bs=16  loss 0.5142  (0.21s/it)
  iter  950  L= 256 bs=16  loss 0.7034  (0.21s/it)
  iter  960  L= 512 bs=8  loss 0.6605  (0.21s/it)
  iter  970  L= 768 bs=5  loss 0.2884  (0.21s/it)
  iter  980  L= 256 bs=16  loss 0.5278  (0.21s/it)
  iter  990  L= 512 bs=8  loss 1.4037  (0.21s/it)
  iter 1000  L= 512 bs=8  loss 0.3623  (0.21s/it)
  iter 1010  L=1024 bs=4  loss 0.8311  (0.21s/it)
  iter 1020  L= 512 bs=8  loss 0.7690  (0.21s/it)
  iter 1030  L= 256 bs=16  loss 0.7155  (0.21s/it)
  iter 1040  L= 768 bs=5  loss 0.9267  (0.21s/it)
  iter 1050  L=1024 bs=4  loss 0.2198  (0.21s/it)
  iter 1060  L= 512 bs=8  loss 0.4221  (0.21s/it)
  iter 1070  L=1024 bs=4  loss 0.7354  (0.21s/it)
  iter 1080  L= 768 bs=5  loss 0.8202  (0.21s/it)
  iter 1090  L= 512 bs=8  loss 0.4189  (0.21s/it)
  iter 1100  L= 512 bs=8  loss 0.8527  (0.21s/it)
  iter 1110  L=1024 bs=4  loss 1.1672  (0.21s/it)
  iter 1120  L= 256 bs=16  loss 0.9982  (0.21s/it)
  iter 1130  L= 768 bs=5  loss 0.9815  (0.21s/it)
  iter 1140  L= 768 bs=5  loss 1.0208  (0.21s/it)
  iter 1150  L= 768 bs=5  loss 1.1196  (0.21s/it)
  iter 1160  L=1024 bs=4  loss 0.6767  (0.21s/it)
  iter 1170  L=1024 bs=4  loss 0.0060  (0.21s/it)
  iter 1180  L= 512 bs=8  loss 0.6776  (0.21s/it)
  iter 1190  L= 256 bs=16  loss 0.1753  (0.21s/it)
  iter 1200  L= 512 bs=8  loss 0.1314  (0.21s/it)
  iter 1210  L= 768 bs=5  loss 0.8339  (0.21s/it)
  iter 1220  L= 256 bs=16  loss 0.4127  (0.21s/it)
  iter 1230  L= 256 bs=16  loss 0.1860  (0.21s/it)
  iter 1240  L= 512 bs=8  loss 0.8658  (0.21s/it)
  iter 1250  L= 256 bs=16  loss 0.2389  (0.21s/it)
  iter 1260  L= 512 bs=8  loss 0.6031  (0.21s/it)
  iter 1270  L= 256 bs=16  loss 0.6512  (0.21s/it)
  iter 1280  L= 256 bs=16  loss 1.1558  (0.21s/it)
  iter 1290  L= 512 bs=8  loss 1.2469  (0.21s/it)
  iter 1300  L= 512 bs=8  loss 1.1401  (0.21s/it)
  iter 1310  L= 256 bs=16  loss 0.3422  (0.21s/it)
  iter 1320  L=1024 bs=4  loss 1.7292  (0.21s/it)
  iter 1330  L= 512 bs=8  loss 0.3628  (0.21s/it)
  iter 1340  L= 256 bs=16  loss 0.5088  (0.21s/it)
  iter 1350  L= 512 bs=8  loss 0.6999  (0.21s/it)
  iter 1360  L= 256 bs=16  loss 0.8984  (0.21s/it)
  iter 1370  L=1024 bs=4  loss 0.4246  (0.21s/it)
  iter 1380  L= 512 bs=8  loss 0.2410  (0.21s/it)
  iter 1390  L=1024 bs=4  loss 0.0350  (0.21s/it)
  iter 1400  L=1024 bs=4  loss 0.2242  (0.21s/it)
  iter 1410  L=1024 bs=4  loss 0.5851  (0.21s/it)
  iter 1420  L= 256 bs=16  loss 0.8672  (0.21s/it)
  iter 1430  L=1024 bs=4  loss 0.0002  (0.21s/it)
  iter 1440  L=1024 bs=4  loss 0.0703  (0.21s/it)
  iter 1450  L= 512 bs=8  loss 0.8562  (0.21s/it)
  iter 1460  L= 256 bs=16  loss 0.3519  (0.21s/it)
  iter 1470  L=1024 bs=4  loss 0.6138  (0.21s/it)
  iter 1480  L= 512 bs=8  loss 0.4975  (0.21s/it)
  iter 1490  L=1024 bs=4  loss 0.9119  (0.21s/it)
  iter 1500  L= 512 bs=8  loss 0.4649  (0.21s/it)
  iter 1510  L= 512 bs=8  loss 0.3963  (0.21s/it)
  iter 1520  L=1024 bs=4  loss 1.1679  (0.21s/it)
  iter 1530  L= 256 bs=16  loss 0.0942  (0.21s/it)
  iter 1540  L=1024 bs=4  loss 0.0459  (0.21s/it)
  iter 1550  L=1024 bs=4  loss 0.1357  (0.21s/it)
  iter 1560  L= 256 bs=16  loss 1.3284  (0.21s/it)
  iter 1570  L= 768 bs=5  loss 0.6319  (0.21s/it)
  iter 1580  L=1024 bs=4  loss 0.8184  (0.21s/it)
  iter 1590  L= 256 bs=16  loss 0.3085  (0.21s/it)
  iter 1600  L= 768 bs=5  loss 0.0343  (0.21s/it)
  iter 1610  L= 512 bs=8  loss 1.3987  (0.21s/it)
  iter 1620  L=1024 bs=4  loss 0.9964  (0.21s/it)
  iter 1630  L=1024 bs=4  loss 0.4380  (0.21s/it)
  iter 1640  L= 512 bs=8  loss 0.5289  (0.21s/it)
  iter 1650  L= 512 bs=8  loss 0.4510  (0.21s/it)
  iter 1660  L=1024 bs=4  loss 1.0411  (0.21s/it)
  iter 1670  L= 768 bs=5  loss 0.7006  (0.21s/it)
  iter 1680  L= 256 bs=16  loss 0.2243  (0.21s/it)
  iter 1690  L=1024 bs=4  loss 1.4638  (0.21s/it)
  iter 1700  L= 256 bs=16  loss 0.4642  (0.21s/it)
  iter 1710  L= 256 bs=16  loss 0.6756  (0.21s/it)
  iter 1720  L= 256 bs=16  loss 0.7532  (0.21s/it)
  iter 1730  L=1024 bs=4  loss 0.7656  (0.21s/it)
  iter 1740  L= 512 bs=8  loss 0.0626  (0.21s/it)
  iter 1750  L= 768 bs=5  loss 0.8588  (0.21s/it)
  iter 1760  L= 512 bs=8  loss 0.3459  (0.21s/it)
  iter 1770  L= 512 bs=8  loss 0.8375  (0.21s/it)
  iter 1780  L=1024 bs=4  loss 1.1867  (0.21s/it)
  iter 1790  L= 512 bs=8  loss 1.2672  (0.21s/it)
  iter 1800  L= 512 bs=8  loss 1.1844  (0.21s/it)
  iter 1810  L=1024 bs=4  loss 0.0232  (0.21s/it)
  iter 1820  L= 512 bs=8  loss 1.1328  (0.21s/it)
  iter 1830  L= 768 bs=5  loss 1.1743  (0.21s/it)
  iter 1840  L=1024 bs=4  loss 0.1710  (0.21s/it)
  iter 1850  L= 256 bs=16  loss 0.3084  (0.21s/it)
  iter 1860  L= 768 bs=5  loss 0.3635  (0.21s/it)
  iter 1870  L= 256 bs=16  loss 0.2260  (0.21s/it)
  iter 1880  L=1024 bs=4  loss 0.0014  (0.21s/it)
  iter 1890  L= 512 bs=8  loss 0.3959  (0.21s/it)
  iter 1900  L= 256 bs=16  loss 0.6099  (0.21s/it)
  iter 1910  L= 768 bs=5  loss 0.0137  (0.21s/it)
  iter 1920  L= 768 bs=5  loss 1.1881  (0.21s/it)
  iter 1930  L=1024 bs=4  loss 0.5656  (0.21s/it)
  iter 1940  L=1024 bs=4  loss 1.0190  (0.21s/it)
  iter 1950  L=1024 bs=4  loss 0.3369  (0.21s/it)
  iter 1960  L=1024 bs=4  loss 0.0014  (0.21s/it)
  iter 1970  L= 256 bs=16  loss 0.6329  (0.21s/it)
  iter 1980  L=1024 bs=4  loss 0.0015  (0.21s/it)
  iter 1990  L= 512 bs=8  loss 0.3533  (0.21s/it)
  iter 2000  L= 256 bs=16  loss 0.3787  (0.21s/it)
  iter 2010  L= 256 bs=16  loss 0.5903  (0.21s/it)
  iter 2020  L=1024 bs=4  loss 0.4477  (0.21s/it)
  iter 2030  L=1024 bs=4  loss 0.6534  (0.21s/it)
  iter 2040  L= 512 bs=8  loss 0.2086  (0.21s/it)
  iter 2050  L= 512 bs=8  loss 0.3649  (0.21s/it)
  iter 2060  L= 512 bs=8  loss 0.4564  (0.21s/it)
  iter 2070  L= 512 bs=8  loss 0.0028  (0.21s/it)
  iter 2080  L= 512 bs=8  loss 0.1285  (0.21s/it)
  iter 2090  L=1024 bs=4  loss 0.8745  (0.21s/it)
  iter 2100  L=1024 bs=4  loss 0.8694  (0.21s/it)
  iter 2110  L= 256 bs=16  loss 0.5707  (0.21s/it)
  iter 2120  L= 256 bs=16  loss 0.3055  (0.21s/it)
  iter 2130  L=1024 bs=4  loss 0.6118  (0.21s/it)
  iter 2140  L= 768 bs=5  loss 0.7639  (0.21s/it)
  iter 2150  L= 512 bs=8  loss 0.2828  (0.21s/it)
  iter 2160  L= 512 bs=8  loss 0.2703  (0.21s/it)
  iter 2170  L= 768 bs=5  loss 0.3736  (0.21s/it)
  iter 2180  L= 512 bs=8  loss 0.6265  (0.21s/it)
  iter 2190  L=1024 bs=4  loss 0.0042  (0.21s/it)
  iter 2200  L= 512 bs=8  loss 0.4444  (0.21s/it)
  iter 2210  L= 256 bs=16  loss 0.1897  (0.21s/it)
  iter 2220  L= 256 bs=16  loss 0.6299  (0.21s/it)
  iter 2230  L= 512 bs=8  loss 0.0051  (0.21s/it)
  iter 2240  L= 512 bs=8  loss 0.3171  (0.21s/it)
  iter 2250  L=1024 bs=4  loss 0.0318  (0.21s/it)
  iter 2260  L= 512 bs=8  loss 0.2445  (0.21s/it)
  iter 2270  L= 256 bs=16  loss 0.0295  (0.21s/it)
  iter 2280  L= 512 bs=8  loss 0.0773  (0.21s/it)
  iter 2290  L=1024 bs=4  loss 0.1205  (0.21s/it)
  iter 2300  L= 512 bs=8  loss 0.0600  (0.21s/it)
  iter 2310  L= 256 bs=16  loss 0.2647  (0.21s/it)
  iter 2320  L=1024 bs=4  loss 0.0640  (0.21s/it)
  iter 2330  L= 512 bs=8  loss 0.4860  (0.21s/it)
  iter 2340  L=1024 bs=4  loss 0.4549  (0.21s/it)
  iter 2350  L=1024 bs=4  loss 0.6670  (0.21s/it)
  iter 2360  L= 256 bs=16  loss 0.2926  (0.21s/it)
  iter 2370  L=1024 bs=4  loss 0.0009  (0.21s/it)
  iter 2380  L= 256 bs=16  loss 0.4052  (0.21s/it)
  iter 2390  L= 512 bs=8  loss 0.8462  (0.21s/it)
  iter 2400  L= 512 bs=8  loss 0.4501  (0.21s/it)
  iter 2410  L= 256 bs=16  loss 0.0728  (0.21s/it)
  iter 2420  L= 512 bs=8  loss 0.1990  (0.21s/it)
  iter 2430  L= 768 bs=5  loss 0.7302  (0.21s/it)
  iter 2440  L= 768 bs=5  loss 1.4706  (0.21s/it)
  iter 2450  L=1024 bs=4  loss 0.5193  (0.21s/it)
  iter 2460  L= 256 bs=16  loss 0.2512  (0.21s/it)
  iter 2470  L= 512 bs=8  loss 0.5084  (0.21s/it)
  iter 2480  L= 256 bs=16  loss 0.4251  (0.21s/it)
  iter 2490  L= 256 bs=16  loss 0.4186  (0.21s/it)
  iter 2500  L= 512 bs=8  loss 0.0208  (0.21s/it)
Passkey accuracy after fine-tuning (cross_shift_c=0.0):
  ctx=   512  exact=0.95  first_token=1.00
  ctx=  1024  exact=0.90  first_token=1.00
  ctx=  2048  exact=0.93  first_token=1.00
  ctx=  4096  exact=0.84  first_token=0.97
  ctx=  8192  exact=0.52  first_token=0.62
  ctx= 16384  exact=0.14  first_token=0.18
Passkey accuracy after fine-tuning (cross_shift_c=1.0):
  ctx=   512  exact=0.95  first_token=1.00
  ctx=  1024  exact=0.90  first_token=1.00
  ctx=  2048  exact=0.93  first_token=1.00
  ctx=  4096  exact=0.91  first_token=0.99
  ctx=  8192  exact=0.86  first_token=0.97
  ctx= 16384  exact=0.64  first_token=0.72
########## Jm s0
number of parameters: 63.65M
Model type: Jm | params 63,648,768 | delimiter 764 | device cuda
Fine-tuning for 2500 iters on lengths [256, 512, 768, 1024]:
  iter    1  L=1024 bs=4  loss 7.5795  (0.68s/it)
  iter   10  L= 256 bs=16  loss 1.3075  (0.27s/it)
  iter   20  L= 512 bs=8  loss 1.2249  (0.24s/it)
  iter   30  L=1024 bs=4  loss 2.1170  (0.24s/it)
  iter   40  L= 256 bs=16  loss 1.8615  (0.23s/it)
  iter   50  L=1024 bs=4  loss 2.3869  (0.23s/it)
  iter   60  L=1024 bs=4  loss 0.3766  (0.23s/it)
  iter   70  L=1024 bs=4  loss 1.0283  (0.23s/it)
  iter   80  L= 256 bs=16  loss 1.7382  (0.23s/it)
  iter   90  L=1024 bs=4  loss 0.4551  (0.23s/it)
  iter  100  L= 256 bs=16  loss 0.8574  (0.23s/it)
  iter  110  L= 768 bs=5  loss 2.1756  (0.23s/it)
  iter  120  L= 256 bs=16  loss 1.2321  (0.22s/it)
  iter  130  L= 256 bs=16  loss 1.1516  (0.22s/it)
  iter  140  L= 512 bs=8  loss 0.7559  (0.22s/it)
  iter  150  L= 512 bs=8  loss 1.2116  (0.22s/it)
  iter  160  L=1024 bs=4  loss 1.3462  (0.22s/it)
  iter  170  L= 768 bs=5  loss 3.9289  (0.22s/it)
  iter  180  L= 512 bs=8  loss 1.3724  (0.22s/it)
  iter  190  L= 512 bs=8  loss 0.9716  (0.22s/it)
  iter  200  L= 256 bs=16  loss 0.8287  (0.22s/it)
  iter  210  L= 768 bs=5  loss 0.5641  (0.22s/it)
  iter  220  L= 256 bs=16  loss 1.5527  (0.22s/it)
  iter  230  L= 768 bs=5  loss 1.2251  (0.22s/it)
  iter  240  L= 512 bs=8  loss 1.2103  (0.22s/it)
  iter  250  L= 768 bs=5  loss 1.5505  (0.22s/it)
  iter  260  L= 256 bs=16  loss 0.6820  (0.22s/it)
  iter  270  L= 768 bs=5  loss 0.8778  (0.22s/it)
  iter  280  L=1024 bs=4  loss 1.1028  (0.22s/it)
  iter  290  L= 256 bs=16  loss 1.7185  (0.22s/it)
  iter  300  L= 256 bs=16  loss 1.4759  (0.22s/it)
  iter  310  L= 512 bs=8  loss 0.4186  (0.22s/it)
  iter  320  L= 512 bs=8  loss 1.3079  (0.22s/it)
  iter  330  L=1024 bs=4  loss 0.9803  (0.22s/it)
  iter  340  L= 512 bs=8  loss 1.1898  (0.22s/it)
  iter  350  L= 512 bs=8  loss 0.3161  (0.22s/it)
  iter  360  L= 768 bs=5  loss 0.8479  (0.22s/it)
  iter  370  L= 512 bs=8  loss 1.0506  (0.22s/it)
  iter  380  L= 768 bs=5  loss 1.5619  (0.22s/it)
  iter  390  L= 768 bs=5  loss 0.7131  (0.22s/it)
  iter  400  L= 256 bs=16  loss 0.4652  (0.22s/it)
  iter  410  L= 256 bs=16  loss 0.4238  (0.22s/it)
  iter  420  L= 512 bs=8  loss 0.5828  (0.22s/it)
  iter  430  L=1024 bs=4  loss 1.4608  (0.22s/it)
  iter  440  L=1024 bs=4  loss 0.4904  (0.22s/it)
  iter  450  L= 512 bs=8  loss 1.6824  (0.22s/it)
  iter  460  L= 256 bs=16  loss 0.8342  (0.22s/it)
  iter  470  L= 768 bs=5  loss 0.4469  (0.22s/it)
  iter  480  L= 768 bs=5  loss 0.0524  (0.22s/it)
  iter  490  L= 512 bs=8  loss 1.2475  (0.22s/it)
  iter  500  L=1024 bs=4  loss 1.0512  (0.22s/it)
  iter  510  L= 256 bs=16  loss 1.1432  (0.22s/it)
  iter  520  L= 512 bs=8  loss 0.7747  (0.22s/it)
  iter  530  L= 512 bs=8  loss 0.3337  (0.22s/it)
  iter  540  L= 768 bs=5  loss 0.1539  (0.22s/it)
  iter  550  L= 256 bs=16  loss 1.0196  (0.22s/it)
  iter  560  L= 256 bs=16  loss 1.1700  (0.22s/it)
  iter  570  L=1024 bs=4  loss 0.5160  (0.22s/it)
  iter  580  L= 768 bs=5  loss 1.2018  (0.22s/it)
  iter  590  L=1024 bs=4  loss 1.8187  (0.22s/it)
  iter  600  L= 768 bs=5  loss 1.9548  (0.22s/it)
  iter  610  L= 512 bs=8  loss 1.5011  (0.22s/it)
  iter  620  L= 512 bs=8  loss 1.4898  (0.22s/it)
  iter  630  L=1024 bs=4  loss 1.9889  (0.22s/it)
  iter  640  L= 768 bs=5  loss 1.5199  (0.22s/it)
  iter  650  L= 512 bs=8  loss 0.1952  (0.22s/it)
  iter  660  L= 768 bs=5  loss 0.9284  (0.22s/it)
  iter  670  L= 256 bs=16  loss 0.6297  (0.22s/it)
  iter  680  L= 512 bs=8  loss 1.4666  (0.22s/it)
  iter  690  L= 256 bs=16  loss 0.7414  (0.22s/it)
  iter  700  L= 512 bs=8  loss 1.5414  (0.22s/it)
  iter  710  L=1024 bs=4  loss 1.5599  (0.22s/it)
  iter  720  L= 768 bs=5  loss 1.1706  (0.22s/it)
  iter  730  L= 256 bs=16  loss 0.5919  (0.22s/it)
  iter  740  L=1024 bs=4  loss 0.0505  (0.22s/it)
  iter  750  L= 512 bs=8  loss 0.3436  (0.22s/it)
  iter  760  L= 256 bs=16  loss 0.9734  (0.22s/it)
  iter  770  L= 512 bs=8  loss 1.7109  (0.22s/it)
  iter  780  L=1024 bs=4  loss 0.5386  (0.22s/it)
  iter  790  L= 768 bs=5  loss 2.4473  (0.22s/it)
  iter  800  L= 256 bs=16  loss 0.8144  (0.22s/it)
  iter  810  L= 512 bs=8  loss 1.2953  (0.22s/it)
  iter  820  L=1024 bs=4  loss 0.6708  (0.22s/it)
  iter  830  L=1024 bs=4  loss 0.0183  (0.22s/it)
  iter  840  L=1024 bs=4  loss 0.3344  (0.22s/it)
  iter  850  L= 768 bs=5  loss 0.6514  (0.22s/it)
  iter  860  L= 512 bs=8  loss 1.1844  (0.22s/it)
  iter  870  L=1024 bs=4  loss 1.2876  (0.22s/it)
  iter  880  L= 256 bs=16  loss 1.0422  (0.22s/it)
  iter  890  L= 256 bs=16  loss 1.0698  (0.22s/it)
  iter  900  L= 768 bs=5  loss 0.8687  (0.22s/it)
  iter  910  L= 256 bs=16  loss 0.5996  (0.22s/it)
  iter  920  L=1024 bs=4  loss 0.5422  (0.22s/it)
  iter  930  L= 512 bs=8  loss 1.6566  (0.22s/it)
  iter  940  L= 256 bs=16  loss 0.5931  (0.22s/it)
  iter  950  L= 256 bs=16  loss 0.7620  (0.22s/it)
  iter  960  L= 512 bs=8  loss 0.6644  (0.22s/it)
  iter  970  L= 768 bs=5  loss 0.3432  (0.22s/it)
  iter  980  L= 256 bs=16  loss 0.5404  (0.22s/it)
  iter  990  L= 512 bs=8  loss 1.1989  (0.22s/it)
  iter 1000  L= 512 bs=8  loss 0.3029  (0.22s/it)
  iter 1010  L=1024 bs=4  loss 1.0018  (0.22s/it)
  iter 1020  L= 512 bs=8  loss 0.8000  (0.22s/it)
  iter 1030  L= 256 bs=16  loss 0.7997  (0.22s/it)
  iter 1040  L= 768 bs=5  loss 0.9908  (0.22s/it)
  iter 1050  L=1024 bs=4  loss 0.3504  (0.22s/it)
  iter 1060  L= 512 bs=8  loss 0.6115  (0.22s/it)
  iter 1070  L=1024 bs=4  loss 0.9849  (0.22s/it)
  iter 1080  L= 768 bs=5  loss 0.9205  (0.22s/it)
  iter 1090  L= 512 bs=8  loss 0.5921  (0.22s/it)
  iter 1100  L= 512 bs=8  loss 0.8589  (0.22s/it)
  iter 1110  L=1024 bs=4  loss 0.9526  (0.22s/it)
  iter 1120  L= 256 bs=16  loss 1.1692  (0.22s/it)
  iter 1130  L= 768 bs=5  loss 1.2047  (0.22s/it)
  iter 1140  L= 768 bs=5  loss 1.2095  (0.22s/it)
  iter 1150  L= 768 bs=5  loss 1.2642  (0.22s/it)
  iter 1160  L=1024 bs=4  loss 0.6362  (0.22s/it)
  iter 1170  L=1024 bs=4  loss 0.0018  (0.22s/it)
  iter 1180  L= 512 bs=8  loss 0.7582  (0.22s/it)
  iter 1190  L= 256 bs=16  loss 0.2425  (0.22s/it)
  iter 1200  L= 512 bs=8  loss 0.2991  (0.22s/it)
  iter 1210  L= 768 bs=5  loss 0.6909  (0.22s/it)
  iter 1220  L= 256 bs=16  loss 0.4480  (0.22s/it)
  iter 1230  L= 256 bs=16  loss 0.1866  (0.22s/it)
  iter 1240  L= 512 bs=8  loss 1.0239  (0.22s/it)
  iter 1250  L= 256 bs=16  loss 0.3336  (0.22s/it)
  iter 1260  L= 512 bs=8  loss 0.6150  (0.22s/it)
  iter 1270  L= 256 bs=16  loss 0.6735  (0.22s/it)
  iter 1280  L= 256 bs=16  loss 1.2991  (0.22s/it)
  iter 1290  L= 512 bs=8  loss 1.1993  (0.22s/it)
  iter 1300  L= 512 bs=8  loss 1.2363  (0.22s/it)
  iter 1310  L= 256 bs=16  loss 0.4227  (0.22s/it)
  iter 1320  L=1024 bs=4  loss 1.8010  (0.22s/it)
  iter 1330  L= 512 bs=8  loss 0.4806  (0.22s/it)
  iter 1340  L= 256 bs=16  loss 0.6340  (0.22s/it)
  iter 1350  L= 512 bs=8  loss 0.6096  (0.22s/it)
  iter 1360  L= 256 bs=16  loss 1.0114  (0.22s/it)
  iter 1370  L=1024 bs=4  loss 0.5323  (0.22s/it)
  iter 1380  L= 512 bs=8  loss 0.2692  (0.22s/it)
  iter 1390  L=1024 bs=4  loss 0.0452  (0.22s/it)
  iter 1400  L=1024 bs=4  loss 0.3034  (0.22s/it)
  iter 1410  L=1024 bs=4  loss 0.8686  (0.22s/it)
  iter 1420  L= 256 bs=16  loss 1.1166  (0.22s/it)
  iter 1430  L=1024 bs=4  loss 0.0001  (0.22s/it)
  iter 1440  L=1024 bs=4  loss 0.1257  (0.22s/it)
  iter 1450  L= 512 bs=8  loss 1.1422  (0.22s/it)
  iter 1460  L= 256 bs=16  loss 0.4199  (0.22s/it)
  iter 1470  L=1024 bs=4  loss 0.5012  (0.22s/it)
  iter 1480  L= 512 bs=8  loss 0.5895  (0.22s/it)
  iter 1490  L=1024 bs=4  loss 1.0442  (0.22s/it)
  iter 1500  L= 512 bs=8  loss 0.5587  (0.22s/it)
  iter 1510  L= 512 bs=8  loss 0.4298  (0.22s/it)
  iter 1520  L=1024 bs=4  loss 1.3039  (0.22s/it)
  iter 1530  L= 256 bs=16  loss 0.2212  (0.22s/it)
  iter 1540  L=1024 bs=4  loss 0.2482  (0.22s/it)
  iter 1550  L=1024 bs=4  loss 0.3181  (0.22s/it)
  iter 1560  L= 256 bs=16  loss 1.3804  (0.22s/it)
  iter 1570  L= 768 bs=5  loss 0.6584  (0.22s/it)
  iter 1580  L=1024 bs=4  loss 1.1894  (0.22s/it)
  iter 1590  L= 256 bs=16  loss 0.3616  (0.22s/it)
  iter 1600  L= 768 bs=5  loss 0.1073  (0.22s/it)
  iter 1610  L= 512 bs=8  loss 1.6830  (0.22s/it)
  iter 1620  L=1024 bs=4  loss 0.8821  (0.22s/it)
  iter 1630  L=1024 bs=4  loss 0.5584  (0.22s/it)
  iter 1640  L= 512 bs=8  loss 0.5301  (0.22s/it)
  iter 1650  L= 512 bs=8  loss 0.4778  (0.22s/it)
  iter 1660  L=1024 bs=4  loss 1.2398  (0.22s/it)
  iter 1670  L= 768 bs=5  loss 0.6123  (0.22s/it)
  iter 1680  L= 256 bs=16  loss 0.3825  (0.22s/it)
  iter 1690  L=1024 bs=4  loss 1.4928  (0.22s/it)
  iter 1700  L= 256 bs=16  loss 0.5373  (0.22s/it)
  iter 1710  L= 256 bs=16  loss 0.7751  (0.22s/it)
  iter 1720  L= 256 bs=16  loss 0.7730  (0.22s/it)
  iter 1730  L=1024 bs=4  loss 0.7896  (0.22s/it)
  iter 1740  L= 512 bs=8  loss 0.1391  (0.22s/it)
  iter 1750  L= 768 bs=5  loss 0.9351  (0.22s/it)
  iter 1760  L= 512 bs=8  loss 0.3134  (0.22s/it)
  iter 1770  L= 512 bs=8  loss 0.9834  (0.22s/it)
  iter 1780  L=1024 bs=4  loss 1.4494  (0.22s/it)
  iter 1790  L= 512 bs=8  loss 1.3317  (0.22s/it)
  iter 1800  L= 512 bs=8  loss 1.2078  (0.22s/it)
  iter 1810  L=1024 bs=4  loss 0.0426  (0.22s/it)
  iter 1820  L= 512 bs=8  loss 1.3398  (0.22s/it)
  iter 1830  L= 768 bs=5  loss 1.4266  (0.22s/it)
  iter 1840  L=1024 bs=4  loss 0.4357  (0.22s/it)
  iter 1850  L= 256 bs=16  loss 0.4001  (0.22s/it)
  iter 1860  L= 768 bs=5  loss 0.4267  (0.22s/it)
  iter 1870  L= 256 bs=16  loss 0.2582  (0.22s/it)
  iter 1880  L=1024 bs=4  loss 0.0066  (0.22s/it)
  iter 1890  L= 512 bs=8  loss 0.3964  (0.22s/it)
  iter 1900  L= 256 bs=16  loss 0.5430  (0.22s/it)
  iter 1910  L= 768 bs=5  loss 0.0329  (0.22s/it)
  iter 1920  L= 768 bs=5  loss 1.3479  (0.22s/it)
  iter 1930  L=1024 bs=4  loss 0.4896  (0.22s/it)
  iter 1940  L=1024 bs=4  loss 1.0902  (0.22s/it)
  iter 1950  L=1024 bs=4  loss 0.3558  (0.22s/it)
  iter 1960  L=1024 bs=4  loss 0.0025  (0.22s/it)
  iter 1970  L= 256 bs=16  loss 0.7293  (0.22s/it)
  iter 1980  L=1024 bs=4  loss 0.0008  (0.22s/it)
  iter 1990  L= 512 bs=8  loss 0.4994  (0.22s/it)
  iter 2000  L= 256 bs=16  loss 0.4233  (0.22s/it)
  iter 2010  L= 256 bs=16  loss 0.5790  (0.22s/it)
  iter 2020  L=1024 bs=4  loss 0.4924  (0.22s/it)
  iter 2030  L=1024 bs=4  loss 0.5825  (0.22s/it)
  iter 2040  L= 512 bs=8  loss 0.2966  (0.22s/it)
  iter 2050  L= 512 bs=8  loss 0.4491  (0.22s/it)
  iter 2060  L= 512 bs=8  loss 0.5349  (0.22s/it)
  iter 2070  L= 512 bs=8  loss 0.0154  (0.22s/it)
  iter 2080  L= 512 bs=8  loss 0.2981  (0.22s/it)
  iter 2090  L=1024 bs=4  loss 0.9838  (0.22s/it)
  iter 2100  L=1024 bs=4  loss 1.1598  (0.22s/it)
  iter 2110  L= 256 bs=16  loss 0.6486  (0.22s/it)
  iter 2120  L= 256 bs=16  loss 0.4144  (0.22s/it)
  iter 2130  L=1024 bs=4  loss 0.7416  (0.22s/it)
  iter 2140  L= 768 bs=5  loss 1.2875  (0.22s/it)
  iter 2150  L= 512 bs=8  loss 0.2510  (0.22s/it)
  iter 2160  L= 512 bs=8  loss 0.3127  (0.22s/it)
  iter 2170  L= 768 bs=5  loss 0.3314  (0.22s/it)
  iter 2180  L= 512 bs=8  loss 0.9331  (0.22s/it)
  iter 2190  L=1024 bs=4  loss 0.0043  (0.22s/it)
  iter 2200  L= 512 bs=8  loss 0.4600  (0.22s/it)
  iter 2210  L= 256 bs=16  loss 0.2236  (0.22s/it)
  iter 2220  L= 256 bs=16  loss 0.6933  (0.22s/it)
  iter 2230  L= 512 bs=8  loss 0.0110  (0.22s/it)
  iter 2240  L= 512 bs=8  loss 0.4687  (0.22s/it)
  iter 2250  L=1024 bs=4  loss 0.1274  (0.22s/it)
  iter 2260  L= 512 bs=8  loss 0.4766  (0.22s/it)
  iter 2270  L= 256 bs=16  loss 0.0393  (0.22s/it)
  iter 2280  L= 512 bs=8  loss 0.1740  (0.22s/it)
  iter 2290  L=1024 bs=4  loss 0.2111  (0.22s/it)
  iter 2300  L= 512 bs=8  loss 0.1156  (0.22s/it)
  iter 2310  L= 256 bs=16  loss 0.3014  (0.22s/it)
  iter 2320  L=1024 bs=4  loss 0.0848  (0.22s/it)
  iter 2330  L= 512 bs=8  loss 0.3875  (0.22s/it)
  iter 2340  L=1024 bs=4  loss 0.5468  (0.22s/it)
  iter 2350  L=1024 bs=4  loss 0.7079  (0.22s/it)
  iter 2360  L= 256 bs=16  loss 0.4389  (0.22s/it)
  iter 2370  L=1024 bs=4  loss 0.0041  (0.22s/it)
  iter 2380  L= 256 bs=16  loss 0.4464  (0.22s/it)
  iter 2390  L= 512 bs=8  loss 1.0805  (0.22s/it)
  iter 2400  L= 512 bs=8  loss 0.5349  (0.22s/it)
  iter 2410  L= 256 bs=16  loss 0.1995  (0.22s/it)
  iter 2420  L= 512 bs=8  loss 0.2162  (0.22s/it)
  iter 2430  L= 768 bs=5  loss 0.8781  (0.22s/it)
  iter 2440  L= 768 bs=5  loss 1.4520  (0.22s/it)
  iter 2450  L=1024 bs=4  loss 0.6540  (0.22s/it)
  iter 2460  L= 256 bs=16  loss 0.2639  (0.22s/it)
  iter 2470  L= 512 bs=8  loss 0.4836  (0.22s/it)
  iter 2480  L= 256 bs=16  loss 0.4125  (0.22s/it)
  iter 2490  L= 256 bs=16  loss 0.5091  (0.22s/it)
  iter 2500  L= 512 bs=8  loss 0.0193  (0.22s/it)
Passkey accuracy after fine-tuning (cross_shift_c=0.0):
  ctx=   512  exact=0.93  first_token=1.00
  ctx=  1024  exact=0.90  first_token=1.00
  ctx=  2048  exact=0.90  first_token=1.00
  ctx=  4096  exact=0.93  first_token=0.99
  ctx=  8192  exact=0.87  first_token=0.98
  ctx= 16384  exact=0.88  first_token=1.00
Passkey accuracy after fine-tuning (cross_shift_c=1.0):
  ctx=   512  exact=0.93  first_token=1.00
  ctx=  1024  exact=0.90  first_token=1.00
  ctx=  2048  exact=0.90  first_token=1.00
  ctx=  4096  exact=0.93  first_token=0.99
  ctx=  8192  exact=0.87  first_token=0.98
  ctx= 16384  exact=0.93  first_token=1.00
########## R s1
number of parameters: 63.52M
Model type: R | params 63,517,184 | delimiter 764 | device cuda
Fine-tuning for 2500 iters on lengths [256, 512, 768, 1024]:
  iter    1  L=1024 bs=4  loss 7.2464  (0.65s/it)
  iter   10  L= 256 bs=16  loss 1.3239  (0.26s/it)
  iter   20  L= 512 bs=8  loss 1.5417  (0.24s/it)
  iter   30  L=1024 bs=4  loss 2.1174  (0.23s/it)
  iter   40  L= 256 bs=16  loss 1.7626  (0.23s/it)
  iter   50  L=1024 bs=4  loss 2.1680  (0.23s/it)
  iter   60  L=1024 bs=4  loss 0.3282  (0.23s/it)
  iter   70  L=1024 bs=4  loss 1.4808  (0.22s/it)
  iter   80  L= 256 bs=16  loss 1.7773  (0.22s/it)
  iter   90  L=1024 bs=4  loss 0.6793  (0.22s/it)
  iter  100  L= 256 bs=16  loss 0.7696  (0.22s/it)
  iter  110  L= 768 bs=5  loss 2.1770  (0.22s/it)
  iter  120  L= 256 bs=16  loss 1.4225  (0.22s/it)
  iter  130  L= 256 bs=16  loss 1.1387  (0.22s/it)
  iter  140  L= 512 bs=8  loss 0.5419  (0.22s/it)
  iter  150  L= 512 bs=8  loss 1.1979  (0.22s/it)
  iter  160  L=1024 bs=4  loss 1.4102  (0.22s/it)
  iter  170  L= 768 bs=5  loss 3.5968  (0.22s/it)
  iter  180  L= 512 bs=8  loss 1.3091  (0.22s/it)
  iter  190  L= 512 bs=8  loss 0.9517  (0.22s/it)
  iter  200  L= 256 bs=16  loss 0.9529  (0.22s/it)
  iter  210  L= 768 bs=5  loss 0.5063  (0.22s/it)
  iter  220  L= 256 bs=16  loss 1.4775  (0.22s/it)
  iter  230  L= 768 bs=5  loss 1.2126  (0.22s/it)
  iter  240  L= 512 bs=8  loss 1.3530  (0.22s/it)
  iter  250  L= 768 bs=5  loss 1.5490  (0.22s/it)
  iter  260  L= 256 bs=16  loss 0.7487  (0.22s/it)
  iter  270  L= 768 bs=5  loss 0.9073  (0.22s/it)
  iter  280  L=1024 bs=4  loss 1.0928  (0.22s/it)
  iter  290  L= 256 bs=16  loss 1.5231  (0.22s/it)
  iter  300  L= 256 bs=16  loss 1.5473  (0.22s/it)
  iter  310  L= 512 bs=8  loss 0.4094  (0.22s/it)
  iter  320  L= 512 bs=8  loss 1.2685  (0.22s/it)
  iter  330  L=1024 bs=4  loss 0.6351  (0.22s/it)
  iter  340  L= 512 bs=8  loss 1.0582  (0.22s/it)
  iter  350  L= 512 bs=8  loss 0.2588  (0.21s/it)
  iter  360  L= 768 bs=5  loss 0.8205  (0.21s/it)
  iter  370  L= 512 bs=8  loss 1.2722  (0.21s/it)
  iter  380  L= 768 bs=5  loss 1.4693  (0.21s/it)
  iter  390  L= 768 bs=5  loss 0.8046  (0.21s/it)
  iter  400  L= 256 bs=16  loss 0.4914  (0.21s/it)
  iter  410  L= 256 bs=16  loss 0.5054  (0.21s/it)
  iter  420  L= 512 bs=8  loss 0.6360  (0.21s/it)
  iter  430  L=1024 bs=4  loss 1.5275  (0.21s/it)
  iter  440  L=1024 bs=4  loss 0.4698  (0.21s/it)
  iter  450  L= 512 bs=8  loss 1.3628  (0.21s/it)
  iter  460  L= 256 bs=16  loss 0.7376  (0.21s/it)
  iter  470  L= 768 bs=5  loss 0.4361  (0.21s/it)
  iter  480  L= 768 bs=5  loss 0.0396  (0.21s/it)
  iter  490  L= 512 bs=8  loss 1.1417  (0.21s/it)
  iter  500  L=1024 bs=4  loss 0.8297  (0.21s/it)
  iter  510  L= 256 bs=16  loss 0.9779  (0.21s/it)
  iter  520  L= 512 bs=8  loss 0.8836  (0.21s/it)
  iter  530  L= 512 bs=8  loss 0.2604  (0.21s/it)
  iter  540  L= 768 bs=5  loss 0.2325  (0.21s/it)
  iter  550  L= 256 bs=16  loss 1.0667  (0.21s/it)
  iter  560  L= 256 bs=16  loss 1.0801  (0.21s/it)
  iter  570  L=1024 bs=4  loss 0.4041  (0.21s/it)
  iter  580  L= 768 bs=5  loss 1.3433  (0.21s/it)
  iter  590  L=1024 bs=4  loss 1.6063  (0.21s/it)
  iter  600  L= 768 bs=5  loss 1.8567  (0.21s/it)
  iter  610  L= 512 bs=8  loss 1.5272  (0.21s/it)
  iter  620  L= 512 bs=8  loss 1.2841  (0.21s/it)
  iter  630  L=1024 bs=4  loss 1.8094  (0.21s/it)
  iter  640  L= 768 bs=5  loss 1.6591  (0.21s/it)
  iter  650  L= 512 bs=8  loss 0.1667  (0.21s/it)
  iter  660  L= 768 bs=5  loss 0.8096  (0.21s/it)
  iter  670  L= 256 bs=16  loss 0.4677  (0.21s/it)
  iter  680  L= 512 bs=8  loss 1.4539  (0.21s/it)
  iter  690  L= 256 bs=16  loss 0.6810  (0.21s/it)
  iter  700  L= 512 bs=8  loss 1.5876  (0.21s/it)
  iter  710  L=1024 bs=4  loss 1.3119  (0.21s/it)
  iter  720  L= 768 bs=5  loss 1.0582  (0.21s/it)
  iter  730  L= 256 bs=16  loss 0.6022  (0.21s/it)
  iter  740  L=1024 bs=4  loss 0.0284  (0.21s/it)
  iter  750  L= 512 bs=8  loss 0.3284  (0.21s/it)
  iter  760  L= 256 bs=16  loss 0.9552  (0.21s/it)
  iter  770  L= 512 bs=8  loss 1.6106  (0.21s/it)
  iter  780  L=1024 bs=4  loss 0.5121  (0.21s/it)
  iter  790  L= 768 bs=5  loss 2.1942  (0.21s/it)
  iter  800  L= 256 bs=16  loss 0.8466  (0.21s/it)
  iter  810  L= 512 bs=8  loss 1.2792  (0.21s/it)
  iter  820  L=1024 bs=4  loss 0.3379  (0.22s/it)
  iter  830  L=1024 bs=4  loss 0.0146  (0.22s/it)
  iter  840  L=1024 bs=4  loss 0.1699  (0.21s/it)
  iter  850  L= 768 bs=5  loss 0.6321  (0.21s/it)
  iter  860  L= 512 bs=8  loss 1.1232  (0.21s/it)
  iter  870  L=1024 bs=4  loss 1.2825  (0.21s/it)
  iter  880  L= 256 bs=16  loss 0.9355  (0.21s/it)
  iter  890  L= 256 bs=16  loss 1.0751  (0.21s/it)
  iter  900  L= 768 bs=5  loss 0.6599  (0.21s/it)
  iter  910  L= 256 bs=16  loss 0.5472  (0.21s/it)
  iter  920  L=1024 bs=4  loss 0.5647  (0.21s/it)
  iter  930  L= 512 bs=8  loss 1.4029  (0.22s/it)
  iter  940  L= 256 bs=16  loss 0.5280  (0.22s/it)
  iter  950  L= 256 bs=16  loss 0.7091  (0.22s/it)
  iter  960  L= 512 bs=8  loss 0.6499  (0.21s/it)
  iter  970  L= 768 bs=5  loss 0.3427  (0.21s/it)
  iter  980  L= 256 bs=16  loss 0.5704  (0.21s/it)
  iter  990  L= 512 bs=8  loss 1.1350  (0.21s/it)
  iter 1000  L= 512 bs=8  loss 0.3867  (0.21s/it)
  iter 1010  L=1024 bs=4  loss 1.0259  (0.21s/it)
  iter 1020  L= 512 bs=8  loss 0.8860  (0.21s/it)
  iter 1030  L= 256 bs=16  loss 0.8059  (0.21s/it)
  iter 1040  L= 768 bs=5  loss 0.9910  (0.21s/it)
  iter 1050  L=1024 bs=4  loss 0.1956  (0.21s/it)
  iter 1060  L= 512 bs=8  loss 0.4662  (0.21s/it)
  iter 1070  L=1024 bs=4  loss 0.8330  (0.21s/it)
  iter 1080  L= 768 bs=5  loss 0.8129  (0.21s/it)
  iter 1090  L= 512 bs=8  loss 0.4163  (0.21s/it)
  iter 1100  L= 512 bs=8  loss 0.8204  (0.21s/it)
  iter 1110  L=1024 bs=4  loss 1.3169  (0.21s/it)
  iter 1120  L= 256 bs=16  loss 1.0540  (0.21s/it)
  iter 1130  L= 768 bs=5  loss 0.9568  (0.21s/it)
  iter 1140  L= 768 bs=5  loss 1.1390  (0.21s/it)
  iter 1150  L= 768 bs=5  loss 1.1065  (0.21s/it)
  iter 1160  L=1024 bs=4  loss 0.6570  (0.21s/it)
  iter 1170  L=1024 bs=4  loss 0.0019  (0.21s/it)
  iter 1180  L= 512 bs=8  loss 0.8026  (0.21s/it)
  iter 1190  L= 256 bs=16  loss 0.2079  (0.21s/it)
  iter 1200  L= 512 bs=8  loss 0.2702  (0.21s/it)
  iter 1210  L= 768 bs=5  loss 0.7456  (0.21s/it)
  iter 1220  L= 256 bs=16  loss 0.5155  (0.21s/it)
  iter 1230  L= 256 bs=16  loss 0.2191  (0.21s/it)
  iter 1240  L= 512 bs=8  loss 0.8957  (0.21s/it)
  iter 1250  L= 256 bs=16  loss 0.2454  (0.21s/it)
  iter 1260  L= 512 bs=8  loss 0.6842  (0.21s/it)
  iter 1270  L= 256 bs=16  loss 0.7085  (0.21s/it)
  iter 1280  L= 256 bs=16  loss 1.2716  (0.21s/it)
  iter 1290  L= 512 bs=8  loss 1.2590  (0.21s/it)
  iter 1300  L= 512 bs=8  loss 1.0833  (0.21s/it)
  iter 1310  L= 256 bs=16  loss 0.3404  (0.21s/it)
  iter 1320  L=1024 bs=4  loss 1.8039  (0.21s/it)
  iter 1330  L= 512 bs=8  loss 0.4989  (0.21s/it)
  iter 1340  L= 256 bs=16  loss 0.6343  (0.21s/it)
  iter 1350  L= 512 bs=8  loss 0.7310  (0.21s/it)
  iter 1360  L= 256 bs=16  loss 1.0038  (0.21s/it)
  iter 1370  L=1024 bs=4  loss 0.4183  (0.22s/it)
  iter 1380  L= 512 bs=8  loss 0.2237  (0.21s/it)
  iter 1390  L=1024 bs=4  loss 0.0741  (0.21s/it)
  iter 1400  L=1024 bs=4  loss 0.1770  (0.22s/it)
  iter 1410  L=1024 bs=4  loss 0.6592  (0.22s/it)
  iter 1420  L= 256 bs=16  loss 0.9581  (0.21s/it)
  iter 1430  L=1024 bs=4  loss 0.0004  (0.22s/it)
  iter 1440  L=1024 bs=4  loss 0.0982  (0.22s/it)
  iter 1450  L= 512 bs=8  loss 0.9877  (0.22s/it)
  iter 1460  L= 256 bs=16  loss 0.3979  (0.21s/it)
  iter 1470  L=1024 bs=4  loss 0.3279  (0.21s/it)
  iter 1480  L= 512 bs=8  loss 0.4216  (0.22s/it)
  iter 1490  L=1024 bs=4  loss 1.0773  (0.21s/it)
  iter 1500  L= 512 bs=8  loss 0.4787  (0.21s/it)
  iter 1510  L= 512 bs=8  loss 0.4358  (0.21s/it)
  iter 1520  L=1024 bs=4  loss 1.2022  (0.21s/it)
  iter 1530  L= 256 bs=16  loss 0.1130  (0.21s/it)
  iter 1540  L=1024 bs=4  loss 0.1184  (0.21s/it)
  iter 1550  L=1024 bs=4  loss 0.1556  (0.21s/it)
  iter 1560  L= 256 bs=16  loss 1.3563  (0.21s/it)
  iter 1570  L= 768 bs=5  loss 0.5730  (0.21s/it)
  iter 1580  L=1024 bs=4  loss 0.8355  (0.22s/it)
  iter 1590  L= 256 bs=16  loss 0.3213  (0.21s/it)
  iter 1600  L= 768 bs=5  loss 0.0730  (0.21s/it)
  iter 1610  L= 512 bs=8  loss 1.3122  (0.21s/it)
  iter 1620  L=1024 bs=4  loss 0.9408  (0.21s/it)
  iter 1630  L=1024 bs=4  loss 0.4641  (0.21s/it)
  iter 1640  L= 512 bs=8  loss 0.4838  (0.21s/it)
  iter 1650  L= 512 bs=8  loss 0.4134  (0.21s/it)
  iter 1660  L=1024 bs=4  loss 1.2613  (0.21s/it)
  iter 1670  L= 768 bs=5  loss 0.6272  (0.21s/it)
  iter 1680  L= 256 bs=16  loss 0.2864  (0.21s/it)
  iter 1690  L=1024 bs=4  loss 1.4248  (0.21s/it)
  iter 1700  L= 256 bs=16  loss 0.4566  (0.21s/it)
  iter 1710  L= 256 bs=16  loss 0.6782  (0.21s/it)
  iter 1720  L= 256 bs=16  loss 0.7934  (0.21s/it)
  iter 1730  L=1024 bs=4  loss 0.7720  (0.21s/it)
  iter 1740  L= 512 bs=8  loss 0.0968  (0.21s/it)
  iter 1750  L= 768 bs=5  loss 0.9104  (0.21s/it)
  iter 1760  L= 512 bs=8  loss 0.3467  (0.21s/it)
  iter 1770  L= 512 bs=8  loss 0.8603  (0.21s/it)
  iter 1780  L=1024 bs=4  loss 1.5398  (0.21s/it)
  iter 1790  L= 512 bs=8  loss 1.3729  (0.21s/it)
  iter 1800  L= 512 bs=8  loss 1.2625  (0.21s/it)
  iter 1810  L=1024 bs=4  loss 0.0237  (0.21s/it)
  iter 1820  L= 512 bs=8  loss 1.2376  (0.21s/it)
  iter 1830  L= 768 bs=5  loss 1.4135  (0.21s/it)
  iter 1840  L=1024 bs=4  loss 0.2664  (0.21s/it)
  iter 1850  L= 256 bs=16  loss 0.3483  (0.21s/it)
  iter 1860  L= 768 bs=5  loss 0.2789  (0.21s/it)
  iter 1870  L= 256 bs=16  loss 0.2870  (0.21s/it)
  iter 1880  L=1024 bs=4  loss 0.0061  (0.21s/it)
  iter 1890  L= 512 bs=8  loss 0.4502  (0.21s/it)
  iter 1900  L= 256 bs=16  loss 0.6015  (0.21s/it)
  iter 1910  L= 768 bs=5  loss 0.0296  (0.21s/it)
  iter 1920  L= 768 bs=5  loss 1.2090  (0.21s/it)
  iter 1930  L=1024 bs=4  loss 0.6766  (0.21s/it)
  iter 1940  L=1024 bs=4  loss 1.0759  (0.21s/it)
  iter 1950  L=1024 bs=4  loss 0.2329  (0.21s/it)
  iter 1960  L=1024 bs=4  loss 0.0038  (0.21s/it)
  iter 1970  L= 256 bs=16  loss 0.7571  (0.21s/it)
  iter 1980  L=1024 bs=4  loss 0.0019  (0.21s/it)
  iter 1990  L= 512 bs=8  loss 0.5644  (0.21s/it)
  iter 2000  L= 256 bs=16  loss 0.4074  (0.21s/it)
  iter 2010  L= 256 bs=16  loss 0.5751  (0.21s/it)
  iter 2020  L=1024 bs=4  loss 0.4337  (0.21s/it)
  iter 2030  L=1024 bs=4  loss 0.8428  (0.21s/it)
  iter 2040  L= 512 bs=8  loss 0.2586  (0.21s/it)
  iter 2050  L= 512 bs=8  loss 0.4530  (0.21s/it)
  iter 2060  L= 512 bs=8  loss 0.4712  (0.21s/it)
  iter 2070  L= 512 bs=8  loss 0.0030  (0.21s/it)
  iter 2080  L= 512 bs=8  loss 0.2340  (0.21s/it)
  iter 2090  L=1024 bs=4  loss 1.0759  (0.21s/it)
  iter 2100  L=1024 bs=4  loss 1.1306  (0.21s/it)
  iter 2110  L= 256 bs=16  loss 0.6284  (0.21s/it)
  iter 2120  L= 256 bs=16  loss 0.3577  (0.21s/it)
  iter 2130  L=1024 bs=4  loss 0.6073  (0.21s/it)
  iter 2140  L= 768 bs=5  loss 1.0827  (0.21s/it)
  iter 2150  L= 512 bs=8  loss 0.3557  (0.21s/it)
  iter 2160  L= 512 bs=8  loss 0.2198  (0.21s/it)
  iter 2170  L= 768 bs=5  loss 0.5087  (0.21s/it)
  iter 2180  L= 512 bs=8  loss 0.8291  (0.21s/it)
  iter 2190  L=1024 bs=4  loss 0.0076  (0.21s/it)
  iter 2200  L= 512 bs=8  loss 0.4767  (0.21s/it)
  iter 2210  L= 256 bs=16  loss 0.2205  (0.21s/it)
  iter 2220  L= 256 bs=16  loss 0.6143  (0.21s/it)
  iter 2230  L= 512 bs=8  loss 0.0121  (0.21s/it)
  iter 2240  L= 512 bs=8  loss 0.3551  (0.21s/it)
  iter 2250  L=1024 bs=4  loss 0.0479  (0.21s/it)
  iter 2260  L= 512 bs=8  loss 0.2712  (0.21s/it)
  iter 2270  L= 256 bs=16  loss 0.0563  (0.21s/it)
  iter 2280  L= 512 bs=8  loss 0.0907  (0.21s/it)
  iter 2290  L=1024 bs=4  loss 0.2667  (0.21s/it)
  iter 2300  L= 512 bs=8  loss 0.0384  (0.21s/it)
  iter 2310  L= 256 bs=16  loss 0.3114  (0.21s/it)
  iter 2320  L=1024 bs=4  loss 0.0525  (0.21s/it)
  iter 2330  L= 512 bs=8  loss 0.3930  (0.21s/it)
  iter 2340  L=1024 bs=4  loss 0.7126  (0.21s/it)
  iter 2350  L=1024 bs=4  loss 0.7658  (0.21s/it)
  iter 2360  L= 256 bs=16  loss 0.3300  (0.21s/it)
  iter 2370  L=1024 bs=4  loss 0.0013  (0.21s/it)
  iter 2380  L= 256 bs=16  loss 0.4407  (0.21s/it)
  iter 2390  L= 512 bs=8  loss 1.2191  (0.21s/it)
  iter 2400  L= 512 bs=8  loss 0.5006  (0.21s/it)
  iter 2410  L= 256 bs=16  loss 0.0994  (0.21s/it)
  iter 2420  L= 512 bs=8  loss 0.2410  (0.21s/it)
  iter 2430  L= 768 bs=5  loss 0.7661  (0.21s/it)
  iter 2440  L= 768 bs=5  loss 1.4074  (0.21s/it)
  iter 2450  L=1024 bs=4  loss 0.6904  (0.21s/it)
  iter 2460  L= 256 bs=16  loss 0.3071  (0.21s/it)
  iter 2470  L= 512 bs=8  loss 0.4271  (0.21s/it)
  iter 2480  L= 256 bs=16  loss 0.4182  (0.21s/it)
  iter 2490  L= 256 bs=16  loss 0.5006  (0.21s/it)
  iter 2500  L= 512 bs=8  loss 0.0213  (0.21s/it)
Passkey accuracy after fine-tuning (cross_shift_c=0.0):
  ctx=   512  exact=0.93  first_token=1.00
  ctx=  1024  exact=0.88  first_token=1.00
  ctx=  2048  exact=0.93  first_token=1.00
  ctx=  4096  exact=0.83  first_token=0.94
  ctx=  8192  exact=0.33  first_token=0.55
  ctx= 16384  exact=0.02  first_token=0.12
Passkey accuracy after fine-tuning (cross_shift_c=1.0):
  ctx=   512  exact=0.93  first_token=1.00
  ctx=  1024  exact=0.88  first_token=1.00
  ctx=  2048  exact=0.93  first_token=1.00
  ctx=  4096  exact=0.91  first_token=0.99
  ctx=  8192  exact=0.83  first_token=0.95
  ctx= 16384  exact=0.56  first_token=0.73
########## Jm s1
number of parameters: 63.65M
Model type: Jm | params 63,648,768 | delimiter 764 | device cuda
Fine-tuning for 2500 iters on lengths [256, 512, 768, 1024]:
  iter    1  L=1024 bs=4  loss 5.7969  (0.68s/it)
  iter   10  L= 256 bs=16  loss 1.1167  (0.27s/it)
  iter   20  L= 512 bs=8  loss 1.4659  (0.24s/it)
  iter   30  L=1024 bs=4  loss 2.0016  (0.24s/it)
  iter   40  L= 256 bs=16  loss 2.0055  (0.23s/it)
  iter   50  L=1024 bs=4  loss 2.1051  (0.23s/it)
  iter   60  L=1024 bs=4  loss 0.2699  (0.23s/it)
  iter   70  L=1024 bs=4  loss 1.3748  (0.23s/it)
  iter   80  L= 256 bs=16  loss 1.7528  (0.23s/it)
  iter   90  L=1024 bs=4  loss 0.5641  (0.23s/it)
  iter  100  L= 256 bs=16  loss 0.8100  (0.23s/it)
  iter  110  L= 768 bs=5  loss 1.9580  (0.23s/it)
  iter  120  L= 256 bs=16  loss 1.2988  (0.22s/it)
  iter  130  L= 256 bs=16  loss 1.0295  (0.22s/it)
  iter  140  L= 512 bs=8  loss 0.7060  (0.22s/it)
  iter  150  L= 512 bs=8  loss 1.2402  (0.22s/it)
  iter  160  L=1024 bs=4  loss 1.3902  (0.22s/it)
  iter  170  L= 768 bs=5  loss 3.8560  (0.22s/it)
  iter  180  L= 512 bs=8  loss 0.9877  (0.22s/it)
  iter  190  L= 512 bs=8  loss 1.1458  (0.22s/it)
  iter  200  L= 256 bs=16  loss 0.8802  (0.22s/it)
  iter  210  L= 768 bs=5  loss 0.5639  (0.22s/it)
  iter  220  L= 256 bs=16  loss 1.5335  (0.22s/it)
  iter  230  L= 768 bs=5  loss 1.3393  (0.22s/it)
  iter  240  L= 512 bs=8  loss 1.2365  (0.22s/it)
  iter  250  L= 768 bs=5  loss 1.4464  (0.22s/it)
  iter  260  L= 256 bs=16  loss 0.6320  (0.22s/it)
  iter  270  L= 768 bs=5  loss 0.7728  (0.22s/it)
  iter  280  L=1024 bs=4  loss 1.0865  (0.22s/it)
  iter  290  L= 256 bs=16  loss 1.6319  (0.22s/it)
  iter  300  L= 256 bs=16  loss 1.6962  (0.22s/it)
  iter  310  L= 512 bs=8  loss 0.4081  (0.22s/it)
  iter  320  L= 512 bs=8  loss 1.2314  (0.22s/it)
  iter  330  L=1024 bs=4  loss 0.9669  (0.22s/it)
  iter  340  L= 512 bs=8  loss 1.0048  (0.22s/it)
  iter  350  L= 512 bs=8  loss 0.3653  (0.22s/it)
  iter  360  L= 768 bs=5  loss 0.7796  (0.22s/it)
  iter  370  L= 512 bs=8  loss 1.3713  (0.22s/it)
  iter  380  L= 768 bs=5  loss 1.4845  (0.22s/it)
  iter  390  L= 768 bs=5  loss 0.4666  (0.22s/it)
  iter  400  L= 256 bs=16  loss 0.4948  (0.22s/it)
  iter  410  L= 256 bs=16  loss 0.4047  (0.22s/it)
  iter  420  L= 512 bs=8  loss 0.6125  (0.22s/it)
  iter  430  L=1024 bs=4  loss 1.5424  (0.22s/it)
  iter  440  L=1024 bs=4  loss 0.3617  (0.22s/it)
  iter  450  L= 512 bs=8  loss 1.7922  (0.22s/it)
  iter  460  L= 256 bs=16  loss 0.8422  (0.22s/it)
  iter  470  L= 768 bs=5  loss 0.5001  (0.22s/it)
  iter  480  L= 768 bs=5  loss 0.1190  (0.22s/it)
  iter  490  L= 512 bs=8  loss 1.0935  (0.22s/it)
  iter  500  L=1024 bs=4  loss 1.0418  (0.22s/it)
  iter  510  L= 256 bs=16  loss 1.1257  (0.22s/it)
  iter  520  L= 512 bs=8  loss 0.8951  (0.22s/it)
  iter  530  L= 512 bs=8  loss 0.2616  (0.22s/it)
  iter  540  L= 768 bs=5  loss 0.1315  (0.22s/it)
  iter  550  L= 256 bs=16  loss 1.0266  (0.22s/it)
  iter  560  L= 256 bs=16  loss 1.1681  (0.22s/it)
  iter  570  L=1024 bs=4  loss 0.5362  (0.22s/it)
  iter  580  L= 768 bs=5  loss 1.2502  (0.22s/it)
  iter  590  L=1024 bs=4  loss 1.6380  (0.22s/it)
  iter  600  L= 768 bs=5  loss 1.8539  (0.22s/it)
  iter  610  L= 512 bs=8  loss 1.5081  (0.22s/it)
  iter  620  L= 512 bs=8  loss 1.4205  (0.22s/it)
  iter  630  L=1024 bs=4  loss 2.0380  (0.22s/it)
  iter  640  L= 768 bs=5  loss 1.7990  (0.22s/it)
  iter  650  L= 512 bs=8  loss 0.2689  (0.22s/it)
  iter  660  L= 768 bs=5  loss 0.7418  (0.22s/it)
  iter  670  L= 256 bs=16  loss 0.6509  (0.22s/it)
  iter  680  L= 512 bs=8  loss 1.4523  (0.22s/it)
  iter  690  L= 256 bs=16  loss 0.7691  (0.22s/it)
  iter  700  L= 512 bs=8  loss 1.7793  (0.22s/it)
  iter  710  L=1024 bs=4  loss 1.1899  (0.22s/it)
  iter  720  L= 768 bs=5  loss 1.1562  (0.22s/it)
  iter  730  L= 256 bs=16  loss 0.4864  (0.22s/it)
  iter  740  L=1024 bs=4  loss 0.0921  (0.22s/it)
  iter  750  L= 512 bs=8  loss 0.3589  (0.22s/it)
  iter  760  L= 256 bs=16  loss 0.9557  (0.22s/it)
  iter  770  L= 512 bs=8  loss 1.6652  (0.22s/it)
  iter  780  L=1024 bs=4  loss 0.5814  (0.22s/it)
  iter  790  L= 768 bs=5  loss 2.6131  (0.22s/it)
  iter  800  L= 256 bs=16  loss 0.8557  (0.22s/it)
  iter  810  L= 512 bs=8  loss 1.3978  (0.22s/it)
  iter  820  L=1024 bs=4  loss 0.8020  (0.22s/it)
  iter  830  L=1024 bs=4  loss 0.0088  (0.22s/it)
  iter  840  L=1024 bs=4  loss 0.2327  (0.22s/it)
  iter  850  L= 768 bs=5  loss 0.7826  (0.22s/it)
  iter  860  L= 512 bs=8  loss 1.3291  (0.22s/it)
  iter  870  L=1024 bs=4  loss 0.9719  (0.22s/it)
  iter  880  L= 256 bs=16  loss 1.0695  (0.22s/it)
  iter  890  L= 256 bs=16  loss 1.0974  (0.22s/it)
  iter  900  L= 768 bs=5  loss 0.9108  (0.22s/it)
  iter  910  L= 256 bs=16  loss 0.5960  (0.22s/it)
  iter  920  L=1024 bs=4  loss 0.7801  (0.22s/it)
  iter  930  L= 512 bs=8  loss 1.7994  (0.22s/it)
  iter  940  L= 256 bs=16  loss 0.6919  (0.22s/it)
  iter  950  L= 256 bs=16  loss 0.9041  (0.22s/it)
  iter  960  L= 512 bs=8  loss 0.7079  (0.22s/it)
  iter  970  L= 768 bs=5  loss 0.4332  (0.22s/it)
  iter  980  L= 256 bs=16  loss 0.6953  (0.22s/it)
  iter  990  L= 512 bs=8  loss 1.1384  (0.22s/it)
  iter 1000  L= 512 bs=8  loss 0.3582  (0.22s/it)
  iter 1010  L=1024 bs=4  loss 0.9864  (0.22s/it)
  iter 1020  L= 512 bs=8  loss 0.9506  (0.22s/it)
  iter 1030  L= 256 bs=16  loss 0.8592  (0.22s/it)
  iter 1040  L= 768 bs=5  loss 1.1526  (0.22s/it)
  iter 1050  L=1024 bs=4  loss 0.2591  (0.22s/it)
  iter 1060  L= 512 bs=8  loss 0.5056  (0.22s/it)
  iter 1070  L=1024 bs=4  loss 0.9460  (0.22s/it)
  iter 1080  L= 768 bs=5  loss 0.8640  (0.22s/it)
  iter 1090  L= 512 bs=8  loss 0.5290  (0.22s/it)
  iter 1100  L= 512 bs=8  loss 0.8182  (0.22s/it)
  iter 1110  L=1024 bs=4  loss 1.3524  (0.22s/it)
  iter 1120  L= 256 bs=16  loss 1.1599  (0.22s/it)
  iter 1130  L= 768 bs=5  loss 1.0928  (0.22s/it)
  iter 1140  L= 768 bs=5  loss 1.0271  (0.22s/it)
  iter 1150  L= 768 bs=5  loss 1.2647  (0.22s/it)
  iter 1160  L=1024 bs=4  loss 0.6714  (0.22s/it)
  iter 1170  L=1024 bs=4  loss 0.0019  (0.22s/it)
  iter 1180  L= 512 bs=8  loss 0.8561  (0.22s/it)
  iter 1190  L= 256 bs=16  loss 0.3064  (0.22s/it)
  iter 1200  L= 512 bs=8  loss 0.4365  (0.22s/it)
  iter 1210  L= 768 bs=5  loss 0.7033  (0.22s/it)
  iter 1220  L= 256 bs=16  loss 0.5901  (0.22s/it)
  iter 1230  L= 256 bs=16  loss 0.2817  (0.22s/it)
  iter 1240  L= 512 bs=8  loss 1.0853  (0.22s/it)
  iter 1250  L= 256 bs=16  loss 0.3020  (0.22s/it)
  iter 1260  L= 512 bs=8  loss 0.6573  (0.22s/it)
  iter 1270  L= 256 bs=16  loss 0.8525  (0.22s/it)
  iter 1280  L= 256 bs=16  loss 1.3871  (0.22s/it)
  iter 1290  L= 512 bs=8  loss 1.3925  (0.22s/it)
  iter 1300  L= 512 bs=8  loss 1.3104  (0.22s/it)
  iter 1310  L= 256 bs=16  loss 0.3927  (0.22s/it)
  iter 1320  L=1024 bs=4  loss 1.8066  (0.22s/it)
  iter 1330  L= 512 bs=8  loss 0.5604  (0.22s/it)
  iter 1340  L= 256 bs=16  loss 0.7146  (0.22s/it)
  iter 1350  L= 512 bs=8  loss 0.8893  (0.22s/it)
  iter 1360  L= 256 bs=16  loss 1.0040  (0.22s/it)
  iter 1370  L=1024 bs=4  loss 0.5384  (0.22s/it)
  iter 1380  L= 512 bs=8  loss 0.2368  (0.22s/it)
  iter 1390  L=1024 bs=4  loss 0.0844  (0.22s/it)
  iter 1400  L=1024 bs=4  loss 0.0879  (0.22s/it)
  iter 1410  L=1024 bs=4  loss 0.3692  (0.22s/it)
  iter 1420  L= 256 bs=16  loss 0.9057  (0.22s/it)
  iter 1430  L=1024 bs=4  loss 0.0001  (0.22s/it)
  iter 1440  L=1024 bs=4  loss 0.1384  (0.22s/it)
  iter 1450  L= 512 bs=8  loss 1.1329  (0.22s/it)
  iter 1460  L= 256 bs=16  loss 0.4636  (0.22s/it)
  iter 1470  L=1024 bs=4  loss 0.5106  (0.22s/it)
  iter 1480  L= 512 bs=8  loss 0.4746  (0.22s/it)
  iter 1490  L=1024 bs=4  loss 1.2208  (0.22s/it)
  iter 1500  L= 512 bs=8  loss 0.6771  (0.22s/it)
  iter 1510  L= 512 bs=8  loss 0.4182  (0.22s/it)
  iter 1520  L=1024 bs=4  loss 1.3656  (0.22s/it)
  iter 1530  L= 256 bs=16  loss 0.2096  (0.22s/it)
  iter 1540  L=1024 bs=4  loss 0.5822  (0.22s/it)
  iter 1550  L=1024 bs=4  loss 0.3415  (0.22s/it)
  iter 1560  L= 256 bs=16  loss 1.4479  (0.22s/it)
  iter 1570  L= 768 bs=5  loss 0.5971  (0.22s/it)
  iter 1580  L=1024 bs=4  loss 1.0757  (0.22s/it)
  iter 1590  L= 256 bs=16  loss 0.3753  (0.22s/it)
  iter 1600  L= 768 bs=5  loss 0.1189  (0.22s/it)
  iter 1610  L= 512 bs=8  loss 1.4460  (0.22s/it)
  iter 1620  L=1024 bs=4  loss 1.1379  (0.22s/it)
  iter 1630  L=1024 bs=4  loss 0.7105  (0.22s/it)
  iter 1640  L= 512 bs=8  loss 0.4713  (0.22s/it)
  iter 1650  L= 512 bs=8  loss 0.5958  (0.22s/it)
  iter 1660  L=1024 bs=4  loss 1.3555  (0.22s/it)
  iter 1670  L= 768 bs=5  loss 0.6310  (0.22s/it)
  iter 1680  L= 256 bs=16  loss 0.4312  (0.22s/it)
  iter 1690  L=1024 bs=4  loss 1.5688  (0.22s/it)
  iter 1700  L= 256 bs=16  loss 0.6170  (0.22s/it)
  iter 1710  L= 256 bs=16  loss 0.7645  (0.22s/it)
  iter 1720  L= 256 bs=16  loss 0.7942  (0.22s/it)
  iter 1730  L=1024 bs=4  loss 0.9370  (0.22s/it)
  iter 1740  L= 512 bs=8  loss 0.1380  (0.22s/it)
  iter 1750  L= 768 bs=5  loss 1.0040  (0.22s/it)
  iter 1760  L= 512 bs=8  loss 0.3315  (0.22s/it)
  iter 1770  L= 512 bs=8  loss 1.0937  (0.22s/it)
  iter 1780  L=1024 bs=4  loss 1.3734  (0.22s/it)
  iter 1790  L= 512 bs=8  loss 1.5027  (0.22s/it)
  iter 1800  L= 512 bs=8  loss 1.3981  (0.22s/it)
  iter 1810  L=1024 bs=4  loss 0.0090  (0.22s/it)
  iter 1820  L= 512 bs=8  loss 1.1927  (0.22s/it)
  iter 1830  L= 768 bs=5  loss 1.4500  (0.22s/it)
  iter 1840  L=1024 bs=4  loss 0.3994  (0.22s/it)
  iter 1850  L= 256 bs=16  loss 0.4102  (0.22s/it)
  iter 1860  L= 768 bs=5  loss 0.2647  (0.22s/it)
  iter 1870  L= 256 bs=16  loss 0.2855  (0.22s/it)
  iter 1880  L=1024 bs=4  loss 0.0067  (0.22s/it)
  iter 1890  L= 512 bs=8  loss 0.4860  (0.22s/it)
  iter 1900  L= 256 bs=16  loss 0.6034  (0.22s/it)
  iter 1910  L= 768 bs=5  loss 0.1163  (0.22s/it)
  iter 1920  L= 768 bs=5  loss 1.4831  (0.22s/it)
  iter 1930  L=1024 bs=4  loss 0.7201  (0.22s/it)
  iter 1940  L=1024 bs=4  loss 1.1887  (0.22s/it)
  iter 1950  L=1024 bs=4  loss 0.4486  (0.22s/it)
  iter 1960  L=1024 bs=4  loss 0.0022  (0.22s/it)
  iter 1970  L= 256 bs=16  loss 0.8684  (0.22s/it)
  iter 1980  L=1024 bs=4  loss 0.0033  (0.22s/it)
  iter 1990  L= 512 bs=8  loss 0.8606  (0.22s/it)
  iter 2000  L= 256 bs=16  loss 0.4822  (0.22s/it)
  iter 2010  L= 256 bs=16  loss 0.7301  (0.22s/it)
  iter 2020  L=1024 bs=4  loss 0.5140  (0.22s/it)
  iter 2030  L=1024 bs=4  loss 0.9875  (0.22s/it)
  iter 2040  L= 512 bs=8  loss 0.3741  (0.22s/it)
  iter 2050  L= 512 bs=8  loss 0.4770  (0.22s/it)
  iter 2060  L= 512 bs=8  loss 0.6218  (0.22s/it)
  iter 2070  L= 512 bs=8  loss 0.0091  (0.22s/it)
  iter 2080  L= 512 bs=8  loss 0.2291  (0.22s/it)
  iter 2090  L=1024 bs=4  loss 1.0628  (0.22s/it)
  iter 2100  L=1024 bs=4  loss 1.1362  (0.22s/it)
  iter 2110  L= 256 bs=16  loss 0.6008  (0.22s/it)
  iter 2120  L= 256 bs=16  loss 0.4566  (0.22s/it)
  iter 2130  L=1024 bs=4  loss 0.5809  (0.22s/it)
  iter 2140  L= 768 bs=5  loss 1.2917  (0.22s/it)
  iter 2150  L= 512 bs=8  loss 0.4863  (0.22s/it)
  iter 2160  L= 512 bs=8  loss 0.3812  (0.22s/it)
  iter 2170  L= 768 bs=5  loss 0.5181  (0.22s/it)
  iter 2180  L= 512 bs=8  loss 0.9507  (0.22s/it)
  iter 2190  L=1024 bs=4  loss 0.0155  (0.22s/it)
  iter 2200  L= 512 bs=8  loss 0.6035  (0.22s/it)
  iter 2210  L= 256 bs=16  loss 0.2982  (0.22s/it)
  iter 2220  L= 256 bs=16  loss 0.7408  (0.22s/it)
  iter 2230  L= 512 bs=8  loss 0.0448  (0.22s/it)
  iter 2240  L= 512 bs=8  loss 0.3035  (0.22s/it)
  iter 2250  L=1024 bs=4  loss 0.0437  (0.22s/it)
  iter 2260  L= 512 bs=8  loss 0.4142  (0.22s/it)
  iter 2270  L= 256 bs=16  loss 0.1010  (0.22s/it)
  iter 2280  L= 512 bs=8  loss 0.1654  (0.22s/it)
  iter 2290  L=1024 bs=4  loss 0.4803  (0.22s/it)
  iter 2300  L= 512 bs=8  loss 0.0703  (0.22s/it)
  iter 2310  L= 256 bs=16  loss 0.2598  (0.22s/it)
  iter 2320  L=1024 bs=4  loss 0.0642  (0.22s/it)
  iter 2330  L= 512 bs=8  loss 0.4782  (0.22s/it)
  iter 2340  L=1024 bs=4  loss 0.8182  (0.22s/it)
  iter 2350  L=1024 bs=4  loss 0.8843  (0.22s/it)
  iter 2360  L= 256 bs=16  loss 0.4606  (0.22s/it)
  iter 2370  L=1024 bs=4  loss 0.0009  (0.22s/it)
  iter 2380  L= 256 bs=16  loss 0.6429  (0.22s/it)
  iter 2390  L= 512 bs=8  loss 1.1941  (0.22s/it)
  iter 2400  L= 512 bs=8  loss 0.5516  (0.22s/it)
  iter 2410  L= 256 bs=16  loss 0.1560  (0.22s/it)
  iter 2420  L= 512 bs=8  loss 0.2707  (0.22s/it)
  iter 2430  L= 768 bs=5  loss 1.0330  (0.22s/it)
  iter 2440  L= 768 bs=5  loss 1.2556  (0.22s/it)
  iter 2450  L=1024 bs=4  loss 0.6719  (0.22s/it)
  iter 2460  L= 256 bs=16  loss 0.2991  (0.22s/it)
  iter 2470  L= 512 bs=8  loss 0.4637  (0.22s/it)
  iter 2480  L= 256 bs=16  loss 0.4417  (0.22s/it)
  iter 2490  L= 256 bs=16  loss 0.5534  (0.22s/it)
  iter 2500  L= 512 bs=8  loss 0.1206  (0.22s/it)
Passkey accuracy after fine-tuning (cross_shift_c=0.0):
  ctx=   512  exact=0.93  first_token=1.00
  ctx=  1024  exact=0.87  first_token=1.00
  ctx=  2048  exact=0.92  first_token=1.00
  ctx=  4096  exact=0.87  first_token=0.99
  ctx=  8192  exact=0.85  first_token=0.98
  ctx= 16384  exact=0.91  first_token=1.00
Passkey accuracy after fine-tuning (cross_shift_c=1.0):
  ctx=   512  exact=0.93  first_token=1.00
  ctx=  1024  exact=0.87  first_token=1.00
  ctx=  2048  exact=0.92  first_token=1.00
  ctx=  4096  exact=0.87  first_token=0.99
  ctx=  8192  exact=0.86  first_token=0.98
  ctx= 16384  exact=0.92  first_token=1.00
########## R s2
number of parameters: 63.52M
Model type: R | params 63,517,184 | delimiter 764 | device cuda
Fine-tuning for 2500 iters on lengths [256, 512, 768, 1024]:
  iter    1  L=1024 bs=4  loss 5.9205  (0.67s/it)
  iter   10  L= 256 bs=16  loss 1.1778  (0.26s/it)
  iter   20  L= 512 bs=8  loss 1.4102  (0.24s/it)
  iter   30  L=1024 bs=4  loss 2.2149  (0.23s/it)
  iter   40  L= 256 bs=16  loss 1.8884  (0.23s/it)
  iter   50  L=1024 bs=4  loss 2.0715  (0.23s/it)
  iter   60  L=1024 bs=4  loss 0.5988  (0.23s/it)
  iter   70  L=1024 bs=4  loss 1.2325  (0.22s/it)
  iter   80  L= 256 bs=16  loss 1.7776  (0.22s/it)
  iter   90  L=1024 bs=4  loss 0.5667  (0.22s/it)
  iter  100  L= 256 bs=16  loss 0.8126  (0.22s/it)
  iter  110  L= 768 bs=5  loss 1.8603  (0.22s/it)
  iter  120  L= 256 bs=16  loss 1.5473  (0.22s/it)
  iter  130  L= 256 bs=16  loss 1.2482  (0.22s/it)
  iter  140  L= 512 bs=8  loss 0.8133  (0.22s/it)
  iter  150  L= 512 bs=8  loss 1.2313  (0.22s/it)
  iter  160  L=1024 bs=4  loss 1.4721  (0.22s/it)
  iter  170  L= 768 bs=5  loss 3.8078  (0.22s/it)
  iter  180  L= 512 bs=8  loss 1.4281  (0.22s/it)
  iter  190  L= 512 bs=8  loss 1.0796  (0.22s/it)
  iter  200  L= 256 bs=16  loss 0.9156  (0.22s/it)
  iter  210  L= 768 bs=5  loss 0.5021  (0.22s/it)
  iter  220  L= 256 bs=16  loss 1.4894  (0.22s/it)
  iter  230  L= 768 bs=5  loss 0.9089  (0.22s/it)
  iter  240  L= 512 bs=8  loss 1.1650  (0.22s/it)
  iter  250  L= 768 bs=5  loss 1.7132  (0.22s/it)
  iter  260  L= 256 bs=16  loss 0.7267  (0.21s/it)
  iter  270  L= 768 bs=5  loss 1.1081  (0.21s/it)
  iter  280  L=1024 bs=4  loss 1.1584  (0.22s/it)
  iter  290  L= 256 bs=16  loss 1.6334  (0.21s/it)
  iter  300  L= 256 bs=16  loss 1.5503  (0.22s/it)
  iter  310  L= 512 bs=8  loss 0.2651  (0.21s/it)
  iter  320  L= 512 bs=8  loss 1.2903  (0.22s/it)
  iter  330  L=1024 bs=4  loss 1.0223  (0.21s/it)
  iter  340  L= 512 bs=8  loss 1.2597  (0.21s/it)
  iter  350  L= 512 bs=8  loss 0.3208  (0.21s/it)
  iter  360  L= 768 bs=5  loss 0.9428  (0.21s/it)
  iter  370  L= 512 bs=8  loss 1.2568  (0.21s/it)
  iter  380  L= 768 bs=5  loss 1.5681  (0.21s/it)
  iter  390  L= 768 bs=5  loss 0.8128  (0.21s/it)
  iter  400  L= 256 bs=16  loss 0.4765  (0.21s/it)
  iter  410  L= 256 bs=16  loss 0.4190  (0.21s/it)
  iter  420  L= 512 bs=8  loss 0.5586  (0.21s/it)
  iter  430  L=1024 bs=4  loss 1.5084  (0.21s/it)
  iter  440  L=1024 bs=4  loss 0.4418  (0.21s/it)
  iter  450  L= 512 bs=8  loss 1.7211  (0.21s/it)
  iter  460  L= 256 bs=16  loss 0.6915  (0.21s/it)
  iter  470  L= 768 bs=5  loss 0.4339  (0.21s/it)
  iter  480  L= 768 bs=5  loss 0.1541  (0.21s/it)
  iter  490  L= 512 bs=8  loss 1.0388  (0.21s/it)
  iter  500  L=1024 bs=4  loss 1.1289  (0.21s/it)
  iter  510  L= 256 bs=16  loss 1.1998  (0.21s/it)
  iter  520  L= 512 bs=8  loss 0.6610  (0.21s/it)
  iter  530  L= 512 bs=8  loss 0.3594  (0.21s/it)
  iter  540  L= 768 bs=5  loss 0.2360  (0.21s/it)
  iter  550  L= 256 bs=16  loss 1.0415  (0.21s/it)
  iter  560  L= 256 bs=16  loss 0.9873  (0.21s/it)
  iter  570  L=1024 bs=4  loss 0.3986  (0.21s/it)
  iter  580  L= 768 bs=5  loss 1.2475  (0.21s/it)
  iter  590  L=1024 bs=4  loss 1.6119  (0.21s/it)
  iter  600  L= 768 bs=5  loss 1.8784  (0.21s/it)
  iter  610  L= 512 bs=8  loss 1.6765  (0.21s/it)
  iter  620  L= 512 bs=8  loss 1.5759  (0.21s/it)
  iter  630  L=1024 bs=4  loss 2.3013  (0.21s/it)
  iter  640  L= 768 bs=5  loss 1.5814  (0.21s/it)
  iter  650  L= 512 bs=8  loss 0.3078  (0.21s/it)
  iter  660  L= 768 bs=5  loss 0.8528  (0.21s/it)
  iter  670  L= 256 bs=16  loss 0.6056  (0.21s/it)
  iter  680  L= 512 bs=8  loss 1.4612  (0.21s/it)
  iter  690  L= 256 bs=16  loss 0.7342  (0.21s/it)
  iter  700  L= 512 bs=8  loss 1.4857  (0.21s/it)
  iter  710  L=1024 bs=4  loss 1.5113  (0.21s/it)
  iter  720  L= 768 bs=5  loss 1.3543  (0.21s/it)
  iter  730  L= 256 bs=16  loss 0.5055  (0.21s/it)
  iter  740  L=1024 bs=4  loss 0.0951  (0.21s/it)
  iter  750  L= 512 bs=8  loss 0.3274  (0.21s/it)
  iter  760  L= 256 bs=16  loss 0.9182  (0.21s/it)
  iter  770  L= 512 bs=8  loss 1.5279  (0.21s/it)
  iter  780  L=1024 bs=4  loss 0.6485  (0.21s/it)
  iter  790  L= 768 bs=5  loss 2.3319  (0.21s/it)
  iter  800  L= 256 bs=16  loss 0.8445  (0.21s/it)
  iter  810  L= 512 bs=8  loss 1.2957  (0.21s/it)
  iter  820  L=1024 bs=4  loss 0.5944  (0.21s/it)
  iter  830  L=1024 bs=4  loss 0.0119  (0.21s/it)
  iter  840  L=1024 bs=4  loss 0.2899  (0.21s/it)
  iter  850  L= 768 bs=5  loss 0.6377  (0.21s/it)
  iter  860  L= 512 bs=8  loss 1.2654  (0.21s/it)
  iter  870  L=1024 bs=4  loss 1.4350  (0.21s/it)
  iter  880  L= 256 bs=16  loss 1.0424  (0.21s/it)
  iter  890  L= 256 bs=16  loss 1.1731  (0.21s/it)
  iter  900  L= 768 bs=5  loss 0.8184  (0.21s/it)
  iter  910  L= 256 bs=16  loss 0.5632  (0.21s/it)
  iter  920  L=1024 bs=4  loss 0.6420  (0.21s/it)
  iter  930  L= 512 bs=8  loss 1.6037  (0.21s/it)
  iter  940  L= 256 bs=16  loss 0.5544  (0.21s/it)
  iter  950  L= 256 bs=16  loss 0.7714  (0.21s/it)
  iter  960  L= 512 bs=8  loss 0.6127  (0.21s/it)
  iter  970  L= 768 bs=5  loss 0.4430  (0.21s/it)
  iter  980  L= 256 bs=16  loss 0.5198  (0.21s/it)
  iter  990  L= 512 bs=8  loss 1.2385  (0.21s/it)
  iter 1000  L= 512 bs=8  loss 0.3667  (0.21s/it)
  iter 1010  L=1024 bs=4  loss 1.2038  (0.21s/it)
  iter 1020  L= 512 bs=8  loss 0.6811  (0.21s/it)
  iter 1030  L= 256 bs=16  loss 0.8275  (0.21s/it)
  iter 1040  L= 768 bs=5  loss 1.1069  (0.21s/it)
  iter 1050  L=1024 bs=4  loss 0.2177  (0.21s/it)
  iter 1060  L= 512 bs=8  loss 0.6454  (0.21s/it)
  iter 1070  L=1024 bs=4  loss 0.8325  (0.21s/it)
  iter 1080  L= 768 bs=5  loss 0.8525  (0.21s/it)
  iter 1090  L= 512 bs=8  loss 0.5505  (0.21s/it)
  iter 1100  L= 512 bs=8  loss 0.8554  (0.21s/it)
  iter 1110  L=1024 bs=4  loss 1.3785  (0.21s/it)
  iter 1120  L= 256 bs=16  loss 1.1418  (0.21s/it)
  iter 1130  L= 768 bs=5  loss 1.1932  (0.21s/it)
  iter 1140  L= 768 bs=5  loss 1.2230  (0.21s/it)
  iter 1150  L= 768 bs=5  loss 1.3609  (0.21s/it)
  iter 1160  L=1024 bs=4  loss 0.5929  (0.21s/it)
  iter 1170  L=1024 bs=4  loss 0.0098  (0.21s/it)
  iter 1180  L= 512 bs=8  loss 0.8532  (0.21s/it)
  iter 1190  L= 256 bs=16  loss 0.2836  (0.21s/it)
  iter 1200  L= 512 bs=8  loss 0.3616  (0.21s/it)
  iter 1210  L= 768 bs=5  loss 0.7176  (0.21s/it)
  iter 1220  L= 256 bs=16  loss 0.5420  (0.21s/it)
  iter 1230  L= 256 bs=16  loss 0.2144  (0.21s/it)
  iter 1240  L= 512 bs=8  loss 1.0770  (0.21s/it)
  iter 1250  L= 256 bs=16  loss 0.2931  (0.21s/it)
  iter 1260  L= 512 bs=8  loss 0.6585  (0.21s/it)
  iter 1270  L= 256 bs=16  loss 0.7321  (0.21s/it)
  iter 1280  L= 256 bs=16  loss 1.3585  (0.21s/it)
  iter 1290  L= 512 bs=8  loss 1.3203  (0.21s/it)
  iter 1300  L= 512 bs=8  loss 1.0666  (0.21s/it)
  iter 1310  L= 256 bs=16  loss 0.4249  (0.21s/it)
  iter 1320  L=1024 bs=4  loss 1.5652  (0.21s/it)
  iter 1330  L= 512 bs=8  loss 0.4405  (0.21s/it)
  iter 1340  L= 256 bs=16  loss 0.6410  (0.21s/it)
  iter 1350  L= 512 bs=8  loss 0.7422  (0.21s/it)
  iter 1360  L= 256 bs=16  loss 1.0845  (0.21s/it)
  iter 1370  L=1024 bs=4  loss 0.4179  (0.21s/it)
  iter 1380  L= 512 bs=8  loss 0.2457  (0.21s/it)
  iter 1390  L=1024 bs=4  loss 0.0601  (0.21s/it)
  iter 1400  L=1024 bs=4  loss 0.3960  (0.21s/it)
  iter 1410  L=1024 bs=4  loss 0.8111  (0.21s/it)
  iter 1420  L= 256 bs=16  loss 0.8697  (0.21s/it)
  iter 1430  L=1024 bs=4  loss 0.0001  (0.21s/it)
  iter 1440  L=1024 bs=4  loss 0.1391  (0.21s/it)
  iter 1450  L= 512 bs=8  loss 1.1039  (0.21s/it)
  iter 1460  L= 256 bs=16  loss 0.4657  (0.21s/it)
  iter 1470  L=1024 bs=4  loss 0.6869  (0.21s/it)
  iter 1480  L= 512 bs=8  loss 0.5050  (0.21s/it)
  iter 1490  L=1024 bs=4  loss 1.0041  (0.21s/it)
  iter 1500  L= 512 bs=8  loss 0.6195  (0.21s/it)
  iter 1510  L= 512 bs=8  loss 0.3986  (0.21s/it)
  iter 1520  L=1024 bs=4  loss 1.2703  (0.21s/it)
  iter 1530  L= 256 bs=16  loss 0.1050  (0.21s/it)
  iter 1540  L=1024 bs=4  loss 0.2401  (0.21s/it)
  iter 1550  L=1024 bs=4  loss 0.2716  (0.21s/it)
  iter 1560  L= 256 bs=16  loss 1.6388  (0.21s/it)
  iter 1570  L= 768 bs=5  loss 0.5894  (0.21s/it)
  iter 1580  L=1024 bs=4  loss 1.0226  (0.21s/it)
  iter 1590  L= 256 bs=16  loss 0.3360  (0.21s/it)
  iter 1600  L= 768 bs=5  loss 0.0898  (0.21s/it)
  iter 1610  L= 512 bs=8  loss 1.6154  (0.21s/it)
  iter 1620  L=1024 bs=4  loss 0.9363  (0.21s/it)
  iter 1630  L=1024 bs=4  loss 0.6127  (0.21s/it)
  iter 1640  L= 512 bs=8  loss 0.5941  (0.21s/it)
  iter 1650  L= 512 bs=8  loss 0.5551  (0.21s/it)
  iter 1660  L=1024 bs=4  loss 1.4084  (0.21s/it)
  iter 1670  L= 768 bs=5  loss 0.6331  (0.21s/it)
  iter 1680  L= 256 bs=16  loss 0.4240  (0.21s/it)
  iter 1690  L=1024 bs=4  loss 1.2602  (0.21s/it)
  iter 1700  L= 256 bs=16  loss 0.4918  (0.21s/it)
  iter 1710  L= 256 bs=16  loss 0.7315  (0.21s/it)
  iter 1720  L= 256 bs=16  loss 0.7419  (0.21s/it)
  iter 1730  L=1024 bs=4  loss 0.8209  (0.21s/it)
  iter 1740  L= 512 bs=8  loss 0.1518  (0.21s/it)
  iter 1750  L= 768 bs=5  loss 0.7977  (0.21s/it)
  iter 1760  L= 512 bs=8  loss 0.3380  (0.21s/it)
  iter 1770  L= 512 bs=8  loss 0.9857  (0.21s/it)
  iter 1780  L=1024 bs=4  loss 2.5826  (0.21s/it)
  iter 1790  L= 512 bs=8  loss 1.3799  (0.21s/it)
  iter 1800  L= 512 bs=8  loss 1.1175  (0.21s/it)
  iter 1810  L=1024 bs=4  loss 0.1074  (0.21s/it)
  iter 1820  L= 512 bs=8  loss 1.1165  (0.21s/it)
  iter 1830  L= 768 bs=5  loss 1.4695  (0.21s/it)
  iter 1840  L=1024 bs=4  loss 0.2898  (0.21s/it)
  iter 1850  L= 256 bs=16  loss 0.3943  (0.21s/it)
  iter 1860  L= 768 bs=5  loss 0.2944  (0.21s/it)
  iter 1870  L= 256 bs=16  loss 0.2670  (0.21s/it)
  iter 1880  L=1024 bs=4  loss 0.0046  (0.21s/it)
  iter 1890  L= 512 bs=8  loss 0.4326  (0.21s/it)
  iter 1900  L= 256 bs=16  loss 0.6367  (0.21s/it)
  iter 1910  L= 768 bs=5  loss 0.0260  (0.21s/it)
  iter 1920  L= 768 bs=5  loss 1.2490  (0.21s/it)
  iter 1930  L=1024 bs=4  loss 0.5393  (0.21s/it)
  iter 1940  L=1024 bs=4  loss 1.1309  (0.21s/it)
  iter 1950  L=1024 bs=4  loss 0.3302  (0.21s/it)
  iter 1960  L=1024 bs=4  loss 0.0024  (0.21s/it)
  iter 1970  L= 256 bs=16  loss 0.8280  (0.21s/it)
  iter 1980  L=1024 bs=4  loss 0.0012  (0.21s/it)
  iter 1990  L= 512 bs=8  loss 0.5475  (0.21s/it)
  iter 2000  L= 256 bs=16  loss 0.4766  (0.21s/it)
  iter 2010  L= 256 bs=16  loss 0.6102  (0.21s/it)
  iter 2020  L=1024 bs=4  loss 0.4998  (0.21s/it)
  iter 2030  L=1024 bs=4  loss 0.8146  (0.21s/it)
  iter 2040  L= 512 bs=8  loss 0.2214  (0.21s/it)
  iter 2050  L= 512 bs=8  loss 0.4324  (0.21s/it)
  iter 2060  L= 512 bs=8  loss 0.5187  (0.21s/it)
  iter 2070  L= 512 bs=8  loss 0.0055  (0.21s/it)
  iter 2080  L= 512 bs=8  loss 0.2609  (0.21s/it)
  iter 2090  L=1024 bs=4  loss 0.8803  (0.21s/it)
  iter 2100  L=1024 bs=4  loss 1.2665  (0.21s/it)
  iter 2110  L= 256 bs=16  loss 0.6472  (0.21s/it)
  iter 2120  L= 256 bs=16  loss 0.3706  (0.21s/it)
  iter 2130  L=1024 bs=4  loss 0.7979  (0.21s/it)
  iter 2140  L= 768 bs=5  loss 1.1542  (0.21s/it)
  iter 2150  L= 512 bs=8  loss 0.3160  (0.21s/it)
  iter 2160  L= 512 bs=8  loss 0.3458  (0.21s/it)
  iter 2170  L= 768 bs=5  loss 0.4766  (0.21s/it)
  iter 2180  L= 512 bs=8  loss 0.7770  (0.21s/it)
  iter 2190  L=1024 bs=4  loss 0.0150  (0.21s/it)
  iter 2200  L= 512 bs=8  loss 0.4727  (0.21s/it)
  iter 2210  L= 256 bs=16  loss 0.2503  (0.21s/it)
  iter 2220  L= 256 bs=16  loss 0.6896  (0.21s/it)
  iter 2230  L= 512 bs=8  loss 0.0206  (0.21s/it)
  iter 2240  L= 512 bs=8  loss 0.4231  (0.21s/it)
  iter 2250  L=1024 bs=4  loss 0.0769  (0.21s/it)
  iter 2260  L= 512 bs=8  loss 0.2681  (0.21s/it)
  iter 2270  L= 256 bs=16  loss 0.0816  (0.21s/it)
  iter 2280  L= 512 bs=8  loss 0.1399  (0.21s/it)
  iter 2290  L=1024 bs=4  loss 0.1495  (0.21s/it)
  iter 2300  L= 512 bs=8  loss 0.1896  (0.21s/it)
  iter 2310  L= 256 bs=16  loss 0.2982  (0.21s/it)
  iter 2320  L=1024 bs=4  loss 0.1802  (0.21s/it)
  iter 2330  L= 512 bs=8  loss 0.4447  (0.21s/it)
  iter 2340  L=1024 bs=4  loss 0.5647  (0.21s/it)
  iter 2350  L=1024 bs=4  loss 0.7704  (0.21s/it)
  iter 2360  L= 256 bs=16  loss 0.3531  (0.21s/it)
  iter 2370  L=1024 bs=4  loss 0.0025  (0.21s/it)
  iter 2380  L= 256 bs=16  loss 0.5288  (0.21s/it)
  iter 2390  L= 512 bs=8  loss 1.0402  (0.21s/it)
  iter 2400  L= 512 bs=8  loss 0.4751  (0.21s/it)
  iter 2410  L= 256 bs=16  loss 0.1858  (0.21s/it)
  iter 2420  L= 512 bs=8  loss 0.2443  (0.21s/it)
  iter 2430  L= 768 bs=5  loss 0.8634  (0.21s/it)
  iter 2440  L= 768 bs=5  loss 1.5650  (0.21s/it)
  iter 2450  L=1024 bs=4  loss 0.7432  (0.21s/it)
  iter 2460  L= 256 bs=16  loss 0.3858  (0.21s/it)
  iter 2470  L= 512 bs=8  loss 0.6841  (0.21s/it)
  iter 2480  L= 256 bs=16  loss 0.4005  (0.21s/it)
  iter 2490  L= 256 bs=16  loss 0.5135  (0.21s/it)
  iter 2500  L= 512 bs=8  loss 0.0586  (0.21s/it)
Passkey accuracy after fine-tuning (cross_shift_c=0.0):
  ctx=   512  exact=0.94  first_token=1.00
  ctx=  1024  exact=0.85  first_token=1.00
  ctx=  2048  exact=0.90  first_token=0.99
  ctx=  4096  exact=0.71  first_token=0.88
  ctx=  8192  exact=0.29  first_token=0.44
  ctx= 16384  exact=0.08  first_token=0.12
Passkey accuracy after fine-tuning (cross_shift_c=1.0):
  ctx=   512  exact=0.94  first_token=1.00
  ctx=  1024  exact=0.85  first_token=1.00
  ctx=  2048  exact=0.91  first_token=1.00
  ctx=  4096  exact=0.85  first_token=0.98
  ctx=  8192  exact=0.61  first_token=0.89
  ctx= 16384  exact=0.33  first_token=0.55
########## Jm s2
number of parameters: 63.65M
Model type: Jm | params 63,648,768 | delimiter 764 | device cuda
Fine-tuning for 2500 iters on lengths [256, 512, 768, 1024]:
  iter    1  L=1024 bs=4  loss 5.9429  (0.70s/it)
  iter   10  L= 256 bs=16  loss 1.0433  (0.27s/it)
  iter   20  L= 512 bs=8  loss 1.3151  (0.24s/it)
  iter   30  L=1024 bs=4  loss 1.8736  (0.24s/it)
  iter   40  L= 256 bs=16  loss 1.8605  (0.23s/it)
  iter   50  L=1024 bs=4  loss 2.0829  (0.23s/it)
  iter   60  L=1024 bs=4  loss 0.3465  (0.23s/it)
  iter   70  L=1024 bs=4  loss 1.0841  (0.23s/it)
  iter   80  L= 256 bs=16  loss 1.6328  (0.23s/it)
  iter   90  L=1024 bs=4  loss 0.6088  (0.23s/it)
  iter  100  L= 256 bs=16  loss 0.7004  (0.23s/it)
  iter  110  L= 768 bs=5  loss 2.1609  (0.23s/it)
  iter  120  L= 256 bs=16  loss 1.2342  (0.22s/it)
  iter  130  L= 256 bs=16  loss 1.1404  (0.22s/it)
  iter  140  L= 512 bs=8  loss 0.5384  (0.22s/it)
  iter  150  L= 512 bs=8  loss 1.3236  (0.22s/it)
  iter  160  L=1024 bs=4  loss 1.2935  (0.22s/it)
  iter  170  L= 768 bs=5  loss 3.7575  (0.22s/it)
  iter  180  L= 512 bs=8  loss 1.1368  (0.22s/it)
  iter  190  L= 512 bs=8  loss 1.0174  (0.22s/it)
  iter  200  L= 256 bs=16  loss 0.8602  (0.22s/it)
  iter  210  L= 768 bs=5  loss 0.5224  (0.22s/it)
  iter  220  L= 256 bs=16  loss 1.4721  (0.22s/it)
  iter  230  L= 768 bs=5  loss 1.0206  (0.22s/it)
  iter  240  L= 512 bs=8  loss 1.1146  (0.22s/it)
  iter  250  L= 768 bs=5  loss 1.4115  (0.22s/it)
  iter  260  L= 256 bs=16  loss 0.7507  (0.22s/it)
  iter  270  L= 768 bs=5  loss 0.8377  (0.22s/it)
  iter  280  L=1024 bs=4  loss 0.8856  (0.22s/it)
  iter  290  L= 256 bs=16  loss 1.5153  (0.22s/it)
  iter  300  L= 256 bs=16  loss 1.5839  (0.22s/it)
  iter  310  L= 512 bs=8  loss 0.3575  (0.22s/it)
  iter  320  L= 512 bs=8  loss 1.1989  (0.22s/it)
  iter  330  L=1024 bs=4  loss 0.9804  (0.22s/it)
  iter  340  L= 512 bs=8  loss 1.0093  (0.22s/it)
  iter  350  L= 512 bs=8  loss 0.2811  (0.22s/it)
  iter  360  L= 768 bs=5  loss 0.8383  (0.22s/it)
  iter  370  L= 512 bs=8  loss 1.1707  (0.22s/it)
  iter  380  L= 768 bs=5  loss 1.5410  (0.22s/it)
  iter  390  L= 768 bs=5  loss 0.6354  (0.22s/it)
  iter  400  L= 256 bs=16  loss 0.4494  (0.22s/it)
  iter  410  L= 256 bs=16  loss 0.3942  (0.22s/it)
  iter  420  L= 512 bs=8  loss 0.6315  (0.22s/it)
  iter  430  L=1024 bs=4  loss 1.5153  (0.22s/it)
  iter  440  L=1024 bs=4  loss 0.5829  (0.22s/it)
  iter  450  L= 512 bs=8  loss 1.6109  (0.22s/it)
  iter  460  L= 256 bs=16  loss 0.7667  (0.22s/it)
  iter  470  L= 768 bs=5  loss 0.4634  (0.22s/it)
  iter  480  L= 768 bs=5  loss 0.0419  (0.22s/it)
  iter  490  L= 512 bs=8  loss 0.8994  (0.22s/it)
  iter  500  L=1024 bs=4  loss 0.9610  (0.22s/it)
  iter  510  L= 256 bs=16  loss 1.0797  (0.22s/it)
  iter  520  L= 512 bs=8  loss 0.7804  (0.22s/it)
  iter  530  L= 512 bs=8  loss 0.2308  (0.22s/it)
  iter  540  L= 768 bs=5  loss 0.1669  (0.22s/it)
  iter  550  L= 256 bs=16  loss 1.0351  (0.22s/it)
  iter  560  L= 256 bs=16  loss 1.0151  (0.22s/it)
  iter  570  L=1024 bs=4  loss 0.3651  (0.22s/it)
  iter  580  L= 768 bs=5  loss 0.9226  (0.22s/it)
  iter  590  L=1024 bs=4  loss 1.5764  (0.22s/it)
  iter  600  L= 768 bs=5  loss 1.9182  (0.22s/it)
  iter  610  L= 512 bs=8  loss 1.2942  (0.22s/it)
  iter  620  L= 512 bs=8  loss 1.4265  (0.22s/it)
  iter  630  L=1024 bs=4  loss 1.9804  (0.22s/it)
  iter  640  L= 768 bs=5  loss 1.4427  (0.22s/it)
  iter  650  L= 512 bs=8  loss 0.1426  (0.22s/it)
  iter  660  L= 768 bs=5  loss 0.7506  (0.22s/it)
  iter  670  L= 256 bs=16  loss 0.5213  (0.22s/it)
  iter  680  L= 512 bs=8  loss 1.2946  (0.22s/it)
  iter  690  L= 256 bs=16  loss 0.7407  (0.22s/it)
  iter  700  L= 512 bs=8  loss 1.5617  (0.22s/it)
  iter  710  L=1024 bs=4  loss 1.3053  (0.22s/it)
  iter  720  L= 768 bs=5  loss 1.1250  (0.22s/it)
  iter  730  L= 256 bs=16  loss 0.5056  (0.22s/it)
  iter  740  L=1024 bs=4  loss 0.0529  (0.22s/it)
  iter  750  L= 512 bs=8  loss 0.2846  (0.22s/it)
  iter  760  L= 256 bs=16  loss 0.9374  (0.22s/it)
  iter  770  L= 512 bs=8  loss 1.5663  (0.22s/it)
  iter  780  L=1024 bs=4  loss 0.2687  (0.22s/it)
  iter  790  L= 768 bs=5  loss 2.3062  (0.22s/it)
  iter  800  L= 256 bs=16  loss 0.8315  (0.22s/it)
  iter  810  L= 512 bs=8  loss 1.4261  (0.22s/it)
  iter  820  L=1024 bs=4  loss 0.4836  (0.22s/it)
  iter  830  L=1024 bs=4  loss 0.0085  (0.22s/it)
  iter  840  L=1024 bs=4  loss 0.2007  (0.22s/it)
  iter  850  L= 768 bs=5  loss 0.7182  (0.22s/it)
  iter  860  L= 512 bs=8  loss 1.3147  (0.22s/it)
  iter  870  L=1024 bs=4  loss 1.1128  (0.22s/it)
  iter  880  L= 256 bs=16  loss 0.9702  (0.22s/it)
  iter  890  L= 256 bs=16  loss 1.0897  (0.22s/it)
  iter  900  L= 768 bs=5  loss 0.7411  (0.22s/it)
  iter  910  L= 256 bs=16  loss 0.5019  (0.22s/it)
  iter  920  L=1024 bs=4  loss 0.6531  (0.22s/it)
  iter  930  L= 512 bs=8  loss 1.4731  (0.22s/it)
  iter  940  L= 256 bs=16  loss 0.5570  (0.22s/it)
  iter  950  L= 256 bs=16  loss 0.7660  (0.22s/it)
  iter  960  L= 512 bs=8  loss 0.6389  (0.22s/it)
  iter  970  L= 768 bs=5  loss 0.3385  (0.22s/it)
  iter  980  L= 256 bs=16  loss 0.5243  (0.22s/it)
  iter  990  L= 512 bs=8  loss 1.1078  (0.22s/it)
  iter 1000  L= 512 bs=8  loss 0.2787  (0.22s/it)
  iter 1010  L=1024 bs=4  loss 1.1451  (0.22s/it)
  iter 1020  L= 512 bs=8  loss 0.6544  (0.22s/it)
  iter 1030  L= 256 bs=16  loss 0.7677  (0.22s/it)
  iter 1040  L= 768 bs=5  loss 1.0912  (0.22s/it)
  iter 1050  L=1024 bs=4  loss 0.1996  (0.22s/it)
  iter 1060  L= 512 bs=8  loss 0.5847  (0.22s/it)
  iter 1070  L=1024 bs=4  loss 0.7352  (0.22s/it)
  iter 1080  L= 768 bs=5  loss 0.7941  (0.22s/it)
  iter 1090  L= 512 bs=8  loss 0.3190  (0.22s/it)
  iter 1100  L= 512 bs=8  loss 0.7977  (0.22s/it)
  iter 1110  L=1024 bs=4  loss 1.1633  (0.22s/it)
  iter 1120  L= 256 bs=16  loss 1.4637  (0.22s/it)
  iter 1130  L= 768 bs=5  loss 0.9682  (0.22s/it)
  iter 1140  L= 768 bs=5  loss 1.1578  (0.22s/it)
  iter 1150  L= 768 bs=5  loss 1.2746  (0.22s/it)
  iter 1160  L=1024 bs=4  loss 0.5467  (0.22s/it)
  iter 1170  L=1024 bs=4  loss 0.0033  (0.22s/it)
  iter 1180  L= 512 bs=8  loss 0.6998  (0.22s/it)
  iter 1190  L= 256 bs=16  loss 0.2161  (0.22s/it)
  iter 1200  L= 512 bs=8  loss 0.2319  (0.22s/it)
  iter 1210  L= 768 bs=5  loss 0.7398  (0.22s/it)
  iter 1220  L= 256 bs=16  loss 0.4867  (0.22s/it)
  iter 1230  L= 256 bs=16  loss 0.2173  (0.22s/it)
  iter 1240  L= 512 bs=8  loss 1.0186  (0.22s/it)
  iter 1250  L= 256 bs=16  loss 0.2753  (0.22s/it)
  iter 1260  L= 512 bs=8  loss 0.5894  (0.22s/it)
  iter 1270  L= 256 bs=16  loss 0.7472  (0.22s/it)
  iter 1280  L= 256 bs=16  loss 1.1830  (0.22s/it)
  iter 1290  L= 512 bs=8  loss 1.1646  (0.22s/it)
  iter 1300  L= 512 bs=8  loss 0.8792  (0.22s/it)
  iter 1310  L= 256 bs=16  loss 0.4284  (0.22s/it)
  iter 1320  L=1024 bs=4  loss 1.6975  (0.22s/it)
  iter 1330  L= 512 bs=8  loss 0.3736  (0.22s/it)
  iter 1340  L= 256 bs=16  loss 0.6235  (0.22s/it)
  iter 1350  L= 512 bs=8  loss 0.6334  (0.22s/it)
  iter 1360  L= 256 bs=16  loss 0.9413  (0.22s/it)
  iter 1370  L=1024 bs=4  loss 0.4773  (0.22s/it)
  iter 1380  L= 512 bs=8  loss 0.2725  (0.22s/it)
  iter 1390  L=1024 bs=4  loss 0.0371  (0.22s/it)
  iter 1400  L=1024 bs=4  loss 0.1007  (0.22s/it)
  iter 1410  L=1024 bs=4  loss 0.5211  (0.22s/it)
  iter 1420  L= 256 bs=16  loss 0.9523  (0.22s/it)
  iter 1430  L=1024 bs=4  loss 0.0001  (0.22s/it)
  iter 1440  L=1024 bs=4  loss 0.0797  (0.22s/it)
  iter 1450  L= 512 bs=8  loss 1.0392  (0.22s/it)
  iter 1460  L= 256 bs=16  loss 0.3600  (0.22s/it)
  iter 1470  L=1024 bs=4  loss 0.3778  (0.22s/it)
  iter 1480  L= 512 bs=8  loss 0.4959  (0.22s/it)
  iter 1490  L=1024 bs=4  loss 0.9470  (0.22s/it)
  iter 1500  L= 512 bs=8  loss 0.4783  (0.22s/it)
  iter 1510  L= 512 bs=8  loss 0.4937  (0.22s/it)
  iter 1520  L=1024 bs=4  loss 1.0102  (0.22s/it)
  iter 1530  L= 256 bs=16  loss 0.1127  (0.22s/it)
  iter 1540  L=1024 bs=4  loss 0.2762  (0.22s/it)
  iter 1550  L=1024 bs=4  loss 0.2476  (0.22s/it)
  iter 1560  L= 256 bs=16  loss 1.2522  (0.22s/it)
  iter 1570  L= 768 bs=5  loss 0.6337  (0.22s/it)
  iter 1580  L=1024 bs=4  loss 0.9105  (0.22s/it)
  iter 1590  L= 256 bs=16  loss 0.2747  (0.22s/it)
  iter 1600  L= 768 bs=5  loss 0.0405  (0.22s/it)
  iter 1610  L= 512 bs=8  loss 1.3864  (0.22s/it)
  iter 1620  L=1024 bs=4  loss 0.9045  (0.22s/it)
  iter 1630  L=1024 bs=4  loss 0.6147  (0.22s/it)
  iter 1640  L= 512 bs=8  loss 0.4693  (0.22s/it)
  iter 1650  L= 512 bs=8  loss 0.5890  (0.22s/it)
  iter 1660  L=1024 bs=4  loss 1.2050  (0.22s/it)
  iter 1670  L= 768 bs=5  loss 0.5705  (0.22s/it)
  iter 1680  L= 256 bs=16  loss 0.2757  (0.22s/it)
  iter 1690  L=1024 bs=4  loss 1.3747  (0.22s/it)
  iter 1700  L= 256 bs=16  loss 0.4305  (0.22s/it)
  iter 1710  L= 256 bs=16  loss 0.7577  (0.22s/it)
  iter 1720  L= 256 bs=16  loss 0.7811  (0.22s/it)
  iter 1730  L=1024 bs=4  loss 0.8659  (0.22s/it)
  iter 1740  L= 512 bs=8  loss 0.0853  (0.22s/it)
  iter 1750  L= 768 bs=5  loss 0.8639  (0.22s/it)
  iter 1760  L= 512 bs=8  loss 0.3301  (0.22s/it)
  iter 1770  L= 512 bs=8  loss 0.9724  (0.22s/it)
  iter 1780  L=1024 bs=4  loss 1.1996  (0.22s/it)
  iter 1790  L= 512 bs=8  loss 1.3498  (0.22s/it)
  iter 1800  L= 512 bs=8  loss 1.0621  (0.22s/it)
  iter 1810  L=1024 bs=4  loss 0.0196  (0.22s/it)
  iter 1820  L= 512 bs=8  loss 1.2398  (0.22s/it)
  iter 1830  L= 768 bs=5  loss 1.1737  (0.22s/it)
  iter 1840  L=1024 bs=4  loss 0.3049  (0.22s/it)
  iter 1850  L= 256 bs=16  loss 0.3663  (0.22s/it)
  iter 1860  L= 768 bs=5  loss 0.3261  (0.22s/it)
  iter 1870  L= 256 bs=16  loss 0.2471  (0.22s/it)
  iter 1880  L=1024 bs=4  loss 0.0078  (0.22s/it)
  iter 1890  L= 512 bs=8  loss 0.4007  (0.22s/it)
  iter 1900  L= 256 bs=16  loss 0.6200  (0.22s/it)
  iter 1910  L= 768 bs=5  loss 0.0108  (0.22s/it)
  iter 1920  L= 768 bs=5  loss 1.3486  (0.22s/it)
  iter 1930  L=1024 bs=4  loss 0.5919  (0.22s/it)
  iter 1940  L=1024 bs=4  loss 1.0105  (0.22s/it)
  iter 1950  L=1024 bs=4  loss 0.3240  (0.22s/it)
  iter 1960  L=1024 bs=4  loss 0.0007  (0.22s/it)
  iter 1970  L= 256 bs=16  loss 0.7083  (0.22s/it)
  iter 1980  L=1024 bs=4  loss 0.0006  (0.22s/it)
  iter 1990  L= 512 bs=8  loss 0.5367  (0.22s/it)
  iter 2000  L= 256 bs=16  loss 0.3616  (0.22s/it)
  iter 2010  L= 256 bs=16  loss 0.6136  (0.22s/it)
  iter 2020  L=1024 bs=4  loss 0.4119  (0.22s/it)
  iter 2030  L=1024 bs=4  loss 0.6586  (0.22s/it)
  iter 2040  L= 512 bs=8  loss 0.1940  (0.22s/it)
  iter 2050  L= 512 bs=8  loss 0.4514  (0.22s/it)
  iter 2060  L= 512 bs=8  loss 0.4623  (0.22s/it)
  iter 2070  L= 512 bs=8  loss 0.0058  (0.22s/it)
  iter 2080  L= 512 bs=8  loss 0.1681  (0.22s/it)
  iter 2090  L=1024 bs=4  loss 1.0533  (0.22s/it)
  iter 2100  L=1024 bs=4  loss 0.9162  (0.22s/it)
  iter 2110  L= 256 bs=16  loss 0.5199  (0.22s/it)
  iter 2120  L= 256 bs=16  loss 0.3752  (0.22s/it)
  iter 2130  L=1024 bs=4  loss 0.6524  (0.22s/it)
  iter 2140  L= 768 bs=5  loss 0.9980  (0.22s/it)
  iter 2150  L= 512 bs=8  loss 0.2748  (0.22s/it)
  iter 2160  L= 512 bs=8  loss 0.3784  (0.22s/it)
  iter 2170  L= 768 bs=5  loss 0.3932  (0.22s/it)
  iter 2180  L= 512 bs=8  loss 0.7409  (0.22s/it)
  iter 2190  L=1024 bs=4  loss 0.0061  (0.22s/it)
  iter 2200  L= 512 bs=8  loss 0.5228  (0.22s/it)
  iter 2210  L= 256 bs=16  loss 0.2344  (0.22s/it)
  iter 2220  L= 256 bs=16  loss 0.5839  (0.22s/it)
  iter 2230  L= 512 bs=8  loss 0.0072  (0.22s/it)
  iter 2240  L= 512 bs=8  loss 0.3549  (0.22s/it)
  iter 2250  L=1024 bs=4  loss 0.0257  (0.22s/it)
  iter 2260  L= 512 bs=8  loss 0.2176  (0.22s/it)
  iter 2270  L= 256 bs=16  loss 0.0447  (0.22s/it)
  iter 2280  L= 512 bs=8  loss 0.0539  (0.22s/it)
  iter 2290  L=1024 bs=4  loss 0.1159  (0.22s/it)
  iter 2300  L= 512 bs=8  loss 0.0610  (0.22s/it)
  iter 2310  L= 256 bs=16  loss 0.2379  (0.22s/it)
  iter 2320  L=1024 bs=4  loss 0.0197  (0.22s/it)
  iter 2330  L= 512 bs=8  loss 0.3408  (0.22s/it)
  iter 2340  L=1024 bs=4  loss 0.6291  (0.22s/it)
  iter 2350  L=1024 bs=4  loss 0.7520  (0.22s/it)
  iter 2360  L= 256 bs=16  loss 0.3752  (0.22s/it)
  iter 2370  L=1024 bs=4  loss 0.0009  (0.22s/it)
  iter 2380  L= 256 bs=16  loss 0.4359  (0.22s/it)
  iter 2390  L= 512 bs=8  loss 0.9735  (0.22s/it)
  iter 2400  L= 512 bs=8  loss 0.4226  (0.22s/it)
  iter 2410  L= 256 bs=16  loss 0.0951  (0.22s/it)
  iter 2420  L= 512 bs=8  loss 0.2006  (0.22s/it)
  iter 2430  L= 768 bs=5  loss 0.6756  (0.22s/it)
  iter 2440  L= 768 bs=5  loss 1.2778  (0.22s/it)
  iter 2450  L=1024 bs=4  loss 0.5838  (0.22s/it)
  iter 2460  L= 256 bs=16  loss 0.2836  (0.22s/it)
  iter 2470  L= 512 bs=8  loss 0.4707  (0.22s/it)
  iter 2480  L= 256 bs=16  loss 0.3921  (0.22s/it)
  iter 2490  L= 256 bs=16  loss 0.4532  (0.22s/it)
  iter 2500  L= 512 bs=8  loss 0.0327  (0.22s/it)
Passkey accuracy after fine-tuning (cross_shift_c=0.0):
  ctx=   512  exact=0.94  first_token=1.00
  ctx=  1024  exact=0.88  first_token=1.00
  ctx=  2048  exact=0.93  first_token=1.00
  ctx=  4096  exact=0.92  first_token=0.99
  ctx=  8192  exact=0.90  first_token=0.99
  ctx= 16384  exact=0.87  first_token=0.94
Passkey accuracy after fine-tuning (cross_shift_c=1.0):
  ctx=   512  exact=0.94  first_token=1.00
  ctx=  1024  exact=0.88  first_token=1.00
  ctx=  2048  exact=0.93  first_token=1.00
  ctx=  4096  exact=0.92  first_token=0.99
  ctx=  8192  exact=0.90  first_token=0.99
  ctx= 16384  exact=0.95  first_token=1.00
