########## B s2
number of parameters: 63.52M
Model type: B | params 63,517,184 | delimiter 764 | device cuda
Fine-tuning for 1500 iters on lengths [256, 512, 768, 1024]:
  iter    1  L=1024 bs=4  loss 7.4846  (0.55s/it)
  iter   10  L= 256 bs=16  loss 1.3667  (0.21s/it)
  iter   20  L= 512 bs=8  loss 1.5313  (0.19s/it)
  iter   30  L=1024 bs=4  loss 2.1427  (0.18s/it)
  iter   40  L= 256 bs=16  loss 1.8078  (0.18s/it)
  iter   50  L=1024 bs=4  loss 1.9343  (0.18s/it)
  iter   60  L=1024 bs=4  loss 0.4359  (0.18s/it)
  iter   70  L=1024 bs=4  loss 1.1199  (0.17s/it)
  iter   80  L= 256 bs=16  loss 1.7475  (0.17s/it)
  iter   90  L=1024 bs=4  loss 0.6996  (0.17s/it)
  iter  100  L= 256 bs=16  loss 0.7864  (0.17s/it)
  iter  110  L= 768 bs=5  loss 1.6238  (0.17s/it)
  iter  120  L= 256 bs=16  loss 1.3805  (0.17s/it)
  iter  130  L= 256 bs=16  loss 1.1444  (0.17s/it)
  iter  140  L= 512 bs=8  loss 0.6730  (0.17s/it)
  iter  150  L= 512 bs=8  loss 1.1165  (0.17s/it)
  iter  160  L=1024 bs=4  loss 1.4280  (0.17s/it)
  iter  170  L= 768 bs=5  loss 3.7314  (0.17s/it)
  iter  180  L= 512 bs=8  loss 1.3063  (0.17s/it)
  iter  190  L= 512 bs=8  loss 1.1344  (0.17s/it)
  iter  200  L= 256 bs=16  loss 0.9331  (0.17s/it)
  iter  210  L= 768 bs=5  loss 0.5631  (0.17s/it)
  iter  220  L= 256 bs=16  loss 1.5967  (0.17s/it)
  iter  230  L= 768 bs=5  loss 1.0531  (0.17s/it)
  iter  240  L= 512 bs=8  loss 1.2678  (0.17s/it)
  iter  250  L= 768 bs=5  loss 1.4432  (0.17s/it)
  iter  260  L= 256 bs=16  loss 0.8735  (0.17s/it)
  iter  270  L= 768 bs=5  loss 1.1945  (0.17s/it)
  iter  280  L=1024 bs=4  loss 1.5572  (0.17s/it)
  iter  290  L= 256 bs=16  loss 1.6114  (0.17s/it)
  iter  300  L= 256 bs=16  loss 1.7373  (0.17s/it)
  iter  310  L= 512 bs=8  loss 0.4035  (0.17s/it)
  iter  320  L= 512 bs=8  loss 1.5721  (0.17s/it)
  iter  330  L=1024 bs=4  loss 1.3456  (0.17s/it)
  iter  340  L= 512 bs=8  loss 1.4218  (0.17s/it)
  iter  350  L= 512 bs=8  loss 0.4718  (0.17s/it)
  iter  360  L= 768 bs=5  loss 0.9823  (0.17s/it)
  iter  370  L= 512 bs=8  loss 1.4210  (0.17s/it)
  iter  380  L= 768 bs=5  loss 1.6435  (0.17s/it)
  iter  390  L= 768 bs=5  loss 0.8131  (0.17s/it)
  iter  400  L= 256 bs=16  loss 0.6195  (0.17s/it)
  iter  410  L= 256 bs=16  loss 0.5801  (0.17s/it)
  iter  420  L= 512 bs=8  loss 0.5910  (0.17s/it)
  iter  430  L=1024 bs=4  loss 1.4351  (0.17s/it)
  iter  440  L=1024 bs=4  loss 0.6974  (0.17s/it)
  iter  450  L= 512 bs=8  loss 1.7670  (0.17s/it)
  iter  460  L= 256 bs=16  loss 0.9862  (0.17s/it)
  iter  470  L= 768 bs=5  loss 0.5466  (0.17s/it)
  iter  480  L= 768 bs=5  loss 0.0882  (0.17s/it)
  iter  490  L= 512 bs=8  loss 1.0453  (0.17s/it)
  iter  500  L=1024 bs=4  loss 1.2379  (0.17s/it)
  iter  510  L= 256 bs=16  loss 1.3635  (0.17s/it)
  iter  520  L= 512 bs=8  loss 0.7552  (0.17s/it)
  iter  530  L= 512 bs=8  loss 0.2842  (0.17s/it)
  iter  540  L= 768 bs=5  loss 0.4352  (0.17s/it)
  iter  550  L= 256 bs=16  loss 1.0115  (0.17s/it)
  iter  560  L= 256 bs=16  loss 1.1256  (0.17s/it)
  iter  570  L=1024 bs=4  loss 0.7778  (0.17s/it)
  iter  580  L= 768 bs=5  loss 1.3799  (0.17s/it)
  iter  590  L=1024 bs=4  loss 1.9401  (0.17s/it)
  iter  600  L= 768 bs=5  loss 2.0453  (0.17s/it)
  iter  610  L= 512 bs=8  loss 1.7385  (0.17s/it)
  iter  620  L= 512 bs=8  loss 1.5803  (0.17s/it)
  iter  630  L=1024 bs=4  loss 2.7474  (0.17s/it)
  iter  640  L= 768 bs=5  loss 1.7035  (0.17s/it)
  iter  650  L= 512 bs=8  loss 0.4392  (0.17s/it)
  iter  660  L= 768 bs=5  loss 0.9371  (0.17s/it)
  iter  670  L= 256 bs=16  loss 0.8369  (0.17s/it)
  iter  680  L= 512 bs=8  loss 1.4135  (0.17s/it)
  iter  690  L= 256 bs=16  loss 0.8078  (0.17s/it)
  iter  700  L= 512 bs=8  loss 1.7727  (0.17s/it)
  iter  710  L=1024 bs=4  loss 1.5404  (0.17s/it)
  iter  720  L= 768 bs=5  loss 1.4087  (0.17s/it)
  iter  730  L= 256 bs=16  loss 0.6167  (0.17s/it)
  iter  740  L=1024 bs=4  loss 0.2652  (0.17s/it)
  iter  750  L= 512 bs=8  loss 0.4258  (0.17s/it)
  iter  760  L= 256 bs=16  loss 0.9926  (0.17s/it)
  iter  770  L= 512 bs=8  loss 1.7551  (0.17s/it)
  iter  780  L=1024 bs=4  loss 0.7167  (0.17s/it)
  iter  790  L= 768 bs=5  loss 2.6535  (0.17s/it)
  iter  800  L= 256 bs=16  loss 1.1204  (0.17s/it)
  iter  810  L= 512 bs=8  loss 1.1806  (0.17s/it)
  iter  820  L=1024 bs=4  loss 0.9655  (0.17s/it)
  iter  830  L=1024 bs=4  loss 0.0295  (0.17s/it)
  iter  840  L=1024 bs=4  loss 0.6847  (0.17s/it)
  iter  850  L= 768 bs=5  loss 0.8290  (0.17s/it)
  iter  860  L= 512 bs=8  loss 1.5673  (0.17s/it)
  iter  870  L=1024 bs=4  loss 1.6643  (0.17s/it)
  iter  880  L= 256 bs=16  loss 1.3189  (0.17s/it)
  iter  890  L= 256 bs=16  loss 1.3824  (0.17s/it)
  iter  900  L= 768 bs=5  loss 1.1763  (0.17s/it)
  iter  910  L= 256 bs=16  loss 0.8364  (0.17s/it)
  iter  920  L=1024 bs=4  loss 1.0784  (0.17s/it)
  iter  930  L= 512 bs=8  loss 1.7009  (0.17s/it)
  iter  940  L= 256 bs=16  loss 0.7377  (0.17s/it)
  iter  950  L= 256 bs=16  loss 1.0866  (0.17s/it)
  iter  960  L= 512 bs=8  loss 0.6957  (0.17s/it)
  iter  970  L= 768 bs=5  loss 0.8423  (0.17s/it)
  iter  980  L= 256 bs=16  loss 0.7327  (0.17s/it)
  iter  990  L= 512 bs=8  loss 1.2944  (0.17s/it)
  iter 1000  L= 512 bs=8  loss 0.5158  (0.17s/it)
  iter 1010  L=1024 bs=4  loss 1.8517  (0.17s/it)
  iter 1020  L= 512 bs=8  loss 0.9178  (0.17s/it)
  iter 1030  L= 256 bs=16  loss 1.0286  (0.17s/it)
  iter 1040  L= 768 bs=5  loss 1.0933  (0.17s/it)
  iter 1050  L=1024 bs=4  loss 0.4188  (0.17s/it)
  iter 1060  L= 512 bs=8  loss 0.9081  (0.17s/it)
  iter 1070  L=1024 bs=4  loss 1.0956  (0.17s/it)
  iter 1080  L= 768 bs=5  loss 0.8071  (0.17s/it)
  iter 1090  L= 512 bs=8  loss 1.1366  (0.17s/it)
  iter 1100  L= 512 bs=8  loss 0.8674  (0.17s/it)
  iter 1110  L=1024 bs=4  loss 1.6676  (0.17s/it)
  iter 1120  L= 256 bs=16  loss 1.6498  (0.17s/it)
  iter 1130  L= 768 bs=5  loss 1.3720  (0.17s/it)
  iter 1140  L= 768 bs=5  loss 1.5367  (0.17s/it)
  iter 1150  L= 768 bs=5  loss 1.7079  (0.17s/it)
  iter 1160  L=1024 bs=4  loss 0.7732  (0.17s/it)
  iter 1170  L=1024 bs=4  loss 0.0118  (0.17s/it)
  iter 1180  L= 512 bs=8  loss 0.9813  (0.17s/it)
  iter 1190  L= 256 bs=16  loss 0.4035  (0.17s/it)
  iter 1200  L= 512 bs=8  loss 0.4951  (0.17s/it)
  iter 1210  L= 768 bs=5  loss 0.5670  (0.17s/it)
  iter 1220  L= 256 bs=16  loss 0.8088  (0.17s/it)
  iter 1230  L= 256 bs=16  loss 0.3760  (0.17s/it)
  iter 1240  L= 512 bs=8  loss 1.2330  (0.17s/it)
  iter 1250  L= 256 bs=16  loss 0.4338  (0.17s/it)
  iter 1260  L= 512 bs=8  loss 0.7281  (0.17s/it)
  iter 1270  L= 256 bs=16  loss 1.0216  (0.17s/it)
  iter 1280  L= 256 bs=16  loss 1.6479  (0.17s/it)
  iter 1290  L= 512 bs=8  loss 1.4192  (0.17s/it)
  iter 1300  L= 512 bs=8  loss 1.2147  (0.17s/it)
  iter 1310  L= 256 bs=16  loss 0.4634  (0.17s/it)
  iter 1320  L=1024 bs=4  loss 1.5270  (0.17s/it)
  iter 1330  L= 512 bs=8  loss 0.6694  (0.17s/it)
  iter 1340  L= 256 bs=16  loss 0.9871  (0.17s/it)
  iter 1350  L= 512 bs=8  loss 1.0103  (0.17s/it)
  iter 1360  L= 256 bs=16  loss 1.3828  (0.17s/it)
  iter 1370  L=1024 bs=4  loss 0.9352  (0.17s/it)
  iter 1380  L= 512 bs=8  loss 0.5099  (0.17s/it)
  iter 1390  L=1024 bs=4  loss 0.5923  (0.17s/it)
  iter 1400  L=1024 bs=4  loss 0.2404  (0.17s/it)
  iter 1410  L=1024 bs=4  loss 0.8901  (0.17s/it)
  iter 1420  L= 256 bs=16  loss 1.1955  (0.17s/it)
  iter 1430  L=1024 bs=4  loss 0.0008  (0.17s/it)
  iter 1440  L=1024 bs=4  loss 0.3440  (0.17s/it)
  iter 1450  L= 512 bs=8  loss 1.4611  (0.17s/it)
  iter 1460  L= 256 bs=16  loss 0.6069  (0.17s/it)
  iter 1470  L=1024 bs=4  loss 0.7570  (0.17s/it)
  iter 1480  L= 512 bs=8  loss 0.5253  (0.17s/it)
  iter 1490  L=1024 bs=4  loss 1.5247  (0.17s/it)
  iter 1500  L= 512 bs=8  loss 0.7290  (0.17s/it)
Passkey accuracy after fine-tuning (rope_ntk=False):
  ctx=   512  exact=0.71  first_token=1.00
  ctx=  1024  exact=0.71  first_token=1.00
  ctx=  2048  exact=0.65  first_token=0.93
  ctx=  4096  exact=0.00  first_token=0.08
  ctx=  8192  exact=0.00  first_token=0.06
  ctx= 16384  exact=0.00  first_token=0.00
Passkey accuracy after fine-tuning (rope_ntk=True):
  ctx=   512  exact=0.71  first_token=1.00
  ctx=  1024  exact=0.71  first_token=1.00
  ctx=  2048  exact=0.72  first_token=0.98
  ctx=  4096  exact=0.57  first_token=0.92
  ctx=  8192  exact=0.07  first_token=0.47
  ctx= 16384  exact=0.00  first_token=0.01
########## Jm s2
number of parameters: 63.65M
Model type: Jm | params 63,648,768 | delimiter 764 | device cuda
Fine-tuning for 1500 iters on lengths [256, 512, 768, 1024]:
  iter    1  L=1024 bs=4  loss 5.9437  (0.67s/it)
  iter   10  L= 256 bs=16  loss 1.2308  (0.26s/it)
  iter   20  L= 512 bs=8  loss 1.2697  (0.24s/it)
  iter   30  L=1024 bs=4  loss 1.9223  (0.24s/it)
  iter   40  L= 256 bs=16  loss 1.8370  (0.23s/it)
  iter   50  L=1024 bs=4  loss 2.0134  (0.23s/it)
  iter   60  L=1024 bs=4  loss 0.3098  (0.23s/it)
  iter   70  L=1024 bs=4  loss 1.1404  (0.23s/it)
  iter   80  L= 256 bs=16  loss 1.6612  (0.23s/it)
  iter   90  L=1024 bs=4  loss 0.5486  (0.23s/it)
  iter  100  L= 256 bs=16  loss 0.6927  (0.23s/it)
  iter  110  L= 768 bs=5  loss 1.9955  (0.23s/it)
  iter  120  L= 256 bs=16  loss 1.2459  (0.22s/it)
  iter  130  L= 256 bs=16  loss 1.0501  (0.22s/it)
  iter  140  L= 512 bs=8  loss 0.5695  (0.22s/it)
  iter  150  L= 512 bs=8  loss 1.2701  (0.22s/it)
  iter  160  L=1024 bs=4  loss 1.4772  (0.22s/it)
  iter  170  L= 768 bs=5  loss 3.7327  (0.22s/it)
  iter  180  L= 512 bs=8  loss 1.0334  (0.22s/it)
  iter  190  L= 512 bs=8  loss 1.1575  (0.22s/it)
  iter  200  L= 256 bs=16  loss 0.8985  (0.22s/it)
  iter  210  L= 768 bs=5  loss 0.5142  (0.22s/it)
  iter  220  L= 256 bs=16  loss 1.5836  (0.22s/it)
  iter  230  L= 768 bs=5  loss 0.8552  (0.22s/it)
  iter  240  L= 512 bs=8  loss 1.2924  (0.22s/it)
  iter  250  L= 768 bs=5  loss 1.4879  (0.22s/it)
  iter  260  L= 256 bs=16  loss 0.7772  (0.22s/it)
  iter  270  L= 768 bs=5  loss 0.8513  (0.22s/it)
  iter  280  L=1024 bs=4  loss 1.4635  (0.22s/it)
  iter  290  L= 256 bs=16  loss 1.4609  (0.22s/it)
  iter  300  L= 256 bs=16  loss 1.6470  (0.22s/it)
  iter  310  L= 512 bs=8  loss 0.3910  (0.22s/it)
  iter  320  L= 512 bs=8  loss 1.4313  (0.22s/it)
  iter  330  L=1024 bs=4  loss 1.1454  (0.22s/it)
  iter  340  L= 512 bs=8  loss 1.0941  (0.22s/it)
  iter  350  L= 512 bs=8  loss 0.4378  (0.22s/it)
  iter  360  L= 768 bs=5  loss 0.8733  (0.22s/it)
  iter  370  L= 512 bs=8  loss 1.2946  (0.22s/it)
  iter  380  L= 768 bs=5  loss 1.6406  (0.22s/it)
  iter  390  L= 768 bs=5  loss 0.6176  (0.22s/it)
  iter  400  L= 256 bs=16  loss 0.4639  (0.22s/it)
  iter  410  L= 256 bs=16  loss 0.4827  (0.22s/it)
  iter  420  L= 512 bs=8  loss 0.6565  (0.22s/it)
  iter  430  L=1024 bs=4  loss 1.3802  (0.22s/it)
  iter  440  L=1024 bs=4  loss 0.5513  (0.22s/it)
  iter  450  L= 512 bs=8  loss 1.7322  (0.22s/it)
  iter  460  L= 256 bs=16  loss 0.8814  (0.22s/it)
  iter  470  L= 768 bs=5  loss 0.4830  (0.22s/it)
  iter  480  L= 768 bs=5  loss 0.0489  (0.22s/it)
  iter  490  L= 512 bs=8  loss 0.9833  (0.22s/it)
  iter  500  L=1024 bs=4  loss 1.1963  (0.22s/it)
  iter  510  L= 256 bs=16  loss 1.2470  (0.22s/it)
  iter  520  L= 512 bs=8  loss 0.8899  (0.22s/it)
  iter  530  L= 512 bs=8  loss 0.2082  (0.22s/it)
  iter  540  L= 768 bs=5  loss 0.4164  (0.22s/it)
  iter  550  L= 256 bs=16  loss 1.0457  (0.22s/it)
  iter  560  L= 256 bs=16  loss 1.0449  (0.22s/it)
  iter  570  L=1024 bs=4  loss 0.6748  (0.22s/it)
  iter  580  L= 768 bs=5  loss 1.2269  (0.22s/it)
  iter  590  L=1024 bs=4  loss 1.9179  (0.22s/it)
  iter  600  L= 768 bs=5  loss 2.0979  (0.22s/it)
  iter  610  L= 512 bs=8  loss 1.5939  (0.22s/it)
  iter  620  L= 512 bs=8  loss 1.4988  (0.22s/it)
  iter  630  L=1024 bs=4  loss 2.7328  (0.22s/it)
  iter  640  L= 768 bs=5  loss 1.7708  (0.22s/it)
  iter  650  L= 512 bs=8  loss 0.3046  (0.22s/it)
  iter  660  L= 768 bs=5  loss 0.8609  (0.22s/it)
  iter  670  L= 256 bs=16  loss 0.6994  (0.22s/it)
  iter  680  L= 512 bs=8  loss 1.1598  (0.22s/it)
  iter  690  L= 256 bs=16  loss 0.8450  (0.22s/it)
  iter  700  L= 512 bs=8  loss 1.6367  (0.22s/it)
  iter  710  L=1024 bs=4  loss 1.3052  (0.22s/it)
  iter  720  L= 768 bs=5  loss 1.1275  (0.22s/it)
  iter  730  L= 256 bs=16  loss 0.5931  (0.22s/it)
  iter  740  L=1024 bs=4  loss 0.1954  (0.22s/it)
  iter  750  L= 512 bs=8  loss 0.4222  (0.22s/it)
  iter  760  L= 256 bs=16  loss 1.0237  (0.22s/it)
  iter  770  L= 512 bs=8  loss 1.8048  (0.22s/it)
  iter  780  L=1024 bs=4  loss 0.5011  (0.22s/it)
  iter  790  L= 768 bs=5  loss 2.4742  (0.22s/it)
  iter  800  L= 256 bs=16  loss 1.0523  (0.22s/it)
  iter  810  L= 512 bs=8  loss 1.3886  (0.22s/it)
  iter  820  L=1024 bs=4  loss 0.7683  (0.22s/it)
  iter  830  L=1024 bs=4  loss 0.0136  (0.22s/it)
  iter  840  L=1024 bs=4  loss 0.4565  (0.22s/it)
  iter  850  L= 768 bs=5  loss 0.8398  (0.22s/it)
  iter  860  L= 512 bs=8  loss 1.3589  (0.22s/it)
  iter  870  L=1024 bs=4  loss 1.3768  (0.22s/it)
  iter  880  L= 256 bs=16  loss 1.1556  (0.22s/it)
  iter  890  L= 256 bs=16  loss 1.2494  (0.22s/it)
  iter  900  L= 768 bs=5  loss 1.2477  (0.22s/it)
  iter  910  L= 256 bs=16  loss 0.7598  (0.22s/it)
  iter  920  L=1024 bs=4  loss 0.8017  (0.22s/it)
  iter  930  L= 512 bs=8  loss 1.7562  (0.22s/it)
  iter  940  L= 256 bs=16  loss 0.6663  (0.22s/it)
  iter  950  L= 256 bs=16  loss 1.0479  (0.22s/it)
  iter  960  L= 512 bs=8  loss 0.7188  (0.22s/it)
  iter  970  L= 768 bs=5  loss 0.7190  (0.22s/it)
  iter  980  L= 256 bs=16  loss 0.6595  (0.22s/it)
  iter  990  L= 512 bs=8  loss 1.1214  (0.22s/it)
  iter 1000  L= 512 bs=8  loss 0.4014  (0.22s/it)
  iter 1010  L=1024 bs=4  loss 1.6246  (0.22s/it)
  iter 1020  L= 512 bs=8  loss 0.8987  (0.22s/it)
  iter 1030  L= 256 bs=16  loss 0.8765  (0.22s/it)
  iter 1040  L= 768 bs=5  loss 1.1181  (0.22s/it)
  iter 1050  L=1024 bs=4  loss 0.3039  (0.22s/it)
  iter 1060  L= 512 bs=8  loss 0.8456  (0.22s/it)
  iter 1070  L=1024 bs=4  loss 0.8393  (0.22s/it)
  iter 1080  L= 768 bs=5  loss 0.7326  (0.22s/it)
  iter 1090  L= 512 bs=8  loss 1.0092  (0.22s/it)
  iter 1100  L= 512 bs=8  loss 0.8199  (0.22s/it)
  iter 1110  L=1024 bs=4  loss 1.4365  (0.22s/it)
  iter 1120  L= 256 bs=16  loss 1.4572  (0.22s/it)
  iter 1130  L= 768 bs=5  loss 1.3069  (0.22s/it)
  iter 1140  L= 768 bs=5  loss 1.3095  (0.22s/it)
  iter 1150  L= 768 bs=5  loss 1.4926  (0.22s/it)
  iter 1160  L=1024 bs=4  loss 0.7097  (0.22s/it)
  iter 1170  L=1024 bs=4  loss 0.0072  (0.22s/it)
  iter 1180  L= 512 bs=8  loss 0.8097  (0.22s/it)
  iter 1190  L= 256 bs=16  loss 0.3740  (0.22s/it)
  iter 1200  L= 512 bs=8  loss 0.3827  (0.22s/it)
  iter 1210  L= 768 bs=5  loss 0.7479  (0.22s/it)
  iter 1220  L= 256 bs=16  loss 0.7006  (0.22s/it)
  iter 1230  L= 256 bs=16  loss 0.3127  (0.22s/it)
  iter 1240  L= 512 bs=8  loss 1.1818  (0.22s/it)
  iter 1250  L= 256 bs=16  loss 0.4660  (0.22s/it)
  iter 1260  L= 512 bs=8  loss 0.6621  (0.22s/it)
  iter 1270  L= 256 bs=16  loss 1.0872  (0.22s/it)
  iter 1280  L= 256 bs=16  loss 1.5344  (0.22s/it)
  iter 1290  L= 512 bs=8  loss 1.2454  (0.22s/it)
  iter 1300  L= 512 bs=8  loss 1.2647  (0.22s/it)
  iter 1310  L= 256 bs=16  loss 0.4893  (0.22s/it)
  iter 1320  L=1024 bs=4  loss 1.5954  (0.22s/it)
  iter 1330  L= 512 bs=8  loss 0.7850  (0.22s/it)
  iter 1340  L= 256 bs=16  loss 0.8278  (0.22s/it)
  iter 1350  L= 512 bs=8  loss 0.9341  (0.22s/it)
  iter 1360  L= 256 bs=16  loss 1.3135  (0.22s/it)
  iter 1370  L=1024 bs=4  loss 0.7352  (0.22s/it)
  iter 1380  L= 512 bs=8  loss 0.4293  (0.22s/it)
  iter 1390  L=1024 bs=4  loss 0.5628  (0.22s/it)
  iter 1400  L=1024 bs=4  loss 0.1171  (0.22s/it)
  iter 1410  L=1024 bs=4  loss 0.6937  (0.22s/it)
  iter 1420  L= 256 bs=16  loss 1.2917  (0.22s/it)
  iter 1430  L=1024 bs=4  loss 0.0002  (0.22s/it)
  iter 1440  L=1024 bs=4  loss 0.4447  (0.22s/it)
  iter 1450  L= 512 bs=8  loss 1.3292  (0.22s/it)
  iter 1460  L= 256 bs=16  loss 0.5202  (0.22s/it)
  iter 1470  L=1024 bs=4  loss 0.6532  (0.22s/it)
  iter 1480  L= 512 bs=8  loss 0.4641  (0.22s/it)
  iter 1490  L=1024 bs=4  loss 1.4142  (0.22s/it)
  iter 1500  L= 512 bs=8  loss 0.6895  (0.22s/it)
Passkey accuracy after fine-tuning (cross_shift_c=0.0):
  ctx=   512  exact=0.77  first_token=1.00
  ctx=  1024  exact=0.75  first_token=1.00
  ctx=  2048  exact=0.77  first_token=0.99
  ctx=  4096  exact=0.73  first_token=1.00
  ctx=  8192  exact=0.68  first_token=0.99
  ctx= 16384  exact=0.08  first_token=0.22
Passkey accuracy after fine-tuning (cross_shift_c=1.0):
  ctx=   512  exact=0.77  first_token=1.00
  ctx=  1024  exact=0.75  first_token=1.00
  ctx=  2048  exact=0.77  first_token=0.99
  ctx=  4096  exact=0.74  first_token=1.00
  ctx=  8192  exact=0.71  first_token=0.99
  ctx= 16384  exact=0.79  first_token=1.00
Passkey accuracy after fine-tuning (cross_shift_c=1.5):
  ctx=   512  exact=0.77  first_token=1.00
  ctx=  1024  exact=0.75  first_token=1.00
  ctx=  2048  exact=0.77  first_token=0.99
  ctx=  4096  exact=0.74  first_token=1.00
  ctx=  8192  exact=0.70  first_token=0.99
  ctx= 16384  exact=0.79  first_token=1.00
########## Jmr s2
number of parameters: 63.52M
Model type: Jmr | params 63,517,184 | delimiter 764 | device cuda
Fine-tuning for 1500 iters on lengths [256, 512, 768, 1024]:
  iter    1  L=1024 bs=4  loss 11.3442  (0.65s/it)
  iter   10  L= 256 bs=16  loss 2.5994  (0.26s/it)
  iter   20  L= 512 bs=8  loss 1.8120  (0.24s/it)
  iter   30  L=1024 bs=4  loss 2.3536  (0.23s/it)
  iter   40  L= 256 bs=16  loss 2.1033  (0.23s/it)
  iter   50  L=1024 bs=4  loss 2.4417  (0.23s/it)
  iter   60  L=1024 bs=4  loss 0.5820  (0.23s/it)
  iter   70  L=1024 bs=4  loss 1.4301  (0.22s/it)
  iter   80  L= 256 bs=16  loss 1.8479  (0.22s/it)
  iter   90  L=1024 bs=4  loss 0.5759  (0.22s/it)
  iter  100  L= 256 bs=16  loss 0.7994  (0.22s/it)
  iter  110  L= 768 bs=5  loss 1.7815  (0.22s/it)
  iter  120  L= 256 bs=16  loss 1.5646  (0.22s/it)
  iter  130  L= 256 bs=16  loss 1.2304  (0.22s/it)
  iter  140  L= 512 bs=8  loss 0.7127  (0.22s/it)
  iter  150  L= 512 bs=8  loss 1.3153  (0.22s/it)
  iter  160  L=1024 bs=4  loss 1.5620  (0.22s/it)
  iter  170  L= 768 bs=5  loss 3.9518  (0.22s/it)
  iter  180  L= 512 bs=8  loss 1.3717  (0.22s/it)
  iter  190  L= 512 bs=8  loss 1.1435  (0.22s/it)
  iter  200  L= 256 bs=16  loss 0.9790  (0.22s/it)
  iter  210  L= 768 bs=5  loss 0.5925  (0.22s/it)
  iter  220  L= 256 bs=16  loss 1.6429  (0.22s/it)
  iter  230  L= 768 bs=5  loss 1.2524  (0.22s/it)
  iter  240  L= 512 bs=8  loss 1.2622  (0.22s/it)
  iter  250  L= 768 bs=5  loss 1.4720  (0.22s/it)
  iter  260  L= 256 bs=16  loss 0.9150  (0.22s/it)
  iter  270  L= 768 bs=5  loss 1.1167  (0.22s/it)
  iter  280  L=1024 bs=4  loss 1.4650  (0.22s/it)
  iter  290  L= 256 bs=16  loss 1.7614  (0.22s/it)
  iter  300  L= 256 bs=16  loss 1.7909  (0.22s/it)
  iter  310  L= 512 bs=8  loss 0.4658  (0.22s/it)
  iter  320  L= 512 bs=8  loss 1.6780  (0.22s/it)
  iter  330  L=1024 bs=4  loss 1.4175  (0.22s/it)
  iter  340  L= 512 bs=8  loss 1.5103  (0.22s/it)
  iter  350  L= 512 bs=8  loss 0.4985  (0.21s/it)
  iter  360  L= 768 bs=5  loss 1.1436  (0.21s/it)
  iter  370  L= 512 bs=8  loss 1.3985  (0.21s/it)
  iter  380  L= 768 bs=5  loss 1.8022  (0.21s/it)
  iter  390  L= 768 bs=5  loss 0.8943  (0.21s/it)
  iter  400  L= 256 bs=16  loss 0.7310  (0.21s/it)
  iter  410  L= 256 bs=16  loss 0.5450  (0.21s/it)
  iter  420  L= 512 bs=8  loss 0.6126  (0.21s/it)
  iter  430  L=1024 bs=4  loss 1.4961  (0.21s/it)
  iter  440  L=1024 bs=4  loss 0.8080  (0.21s/it)
  iter  450  L= 512 bs=8  loss 1.8592  (0.21s/it)
  iter  460  L= 256 bs=16  loss 0.9632  (0.21s/it)
  iter  470  L= 768 bs=5  loss 0.6418  (0.21s/it)
  iter  480  L= 768 bs=5  loss 0.2102  (0.21s/it)
  iter  490  L= 512 bs=8  loss 1.2673  (0.21s/it)
  iter  500  L=1024 bs=4  loss 1.4348  (0.21s/it)
  iter  510  L= 256 bs=16  loss 1.3525  (0.21s/it)
  iter  520  L= 512 bs=8  loss 0.8054  (0.21s/it)
  iter  530  L= 512 bs=8  loss 0.4009  (0.21s/it)
  iter  540  L= 768 bs=5  loss 0.4307  (0.21s/it)
  iter  550  L= 256 bs=16  loss 1.0919  (0.21s/it)
  iter  560  L= 256 bs=16  loss 1.1597  (0.21s/it)
  iter  570  L=1024 bs=4  loss 0.7356  (0.21s/it)
  iter  580  L= 768 bs=5  loss 1.5437  (0.21s/it)
  iter  590  L=1024 bs=4  loss 1.8849  (0.21s/it)
  iter  600  L= 768 bs=5  loss 1.9711  (0.21s/it)
  iter  610  L= 512 bs=8  loss 1.7959  (0.21s/it)
  iter  620  L= 512 bs=8  loss 1.8423  (0.21s/it)
  iter  630  L=1024 bs=4  loss 3.0234  (0.21s/it)
  iter  640  L= 768 bs=5  loss 1.7928  (0.21s/it)
  iter  650  L= 512 bs=8  loss 0.4613  (0.21s/it)
  iter  660  L= 768 bs=5  loss 1.0109  (0.21s/it)
  iter  670  L= 256 bs=16  loss 0.8058  (0.21s/it)
  iter  680  L= 512 bs=8  loss 1.4852  (0.21s/it)
  iter  690  L= 256 bs=16  loss 0.8193  (0.21s/it)
  iter  700  L= 512 bs=8  loss 1.7865  (0.21s/it)
  iter  710  L=1024 bs=4  loss 1.6267  (0.21s/it)
  iter  720  L= 768 bs=5  loss 1.5358  (0.21s/it)
  iter  730  L= 256 bs=16  loss 0.7295  (0.21s/it)
  iter  740  L=1024 bs=4  loss 0.5069  (0.21s/it)
  iter  750  L= 512 bs=8  loss 0.5363  (0.21s/it)
  iter  760  L= 256 bs=16  loss 1.0076  (0.21s/it)
  iter  770  L= 512 bs=8  loss 1.7095  (0.21s/it)
  iter  780  L=1024 bs=4  loss 0.9017  (0.21s/it)
  iter  790  L= 768 bs=5  loss 2.8951  (0.21s/it)
  iter  800  L= 256 bs=16  loss 1.1870  (0.21s/it)
  iter  810  L= 512 bs=8  loss 1.3142  (0.21s/it)
  iter  820  L=1024 bs=4  loss 0.8962  (0.22s/it)
  iter  830  L=1024 bs=4  loss 0.0512  (0.21s/it)
  iter  840  L=1024 bs=4  loss 0.7187  (0.21s/it)
  iter  850  L= 768 bs=5  loss 0.7519  (0.21s/it)
  iter  860  L= 512 bs=8  loss 1.5273  (0.21s/it)
  iter  870  L=1024 bs=4  loss 1.5817  (0.21s/it)
  iter  880  L= 256 bs=16  loss 1.3726  (0.21s/it)
  iter  890  L= 256 bs=16  loss 1.5018  (0.21s/it)
  iter  900  L= 768 bs=5  loss 1.1771  (0.21s/it)
  iter  910  L= 256 bs=16  loss 0.8886  (0.21s/it)
  iter  920  L=1024 bs=4  loss 0.9740  (0.22s/it)
  iter  930  L= 512 bs=8  loss 1.7952  (0.22s/it)
  iter  940  L= 256 bs=16  loss 0.7346  (0.22s/it)
  iter  950  L= 256 bs=16  loss 1.1019  (0.22s/it)
  iter  960  L= 512 bs=8  loss 0.7404  (0.21s/it)
  iter  970  L= 768 bs=5  loss 0.8692  (0.21s/it)
  iter  980  L= 256 bs=16  loss 0.6932  (0.21s/it)
  iter  990  L= 512 bs=8  loss 1.3036  (0.21s/it)
  iter 1000  L= 512 bs=8  loss 0.5097  (0.21s/it)
  iter 1010  L=1024 bs=4  loss 2.0104  (0.21s/it)
  iter 1020  L= 512 bs=8  loss 1.0073  (0.21s/it)
  iter 1030  L= 256 bs=16  loss 1.0051  (0.21s/it)
  iter 1040  L= 768 bs=5  loss 1.0730  (0.21s/it)
  iter 1050  L=1024 bs=4  loss 0.3602  (0.21s/it)
  iter 1060  L= 512 bs=8  loss 1.0417  (0.21s/it)
  iter 1070  L=1024 bs=4  loss 1.1074  (0.21s/it)
  iter 1080  L= 768 bs=5  loss 0.8372  (0.21s/it)
  iter 1090  L= 512 bs=8  loss 1.1605  (0.21s/it)
  iter 1100  L= 512 bs=8  loss 0.8288  (0.21s/it)
  iter 1110  L=1024 bs=4  loss 1.7828  (0.21s/it)
  iter 1120  L= 256 bs=16  loss 1.5959  (0.21s/it)
  iter 1130  L= 768 bs=5  loss 1.3969  (0.21s/it)
  iter 1140  L= 768 bs=5  loss 1.5063  (0.21s/it)
  iter 1150  L= 768 bs=5  loss 1.6656  (0.21s/it)
  iter 1160  L=1024 bs=4  loss 0.7850  (0.21s/it)
  iter 1170  L=1024 bs=4  loss 0.0063  (0.21s/it)
  iter 1180  L= 512 bs=8  loss 0.9462  (0.21s/it)
  iter 1190  L= 256 bs=16  loss 0.4500  (0.21s/it)
  iter 1200  L= 512 bs=8  loss 0.4899  (0.21s/it)
  iter 1210  L= 768 bs=5  loss 0.6550  (0.21s/it)
  iter 1220  L= 256 bs=16  loss 0.8309  (0.21s/it)
  iter 1230  L= 256 bs=16  loss 0.4543  (0.21s/it)
  iter 1240  L= 512 bs=8  loss 1.3523  (0.21s/it)
  iter 1250  L= 256 bs=16  loss 0.5438  (0.21s/it)
  iter 1260  L= 512 bs=8  loss 0.8612  (0.21s/it)
  iter 1270  L= 256 bs=16  loss 1.1073  (0.21s/it)
  iter 1280  L= 256 bs=16  loss 1.7003  (0.21s/it)
  iter 1290  L= 512 bs=8  loss 1.4599  (0.21s/it)
  iter 1300  L= 512 bs=8  loss 1.2711  (0.21s/it)
  iter 1310  L= 256 bs=16  loss 0.4913  (0.21s/it)
  iter 1320  L=1024 bs=4  loss 1.6824  (0.21s/it)
  iter 1330  L= 512 bs=8  loss 0.7072  (0.21s/it)
  iter 1340  L= 256 bs=16  loss 1.0746  (0.21s/it)
  iter 1350  L= 512 bs=8  loss 0.9875  (0.21s/it)
  iter 1360  L= 256 bs=16  loss 1.3552  (0.21s/it)
  iter 1370  L=1024 bs=4  loss 0.6327  (0.22s/it)
  iter 1380  L= 512 bs=8  loss 0.4653  (0.22s/it)
  iter 1390  L=1024 bs=4  loss 0.8825  (0.22s/it)
  iter 1400  L=1024 bs=4  loss 0.2877  (0.22s/it)
  iter 1410  L=1024 bs=4  loss 0.8982  (0.22s/it)
  iter 1420  L= 256 bs=16  loss 1.2618  (0.22s/it)
  iter 1430  L=1024 bs=4  loss 0.0002  (0.22s/it)
  iter 1440  L=1024 bs=4  loss 0.4065  (0.22s/it)
  iter 1450  L= 512 bs=8  loss 1.4587  (0.22s/it)
  iter 1460  L= 256 bs=16  loss 0.7410  (0.21s/it)
  iter 1470  L=1024 bs=4  loss 1.0687  (0.22s/it)
  iter 1480  L= 512 bs=8  loss 0.5564  (0.22s/it)
  iter 1490  L=1024 bs=4  loss 1.2674  (0.22s/it)
  iter 1500  L= 512 bs=8  loss 0.8232  (0.21s/it)
Passkey accuracy after fine-tuning (cross_shift_c=0.0):
  ctx=   512  exact=0.72  first_token=1.00
  ctx=  1024  exact=0.71  first_token=1.00
  ctx=  2048  exact=0.75  first_token=0.98
  ctx=  4096  exact=0.73  first_token=0.98
  ctx=  8192  exact=0.69  first_token=0.98
  ctx= 16384  exact=0.71  first_token=0.98
Passkey accuracy after fine-tuning (cross_shift_c=1.0):
  ctx=   512  exact=0.72  first_token=1.00
  ctx=  1024  exact=0.70  first_token=1.00
  ctx=  2048  exact=0.74  first_token=0.98
  ctx=  4096  exact=0.73  first_token=0.98
  ctx=  8192  exact=0.71  first_token=0.99
  ctx= 16384  exact=0.73  first_token=0.98
Passkey accuracy after fine-tuning (cross_shift_c=1.5):
  ctx=   512  exact=0.72  first_token=1.00
  ctx=  1024  exact=0.70  first_token=1.00
  ctx=  2048  exact=0.74  first_token=0.98
  ctx=  4096  exact=0.73  first_token=0.98
  ctx=  8192  exact=0.71  first_token=0.99
  ctx= 16384  exact=0.73  first_token=0.98
